make  all-recursive
make[1]: Entering directory `/tigress/xingz/abinit-8.10.2'
Making all in fallbacks
make[2]: Entering directory `/tigress/xingz/abinit-8.10.2/fallbacks'
make libxc
make[3]: Entering directory `/tigress/xingz/abinit-8.10.2/fallbacks'
cd sources && \
  gzip -cd /home/xingz/.abinit/tarballs/libxc-3.0.0.tar.gz | tar xf -
No patch to apply
cd sources/libxc-3.0.0 && \
  CPP="mpiicc -E" \
  CPPFLAGS=" " \
  CC="mpiicc" \
  CFLAGS="-g -O2" \
  CXX="mpiicpc" \
  CXXFLAGS="" \
          FCCPP="cpp -P -std=c99" \
  F77="mpiifort" \
  FFLAGS="-fixed -g -extend-source -noaltparam -nofpscomp   -O3 -g " \
  F90="mpiifort" \
  F90FLAGS="-free -g -extend-source -noaltparam -nofpscomp   -O3 -g " \
  FC="mpiifort" \
  FCFLAGS="-free -g -extend-source -noaltparam -nofpscomp   -O3 -g " \
  LDFLAGS=" -L/usr/local/boost/1.55.0/lib64 -L/usr/local/fftw/intel-16.0/3.3.4/lib64" \
  LIBS=" " \
  AR="ar" \
  ARFLAGS="rc" \
  RANLIB="ranlib" \
  ac_fc_srcext="F90" \
  /bin/sh ./configure \
    --prefix="/tigress/xingz/abinit-8.10.2/fallbacks/exports" \
    --bindir="/tigress/xingz/abinit-8.10.2/fallbacks/exports/bin" \
    --libdir="/tigress/xingz/abinit-8.10.2/fallbacks/exports/lib" \
    --program-suffix="-abinit" \
    --enable-fortran --enable-static --disable-shared
checking for a BSD-compatible install... /usr/bin/install -c
checking whether build environment is sane... yes
checking for a thread-safe mkdir -p... /usr/bin/mkdir -p
checking for gawk... gawk
checking whether make sets $(MAKE)... yes
checking whether make supports nested variables... yes
checking for a sed that does not truncate output... /usr/bin/sed
checking build system type... x86_64-unknown-linux-gnu
checking host system type... x86_64-unknown-linux-gnu
checking how to print strings... printf
checking for style of include used by make... GNU
checking for gcc... mpiicc
checking whether the C compiler works... yes
checking for C compiler default output file name... a.out
checking for suffix of executables... 
checking whether we are cross compiling... no
checking for suffix of object files... o
checking whether we are using the GNU C compiler... yes
checking whether mpiicc accepts -g... yes
checking for mpiicc option to accept ISO C89... none needed
checking whether mpiicc understands -c and -o together... yes
checking dependency style of mpiicc... gcc3
checking for a sed that does not truncate output... (cached) /usr/bin/sed
checking for grep that handles long lines and -e... /usr/bin/grep
checking for egrep... /usr/bin/grep -E
checking for fgrep... /usr/bin/grep -F
checking for ld used by mpiicc... /usr/bin/ld
checking if the linker (/usr/bin/ld) is GNU ld... yes
checking for BSD- or MS-compatible name lister (nm)... /usr/bin/nm -B
checking the name lister (/usr/bin/nm -B) interface... BSD nm
checking whether ln -s works... yes
checking the maximum length of command line arguments... 3458764513820540925
checking how to convert x86_64-unknown-linux-gnu file names to x86_64-unknown-linux-gnu format... func_convert_file_noop
checking how to convert x86_64-unknown-linux-gnu file names to toolchain format... func_convert_file_noop
checking for /usr/bin/ld option to reload object files... -r
checking for objdump... objdump
checking how to recognize dependent libraries... pass_all
checking for dlltool... no
checking how to associate runtime and link libraries... printf %s\n
checking for archiver @FILE support... @
checking for strip... strip
checking for ranlib... ranlib
checking command to parse /usr/bin/nm -B output from mpiicc object... ok
checking for sysroot... no
checking for a working dd... /usr/bin/dd
checking how to truncate binary pipes... /usr/bin/dd bs=4096 count=1
checking for mt... no
checking if : is a manifest tool... no
checking how to run the C preprocessor... mpiicc -E
checking for ANSI C header files... yes
checking for sys/types.h... yes
checking for sys/stat.h... yes
checking for stdlib.h... yes
checking for string.h... yes
checking for memory.h... yes
checking for strings.h... yes
checking for inttypes.h... yes
checking for stdint.h... yes
checking for unistd.h... yes
checking for dlfcn.h... yes
checking for objdir... .libs
checking if mpiicc supports -fno-rtti -fno-exceptions... yes
checking for mpiicc option to produce PIC... -fPIC -DPIC
checking if mpiicc PIC flag -fPIC -DPIC works... yes
checking if mpiicc static flag -static works... no
checking if mpiicc supports -c -o file.o... yes
checking if mpiicc supports -c -o file.o... (cached) yes
checking whether the mpiicc linker (/usr/bin/ld -m elf_x86_64) supports shared libraries... yes
checking dynamic linker characteristics... GNU/Linux ld.so
checking how to hardcode library paths into programs... immediate
checking whether stripping libraries is possible... yes
checking if libtool supports shared libraries... yes
checking whether to build shared libraries... no
checking whether to build static libraries... yes
checking for gcc... (cached) mpiicc
checking whether we are using the GNU C compiler... (cached) yes
checking whether mpiicc accepts -g... (cached) yes
checking for mpiicc option to accept ISO C89... (cached) none needed
checking whether mpiicc understands -c and -o together... (cached) yes
checking dependency style of mpiicc... (cached) gcc3
checking for inline... inline
checking for ANSI C header files... (cached) yes
checking for size_t... yes
checking for working alloca.h... yes
checking for alloca... yes
checking size of void*... 8
checking for sqrtf in -lm... yes
checking for cbrt in -lm... yes
checking for cbrtf in -lm... yes
checking for feenableexcept in -lm... yes
checking whether we are using the GNU Fortran compiler... no
checking whether mpiifort accepts -g... yes
checking if libtool supports shared libraries... yes
checking whether to build shared libraries... no
checking whether to build static libraries... yes
checking for mpiifort option to produce PIC... -fPIC
checking if mpiifort PIC flag -fPIC works... yes
checking if mpiifort static flag -static works... no
checking if mpiifort supports -c -o file.o... yes
checking if mpiifort supports -c -o file.o... (cached) yes
checking whether the mpiifort linker (/usr/bin/ld -m elf_x86_64) supports shared libraries... yes
checking dynamic linker characteristics... (cached) GNU/Linux ld.so
checking how to hardcode library paths into programs... immediate
checking for Fortran flag to compile .f90 files... none
configure: Using FCFLAGS="-free -g -extend-source -noaltparam -nofpscomp   -O3 -g "
checking whether cpp -P -std=c99 is usable for Fortran preprocessing... preprocessor mangles C++ style comment
checking whether cpp -P -std=c99 -ansi is usable for Fortran preprocessing... yes
checking how to get verbose linking output from mpiifort... -v
checking for Fortran libraries of mpiifort...  -L/usr/local/boost/1.55.0/lib64 -L/usr/local/fftw/intel-16.0/3.3.4/lib64 -L/opt/intel/compilers_and_libraries_2018.3.222/linux/mpi/intel64/lib/debug_mt -L/opt/intel/compilers_and_libraries_2018.3.222/linux/mpi/intel64/lib -L/usr/local/intel/lib64/intel-mpi -L/opt/intel/compilers_and_libraries_2018.3.222/linux/tbb/lib/intel64/gcc4.7 -L/opt/intel/compilers_and_libraries_2018.3.222/linux/compiler/lib/intel64 -L/opt/intel/compilers_and_libraries_2018.3.222/linux/mkl/lib/intel64 -L/usr/local/intel/lib64 -L/opt/intel/compilers_and_libraries_2018.3.222/linux/compiler/lib/intel64_lin -L/usr/local/fftw/intel-16.0/3.3.4/lib64/../lib64 -L/usr/local/fftw/intel-16.0/3.3.4/lib64/../lib64/ -L/usr/local/boost/1.55.0/lib64/../lib64 -L/usr/local/boost/1.55.0/lib64/../lib64/ -L/usr/local/intel/lib64/../lib64 -L/usr/local/intel/lib64/../lib64/ -L/tigress/xingz/gcc/lib/gcc/x86_64-pc-linux-gnu/6.3.0/ -L/tigress/xingz/gcc/lib/gcc/x86_64-pc-linux-gnu/6.3.0/../../../../lib64 -L/tigress/xingz/gcc/lib/gcc/x86_64-pc-linux-gnu/6.3.0/../../../../lib64/ -L/lib/../lib64 -L/lib/../lib64/ -L/usr/lib/../lib64 -L/usr/lib/../lib64/ -L/usr/local/fftw/intel-16.0/3.3.4/lib64/ -L/usr/local/boost/1.55.0/lib64/ -L/opt/intel/compilers_and_libraries_2018.3.222/linux/mpi/intel64/lib/ -L/usr/local/intel/lib64/intel-mpi/ -L/opt/intel/compilers_and_libraries_2018.3.222/linux/tbb/lib/intel64/gcc4.7/ -L/opt/intel/compilers_and_libraries_2018.3.222/linux/compiler/lib/intel64/ -L/opt/intel/compilers_and_libraries_2018.3.222/linux/mkl/lib/intel64/ -L/usr/local/intel/lib64/ -L/tigress/xingz/gcc/lib/gcc/x86_64-pc-linux-gnu/6.3.0/../../../ -L/lib64 -L/lib/ -L/usr/lib64 -L/usr/lib -lmpifort -lmpi -lmpigi -ldl -lrt -lpthread -lifcoremt -limf -lsvml -lm -lipgo -lirc -lirc_s
checking for dummy main to link with Fortran libraries... none
checking for Fortran name-mangling scheme... lower case, underscore, no extra underscore
checking whether the compiler accepts very long lines... yes
checking whether the compiler accepts "line-number" lines cast by the preprocessor... yes
checking Fortran 90 modules extension... mod
checking for the size of a Fortran integer... 4 bytes
checking for which C type corresponds to Fortran integer... int
checking for Fortran 2003 iso_c_binding... yes
checking that generated files are newer than configure... done
configure: creating ./config.status
config.status: creating Makefile
config.status: creating xc_version.h
config.status: creating src/Makefile
config.status: creating testsuite/Makefile
config.status: creating build/Makefile
config.status: creating build/libxc.pc
config.status: creating build/libxc.spec
config.status: creating config.h
config.status: executing depfiles commands
config.status: executing libtool commands
cd sources/libxc-3.0.0 && make -j 1 
make[4]: Entering directory `/tigress/xingz/abinit-8.10.2/fallbacks/sources/libxc-3.0.0'
make  all-recursive
make[5]: Entering directory `/tigress/xingz/abinit-8.10.2/fallbacks/sources/libxc-3.0.0'
Making all in build
make[6]: Entering directory `/tigress/xingz/abinit-8.10.2/fallbacks/sources/libxc-3.0.0/build'
make[6]: Nothing to be done for `all'.
make[6]: Leaving directory `/tigress/xingz/abinit-8.10.2/fallbacks/sources/libxc-3.0.0/build'
Making all in src
make[6]: Entering directory `/tigress/xingz/abinit-8.10.2/fallbacks/sources/libxc-3.0.0/src'
./get_funcs.pl . ../src
make  all-am
make[7]: Entering directory `/tigress/xingz/abinit-8.10.2/fallbacks/sources/libxc-3.0.0/src'
/bin/sh ../libtool  --tag=CC   --mode=compile mpiicc -DHAVE_CONFIG_H -I. -I..     -g -O2 -MT references.lo -MD -MP -MF .deps/references.Tpo -c -o references.lo references.c
libtool: compile:  mpiicc -DHAVE_CONFIG_H -I. -I.. -g -O2 -MT references.lo -MD -MP -MF .deps/references.Tpo -c references.c -o references.o
mv -f .deps/references.Tpo .deps/references.Plo
/bin/sh ../libtool  --tag=CC   --mode=compile mpiicc -DHAVE_CONFIG_H -I. -I..     -g -O2 -MT special_functions.lo -MD -MP -MF .deps/special_functions.Tpo -c -o special_functions.lo special_functions.c
libtool: compile:  mpiicc -DHAVE_CONFIG_H -I. -I.. -g -O2 -MT special_functions.lo -MD -MP -MF .deps/special_functions.Tpo -c special_functions.c -o special_functions.o
mv -f .deps/special_functions.Tpo .deps/special_functions.Plo
/bin/sh ../libtool  --tag=CC   --mode=compile mpiicc -DHAVE_CONFIG_H -I. -I..     -g -O2 -MT bessel.lo -MD -MP -MF .deps/bessel.Tpo -c -o bessel.lo bessel.c
libtool: compile:  mpiicc -DHAVE_CONFIG_H -I. -I.. -g -O2 -MT bessel.lo -MD -MP -MF .deps/bessel.Tpo -c bessel.c -o bessel.o
mv -f .deps/bessel.Tpo .deps/bessel.Plo
/bin/sh ../libtool  --tag=CC   --mode=compile mpiicc -DHAVE_CONFIG_H -I. -I..     -g -O2 -MT expint_e1.lo -MD -MP -MF .deps/expint_e1.Tpo -c -o expint_e1.lo expint_e1.c
libtool: compile:  mpiicc -DHAVE_CONFIG_H -I. -I.. -g -O2 -MT expint_e1.lo -MD -MP -MF .deps/expint_e1.Tpo -c expint_e1.c -o expint_e1.o
mv -f .deps/expint_e1.Tpo .deps/expint_e1.Plo
/bin/sh ../libtool  --tag=CC   --mode=compile mpiicc -DHAVE_CONFIG_H -I. -I..     -g -O2 -MT integrate.lo -MD -MP -MF .deps/integrate.Tpo -c -o integrate.lo integrate.c
libtool: compile:  mpiicc -DHAVE_CONFIG_H -I. -I.. -g -O2 -MT integrate.lo -MD -MP -MF .deps/integrate.Tpo -c integrate.c -o integrate.o
mv -f .deps/integrate.Tpo .deps/integrate.Plo
/bin/sh ../libtool  --tag=CC   --mode=compile mpiicc -DHAVE_CONFIG_H -I. -I..     -g -O2 -MT util.lo -MD -MP -MF .deps/util.Tpo -c -o util.lo util.c
libtool: compile:  mpiicc -DHAVE_CONFIG_H -I. -I.. -g -O2 -MT util.lo -MD -MP -MF .deps/util.Tpo -c util.c -o util.o
mv -f .deps/util.Tpo .deps/util.Plo
/bin/sh ../libtool  --tag=CC   --mode=compile mpiicc -DHAVE_CONFIG_H -I. -I..     -g -O2 -MT mix_func.lo -MD -MP -MF .deps/mix_func.Tpo -c -o mix_func.lo mix_func.c
libtool: compile:  mpiicc -DHAVE_CONFIG_H -I. -I.. -g -O2 -MT mix_func.lo -MD -MP -MF .deps/mix_func.Tpo -c mix_func.c -o mix_func.o
mv -f .deps/mix_func.Tpo .deps/mix_func.Plo
/bin/sh ../libtool  --tag=CC   --mode=compile mpiicc -DHAVE_CONFIG_H -I. -I..     -g -O2 -MT func_info.lo -MD -MP -MF .deps/func_info.Tpo -c -o func_info.lo func_info.c
libtool: compile:  mpiicc -DHAVE_CONFIG_H -I. -I.. -g -O2 -MT func_info.lo -MD -MP -MF .deps/func_info.Tpo -c func_info.c -o func_info.o
mv -f .deps/func_info.Tpo .deps/func_info.Plo
/bin/sh ../libtool  --tag=CC   --mode=compile mpiicc -DHAVE_CONFIG_H -I. -I..     -g -O2 -MT functionals.lo -MD -MP -MF .deps/functionals.Tpo -c -o functionals.lo functionals.c
libtool: compile:  mpiicc -DHAVE_CONFIG_H -I. -I.. -g -O2 -MT functionals.lo -MD -MP -MF .deps/functionals.Tpo -c functionals.c -o functionals.o
mv -f .deps/functionals.Tpo .deps/functionals.Plo
/bin/sh ../libtool  --tag=CC   --mode=compile mpiicc -DHAVE_CONFIG_H -I. -I..     -g -O2 -MT version.lo -MD -MP -MF .deps/version.Tpo -c -o version.lo version.c
libtool: compile:  mpiicc -DHAVE_CONFIG_H -I. -I.. -g -O2 -MT version.lo -MD -MP -MF .deps/version.Tpo -c version.c -o version.o
mv -f .deps/version.Tpo .deps/version.Plo
/bin/sh ../libtool  --tag=CC   --mode=compile mpiicc -DHAVE_CONFIG_H -I. -I..     -g -O2 -MT lda.lo -MD -MP -MF .deps/lda.Tpo -c -o lda.lo lda.c
libtool: compile:  mpiicc -DHAVE_CONFIG_H -I. -I.. -g -O2 -MT lda.lo -MD -MP -MF .deps/lda.Tpo -c lda.c -o lda.o
mv -f .deps/lda.Tpo .deps/lda.Plo
/bin/sh ../libtool  --tag=CC   --mode=compile mpiicc -DHAVE_CONFIG_H -I. -I..     -g -O2 -MT lda_x.lo -MD -MP -MF .deps/lda_x.Tpo -c -o lda_x.lo lda_x.c
libtool: compile:  mpiicc -DHAVE_CONFIG_H -I. -I.. -g -O2 -MT lda_x.lo -MD -MP -MF .deps/lda_x.Tpo -c lda_x.c -o lda_x.o
mv -f .deps/lda_x.Tpo .deps/lda_x.Plo
/bin/sh ../libtool  --tag=CC   --mode=compile mpiicc -DHAVE_CONFIG_H -I. -I..     -g -O2 -MT lda_x_1d.lo -MD -MP -MF .deps/lda_x_1d.Tpo -c -o lda_x_1d.lo lda_x_1d.c
libtool: compile:  mpiicc -DHAVE_CONFIG_H -I. -I.. -g -O2 -MT lda_x_1d.lo -MD -MP -MF .deps/lda_x_1d.Tpo -c lda_x_1d.c -o lda_x_1d.o
mv -f .deps/lda_x_1d.Tpo .deps/lda_x_1d.Plo
/bin/sh ../libtool  --tag=CC   --mode=compile mpiicc -DHAVE_CONFIG_H -I. -I..     -g -O2 -MT lda_x_2d.lo -MD -MP -MF .deps/lda_x_2d.Tpo -c -o lda_x_2d.lo lda_x_2d.c
libtool: compile:  mpiicc -DHAVE_CONFIG_H -I. -I.. -g -O2 -MT lda_x_2d.lo -MD -MP -MF .deps/lda_x_2d.Tpo -c lda_x_2d.c -o lda_x_2d.o
mv -f .deps/lda_x_2d.Tpo .deps/lda_x_2d.Plo
/bin/sh ../libtool  --tag=CC   --mode=compile mpiicc -DHAVE_CONFIG_H -I. -I..     -g -O2 -MT lda_c_wigner.lo -MD -MP -MF .deps/lda_c_wigner.Tpo -c -o lda_c_wigner.lo lda_c_wigner.c
libtool: compile:  mpiicc -DHAVE_CONFIG_H -I. -I.. -g -O2 -MT lda_c_wigner.lo -MD -MP -MF .deps/lda_c_wigner.Tpo -c lda_c_wigner.c -o lda_c_wigner.o
mv -f .deps/lda_c_wigner.Tpo .deps/lda_c_wigner.Plo
/bin/sh ../libtool  --tag=CC   --mode=compile mpiicc -DHAVE_CONFIG_H -I. -I..     -g -O2 -MT lda_c_gombas.lo -MD -MP -MF .deps/lda_c_gombas.Tpo -c -o lda_c_gombas.lo lda_c_gombas.c
libtool: compile:  mpiicc -DHAVE_CONFIG_H -I. -I.. -g -O2 -MT lda_c_gombas.lo -MD -MP -MF .deps/lda_c_gombas.Tpo -c lda_c_gombas.c -o lda_c_gombas.o
mv -f .deps/lda_c_gombas.Tpo .deps/lda_c_gombas.Plo
/bin/sh ../libtool  --tag=CC   --mode=compile mpiicc -DHAVE_CONFIG_H -I. -I..     -g -O2 -MT lda_c_rpa.lo -MD -MP -MF .deps/lda_c_rpa.Tpo -c -o lda_c_rpa.lo lda_c_rpa.c
libtool: compile:  mpiicc -DHAVE_CONFIG_H -I. -I.. -g -O2 -MT lda_c_rpa.lo -MD -MP -MF .deps/lda_c_rpa.Tpo -c lda_c_rpa.c -o lda_c_rpa.o
mv -f .deps/lda_c_rpa.Tpo .deps/lda_c_rpa.Plo
/bin/sh ../libtool  --tag=CC   --mode=compile mpiicc -DHAVE_CONFIG_H -I. -I..     -g -O2 -MT lda_c_hl.lo -MD -MP -MF .deps/lda_c_hl.Tpo -c -o lda_c_hl.lo lda_c_hl.c
libtool: compile:  mpiicc -DHAVE_CONFIG_H -I. -I.. -g -O2 -MT lda_c_hl.lo -MD -MP -MF .deps/lda_c_hl.Tpo -c lda_c_hl.c -o lda_c_hl.o
mv -f .deps/lda_c_hl.Tpo .deps/lda_c_hl.Plo
/bin/sh ../libtool  --tag=CC   --mode=compile mpiicc -DHAVE_CONFIG_H -I. -I..     -g -O2 -MT lda_c_vwn.lo -MD -MP -MF .deps/lda_c_vwn.Tpo -c -o lda_c_vwn.lo lda_c_vwn.c
libtool: compile:  mpiicc -DHAVE_CONFIG_H -I. -I.. -g -O2 -MT lda_c_vwn.lo -MD -MP -MF .deps/lda_c_vwn.Tpo -c lda_c_vwn.c -o lda_c_vwn.o
mv -f .deps/lda_c_vwn.Tpo .deps/lda_c_vwn.Plo
/bin/sh ../libtool  --tag=CC   --mode=compile mpiicc -DHAVE_CONFIG_H -I. -I..     -g -O2 -MT lda_c_pz.lo -MD -MP -MF .deps/lda_c_pz.Tpo -c -o lda_c_pz.lo lda_c_pz.c
libtool: compile:  mpiicc -DHAVE_CONFIG_H -I. -I.. -g -O2 -MT lda_c_pz.lo -MD -MP -MF .deps/lda_c_pz.Tpo -c lda_c_pz.c -o lda_c_pz.o
mv -f .deps/lda_c_pz.Tpo .deps/lda_c_pz.Plo
/bin/sh ../libtool  --tag=CC   --mode=compile mpiicc -DHAVE_CONFIG_H -I. -I..     -g -O2 -MT lda_c_pw.lo -MD -MP -MF .deps/lda_c_pw.Tpo -c -o lda_c_pw.lo lda_c_pw.c
libtool: compile:  mpiicc -DHAVE_CONFIG_H -I. -I.. -g -O2 -MT lda_c_pw.lo -MD -MP -MF .deps/lda_c_pw.Tpo -c lda_c_pw.c -o lda_c_pw.o
mv -f .deps/lda_c_pw.Tpo .deps/lda_c_pw.Plo
/bin/sh ../libtool  --tag=CC   --mode=compile mpiicc -DHAVE_CONFIG_H -I. -I..     -g -O2 -MT lda_c_ml1.lo -MD -MP -MF .deps/lda_c_ml1.Tpo -c -o lda_c_ml1.lo lda_c_ml1.c
libtool: compile:  mpiicc -DHAVE_CONFIG_H -I. -I.. -g -O2 -MT lda_c_ml1.lo -MD -MP -MF .deps/lda_c_ml1.Tpo -c lda_c_ml1.c -o lda_c_ml1.o
mv -f .deps/lda_c_ml1.Tpo .deps/lda_c_ml1.Plo
/bin/sh ../libtool  --tag=CC   --mode=compile mpiicc -DHAVE_CONFIG_H -I. -I..     -g -O2 -MT lda_c_rc04.lo -MD -MP -MF .deps/lda_c_rc04.Tpo -c -o lda_c_rc04.lo lda_c_rc04.c
libtool: compile:  mpiicc -DHAVE_CONFIG_H -I. -I.. -g -O2 -MT lda_c_rc04.lo -MD -MP -MF .deps/lda_c_rc04.Tpo -c lda_c_rc04.c -o lda_c_rc04.o
mv -f .deps/lda_c_rc04.Tpo .deps/lda_c_rc04.Plo
/bin/sh ../libtool  --tag=CC   --mode=compile mpiicc -DHAVE_CONFIG_H -I. -I..     -g -O2 -MT lda_xc_teter93.lo -MD -MP -MF .deps/lda_xc_teter93.Tpo -c -o lda_xc_teter93.lo lda_xc_teter93.c
libtool: compile:  mpiicc -DHAVE_CONFIG_H -I. -I.. -g -O2 -MT lda_xc_teter93.lo -MD -MP -MF .deps/lda_xc_teter93.Tpo -c lda_xc_teter93.c -o lda_xc_teter93.o
mv -f .deps/lda_xc_teter93.Tpo .deps/lda_xc_teter93.Plo
/bin/sh ../libtool  --tag=CC   --mode=compile mpiicc -DHAVE_CONFIG_H -I. -I..     -g -O2 -MT lda_c_1d_csc.lo -MD -MP -MF .deps/lda_c_1d_csc.Tpo -c -o lda_c_1d_csc.lo lda_c_1d_csc.c
libtool: compile:  mpiicc -DHAVE_CONFIG_H -I. -I.. -g -O2 -MT lda_c_1d_csc.lo -MD -MP -MF .deps/lda_c_1d_csc.Tpo -c lda_c_1d_csc.c -o lda_c_1d_csc.o
mv -f .deps/lda_c_1d_csc.Tpo .deps/lda_c_1d_csc.Plo
/bin/sh ../libtool  --tag=CC   --mode=compile mpiicc -DHAVE_CONFIG_H -I. -I..     -g -O2 -MT lda_c_1d_loos.lo -MD -MP -MF .deps/lda_c_1d_loos.Tpo -c -o lda_c_1d_loos.lo lda_c_1d_loos.c
libtool: compile:  mpiicc -DHAVE_CONFIG_H -I. -I.. -g -O2 -MT lda_c_1d_loos.lo -MD -MP -MF .deps/lda_c_1d_loos.Tpo -c lda_c_1d_loos.c -o lda_c_1d_loos.o
mv -f .deps/lda_c_1d_loos.Tpo .deps/lda_c_1d_loos.Plo
/bin/sh ../libtool  --tag=CC   --mode=compile mpiicc -DHAVE_CONFIG_H -I. -I..     -g -O2 -MT lda_c_2d_amgb.lo -MD -MP -MF .deps/lda_c_2d_amgb.Tpo -c -o lda_c_2d_amgb.lo lda_c_2d_amgb.c
libtool: compile:  mpiicc -DHAVE_CONFIG_H -I. -I.. -g -O2 -MT lda_c_2d_amgb.lo -MD -MP -MF .deps/lda_c_2d_amgb.Tpo -c lda_c_2d_amgb.c -o lda_c_2d_amgb.o
mv -f .deps/lda_c_2d_amgb.Tpo .deps/lda_c_2d_amgb.Plo
/bin/sh ../libtool  --tag=CC   --mode=compile mpiicc -DHAVE_CONFIG_H -I. -I..     -g -O2 -MT lda_c_2d_prm.lo -MD -MP -MF .deps/lda_c_2d_prm.Tpo -c -o lda_c_2d_prm.lo lda_c_2d_prm.c
libtool: compile:  mpiicc -DHAVE_CONFIG_H -I. -I.. -g -O2 -MT lda_c_2d_prm.lo -MD -MP -MF .deps/lda_c_2d_prm.Tpo -c lda_c_2d_prm.c -o lda_c_2d_prm.o
mv -f .deps/lda_c_2d_prm.Tpo .deps/lda_c_2d_prm.Plo
/bin/sh ../libtool  --tag=CC   --mode=compile mpiicc -DHAVE_CONFIG_H -I. -I..     -g -O2 -MT stoll.lo -MD -MP -MF .deps/stoll.Tpo -c -o stoll.lo stoll.c
libtool: compile:  mpiicc -DHAVE_CONFIG_H -I. -I.. -g -O2 -MT stoll.lo -MD -MP -MF .deps/stoll.Tpo -c stoll.c -o stoll.o
mv -f .deps/stoll.Tpo .deps/stoll.Plo
/bin/sh ../libtool  --tag=CC   --mode=compile mpiicc -DHAVE_CONFIG_H -I. -I..     -g -O2 -MT lda_k_tf.lo -MD -MP -MF .deps/lda_k_tf.Tpo -c -o lda_k_tf.lo lda_k_tf.c
libtool: compile:  mpiicc -DHAVE_CONFIG_H -I. -I.. -g -O2 -MT lda_k_tf.lo -MD -MP -MF .deps/lda_k_tf.Tpo -c lda_k_tf.c -o lda_k_tf.o
mv -f .deps/lda_k_tf.Tpo .deps/lda_k_tf.Plo
/bin/sh ../libtool  --tag=CC   --mode=compile mpiicc -DHAVE_CONFIG_H -I. -I..     -g -O2 -MT lda_xc_zlp.lo -MD -MP -MF .deps/lda_xc_zlp.Tpo -c -o lda_xc_zlp.lo lda_xc_zlp.c
libtool: compile:  mpiicc -DHAVE_CONFIG_H -I. -I.. -g -O2 -MT lda_xc_zlp.lo -MD -MP -MF .deps/lda_xc_zlp.Tpo -c lda_xc_zlp.c -o lda_xc_zlp.o
mv -f .deps/lda_xc_zlp.Tpo .deps/lda_xc_zlp.Plo
/bin/sh ../libtool  --tag=CC   --mode=compile mpiicc -DHAVE_CONFIG_H -I. -I..     -g -O2 -MT lda_xc_ksdt.lo -MD -MP -MF .deps/lda_xc_ksdt.Tpo -c -o lda_xc_ksdt.lo lda_xc_ksdt.c
libtool: compile:  mpiicc -DHAVE_CONFIG_H -I. -I.. -g -O2 -MT lda_xc_ksdt.lo -MD -MP -MF .deps/lda_xc_ksdt.Tpo -c lda_xc_ksdt.c -o lda_xc_ksdt.o
mv -f .deps/lda_xc_ksdt.Tpo .deps/lda_xc_ksdt.Plo
/bin/sh ../libtool  --tag=CC   --mode=compile mpiicc -DHAVE_CONFIG_H -I. -I..     -g -O2 -MT gga.lo -MD -MP -MF .deps/gga.Tpo -c -o gga.lo gga.c
libtool: compile:  mpiicc -DHAVE_CONFIG_H -I. -I.. -g -O2 -MT gga.lo -MD -MP -MF .deps/gga.Tpo -c gga.c -o gga.o
mv -f .deps/gga.Tpo .deps/gga.Plo
/bin/sh ../libtool  --tag=CC   --mode=compile mpiicc -DHAVE_CONFIG_H -I. -I..     -g -O2 -MT gga_x_lg93.lo -MD -MP -MF .deps/gga_x_lg93.Tpo -c -o gga_x_lg93.lo gga_x_lg93.c
libtool: compile:  mpiicc -DHAVE_CONFIG_H -I. -I.. -g -O2 -MT gga_x_lg93.lo -MD -MP -MF .deps/gga_x_lg93.Tpo -c gga_x_lg93.c -o gga_x_lg93.o
mv -f .deps/gga_x_lg93.Tpo .deps/gga_x_lg93.Plo
/bin/sh ../libtool  --tag=CC   --mode=compile mpiicc -DHAVE_CONFIG_H -I. -I..     -g -O2 -MT gga_x_pbe.lo -MD -MP -MF .deps/gga_x_pbe.Tpo -c -o gga_x_pbe.lo gga_x_pbe.c
libtool: compile:  mpiicc -DHAVE_CONFIG_H -I. -I.. -g -O2 -MT gga_x_pbe.lo -MD -MP -MF .deps/gga_x_pbe.Tpo -c gga_x_pbe.c -o gga_x_pbe.o
mv -f .deps/gga_x_pbe.Tpo .deps/gga_x_pbe.Plo
/bin/sh ../libtool  --tag=CC   --mode=compile mpiicc -DHAVE_CONFIG_H -I. -I..     -g -O2 -MT gga_x_rpbe.lo -MD -MP -MF .deps/gga_x_rpbe.Tpo -c -o gga_x_rpbe.lo gga_x_rpbe.c
libtool: compile:  mpiicc -DHAVE_CONFIG_H -I. -I.. -g -O2 -MT gga_x_rpbe.lo -MD -MP -MF .deps/gga_x_rpbe.Tpo -c gga_x_rpbe.c -o gga_x_rpbe.o
mv -f .deps/gga_x_rpbe.Tpo .deps/gga_x_rpbe.Plo
/bin/sh ../libtool  --tag=CC   --mode=compile mpiicc -DHAVE_CONFIG_H -I. -I..     -g -O2 -MT gga_x_pbea.lo -MD -MP -MF .deps/gga_x_pbea.Tpo -c -o gga_x_pbea.lo gga_x_pbea.c
libtool: compile:  mpiicc -DHAVE_CONFIG_H -I. -I.. -g -O2 -MT gga_x_pbea.lo -MD -MP -MF .deps/gga_x_pbea.Tpo -c gga_x_pbea.c -o gga_x_pbea.o
mv -f .deps/gga_x_pbea.Tpo .deps/gga_x_pbea.Plo
/bin/sh ../libtool  --tag=CC   --mode=compile mpiicc -DHAVE_CONFIG_H -I. -I..     -g -O2 -MT gga_x_mpbe.lo -MD -MP -MF .deps/gga_x_mpbe.Tpo -c -o gga_x_mpbe.lo gga_x_mpbe.c
libtool: compile:  mpiicc -DHAVE_CONFIG_H -I. -I.. -g -O2 -MT gga_x_mpbe.lo -MD -MP -MF .deps/gga_x_mpbe.Tpo -c gga_x_mpbe.c -o gga_x_mpbe.o
mv -f .deps/gga_x_mpbe.Tpo .deps/gga_x_mpbe.Plo
/bin/sh ../libtool  --tag=CC   --mode=compile mpiicc -DHAVE_CONFIG_H -I. -I..     -g -O2 -MT gga_x_herman.lo -MD -MP -MF .deps/gga_x_herman.Tpo -c -o gga_x_herman.lo gga_x_herman.c
libtool: compile:  mpiicc -DHAVE_CONFIG_H -I. -I.. -g -O2 -MT gga_x_herman.lo -MD -MP -MF .deps/gga_x_herman.Tpo -c gga_x_herman.c -o gga_x_herman.o
mv -f .deps/gga_x_herman.Tpo .deps/gga_x_herman.Plo
/bin/sh ../libtool  --tag=CC   --mode=compile mpiicc -DHAVE_CONFIG_H -I. -I..     -g -O2 -MT gga_x_b86.lo -MD -MP -MF .deps/gga_x_b86.Tpo -c -o gga_x_b86.lo gga_x_b86.c
libtool: compile:  mpiicc -DHAVE_CONFIG_H -I. -I.. -g -O2 -MT gga_x_b86.lo -MD -MP -MF .deps/gga_x_b86.Tpo -c gga_x_b86.c -o gga_x_b86.o
mv -f .deps/gga_x_b86.Tpo .deps/gga_x_b86.Plo
/bin/sh ../libtool  --tag=CC   --mode=compile mpiicc -DHAVE_CONFIG_H -I. -I..     -g -O2 -MT gga_x_b88.lo -MD -MP -MF .deps/gga_x_b88.Tpo -c -o gga_x_b88.lo gga_x_b88.c
libtool: compile:  mpiicc -DHAVE_CONFIG_H -I. -I.. -g -O2 -MT gga_x_b88.lo -MD -MP -MF .deps/gga_x_b88.Tpo -c gga_x_b88.c -o gga_x_b88.o
mv -f .deps/gga_x_b88.Tpo .deps/gga_x_b88.Plo
/bin/sh ../libtool  --tag=CC   --mode=compile mpiicc -DHAVE_CONFIG_H -I. -I..     -g -O2 -MT gga_x_g96.lo -MD -MP -MF .deps/gga_x_g96.Tpo -c -o gga_x_g96.lo gga_x_g96.c
libtool: compile:  mpiicc -DHAVE_CONFIG_H -I. -I.. -g -O2 -MT gga_x_g96.lo -MD -MP -MF .deps/gga_x_g96.Tpo -c gga_x_g96.c -o gga_x_g96.o
mv -f .deps/gga_x_g96.Tpo .deps/gga_x_g96.Plo
/bin/sh ../libtool  --tag=CC   --mode=compile mpiicc -DHAVE_CONFIG_H -I. -I..     -g -O2 -MT gga_x_pw86.lo -MD -MP -MF .deps/gga_x_pw86.Tpo -c -o gga_x_pw86.lo gga_x_pw86.c
libtool: compile:  mpiicc -DHAVE_CONFIG_H -I. -I.. -g -O2 -MT gga_x_pw86.lo -MD -MP -MF .deps/gga_x_pw86.Tpo -c gga_x_pw86.c -o gga_x_pw86.o
mv -f .deps/gga_x_pw86.Tpo .deps/gga_x_pw86.Plo
/bin/sh ../libtool  --tag=CC   --mode=compile mpiicc -DHAVE_CONFIG_H -I. -I..     -g -O2 -MT gga_x_pw91.lo -MD -MP -MF .deps/gga_x_pw91.Tpo -c -o gga_x_pw91.lo gga_x_pw91.c
libtool: compile:  mpiicc -DHAVE_CONFIG_H -I. -I.. -g -O2 -MT gga_x_pw91.lo -MD -MP -MF .deps/gga_x_pw91.Tpo -c gga_x_pw91.c -o gga_x_pw91.o
mv -f .deps/gga_x_pw91.Tpo .deps/gga_x_pw91.Plo
/bin/sh ../libtool  --tag=CC   --mode=compile mpiicc -DHAVE_CONFIG_H -I. -I..     -g -O2 -MT gga_x_optx.lo -MD -MP -MF .deps/gga_x_optx.Tpo -c -o gga_x_optx.lo gga_x_optx.c
libtool: compile:  mpiicc -DHAVE_CONFIG_H -I. -I.. -g -O2 -MT gga_x_optx.lo -MD -MP -MF .deps/gga_x_optx.Tpo -c gga_x_optx.c -o gga_x_optx.o
mv -f .deps/gga_x_optx.Tpo .deps/gga_x_optx.Plo
/bin/sh ../libtool  --tag=CC   --mode=compile mpiicc -DHAVE_CONFIG_H -I. -I..     -g -O2 -MT gga_x_airy.lo -MD -MP -MF .deps/gga_x_airy.Tpo -c -o gga_x_airy.lo gga_x_airy.c
libtool: compile:  mpiicc -DHAVE_CONFIG_H -I. -I.. -g -O2 -MT gga_x_airy.lo -MD -MP -MF .deps/gga_x_airy.Tpo -c gga_x_airy.c -o gga_x_airy.o
mv -f .deps/gga_x_airy.Tpo .deps/gga_x_airy.Plo
/bin/sh ../libtool  --tag=CC   --mode=compile mpiicc -DHAVE_CONFIG_H -I. -I..     -g -O2 -MT gga_x_c09x.lo -MD -MP -MF .deps/gga_x_c09x.Tpo -c -o gga_x_c09x.lo gga_x_c09x.c
libtool: compile:  mpiicc -DHAVE_CONFIG_H -I. -I.. -g -O2 -MT gga_x_c09x.lo -MD -MP -MF .deps/gga_x_c09x.Tpo -c gga_x_c09x.c -o gga_x_c09x.o
mv -f .deps/gga_x_c09x.Tpo .deps/gga_x_c09x.Plo
/bin/sh ../libtool  --tag=CC   --mode=compile mpiicc -DHAVE_CONFIG_H -I. -I..     -g -O2 -MT gga_x_dk87.lo -MD -MP -MF .deps/gga_x_dk87.Tpo -c -o gga_x_dk87.lo gga_x_dk87.c
libtool: compile:  mpiicc -DHAVE_CONFIG_H -I. -I.. -g -O2 -MT gga_x_dk87.lo -MD -MP -MF .deps/gga_x_dk87.Tpo -c gga_x_dk87.c -o gga_x_dk87.o
mv -f .deps/gga_x_dk87.Tpo .deps/gga_x_dk87.Plo
/bin/sh ../libtool  --tag=CC   --mode=compile mpiicc -DHAVE_CONFIG_H -I. -I..     -g -O2 -MT gga_x_ft97.lo -MD -MP -MF .deps/gga_x_ft97.Tpo -c -o gga_x_ft97.lo gga_x_ft97.c
libtool: compile:  mpiicc -DHAVE_CONFIG_H -I. -I.. -g -O2 -MT gga_x_ft97.lo -MD -MP -MF .deps/gga_x_ft97.Tpo -c gga_x_ft97.c -o gga_x_ft97.o
mv -f .deps/gga_x_ft97.Tpo .deps/gga_x_ft97.Plo
/bin/sh ../libtool  --tag=CC   --mode=compile mpiicc -DHAVE_CONFIG_H -I. -I..     -g -O2 -MT gga_x_wc.lo -MD -MP -MF .deps/gga_x_wc.Tpo -c -o gga_x_wc.lo gga_x_wc.c
libtool: compile:  mpiicc -DHAVE_CONFIG_H -I. -I.. -g -O2 -MT gga_x_wc.lo -MD -MP -MF .deps/gga_x_wc.Tpo -c gga_x_wc.c -o gga_x_wc.o
mv -f .deps/gga_x_wc.Tpo .deps/gga_x_wc.Plo
/bin/sh ../libtool  --tag=CC   --mode=compile mpiicc -DHAVE_CONFIG_H -I. -I..     -g -O2 -MT gga_x_am05.lo -MD -MP -MF .deps/gga_x_am05.Tpo -c -o gga_x_am05.lo gga_x_am05.c
libtool: compile:  mpiicc -DHAVE_CONFIG_H -I. -I.. -g -O2 -MT gga_x_am05.lo -MD -MP -MF .deps/gga_x_am05.Tpo -c gga_x_am05.c -o gga_x_am05.o
mv -f .deps/gga_x_am05.Tpo .deps/gga_x_am05.Plo
/bin/sh ../libtool  --tag=CC   --mode=compile mpiicc -DHAVE_CONFIG_H -I. -I..     -g -O2 -MT gga_x_bayesian.lo -MD -MP -MF .deps/gga_x_bayesian.Tpo -c -o gga_x_bayesian.lo gga_x_bayesian.c
libtool: compile:  mpiicc -DHAVE_CONFIG_H -I. -I.. -g -O2 -MT gga_x_bayesian.lo -MD -MP -MF .deps/gga_x_bayesian.Tpo -c gga_x_bayesian.c -o gga_x_bayesian.o
mv -f .deps/gga_x_bayesian.Tpo .deps/gga_x_bayesian.Plo
/bin/sh ../libtool  --tag=CC   --mode=compile mpiicc -DHAVE_CONFIG_H -I. -I..     -g -O2 -MT gga_x_kt.lo -MD -MP -MF .deps/gga_x_kt.Tpo -c -o gga_x_kt.lo gga_x_kt.c
libtool: compile:  mpiicc -DHAVE_CONFIG_H -I. -I.. -g -O2 -MT gga_x_kt.lo -MD -MP -MF .deps/gga_x_kt.Tpo -c gga_x_kt.c -o gga_x_kt.o
mv -f .deps/gga_x_kt.Tpo .deps/gga_x_kt.Plo
/bin/sh ../libtool  --tag=CC   --mode=compile mpiicc -DHAVE_CONFIG_H -I. -I..     -g -O2 -MT gga_x_htbs.lo -MD -MP -MF .deps/gga_x_htbs.Tpo -c -o gga_x_htbs.lo gga_x_htbs.c
libtool: compile:  mpiicc -DHAVE_CONFIG_H -I. -I.. -g -O2 -MT gga_x_htbs.lo -MD -MP -MF .deps/gga_x_htbs.Tpo -c gga_x_htbs.c -o gga_x_htbs.o
mv -f .deps/gga_x_htbs.Tpo .deps/gga_x_htbs.Plo
/bin/sh ../libtool  --tag=CC   --mode=compile mpiicc -DHAVE_CONFIG_H -I. -I..     -g -O2 -MT gga_c_pbe.lo -MD -MP -MF .deps/gga_c_pbe.Tpo -c -o gga_c_pbe.lo gga_c_pbe.c
libtool: compile:  mpiicc -DHAVE_CONFIG_H -I. -I.. -g -O2 -MT gga_c_pbe.lo -MD -MP -MF .deps/gga_c_pbe.Tpo -c gga_c_pbe.c -o gga_c_pbe.o
mv -f .deps/gga_c_pbe.Tpo .deps/gga_c_pbe.Plo
/bin/sh ../libtool  --tag=CC   --mode=compile mpiicc -DHAVE_CONFIG_H -I. -I..     -g -O2 -MT gga_c_lyp.lo -MD -MP -MF .deps/gga_c_lyp.Tpo -c -o gga_c_lyp.lo gga_c_lyp.c
libtool: compile:  mpiicc -DHAVE_CONFIG_H -I. -I.. -g -O2 -MT gga_c_lyp.lo -MD -MP -MF .deps/gga_c_lyp.Tpo -c gga_c_lyp.c -o gga_c_lyp.o
mv -f .deps/gga_c_lyp.Tpo .deps/gga_c_lyp.Plo
/bin/sh ../libtool  --tag=CC   --mode=compile mpiicc -DHAVE_CONFIG_H -I. -I..     -g -O2 -MT gga_c_p86.lo -MD -MP -MF .deps/gga_c_p86.Tpo -c -o gga_c_p86.lo gga_c_p86.c
libtool: compile:  mpiicc -DHAVE_CONFIG_H -I. -I.. -g -O2 -MT gga_c_p86.lo -MD -MP -MF .deps/gga_c_p86.Tpo -c gga_c_p86.c -o gga_c_p86.o
mv -f .deps/gga_c_p86.Tpo .deps/gga_c_p86.Plo
/bin/sh ../libtool  --tag=CC   --mode=compile mpiicc -DHAVE_CONFIG_H -I. -I..     -g -O2 -MT gga_c_pw91.lo -MD -MP -MF .deps/gga_c_pw91.Tpo -c -o gga_c_pw91.lo gga_c_pw91.c
libtool: compile:  mpiicc -DHAVE_CONFIG_H -I. -I.. -g -O2 -MT gga_c_pw91.lo -MD -MP -MF .deps/gga_c_pw91.Tpo -c gga_c_pw91.c -o gga_c_pw91.o
mv -f .deps/gga_c_pw91.Tpo .deps/gga_c_pw91.Plo
/bin/sh ../libtool  --tag=CC   --mode=compile mpiicc -DHAVE_CONFIG_H -I. -I..     -g -O2 -MT gga_c_am05.lo -MD -MP -MF .deps/gga_c_am05.Tpo -c -o gga_c_am05.lo gga_c_am05.c
libtool: compile:  mpiicc -DHAVE_CONFIG_H -I. -I.. -g -O2 -MT gga_c_am05.lo -MD -MP -MF .deps/gga_c_am05.Tpo -c gga_c_am05.c -o gga_c_am05.o
mv -f .deps/gga_c_am05.Tpo .deps/gga_c_am05.Plo
/bin/sh ../libtool  --tag=CC   --mode=compile mpiicc -DHAVE_CONFIG_H -I. -I..     -g -O2 -MT gga_c_lm.lo -MD -MP -MF .deps/gga_c_lm.Tpo -c -o gga_c_lm.lo gga_c_lm.c
libtool: compile:  mpiicc -DHAVE_CONFIG_H -I. -I.. -g -O2 -MT gga_c_lm.lo -MD -MP -MF .deps/gga_c_lm.Tpo -c gga_c_lm.c -o gga_c_lm.o
mv -f .deps/gga_c_lm.Tpo .deps/gga_c_lm.Plo
/bin/sh ../libtool  --tag=CC   --mode=compile mpiicc -DHAVE_CONFIG_H -I. -I..     -g -O2 -MT gga_c_wl.lo -MD -MP -MF .deps/gga_c_wl.Tpo -c -o gga_c_wl.lo gga_c_wl.c
libtool: compile:  mpiicc -DHAVE_CONFIG_H -I. -I.. -g -O2 -MT gga_c_wl.lo -MD -MP -MF .deps/gga_c_wl.Tpo -c gga_c_wl.c -o gga_c_wl.o
mv -f .deps/gga_c_wl.Tpo .deps/gga_c_wl.Plo
/bin/sh ../libtool  --tag=CC   --mode=compile mpiicc -DHAVE_CONFIG_H -I. -I..     -g -O2 -MT gga_c_wi.lo -MD -MP -MF .deps/gga_c_wi.Tpo -c -o gga_c_wi.lo gga_c_wi.c
libtool: compile:  mpiicc -DHAVE_CONFIG_H -I. -I.. -g -O2 -MT gga_c_wi.lo -MD -MP -MF .deps/gga_c_wi.Tpo -c gga_c_wi.c -o gga_c_wi.o
mv -f .deps/gga_c_wi.Tpo .deps/gga_c_wi.Plo
/bin/sh ../libtool  --tag=CC   --mode=compile mpiicc -DHAVE_CONFIG_H -I. -I..     -g -O2 -MT gga_x_lb.lo -MD -MP -MF .deps/gga_x_lb.Tpo -c -o gga_x_lb.lo gga_x_lb.c
libtool: compile:  mpiicc -DHAVE_CONFIG_H -I. -I.. -g -O2 -MT gga_x_lb.lo -MD -MP -MF .deps/gga_x_lb.Tpo -c gga_x_lb.c -o gga_x_lb.o
mv -f .deps/gga_x_lb.Tpo .deps/gga_x_lb.Plo
/bin/sh ../libtool  --tag=CC   --mode=compile mpiicc -DHAVE_CONFIG_H -I. -I..     -g -O2 -MT gga_xc_b97.lo -MD -MP -MF .deps/gga_xc_b97.Tpo -c -o gga_xc_b97.lo gga_xc_b97.c
libtool: compile:  mpiicc -DHAVE_CONFIG_H -I. -I.. -g -O2 -MT gga_xc_b97.lo -MD -MP -MF .deps/gga_xc_b97.Tpo -c gga_xc_b97.c -o gga_xc_b97.o
mv -f .deps/gga_xc_b97.Tpo .deps/gga_xc_b97.Plo
/bin/sh ../libtool  --tag=CC   --mode=compile mpiicc -DHAVE_CONFIG_H -I. -I..     -g -O2 -MT gga_xc_edf1.lo -MD -MP -MF .deps/gga_xc_edf1.Tpo -c -o gga_xc_edf1.lo gga_xc_edf1.c
libtool: compile:  mpiicc -DHAVE_CONFIG_H -I. -I.. -g -O2 -MT gga_xc_edf1.lo -MD -MP -MF .deps/gga_xc_edf1.Tpo -c gga_xc_edf1.c -o gga_xc_edf1.o
mv -f .deps/gga_xc_edf1.Tpo .deps/gga_xc_edf1.Plo
/bin/sh ../libtool  --tag=CC   --mode=compile mpiicc -DHAVE_CONFIG_H -I. -I..     -g -O2 -MT gga_xc_1w.lo -MD -MP -MF .deps/gga_xc_1w.Tpo -c -o gga_xc_1w.lo gga_xc_1w.c
libtool: compile:  mpiicc -DHAVE_CONFIG_H -I. -I.. -g -O2 -MT gga_xc_1w.lo -MD -MP -MF .deps/gga_xc_1w.Tpo -c gga_xc_1w.c -o gga_xc_1w.o
mv -f .deps/gga_xc_1w.Tpo .deps/gga_xc_1w.Plo
/bin/sh ../libtool  --tag=CC   --mode=compile mpiicc -DHAVE_CONFIG_H -I. -I..     -g -O2 -MT gga_c_optc.lo -MD -MP -MF .deps/gga_c_optc.Tpo -c -o gga_c_optc.lo gga_c_optc.c
libtool: compile:  mpiicc -DHAVE_CONFIG_H -I. -I.. -g -O2 -MT gga_c_optc.lo -MD -MP -MF .deps/gga_c_optc.Tpo -c gga_c_optc.c -o gga_c_optc.o
mv -f .deps/gga_c_optc.Tpo .deps/gga_c_optc.Plo
/bin/sh ../libtool  --tag=CC   --mode=compile mpiicc -DHAVE_CONFIG_H -I. -I..     -g -O2 -MT gga_c_tca.lo -MD -MP -MF .deps/gga_c_tca.Tpo -c -o gga_c_tca.lo gga_c_tca.c
libtool: compile:  mpiicc -DHAVE_CONFIG_H -I. -I.. -g -O2 -MT gga_c_tca.lo -MD -MP -MF .deps/gga_c_tca.Tpo -c gga_c_tca.c -o gga_c_tca.o
mv -f .deps/gga_c_tca.Tpo .deps/gga_c_tca.Plo
/bin/sh ../libtool  --tag=CC   --mode=compile mpiicc -DHAVE_CONFIG_H -I. -I..     -g -O2 -MT gga_x_bpccac.lo -MD -MP -MF .deps/gga_x_bpccac.Tpo -c -o gga_x_bpccac.lo gga_x_bpccac.c
libtool: compile:  mpiicc -DHAVE_CONFIG_H -I. -I.. -g -O2 -MT gga_x_bpccac.lo -MD -MP -MF .deps/gga_x_bpccac.Tpo -c gga_x_bpccac.c -o gga_x_bpccac.o
mv -f .deps/gga_x_bpccac.Tpo .deps/gga_x_bpccac.Plo
/bin/sh ../libtool  --tag=CC   --mode=compile mpiicc -DHAVE_CONFIG_H -I. -I..     -g -O2 -MT gga_x_sogga11.lo -MD -MP -MF .deps/gga_x_sogga11.Tpo -c -o gga_x_sogga11.lo gga_x_sogga11.c
libtool: compile:  mpiicc -DHAVE_CONFIG_H -I. -I.. -g -O2 -MT gga_x_sogga11.lo -MD -MP -MF .deps/gga_x_sogga11.Tpo -c gga_x_sogga11.c -o gga_x_sogga11.o
mv -f .deps/gga_x_sogga11.Tpo .deps/gga_x_sogga11.Plo
/bin/sh ../libtool  --tag=CC   --mode=compile mpiicc -DHAVE_CONFIG_H -I. -I..     -g -O2 -MT gga_c_sogga11.lo -MD -MP -MF .deps/gga_c_sogga11.Tpo -c -o gga_c_sogga11.lo gga_c_sogga11.c
libtool: compile:  mpiicc -DHAVE_CONFIG_H -I. -I.. -g -O2 -MT gga_c_sogga11.lo -MD -MP -MF .deps/gga_c_sogga11.Tpo -c gga_c_sogga11.c -o gga_c_sogga11.o
mv -f .deps/gga_c_sogga11.Tpo .deps/gga_c_sogga11.Plo
/bin/sh ../libtool  --tag=CC   --mode=compile mpiicc -DHAVE_CONFIG_H -I. -I..     -g -O2 -MT gga_xc_th.lo -MD -MP -MF .deps/gga_xc_th.Tpo -c -o gga_xc_th.lo gga_xc_th.c
libtool: compile:  mpiicc -DHAVE_CONFIG_H -I. -I.. -g -O2 -MT gga_xc_th.lo -MD -MP -MF .deps/gga_xc_th.Tpo -c gga_xc_th.c -o gga_xc_th.o
mv -f .deps/gga_xc_th.Tpo .deps/gga_xc_th.Plo
/bin/sh ../libtool  --tag=CC   --mode=compile mpiicc -DHAVE_CONFIG_H -I. -I..     -g -O2 -MT gga_x_wpbeh.lo -MD -MP -MF .deps/gga_x_wpbeh.Tpo -c -o gga_x_wpbeh.lo gga_x_wpbeh.c
libtool: compile:  mpiicc -DHAVE_CONFIG_H -I. -I.. -g -O2 -MT gga_x_wpbeh.lo -MD -MP -MF .deps/gga_x_wpbeh.Tpo -c gga_x_wpbeh.c -o gga_x_wpbeh.o
mv -f .deps/gga_x_wpbeh.Tpo .deps/gga_x_wpbeh.Plo
/bin/sh ../libtool  --tag=CC   --mode=compile mpiicc -DHAVE_CONFIG_H -I. -I..     -g -O2 -MT gga_x_hjs.lo -MD -MP -MF .deps/gga_x_hjs.Tpo -c -o gga_x_hjs.lo gga_x_hjs.c
libtool: compile:  mpiicc -DHAVE_CONFIG_H -I. -I.. -g -O2 -MT gga_x_hjs.lo -MD -MP -MF .deps/gga_x_hjs.Tpo -c gga_x_hjs.c -o gga_x_hjs.o
mv -f .deps/gga_x_hjs.Tpo .deps/gga_x_hjs.Plo
/bin/sh ../libtool  --tag=CC   --mode=compile mpiicc -DHAVE_CONFIG_H -I. -I..     -g -O2 -MT gga_x_ityh.lo -MD -MP -MF .deps/gga_x_ityh.Tpo -c -o gga_x_ityh.lo gga_x_ityh.c
libtool: compile:  mpiicc -DHAVE_CONFIG_H -I. -I.. -g -O2 -MT gga_x_ityh.lo -MD -MP -MF .deps/gga_x_ityh.Tpo -c gga_x_ityh.c -o gga_x_ityh.o
mv -f .deps/gga_x_ityh.Tpo .deps/gga_x_ityh.Plo
/bin/sh ../libtool  --tag=CC   --mode=compile mpiicc -DHAVE_CONFIG_H -I. -I..     -g -O2 -MT gga_x_sfat.lo -MD -MP -MF .deps/gga_x_sfat.Tpo -c -o gga_x_sfat.lo gga_x_sfat.c
libtool: compile:  mpiicc -DHAVE_CONFIG_H -I. -I.. -g -O2 -MT gga_x_sfat.lo -MD -MP -MF .deps/gga_x_sfat.Tpo -c gga_x_sfat.c -o gga_x_sfat.o
mv -f .deps/gga_x_sfat.Tpo .deps/gga_x_sfat.Plo
/bin/sh ../libtool  --tag=CC   --mode=compile mpiicc -DHAVE_CONFIG_H -I. -I..     -g -O2 -MT gga_x_ev93.lo -MD -MP -MF .deps/gga_x_ev93.Tpo -c -o gga_x_ev93.lo gga_x_ev93.c
libtool: compile:  mpiicc -DHAVE_CONFIG_H -I. -I.. -g -O2 -MT gga_x_ev93.lo -MD -MP -MF .deps/gga_x_ev93.Tpo -c gga_x_ev93.c -o gga_x_ev93.o
mv -f .deps/gga_x_ev93.Tpo .deps/gga_x_ev93.Plo
/bin/sh ../libtool  --tag=CC   --mode=compile mpiicc -DHAVE_CONFIG_H -I. -I..     -g -O2 -MT gga_x_ak13.lo -MD -MP -MF .deps/gga_x_ak13.Tpo -c -o gga_x_ak13.lo gga_x_ak13.c
libtool: compile:  mpiicc -DHAVE_CONFIG_H -I. -I.. -g -O2 -MT gga_x_ak13.lo -MD -MP -MF .deps/gga_x_ak13.Tpo -c gga_x_ak13.c -o gga_x_ak13.o
mv -f .deps/gga_x_ak13.Tpo .deps/gga_x_ak13.Plo
/bin/sh ../libtool  --tag=CC   --mode=compile mpiicc -DHAVE_CONFIG_H -I. -I..     -g -O2 -MT gga_x_q2d.lo -MD -MP -MF .deps/gga_x_q2d.Tpo -c -o gga_x_q2d.lo gga_x_q2d.c
libtool: compile:  mpiicc -DHAVE_CONFIG_H -I. -I.. -g -O2 -MT gga_x_q2d.lo -MD -MP -MF .deps/gga_x_q2d.Tpo -c gga_x_q2d.c -o gga_x_q2d.o
mv -f .deps/gga_x_q2d.Tpo .deps/gga_x_q2d.Plo
/bin/sh ../libtool  --tag=CC   --mode=compile mpiicc -DHAVE_CONFIG_H -I. -I..     -g -O2 -MT gga_c_q2d.lo -MD -MP -MF .deps/gga_c_q2d.Tpo -c -o gga_c_q2d.lo gga_c_q2d.c
libtool: compile:  mpiicc -DHAVE_CONFIG_H -I. -I.. -g -O2 -MT gga_c_q2d.lo -MD -MP -MF .deps/gga_c_q2d.Tpo -c gga_c_q2d.c -o gga_c_q2d.o
mv -f .deps/gga_c_q2d.Tpo .deps/gga_c_q2d.Plo
/bin/sh ../libtool  --tag=CC   --mode=compile mpiicc -DHAVE_CONFIG_H -I. -I..     -g -O2 -MT gga_x_ssb_sw.lo -MD -MP -MF .deps/gga_x_ssb_sw.Tpo -c -o gga_x_ssb_sw.lo gga_x_ssb_sw.c
libtool: compile:  mpiicc -DHAVE_CONFIG_H -I. -I.. -g -O2 -MT gga_x_ssb_sw.lo -MD -MP -MF .deps/gga_x_ssb_sw.Tpo -c gga_x_ssb_sw.c -o gga_x_ssb_sw.o
mv -f .deps/gga_x_ssb_sw.Tpo .deps/gga_x_ssb_sw.Plo
/bin/sh ../libtool  --tag=CC   --mode=compile mpiicc -DHAVE_CONFIG_H -I. -I..     -g -O2 -MT gga_c_ft97.lo -MD -MP -MF .deps/gga_c_ft97.Tpo -c -o gga_c_ft97.lo gga_c_ft97.c
libtool: compile:  mpiicc -DHAVE_CONFIG_H -I. -I.. -g -O2 -MT gga_c_ft97.lo -MD -MP -MF .deps/gga_c_ft97.Tpo -c gga_c_ft97.c -o gga_c_ft97.o
mv -f .deps/gga_c_ft97.Tpo .deps/gga_c_ft97.Plo
/bin/sh ../libtool  --tag=CC   --mode=compile mpiicc -DHAVE_CONFIG_H -I. -I..     -g -O2 -MT gga_c_op.lo -MD -MP -MF .deps/gga_c_op.Tpo -c -o gga_c_op.lo gga_c_op.c
libtool: compile:  mpiicc -DHAVE_CONFIG_H -I. -I.. -g -O2 -MT gga_c_op.lo -MD -MP -MF .deps/gga_c_op.Tpo -c gga_c_op.c -o gga_c_op.o
mv -f .deps/gga_c_op.Tpo .deps/gga_c_op.Plo
/bin/sh ../libtool  --tag=CC   --mode=compile mpiicc -DHAVE_CONFIG_H -I. -I..     -g -O2 -MT gga_x_n12.lo -MD -MP -MF .deps/gga_x_n12.Tpo -c -o gga_x_n12.lo gga_x_n12.c
libtool: compile:  mpiicc -DHAVE_CONFIG_H -I. -I.. -g -O2 -MT gga_x_n12.lo -MD -MP -MF .deps/gga_x_n12.Tpo -c gga_x_n12.c -o gga_x_n12.o
mv -f .deps/gga_x_n12.Tpo .deps/gga_x_n12.Plo
/bin/sh ../libtool  --tag=CC   --mode=compile mpiicc -DHAVE_CONFIG_H -I. -I..     -g -O2 -MT gga_x_lv_rpw86.lo -MD -MP -MF .deps/gga_x_lv_rpw86.Tpo -c -o gga_x_lv_rpw86.lo gga_x_lv_rpw86.c
libtool: compile:  mpiicc -DHAVE_CONFIG_H -I. -I.. -g -O2 -MT gga_x_lv_rpw86.lo -MD -MP -MF .deps/gga_x_lv_rpw86.Tpo -c gga_x_lv_rpw86.c -o gga_x_lv_rpw86.o
mv -f .deps/gga_x_lv_rpw86.Tpo .deps/gga_x_lv_rpw86.Plo
/bin/sh ../libtool  --tag=CC   --mode=compile mpiicc -DHAVE_CONFIG_H -I. -I..     -g -O2 -MT gga_x_2d_b86.lo -MD -MP -MF .deps/gga_x_2d_b86.Tpo -c -o gga_x_2d_b86.lo gga_x_2d_b86.c
libtool: compile:  mpiicc -DHAVE_CONFIG_H -I. -I.. -g -O2 -MT gga_x_2d_b86.lo -MD -MP -MF .deps/gga_x_2d_b86.Tpo -c gga_x_2d_b86.c -o gga_x_2d_b86.o
mv -f .deps/gga_x_2d_b86.Tpo .deps/gga_x_2d_b86.Plo
/bin/sh ../libtool  --tag=CC   --mode=compile mpiicc -DHAVE_CONFIG_H -I. -I..     -g -O2 -MT gga_x_2d_b86_mgc.lo -MD -MP -MF .deps/gga_x_2d_b86_mgc.Tpo -c -o gga_x_2d_b86_mgc.lo gga_x_2d_b86_mgc.c
libtool: compile:  mpiicc -DHAVE_CONFIG_H -I. -I.. -g -O2 -MT gga_x_2d_b86_mgc.lo -MD -MP -MF .deps/gga_x_2d_b86_mgc.Tpo -c gga_x_2d_b86_mgc.c -o gga_x_2d_b86_mgc.o
mv -f .deps/gga_x_2d_b86_mgc.Tpo .deps/gga_x_2d_b86_mgc.Plo
/bin/sh ../libtool  --tag=CC   --mode=compile mpiicc -DHAVE_CONFIG_H -I. -I..     -g -O2 -MT gga_x_2d_b88.lo -MD -MP -MF .deps/gga_x_2d_b88.Tpo -c -o gga_x_2d_b88.lo gga_x_2d_b88.c
libtool: compile:  mpiicc -DHAVE_CONFIG_H -I. -I.. -g -O2 -MT gga_x_2d_b88.lo -MD -MP -MF .deps/gga_x_2d_b88.Tpo -c gga_x_2d_b88.c -o gga_x_2d_b88.o
mv -f .deps/gga_x_2d_b88.Tpo .deps/gga_x_2d_b88.Plo
/bin/sh ../libtool  --tag=CC   --mode=compile mpiicc -DHAVE_CONFIG_H -I. -I..     -g -O2 -MT gga_x_2d_pbe.lo -MD -MP -MF .deps/gga_x_2d_pbe.Tpo -c -o gga_x_2d_pbe.lo gga_x_2d_pbe.c
libtool: compile:  mpiicc -DHAVE_CONFIG_H -I. -I.. -g -O2 -MT gga_x_2d_pbe.lo -MD -MP -MF .deps/gga_x_2d_pbe.Tpo -c gga_x_2d_pbe.c -o gga_x_2d_pbe.o
mv -f .deps/gga_x_2d_pbe.Tpo .deps/gga_x_2d_pbe.Plo
/bin/sh ../libtool  --tag=CC   --mode=compile mpiicc -DHAVE_CONFIG_H -I. -I..     -g -O2 -MT gga_k_tflw.lo -MD -MP -MF .deps/gga_k_tflw.Tpo -c -o gga_k_tflw.lo gga_k_tflw.c
libtool: compile:  mpiicc -DHAVE_CONFIG_H -I. -I.. -g -O2 -MT gga_k_tflw.lo -MD -MP -MF .deps/gga_k_tflw.Tpo -c gga_k_tflw.c -o gga_k_tflw.o
mv -f .deps/gga_k_tflw.Tpo .deps/gga_k_tflw.Plo
/bin/sh ../libtool  --tag=CC   --mode=compile mpiicc -DHAVE_CONFIG_H -I. -I..     -g -O2 -MT gga_k_pearson.lo -MD -MP -MF .deps/gga_k_pearson.Tpo -c -o gga_k_pearson.lo gga_k_pearson.c
libtool: compile:  mpiicc -DHAVE_CONFIG_H -I. -I.. -g -O2 -MT gga_k_pearson.lo -MD -MP -MF .deps/gga_k_pearson.Tpo -c gga_k_pearson.c -o gga_k_pearson.o
mv -f .deps/gga_k_pearson.Tpo .deps/gga_k_pearson.Plo
/bin/sh ../libtool  --tag=CC   --mode=compile mpiicc -DHAVE_CONFIG_H -I. -I..     -g -O2 -MT gga_k_ol1.lo -MD -MP -MF .deps/gga_k_ol1.Tpo -c -o gga_k_ol1.lo gga_k_ol1.c
libtool: compile:  mpiicc -DHAVE_CONFIG_H -I. -I.. -g -O2 -MT gga_k_ol1.lo -MD -MP -MF .deps/gga_k_ol1.Tpo -c gga_k_ol1.c -o gga_k_ol1.o
mv -f .deps/gga_k_ol1.Tpo .deps/gga_k_ol1.Plo
/bin/sh ../libtool  --tag=CC   --mode=compile mpiicc -DHAVE_CONFIG_H -I. -I..     -g -O2 -MT gga_k_ol2.lo -MD -MP -MF .deps/gga_k_ol2.Tpo -c -o gga_k_ol2.lo gga_k_ol2.c
libtool: compile:  mpiicc -DHAVE_CONFIG_H -I. -I.. -g -O2 -MT gga_k_ol2.lo -MD -MP -MF .deps/gga_k_ol2.Tpo -c gga_k_ol2.c -o gga_k_ol2.o
mv -f .deps/gga_k_ol2.Tpo .deps/gga_k_ol2.Plo
/bin/sh ../libtool  --tag=CC   --mode=compile mpiicc -DHAVE_CONFIG_H -I. -I..     -g -O2 -MT gga_k_dk.lo -MD -MP -MF .deps/gga_k_dk.Tpo -c -o gga_k_dk.lo gga_k_dk.c
libtool: compile:  mpiicc -DHAVE_CONFIG_H -I. -I.. -g -O2 -MT gga_k_dk.lo -MD -MP -MF .deps/gga_k_dk.Tpo -c gga_k_dk.c -o gga_k_dk.o
mv -f .deps/gga_k_dk.Tpo .deps/gga_k_dk.Plo
/bin/sh ../libtool  --tag=CC   --mode=compile mpiicc -DHAVE_CONFIG_H -I. -I..     -g -O2 -MT gga_k_meyer.lo -MD -MP -MF .deps/gga_k_meyer.Tpo -c -o gga_k_meyer.lo gga_k_meyer.c
libtool: compile:  mpiicc -DHAVE_CONFIG_H -I. -I.. -g -O2 -MT gga_k_meyer.lo -MD -MP -MF .deps/gga_k_meyer.Tpo -c gga_k_meyer.c -o gga_k_meyer.o
mv -f .deps/gga_k_meyer.Tpo .deps/gga_k_meyer.Plo
/bin/sh ../libtool  --tag=CC   --mode=compile mpiicc -DHAVE_CONFIG_H -I. -I..     -g -O2 -MT gga_x_vmt.lo -MD -MP -MF .deps/gga_x_vmt.Tpo -c -o gga_x_vmt.lo gga_x_vmt.c
libtool: compile:  mpiicc -DHAVE_CONFIG_H -I. -I.. -g -O2 -MT gga_x_vmt.lo -MD -MP -MF .deps/gga_x_vmt.Tpo -c gga_x_vmt.c -o gga_x_vmt.o
mv -f .deps/gga_x_vmt.Tpo .deps/gga_x_vmt.Plo
/bin/sh ../libtool  --tag=CC   --mode=compile mpiicc -DHAVE_CONFIG_H -I. -I..     -g -O2 -MT gga_x_hcth_a.lo -MD -MP -MF .deps/gga_x_hcth_a.Tpo -c -o gga_x_hcth_a.lo gga_x_hcth_a.c
libtool: compile:  mpiicc -DHAVE_CONFIG_H -I. -I.. -g -O2 -MT gga_x_hcth_a.lo -MD -MP -MF .deps/gga_x_hcth_a.Tpo -c gga_x_hcth_a.c -o gga_x_hcth_a.o
mv -f .deps/gga_x_hcth_a.Tpo .deps/gga_x_hcth_a.Plo
/bin/sh ../libtool  --tag=CC   --mode=compile mpiicc -DHAVE_CONFIG_H -I. -I..     -g -O2 -MT gga_x_cap.lo -MD -MP -MF .deps/gga_x_cap.Tpo -c -o gga_x_cap.lo gga_x_cap.c
libtool: compile:  mpiicc -DHAVE_CONFIG_H -I. -I.. -g -O2 -MT gga_x_cap.lo -MD -MP -MF .deps/gga_x_cap.Tpo -c gga_x_cap.c -o gga_x_cap.o
mv -f .deps/gga_x_cap.Tpo .deps/gga_x_cap.Plo
/bin/sh ../libtool  --tag=CC   --mode=compile mpiicc -DHAVE_CONFIG_H -I. -I..     -g -O2 -MT gga_xc_oblyp_d.lo -MD -MP -MF .deps/gga_xc_oblyp_d.Tpo -c -o gga_xc_oblyp_d.lo gga_xc_oblyp_d.c
libtool: compile:  mpiicc -DHAVE_CONFIG_H -I. -I.. -g -O2 -MT gga_xc_oblyp_d.lo -MD -MP -MF .deps/gga_xc_oblyp_d.Tpo -c gga_xc_oblyp_d.c -o gga_xc_oblyp_d.o
mv -f .deps/gga_xc_oblyp_d.Tpo .deps/gga_xc_oblyp_d.Plo
/bin/sh ../libtool  --tag=CC   --mode=compile mpiicc -DHAVE_CONFIG_H -I. -I..     -g -O2 -MT hyb_gga_xc_b3lyp.lo -MD -MP -MF .deps/hyb_gga_xc_b3lyp.Tpo -c -o hyb_gga_xc_b3lyp.lo hyb_gga_xc_b3lyp.c
libtool: compile:  mpiicc -DHAVE_CONFIG_H -I. -I.. -g -O2 -MT hyb_gga_xc_b3lyp.lo -MD -MP -MF .deps/hyb_gga_xc_b3lyp.Tpo -c hyb_gga_xc_b3lyp.c -o hyb_gga_xc_b3lyp.o
mv -f .deps/hyb_gga_xc_b3lyp.Tpo .deps/hyb_gga_xc_b3lyp.Plo
/bin/sh ../libtool  --tag=CC   --mode=compile mpiicc -DHAVE_CONFIG_H -I. -I..     -g -O2 -MT hyb_gga_xc_o3lyp.lo -MD -MP -MF .deps/hyb_gga_xc_o3lyp.Tpo -c -o hyb_gga_xc_o3lyp.lo hyb_gga_xc_o3lyp.c
libtool: compile:  mpiicc -DHAVE_CONFIG_H -I. -I.. -g -O2 -MT hyb_gga_xc_o3lyp.lo -MD -MP -MF .deps/hyb_gga_xc_o3lyp.Tpo -c hyb_gga_xc_o3lyp.c -o hyb_gga_xc_o3lyp.o
mv -f .deps/hyb_gga_xc_o3lyp.Tpo .deps/hyb_gga_xc_o3lyp.Plo
/bin/sh ../libtool  --tag=CC   --mode=compile mpiicc -DHAVE_CONFIG_H -I. -I..     -g -O2 -MT hyb_gga_xc_pbeh.lo -MD -MP -MF .deps/hyb_gga_xc_pbeh.Tpo -c -o hyb_gga_xc_pbeh.lo hyb_gga_xc_pbeh.c
libtool: compile:  mpiicc -DHAVE_CONFIG_H -I. -I.. -g -O2 -MT hyb_gga_xc_pbeh.lo -MD -MP -MF .deps/hyb_gga_xc_pbeh.Tpo -c hyb_gga_xc_pbeh.c -o hyb_gga_xc_pbeh.o
mv -f .deps/hyb_gga_xc_pbeh.Tpo .deps/hyb_gga_xc_pbeh.Plo
/bin/sh ../libtool  --tag=CC   --mode=compile mpiicc -DHAVE_CONFIG_H -I. -I..     -g -O2 -MT hyb_gga_xc_b1wc.lo -MD -MP -MF .deps/hyb_gga_xc_b1wc.Tpo -c -o hyb_gga_xc_b1wc.lo hyb_gga_xc_b1wc.c
libtool: compile:  mpiicc -DHAVE_CONFIG_H -I. -I.. -g -O2 -MT hyb_gga_xc_b1wc.lo -MD -MP -MF .deps/hyb_gga_xc_b1wc.Tpo -c hyb_gga_xc_b1wc.c -o hyb_gga_xc_b1wc.o
mv -f .deps/hyb_gga_xc_b1wc.Tpo .deps/hyb_gga_xc_b1wc.Plo
/bin/sh ../libtool  --tag=CC   --mode=compile mpiicc -DHAVE_CONFIG_H -I. -I..     -g -O2 -MT hyb_gga_xc_hse.lo -MD -MP -MF .deps/hyb_gga_xc_hse.Tpo -c -o hyb_gga_xc_hse.lo hyb_gga_xc_hse.c
libtool: compile:  mpiicc -DHAVE_CONFIG_H -I. -I.. -g -O2 -MT hyb_gga_xc_hse.lo -MD -MP -MF .deps/hyb_gga_xc_hse.Tpo -c hyb_gga_xc_hse.c -o hyb_gga_xc_hse.o
mv -f .deps/hyb_gga_xc_hse.Tpo .deps/hyb_gga_xc_hse.Plo
/bin/sh ../libtool  --tag=CC   --mode=compile mpiicc -DHAVE_CONFIG_H -I. -I..     -g -O2 -MT hyb_gga_xc_cam_b3lyp.lo -MD -MP -MF .deps/hyb_gga_xc_cam_b3lyp.Tpo -c -o hyb_gga_xc_cam_b3lyp.lo hyb_gga_xc_cam_b3lyp.c
libtool: compile:  mpiicc -DHAVE_CONFIG_H -I. -I.. -g -O2 -MT hyb_gga_xc_cam_b3lyp.lo -MD -MP -MF .deps/hyb_gga_xc_cam_b3lyp.Tpo -c hyb_gga_xc_cam_b3lyp.c -o hyb_gga_xc_cam_b3lyp.o
mv -f .deps/hyb_gga_xc_cam_b3lyp.Tpo .deps/hyb_gga_xc_cam_b3lyp.Plo
/bin/sh ../libtool  --tag=CC   --mode=compile mpiicc -DHAVE_CONFIG_H -I. -I..     -g -O2 -MT hyb_gga_xc_camy_blyp.lo -MD -MP -MF .deps/hyb_gga_xc_camy_blyp.Tpo -c -o hyb_gga_xc_camy_blyp.lo hyb_gga_xc_camy_blyp.c
libtool: compile:  mpiicc -DHAVE_CONFIG_H -I. -I.. -g -O2 -MT hyb_gga_xc_camy_blyp.lo -MD -MP -MF .deps/hyb_gga_xc_camy_blyp.Tpo -c hyb_gga_xc_camy_blyp.c -o hyb_gga_xc_camy_blyp.o
mv -f .deps/hyb_gga_xc_camy_blyp.Tpo .deps/hyb_gga_xc_camy_blyp.Plo
/bin/sh ../libtool  --tag=CC   --mode=compile mpiicc -DHAVE_CONFIG_H -I. -I..     -g -O2 -MT hyb_gga_xc_camy_b3lyp.lo -MD -MP -MF .deps/hyb_gga_xc_camy_b3lyp.Tpo -c -o hyb_gga_xc_camy_b3lyp.lo hyb_gga_xc_camy_b3lyp.c
libtool: compile:  mpiicc -DHAVE_CONFIG_H -I. -I.. -g -O2 -MT hyb_gga_xc_camy_b3lyp.lo -MD -MP -MF .deps/hyb_gga_xc_camy_b3lyp.Tpo -c hyb_gga_xc_camy_b3lyp.c -o hyb_gga_xc_camy_b3lyp.o
mv -f .deps/hyb_gga_xc_camy_b3lyp.Tpo .deps/hyb_gga_xc_camy_b3lyp.Plo
/bin/sh ../libtool  --tag=CC   --mode=compile mpiicc -DHAVE_CONFIG_H -I. -I..     -g -O2 -MT hyb_gga_xc_lcy_pbe.lo -MD -MP -MF .deps/hyb_gga_xc_lcy_pbe.Tpo -c -o hyb_gga_xc_lcy_pbe.lo hyb_gga_xc_lcy_pbe.c
libtool: compile:  mpiicc -DHAVE_CONFIG_H -I. -I.. -g -O2 -MT hyb_gga_xc_lcy_pbe.lo -MD -MP -MF .deps/hyb_gga_xc_lcy_pbe.Tpo -c hyb_gga_xc_lcy_pbe.c -o hyb_gga_xc_lcy_pbe.o
mv -f .deps/hyb_gga_xc_lcy_pbe.Tpo .deps/hyb_gga_xc_lcy_pbe.Plo
/bin/sh ../libtool  --tag=CC   --mode=compile mpiicc -DHAVE_CONFIG_H -I. -I..     -g -O2 -MT hyb_gga_xc_lcy_blyp.lo -MD -MP -MF .deps/hyb_gga_xc_lcy_blyp.Tpo -c -o hyb_gga_xc_lcy_blyp.lo hyb_gga_xc_lcy_blyp.c
libtool: compile:  mpiicc -DHAVE_CONFIG_H -I. -I.. -g -O2 -MT hyb_gga_xc_lcy_blyp.lo -MD -MP -MF .deps/hyb_gga_xc_lcy_blyp.Tpo -c hyb_gga_xc_lcy_blyp.c -o hyb_gga_xc_lcy_blyp.o
mv -f .deps/hyb_gga_xc_lcy_blyp.Tpo .deps/hyb_gga_xc_lcy_blyp.Plo
/bin/sh ../libtool  --tag=CC   --mode=compile mpiicc -DHAVE_CONFIG_H -I. -I..     -g -O2 -MT gga_xc_vv10.lo -MD -MP -MF .deps/gga_xc_vv10.Tpo -c -o gga_xc_vv10.lo gga_xc_vv10.c
libtool: compile:  mpiicc -DHAVE_CONFIG_H -I. -I.. -g -O2 -MT gga_xc_vv10.lo -MD -MP -MF .deps/gga_xc_vv10.Tpo -c gga_xc_vv10.c -o gga_xc_vv10.o
mv -f .deps/gga_xc_vv10.Tpo .deps/gga_xc_vv10.Plo
/bin/sh ../libtool  --tag=CC   --mode=compile mpiicc -DHAVE_CONFIG_H -I. -I..     -g -O2 -MT hyb_gga_xc_edf2.lo -MD -MP -MF .deps/hyb_gga_xc_edf2.Tpo -c -o hyb_gga_xc_edf2.lo hyb_gga_xc_edf2.c
libtool: compile:  mpiicc -DHAVE_CONFIG_H -I. -I.. -g -O2 -MT hyb_gga_xc_edf2.lo -MD -MP -MF .deps/hyb_gga_xc_edf2.Tpo -c hyb_gga_xc_edf2.c -o hyb_gga_xc_edf2.o
mv -f .deps/hyb_gga_xc_edf2.Tpo .deps/hyb_gga_xc_edf2.Plo
/bin/sh ../libtool  --tag=CC   --mode=compile mpiicc -DHAVE_CONFIG_H -I. -I..     -g -O2 -MT mgga.lo -MD -MP -MF .deps/mgga.Tpo -c -o mgga.lo mgga.c
libtool: compile:  mpiicc -DHAVE_CONFIG_H -I. -I.. -g -O2 -MT mgga.lo -MD -MP -MF .deps/mgga.Tpo -c mgga.c -o mgga.o
mv -f .deps/mgga.Tpo .deps/mgga.Plo
/bin/sh ../libtool  --tag=CC   --mode=compile mpiicc -DHAVE_CONFIG_H -I. -I..     -g -O2 -MT mgga_x_lta.lo -MD -MP -MF .deps/mgga_x_lta.Tpo -c -o mgga_x_lta.lo mgga_x_lta.c
libtool: compile:  mpiicc -DHAVE_CONFIG_H -I. -I.. -g -O2 -MT mgga_x_lta.lo -MD -MP -MF .deps/mgga_x_lta.Tpo -c mgga_x_lta.c -o mgga_x_lta.o
mv -f .deps/mgga_x_lta.Tpo .deps/mgga_x_lta.Plo
/bin/sh ../libtool  --tag=CC   --mode=compile mpiicc -DHAVE_CONFIG_H -I. -I..     -g -O2 -MT mgga_x_tpss.lo -MD -MP -MF .deps/mgga_x_tpss.Tpo -c -o mgga_x_tpss.lo mgga_x_tpss.c
libtool: compile:  mpiicc -DHAVE_CONFIG_H -I. -I.. -g -O2 -MT mgga_x_tpss.lo -MD -MP -MF .deps/mgga_x_tpss.Tpo -c mgga_x_tpss.c -o mgga_x_tpss.o
mv -f .deps/mgga_x_tpss.Tpo .deps/mgga_x_tpss.Plo
/bin/sh ../libtool  --tag=CC   --mode=compile mpiicc -DHAVE_CONFIG_H -I. -I..     -g -O2 -MT mgga_x_br89.lo -MD -MP -MF .deps/mgga_x_br89.Tpo -c -o mgga_x_br89.lo mgga_x_br89.c
libtool: compile:  mpiicc -DHAVE_CONFIG_H -I. -I.. -g -O2 -MT mgga_x_br89.lo -MD -MP -MF .deps/mgga_x_br89.Tpo -c mgga_x_br89.c -o mgga_x_br89.o
mv -f .deps/mgga_x_br89.Tpo .deps/mgga_x_br89.Plo
/bin/sh ../libtool  --tag=CC   --mode=compile mpiicc -DHAVE_CONFIG_H -I. -I..     -g -O2 -MT mgga_x_gvt4.lo -MD -MP -MF .deps/mgga_x_gvt4.Tpo -c -o mgga_x_gvt4.lo mgga_x_gvt4.c
libtool: compile:  mpiicc -DHAVE_CONFIG_H -I. -I.. -g -O2 -MT mgga_x_gvt4.lo -MD -MP -MF .deps/mgga_x_gvt4.Tpo -c mgga_x_gvt4.c -o mgga_x_gvt4.o
mv -f .deps/mgga_x_gvt4.Tpo .deps/mgga_x_gvt4.Plo
/bin/sh ../libtool  --tag=CC   --mode=compile mpiicc -DHAVE_CONFIG_H -I. -I..     -g -O2 -MT mgga_x_m06l.lo -MD -MP -MF .deps/mgga_x_m06l.Tpo -c -o mgga_x_m06l.lo mgga_x_m06l.c
libtool: compile:  mpiicc -DHAVE_CONFIG_H -I. -I.. -g -O2 -MT mgga_x_m06l.lo -MD -MP -MF .deps/mgga_x_m06l.Tpo -c mgga_x_m06l.c -o mgga_x_m06l.o
mv -f .deps/mgga_x_m06l.Tpo .deps/mgga_x_m06l.Plo
/bin/sh ../libtool  --tag=CC   --mode=compile mpiicc -DHAVE_CONFIG_H -I. -I..     -g -O2 -MT mgga_x_tau_hcth.lo -MD -MP -MF .deps/mgga_x_tau_hcth.Tpo -c -o mgga_x_tau_hcth.lo mgga_x_tau_hcth.c
libtool: compile:  mpiicc -DHAVE_CONFIG_H -I. -I.. -g -O2 -MT mgga_x_tau_hcth.lo -MD -MP -MF .deps/mgga_x_tau_hcth.Tpo -c mgga_x_tau_hcth.c -o mgga_x_tau_hcth.o
mv -f .deps/mgga_x_tau_hcth.Tpo .deps/mgga_x_tau_hcth.Plo
/bin/sh ../libtool  --tag=CC   --mode=compile mpiicc -DHAVE_CONFIG_H -I. -I..     -g -O2 -MT mgga_x_2d_prhg07.lo -MD -MP -MF .deps/mgga_x_2d_prhg07.Tpo -c -o mgga_x_2d_prhg07.lo mgga_x_2d_prhg07.c
libtool: compile:  mpiicc -DHAVE_CONFIG_H -I. -I.. -g -O2 -MT mgga_x_2d_prhg07.lo -MD -MP -MF .deps/mgga_x_2d_prhg07.Tpo -c mgga_x_2d_prhg07.c -o mgga_x_2d_prhg07.o
mv -f .deps/mgga_x_2d_prhg07.Tpo .deps/mgga_x_2d_prhg07.Plo
/bin/sh ../libtool  --tag=CC   --mode=compile mpiicc -DHAVE_CONFIG_H -I. -I..     -g -O2 -MT mgga_x_pkzb.lo -MD -MP -MF .deps/mgga_x_pkzb.Tpo -c -o mgga_x_pkzb.lo mgga_x_pkzb.c
libtool: compile:  mpiicc -DHAVE_CONFIG_H -I. -I.. -g -O2 -MT mgga_x_pkzb.lo -MD -MP -MF .deps/mgga_x_pkzb.Tpo -c mgga_x_pkzb.c -o mgga_x_pkzb.o
mv -f .deps/mgga_x_pkzb.Tpo .deps/mgga_x_pkzb.Plo
/bin/sh ../libtool  --tag=CC   --mode=compile mpiicc -DHAVE_CONFIG_H -I. -I..     -g -O2 -MT mgga_x_m05.lo -MD -MP -MF .deps/mgga_x_m05.Tpo -c -o mgga_x_m05.lo mgga_x_m05.c
libtool: compile:  mpiicc -DHAVE_CONFIG_H -I. -I.. -g -O2 -MT mgga_x_m05.lo -MD -MP -MF .deps/mgga_x_m05.Tpo -c mgga_x_m05.c -o mgga_x_m05.o
mv -f .deps/mgga_x_m05.Tpo .deps/mgga_x_m05.Plo
/bin/sh ../libtool  --tag=CC   --mode=compile mpiicc -DHAVE_CONFIG_H -I. -I..     -g -O2 -MT mgga_x_m08.lo -MD -MP -MF .deps/mgga_x_m08.Tpo -c -o mgga_x_m08.lo mgga_x_m08.c
libtool: compile:  mpiicc -DHAVE_CONFIG_H -I. -I.. -g -O2 -MT mgga_x_m08.lo -MD -MP -MF .deps/mgga_x_m08.Tpo -c mgga_x_m08.c -o mgga_x_m08.o
mv -f .deps/mgga_x_m08.Tpo .deps/mgga_x_m08.Plo
/bin/sh ../libtool  --tag=CC   --mode=compile mpiicc -DHAVE_CONFIG_H -I. -I..     -g -O2 -MT mgga_x_ms.lo -MD -MP -MF .deps/mgga_x_ms.Tpo -c -o mgga_x_ms.lo mgga_x_ms.c
libtool: compile:  mpiicc -DHAVE_CONFIG_H -I. -I.. -g -O2 -MT mgga_x_ms.lo -MD -MP -MF .deps/mgga_x_ms.Tpo -c mgga_x_ms.c -o mgga_x_ms.o
mv -f .deps/mgga_x_ms.Tpo .deps/mgga_x_ms.Plo
/bin/sh ../libtool  --tag=CC   --mode=compile mpiicc -DHAVE_CONFIG_H -I. -I..     -g -O2 -MT mgga_x_mn12.lo -MD -MP -MF .deps/mgga_x_mn12.Tpo -c -o mgga_x_mn12.lo mgga_x_mn12.c
libtool: compile:  mpiicc -DHAVE_CONFIG_H -I. -I.. -g -O2 -MT mgga_x_mn12.lo -MD -MP -MF .deps/mgga_x_mn12.Tpo -c mgga_x_mn12.c -o mgga_x_mn12.o
mv -f .deps/mgga_x_mn12.Tpo .deps/mgga_x_mn12.Plo
/bin/sh ../libtool  --tag=CC   --mode=compile mpiicc -DHAVE_CONFIG_H -I. -I..     -g -O2 -MT mgga_x_mk00.lo -MD -MP -MF .deps/mgga_x_mk00.Tpo -c -o mgga_x_mk00.lo mgga_x_mk00.c
libtool: compile:  mpiicc -DHAVE_CONFIG_H -I. -I.. -g -O2 -MT mgga_x_mk00.lo -MD -MP -MF .deps/mgga_x_mk00.Tpo -c mgga_x_mk00.c -o mgga_x_mk00.o
mv -f .deps/mgga_x_mk00.Tpo .deps/mgga_x_mk00.Plo
/bin/sh ../libtool  --tag=CC   --mode=compile mpiicc -DHAVE_CONFIG_H -I. -I..     -g -O2 -MT mgga_c_vsxc.lo -MD -MP -MF .deps/mgga_c_vsxc.Tpo -c -o mgga_c_vsxc.lo mgga_c_vsxc.c
libtool: compile:  mpiicc -DHAVE_CONFIG_H -I. -I.. -g -O2 -MT mgga_c_vsxc.lo -MD -MP -MF .deps/mgga_c_vsxc.Tpo -c mgga_c_vsxc.c -o mgga_c_vsxc.o
mv -f .deps/mgga_c_vsxc.Tpo .deps/mgga_c_vsxc.Plo
/bin/sh ../libtool  --tag=CC   --mode=compile mpiicc -DHAVE_CONFIG_H -I. -I..     -g -O2 -MT mgga_c_pkzb.lo -MD -MP -MF .deps/mgga_c_pkzb.Tpo -c -o mgga_c_pkzb.lo mgga_c_pkzb.c
libtool: compile:  mpiicc -DHAVE_CONFIG_H -I. -I.. -g -O2 -MT mgga_c_pkzb.lo -MD -MP -MF .deps/mgga_c_pkzb.Tpo -c mgga_c_pkzb.c -o mgga_c_pkzb.o
mv -f .deps/mgga_c_pkzb.Tpo .deps/mgga_c_pkzb.Plo
/bin/sh ../libtool  --tag=CC   --mode=compile mpiicc -DHAVE_CONFIG_H -I. -I..     -g -O2 -MT mgga_c_bc95.lo -MD -MP -MF .deps/mgga_c_bc95.Tpo -c -o mgga_c_bc95.lo mgga_c_bc95.c
libtool: compile:  mpiicc -DHAVE_CONFIG_H -I. -I.. -g -O2 -MT mgga_c_bc95.lo -MD -MP -MF .deps/mgga_c_bc95.Tpo -c mgga_c_bc95.c -o mgga_c_bc95.o
mv -f .deps/mgga_c_bc95.Tpo .deps/mgga_c_bc95.Plo
/bin/sh ../libtool  --tag=CC   --mode=compile mpiicc -DHAVE_CONFIG_H -I. -I..     -g -O2 -MT mgga_c_m08.lo -MD -MP -MF .deps/mgga_c_m08.Tpo -c -o mgga_c_m08.lo mgga_c_m08.c
libtool: compile:  mpiicc -DHAVE_CONFIG_H -I. -I.. -g -O2 -MT mgga_c_m08.lo -MD -MP -MF .deps/mgga_c_m08.Tpo -c mgga_c_m08.c -o mgga_c_m08.o
mv -f .deps/mgga_c_m08.Tpo .deps/mgga_c_m08.Plo
/bin/sh ../libtool  --tag=CC   --mode=compile mpiicc -DHAVE_CONFIG_H -I. -I..     -g -O2 -MT mgga_c_cc06.lo -MD -MP -MF .deps/mgga_c_cc06.Tpo -c -o mgga_c_cc06.lo mgga_c_cc06.c
libtool: compile:  mpiicc -DHAVE_CONFIG_H -I. -I.. -g -O2 -MT mgga_c_cc06.lo -MD -MP -MF .deps/mgga_c_cc06.Tpo -c mgga_c_cc06.c -o mgga_c_cc06.o
mv -f .deps/mgga_c_cc06.Tpo .deps/mgga_c_cc06.Plo
/bin/sh ../libtool  --tag=CC   --mode=compile mpiicc -DHAVE_CONFIG_H -I. -I..     -g -O2 -MT mgga_c_cs.lo -MD -MP -MF .deps/mgga_c_cs.Tpo -c -o mgga_c_cs.lo mgga_c_cs.c
libtool: compile:  mpiicc -DHAVE_CONFIG_H -I. -I.. -g -O2 -MT mgga_c_cs.lo -MD -MP -MF .deps/mgga_c_cs.Tpo -c mgga_c_cs.c -o mgga_c_cs.o
mv -f .deps/mgga_c_cs.Tpo .deps/mgga_c_cs.Plo
/bin/sh ../libtool  --tag=CC   --mode=compile mpiicc -DHAVE_CONFIG_H -I. -I..     -g -O2 -MT mgga_xc_otpss_d.lo -MD -MP -MF .deps/mgga_xc_otpss_d.Tpo -c -o mgga_xc_otpss_d.lo mgga_xc_otpss_d.c
libtool: compile:  mpiicc -DHAVE_CONFIG_H -I. -I.. -g -O2 -MT mgga_xc_otpss_d.lo -MD -MP -MF .deps/mgga_xc_otpss_d.Tpo -c mgga_xc_otpss_d.c -o mgga_xc_otpss_d.o
mv -f .deps/mgga_xc_otpss_d.Tpo .deps/mgga_xc_otpss_d.Plo
/bin/sh ../libtool  --tag=CC   --mode=compile mpiicc -DHAVE_CONFIG_H -I. -I..     -g -O2 -MT mgga_xc_zlp.lo -MD -MP -MF .deps/mgga_xc_zlp.Tpo -c -o mgga_xc_zlp.lo mgga_xc_zlp.c
libtool: compile:  mpiicc -DHAVE_CONFIG_H -I. -I.. -g -O2 -MT mgga_xc_zlp.lo -MD -MP -MF .deps/mgga_xc_zlp.Tpo -c mgga_xc_zlp.c -o mgga_xc_zlp.o
mv -f .deps/mgga_xc_zlp.Tpo .deps/mgga_xc_zlp.Plo
/bin/sh ../libtool  --tag=CC   --mode=compile mpiicc -DHAVE_CONFIG_H -I. -I..     -g -O2 -MT hyb_mgga_xc_m05.lo -MD -MP -MF .deps/hyb_mgga_xc_m05.Tpo -c -o hyb_mgga_xc_m05.lo hyb_mgga_xc_m05.c
libtool: compile:  mpiicc -DHAVE_CONFIG_H -I. -I.. -g -O2 -MT hyb_mgga_xc_m05.lo -MD -MP -MF .deps/hyb_mgga_xc_m05.Tpo -c hyb_mgga_xc_m05.c -o hyb_mgga_xc_m05.o
mv -f .deps/hyb_mgga_xc_m05.Tpo .deps/hyb_mgga_xc_m05.Plo
/bin/sh ../libtool  --tag=CC   --mode=compile mpiicc -DHAVE_CONFIG_H -I. -I..     -g -O2 -MT mgga_x_mbeef.lo -MD -MP -MF .deps/mgga_x_mbeef.Tpo -c -o mgga_x_mbeef.lo mgga_x_mbeef.c
libtool: compile:  mpiicc -DHAVE_CONFIG_H -I. -I.. -g -O2 -MT mgga_x_mbeef.lo -MD -MP -MF .deps/mgga_x_mbeef.Tpo -c mgga_x_mbeef.c -o mgga_x_mbeef.o
mv -f .deps/mgga_x_mbeef.Tpo .deps/mgga_x_mbeef.Plo
/bin/sh ../libtool  --tag=CC   --mode=compile mpiicc -DHAVE_CONFIG_H -I. -I..     -g -O2 -MT mgga_xc_b97mv.lo -MD -MP -MF .deps/mgga_xc_b97mv.Tpo -c -o mgga_xc_b97mv.lo mgga_xc_b97mv.c
libtool: compile:  mpiicc -DHAVE_CONFIG_H -I. -I.. -g -O2 -MT mgga_xc_b97mv.lo -MD -MP -MF .deps/mgga_xc_b97mv.Tpo -c mgga_xc_b97mv.c -o mgga_xc_b97mv.o
mv -f .deps/mgga_xc_b97mv.Tpo .deps/mgga_xc_b97mv.Plo
/bin/sh ../libtool  --tag=CC   --mode=compile mpiicc -DHAVE_CONFIG_H -I. -I..     -g -O2 -MT mgga_x_scan.lo -MD -MP -MF .deps/mgga_x_scan.Tpo -c -o mgga_x_scan.lo mgga_x_scan.c
libtool: compile:  mpiicc -DHAVE_CONFIG_H -I. -I.. -g -O2 -MT mgga_x_scan.lo -MD -MP -MF .deps/mgga_x_scan.Tpo -c mgga_x_scan.c -o mgga_x_scan.o
mv -f .deps/mgga_x_scan.Tpo .deps/mgga_x_scan.Plo
/bin/sh ../libtool  --tag=CC   --mode=compile mpiicc -DHAVE_CONFIG_H -I. -I..     -g -O2 -MT mgga_c_scan.lo -MD -MP -MF .deps/mgga_c_scan.Tpo -c -o mgga_c_scan.lo mgga_c_scan.c
libtool: compile:  mpiicc -DHAVE_CONFIG_H -I. -I.. -g -O2 -MT mgga_c_scan.lo -MD -MP -MF .deps/mgga_c_scan.Tpo -c mgga_c_scan.c -o mgga_c_scan.o
mv -f .deps/mgga_c_scan.Tpo .deps/mgga_c_scan.Plo
/bin/sh ../libtool  --tag=CC   --mode=compile mpiicc -DHAVE_CONFIG_H -I. -I..     -g -O2 -MT hyb_mgga_xc_tpssh.lo -MD -MP -MF .deps/hyb_mgga_xc_tpssh.Tpo -c -o hyb_mgga_xc_tpssh.lo hyb_mgga_xc_tpssh.c
libtool: compile:  mpiicc -DHAVE_CONFIG_H -I. -I.. -g -O2 -MT hyb_mgga_xc_tpssh.lo -MD -MP -MF .deps/hyb_mgga_xc_tpssh.Tpo -c hyb_mgga_xc_tpssh.c -o hyb_mgga_xc_tpssh.o
mv -f .deps/hyb_mgga_xc_tpssh.Tpo .deps/hyb_mgga_xc_tpssh.Plo
/bin/sh ../libtool  --tag=CC   --mode=compile mpiicc -DHAVE_CONFIG_H -I. -I..     -g -O2 -MT mgga_x_mvs.lo -MD -MP -MF .deps/mgga_x_mvs.Tpo -c -o mgga_x_mvs.lo mgga_x_mvs.c
libtool: compile:  mpiicc -DHAVE_CONFIG_H -I. -I.. -g -O2 -MT mgga_x_mvs.lo -MD -MP -MF .deps/mgga_x_mvs.Tpo -c mgga_x_mvs.c -o mgga_x_mvs.o
mv -f .deps/mgga_x_mvs.Tpo .deps/mgga_x_mvs.Plo
/bin/sh ../libtool  --tag=CC   --mode=compile mpiicc -DHAVE_CONFIG_H -I. -I..     -g -O2 -MT hyb_mgga_x_mvsh.lo -MD -MP -MF .deps/hyb_mgga_x_mvsh.Tpo -c -o hyb_mgga_x_mvsh.lo hyb_mgga_x_mvsh.c
libtool: compile:  mpiicc -DHAVE_CONFIG_H -I. -I.. -g -O2 -MT hyb_mgga_x_mvsh.lo -MD -MP -MF .deps/hyb_mgga_x_mvsh.Tpo -c hyb_mgga_x_mvsh.c -o hyb_mgga_x_mvsh.o
mv -f .deps/hyb_mgga_x_mvsh.Tpo .deps/hyb_mgga_x_mvsh.Plo
/bin/sh ../libtool  --tag=CC   --mode=link mpiicc  -g -O2 -version-info 4:0:0 -L/usr/local/boost/1.55.0/lib64 -L/usr/local/fftw/intel-16.0/3.3.4/lib64 -o libxc.la -rpath /tigress/xingz/abinit-8.10.2/fallbacks/exports/lib references.lo special_functions.lo bessel.lo expint_e1.lo integrate.lo util.lo mix_func.lo func_info.lo functionals.lo version.lo lda.lo lda_x.lo lda_x_1d.lo lda_x_2d.lo lda_c_wigner.lo lda_c_gombas.lo lda_c_rpa.lo lda_c_hl.lo lda_c_vwn.lo lda_c_pz.lo lda_c_pw.lo lda_c_ml1.lo lda_c_rc04.lo lda_xc_teter93.lo lda_c_1d_csc.lo lda_c_1d_loos.lo lda_c_2d_amgb.lo lda_c_2d_prm.lo stoll.lo lda_k_tf.lo lda_xc_zlp.lo lda_xc_ksdt.lo gga.lo gga_x_lg93.lo gga_x_pbe.lo gga_x_rpbe.lo gga_x_pbea.lo gga_x_mpbe.lo gga_x_herman.lo gga_x_b86.lo gga_x_b88.lo gga_x_g96.lo gga_x_pw86.lo gga_x_pw91.lo gga_x_optx.lo gga_x_airy.lo gga_x_c09x.lo gga_x_dk87.lo gga_x_ft97.lo gga_x_wc.lo gga_x_am05.lo gga_x_bayesian.lo gga_x_kt.lo gga_x_htbs.lo gga_c_pbe.lo gga_c_lyp.lo gga_c_p86.lo gga_c_pw91.lo gga_c_am05.lo gga_c_lm.lo gga_c_wl.lo gga_c_wi.lo gga_x_lb.lo gga_xc_b97.lo gga_xc_edf1.lo gga_xc_1w.lo gga_c_optc.lo gga_c_tca.lo gga_x_bpccac.lo gga_x_sogga11.lo gga_c_sogga11.lo gga_xc_th.lo gga_x_wpbeh.lo gga_x_hjs.lo gga_x_ityh.lo gga_x_sfat.lo gga_x_ev93.lo gga_x_ak13.lo gga_x_q2d.lo gga_c_q2d.lo gga_x_ssb_sw.lo gga_c_ft97.lo gga_c_op.lo gga_x_n12.lo gga_x_lv_rpw86.lo gga_x_2d_b86.lo gga_x_2d_b86_mgc.lo gga_x_2d_b88.lo gga_x_2d_pbe.lo gga_k_tflw.lo gga_k_pearson.lo gga_k_ol1.lo gga_k_ol2.lo gga_k_dk.lo gga_k_meyer.lo gga_x_vmt.lo gga_x_hcth_a.lo gga_x_cap.lo gga_xc_oblyp_d.lo hyb_gga_xc_b3lyp.lo hyb_gga_xc_o3lyp.lo hyb_gga_xc_pbeh.lo hyb_gga_xc_b1wc.lo hyb_gga_xc_hse.lo hyb_gga_xc_cam_b3lyp.lo hyb_gga_xc_camy_blyp.lo hyb_gga_xc_camy_b3lyp.lo hyb_gga_xc_lcy_pbe.lo hyb_gga_xc_lcy_blyp.lo gga_xc_vv10.lo hyb_gga_xc_edf2.lo mgga.lo mgga_x_lta.lo mgga_x_tpss.lo mgga_x_br89.lo mgga_x_gvt4.lo mgga_x_m06l.lo mgga_x_tau_hcth.lo mgga_x_2d_prhg07.lo mgga_x_pkzb.lo mgga_x_m05.lo mgga_x_m08.lo mgga_x_ms.lo mgga_x_mn12.lo mgga_x_mk00.lo mgga_c_vsxc.lo mgga_c_pkzb.lo mgga_c_bc95.lo mgga_c_m08.lo mgga_c_cc06.lo mgga_c_cs.lo mgga_xc_otpss_d.lo mgga_xc_zlp.lo hyb_mgga_xc_m05.lo mgga_x_mbeef.lo mgga_xc_b97mv.lo mgga_x_scan.lo mgga_c_scan.lo hyb_mgga_xc_tpssh.lo mgga_x_mvs.lo hyb_mgga_x_mvsh.lo   
libtool: link: ar cru .libs/libxc.a  references.o special_functions.o bessel.o expint_e1.o integrate.o util.o mix_func.o func_info.o functionals.o version.o lda.o lda_x.o lda_x_1d.o lda_x_2d.o lda_c_wigner.o lda_c_gombas.o lda_c_rpa.o lda_c_hl.o lda_c_vwn.o lda_c_pz.o lda_c_pw.o lda_c_ml1.o lda_c_rc04.o lda_xc_teter93.o lda_c_1d_csc.o lda_c_1d_loos.o lda_c_2d_amgb.o lda_c_2d_prm.o stoll.o lda_k_tf.o lda_xc_zlp.o lda_xc_ksdt.o gga.o gga_x_lg93.o gga_x_pbe.o gga_x_rpbe.o gga_x_pbea.o gga_x_mpbe.o gga_x_herman.o gga_x_b86.o gga_x_b88.o gga_x_g96.o gga_x_pw86.o gga_x_pw91.o gga_x_optx.o gga_x_airy.o gga_x_c09x.o gga_x_dk87.o gga_x_ft97.o gga_x_wc.o gga_x_am05.o gga_x_bayesian.o gga_x_kt.o gga_x_htbs.o gga_c_pbe.o gga_c_lyp.o gga_c_p86.o gga_c_pw91.o gga_c_am05.o gga_c_lm.o gga_c_wl.o gga_c_wi.o gga_x_lb.o gga_xc_b97.o gga_xc_edf1.o gga_xc_1w.o gga_c_optc.o gga_c_tca.o gga_x_bpccac.o gga_x_sogga11.o gga_c_sogga11.o gga_xc_th.o gga_x_wpbeh.o gga_x_hjs.o gga_x_ityh.o gga_x_sfat.o gga_x_ev93.o gga_x_ak13.o gga_x_q2d.o gga_c_q2d.o gga_x_ssb_sw.o gga_c_ft97.o gga_c_op.o gga_x_n12.o gga_x_lv_rpw86.o gga_x_2d_b86.o gga_x_2d_b86_mgc.o gga_x_2d_b88.o gga_x_2d_pbe.o gga_k_tflw.o gga_k_pearson.o gga_k_ol1.o gga_k_ol2.o gga_k_dk.o gga_k_meyer.o gga_x_vmt.o gga_x_hcth_a.o gga_x_cap.o gga_xc_oblyp_d.o hyb_gga_xc_b3lyp.o hyb_gga_xc_o3lyp.o hyb_gga_xc_pbeh.o hyb_gga_xc_b1wc.o hyb_gga_xc_hse.o hyb_gga_xc_cam_b3lyp.o hyb_gga_xc_camy_blyp.o hyb_gga_xc_camy_b3lyp.o hyb_gga_xc_lcy_pbe.o hyb_gga_xc_lcy_blyp.o gga_xc_vv10.o hyb_gga_xc_edf2.o mgga.o mgga_x_lta.o mgga_x_tpss.o mgga_x_br89.o mgga_x_gvt4.o mgga_x_m06l.o mgga_x_tau_hcth.o mgga_x_2d_prhg07.o mgga_x_pkzb.o mgga_x_m05.o mgga_x_m08.o mgga_x_ms.o mgga_x_mn12.o mgga_x_mk00.o mgga_c_vsxc.o mgga_c_pkzb.o mgga_c_bc95.o mgga_c_m08.o mgga_c_cc06.o mgga_c_cs.o mgga_xc_otpss_d.o mgga_xc_zlp.o hyb_mgga_xc_m05.o mgga_x_mbeef.o mgga_xc_b97mv.o mgga_x_scan.o mgga_c_scan.o hyb_mgga_xc_tpssh.o mgga_x_mvs.o hyb_mgga_x_mvsh.o
libtool: link: ranlib .libs/libxc.a
libtool: link: ( cd ".libs" && rm -f "libxc.la" && ln -s "../libxc.la" "libxc.la" )
/bin/sh ../libtool  --tag=CC --tag=F77  --mode=compile mpiicc -DHAVE_CONFIG_H -I. -I..     -g -O2 -MT libxcf90_la-xc_f.lo -MD -MP -MF .deps/libxcf90_la-xc_f.Tpo -c -o libxcf90_la-xc_f.lo `test -f 'xc_f.c' || echo './'`xc_f.c
libtool:   error: ignoring unknown tag F77
libtool: compile:  mpiicc -DHAVE_CONFIG_H -I. -I.. -g -O2 -MT libxcf90_la-xc_f.lo -MD -MP -MF .deps/libxcf90_la-xc_f.Tpo -c xc_f.c -o libxcf90_la-xc_f.o
mv -f .deps/libxcf90_la-xc_f.Tpo .deps/libxcf90_la-xc_f.Plo
/bin/sh ../libtool  --tag=FC --tag=F77  --mode=compile mpiifort  -free -g -extend-source -noaltparam -nofpscomp   -O3 -g  -c -o libxcf90_la-libxc_funcs.lo  `test -f 'libxc_funcs.f90' || echo './'`libxc_funcs.f90
libtool:   error: ignoring unknown tag F77
libtool: compile:  mpiifort -free -g -extend-source -noaltparam -nofpscomp -O3 -g -c libxc_funcs.f90 -o libxcf90_la-libxc_funcs.o
cpp -P -std=c99 -ansi    ./libxc_master.F90 > ../src/libxc.f90
/bin/sh ../libtool  --tag=FC --tag=F77  --mode=compile mpiifort  -free -g -extend-source -noaltparam -nofpscomp   -O3 -g  -c -o libxcf90_la-libxc.lo  `test -f 'libxc.f90' || echo './'`libxc.f90
libtool:   error: ignoring unknown tag F77
libtool: compile:  mpiifort -free -g -extend-source -noaltparam -nofpscomp -O3 -g -c libxc.f90 -o libxcf90_la-libxc.o
/bin/sh ../libtool  --tag=FC --tag=F77  --mode=link mpiifort  -free -g -extend-source -noaltparam -nofpscomp   -O3 -g  -version-info 4:0:0 -L/usr/local/boost/1.55.0/lib64 -L/usr/local/fftw/intel-16.0/3.3.4/lib64 -o libxcf90.la -rpath /tigress/xingz/abinit-8.10.2/fallbacks/exports/lib libxcf90_la-xc_f.lo libxcf90_la-libxc_funcs.lo libxcf90_la-libxc.lo  libxc.la 
libtool:   error: ignoring unknown tag F77
libtool: link: ar cru .libs/libxcf90.a  libxcf90_la-xc_f.o libxcf90_la-libxc_funcs.o libxcf90_la-libxc.o
libtool: link: ranlib .libs/libxcf90.a
libtool: link: ( cd ".libs" && rm -f "libxcf90.la" && ln -s "../libxcf90.la" "libxcf90.la" )
cpp -P -std=c99 -ansi    -I../src ./libxc_master.F03 > ../src/libxcf03.f90
/bin/sh ../libtool  --tag=FC --tag=F77  --mode=compile mpiifort  -free -g -extend-source -noaltparam -nofpscomp   -O3 -g  -c -o libxcf03_la-libxcf03.lo  `test -f 'libxcf03.f90' || echo './'`libxcf03.f90
libtool:   error: ignoring unknown tag F77
libtool: compile:  mpiifort -free -g -extend-source -noaltparam -nofpscomp -O3 -g -c libxcf03.f90 -o libxcf03_la-libxcf03.o
/bin/sh ../libtool  --tag=FC --tag=F77  --mode=link mpiifort  -free -g -extend-source -noaltparam -nofpscomp   -O3 -g  -version-info 4:0:0 -L/usr/local/boost/1.55.0/lib64 -L/usr/local/fftw/intel-16.0/3.3.4/lib64 -o libxcf03.la -rpath /tigress/xingz/abinit-8.10.2/fallbacks/exports/lib libxcf03_la-libxcf03.lo  libxc.la 
libtool:   error: ignoring unknown tag F77
libtool: link: ar cru .libs/libxcf03.a  libxcf03_la-libxcf03.o
libtool: link: ranlib .libs/libxcf03.a
libtool: link: ( cd ".libs" && rm -f "libxcf03.la" && ln -s "../libxcf03.la" "libxcf03.la" )
mpiicc -DHAVE_CONFIG_H -I. -I..     -g -O2 -MT xc-info.o -MD -MP -MF .deps/xc-info.Tpo -c -o xc-info.o xc-info.c
mv -f .deps/xc-info.Tpo .deps/xc-info.Po
/bin/sh ../libtool  --tag=CC   --mode=link mpiicc  -g -O2  -L/usr/local/boost/1.55.0/lib64 -L/usr/local/fftw/intel-16.0/3.3.4/lib64 -o xc-info xc-info.o libxc.la -lm 
libtool: link: mpiicc -g -O2 -o xc-info xc-info.o  -L/usr/local/boost/1.55.0/lib64 -L/usr/local/fftw/intel-16.0/3.3.4/lib64 ./.libs/libxc.a -lm
mpiicc -DHAVE_CONFIG_H -I. -I..     -g -O2 -MT genwiki.o -MD -MP -MF .deps/genwiki.Tpo -c -o genwiki.o genwiki.c
mv -f .deps/genwiki.Tpo .deps/genwiki.Po
/bin/sh ../libtool  --tag=CC   --mode=link mpiicc  -g -O2  -L/usr/local/boost/1.55.0/lib64 -L/usr/local/fftw/intel-16.0/3.3.4/lib64 -o genwiki genwiki.o libxc.la -lm 
libtool: link: mpiicc -g -O2 -o genwiki genwiki.o  -L/usr/local/boost/1.55.0/lib64 -L/usr/local/fftw/intel-16.0/3.3.4/lib64 ./.libs/libxc.a -lm
make[7]: Leaving directory `/tigress/xingz/abinit-8.10.2/fallbacks/sources/libxc-3.0.0/src'
make[6]: Leaving directory `/tigress/xingz/abinit-8.10.2/fallbacks/sources/libxc-3.0.0/src'
Making all in testsuite
make[6]: Entering directory `/tigress/xingz/abinit-8.10.2/fallbacks/sources/libxc-3.0.0/testsuite'
mpiicc -DHAVE_CONFIG_H -I. -I..  -I./../src/ -I../src   -g -O2 -MT xc_get_data-xc-get_data.o -MD -MP -MF .deps/xc_get_data-xc-get_data.Tpo -c -o xc_get_data-xc-get_data.o `test -f 'xc-get_data.c' || echo './'`xc-get_data.c
mv -f .deps/xc_get_data-xc-get_data.Tpo .deps/xc_get_data-xc-get_data.Po
/bin/sh ../libtool  --tag=CC   --mode=link mpiicc  -g -O2  -L/usr/local/boost/1.55.0/lib64 -L/usr/local/fftw/intel-16.0/3.3.4/lib64 -o xc-get_data xc_get_data-xc-get_data.o -L../src/ -lxc -lm 
libtool: link: mpiicc -g -O2 -o xc-get_data xc_get_data-xc-get_data.o  -L/usr/local/boost/1.55.0/lib64 -L/usr/local/fftw/intel-16.0/3.3.4/lib64 -L../src/ /tigress/xingz/abinit-8.10.2/fallbacks/sources/libxc-3.0.0/src/.libs/libxc.a -lm
mpiicc -DHAVE_CONFIG_H -I. -I..  -I./../src/ -I../src   -g -O2 -MT xc_consistency-xc-consistency.o -MD -MP -MF .deps/xc_consistency-xc-consistency.Tpo -c -o xc_consistency-xc-consistency.o `test -f 'xc-consistency.c' || echo './'`xc-consistency.c
mv -f .deps/xc_consistency-xc-consistency.Tpo .deps/xc_consistency-xc-consistency.Po
/bin/sh ../libtool  --tag=CC   --mode=link mpiicc  -g -O2  -L/usr/local/boost/1.55.0/lib64 -L/usr/local/fftw/intel-16.0/3.3.4/lib64 -o xc-consistency xc_consistency-xc-consistency.o -L../src/ -lxc -lm 
libtool: link: mpiicc -g -O2 -o xc-consistency xc_consistency-xc-consistency.o  -L/usr/local/boost/1.55.0/lib64 -L/usr/local/fftw/intel-16.0/3.3.4/lib64 -L../src/ /tigress/xingz/abinit-8.10.2/fallbacks/sources/libxc-3.0.0/src/.libs/libxc.a -lm
mpiicc -DHAVE_CONFIG_H -I. -I..  -I./../src/ -I../src   -g -O2 -MT xc_regression-xc-regression.o -MD -MP -MF .deps/xc_regression-xc-regression.Tpo -c -o xc_regression-xc-regression.o `test -f 'xc-regression.c' || echo './'`xc-regression.c
mv -f .deps/xc_regression-xc-regression.Tpo .deps/xc_regression-xc-regression.Po
/bin/sh ../libtool  --tag=CC   --mode=link mpiicc  -g -O2  -L/usr/local/boost/1.55.0/lib64 -L/usr/local/fftw/intel-16.0/3.3.4/lib64 -o xc-regression xc_regression-xc-regression.o -L../src/ -lxc -lm 
libtool: link: mpiicc -g -O2 -o xc-regression xc_regression-xc-regression.o  -L/usr/local/boost/1.55.0/lib64 -L/usr/local/fftw/intel-16.0/3.3.4/lib64 -L../src/ /tigress/xingz/abinit-8.10.2/fallbacks/sources/libxc-3.0.0/src/.libs/libxc.a -lm
mpiicc -DHAVE_CONFIG_H -I. -I..  -I./../src/ -I../src   -g -O2 -MT xc_error-xc-error.o -MD -MP -MF .deps/xc_error-xc-error.Tpo -c -o xc_error-xc-error.o `test -f 'xc-error.c' || echo './'`xc-error.c
mv -f .deps/xc_error-xc-error.Tpo .deps/xc_error-xc-error.Po
/bin/sh ../libtool  --tag=CC   --mode=link mpiicc  -g -O2  -L/usr/local/boost/1.55.0/lib64 -L/usr/local/fftw/intel-16.0/3.3.4/lib64 -o xc-error xc_error-xc-error.o -lm 
libtool: link: mpiicc -g -O2 -o xc-error xc_error-xc-error.o  -L/usr/local/boost/1.55.0/lib64 -L/usr/local/fftw/intel-16.0/3.3.4/lib64 -lm
make[6]: Leaving directory `/tigress/xingz/abinit-8.10.2/fallbacks/sources/libxc-3.0.0/testsuite'
make[6]: Entering directory `/tigress/xingz/abinit-8.10.2/fallbacks/sources/libxc-3.0.0'
make[6]: Leaving directory `/tigress/xingz/abinit-8.10.2/fallbacks/sources/libxc-3.0.0'
make[5]: Leaving directory `/tigress/xingz/abinit-8.10.2/fallbacks/sources/libxc-3.0.0'
make[4]: Leaving directory `/tigress/xingz/abinit-8.10.2/fallbacks/sources/libxc-3.0.0'
cd sources/libxc-3.0.0 && make install 
make[4]: Entering directory `/tigress/xingz/abinit-8.10.2/fallbacks/sources/libxc-3.0.0'
Making install in build
make[5]: Entering directory `/tigress/xingz/abinit-8.10.2/fallbacks/sources/libxc-3.0.0/build'
make[6]: Entering directory `/tigress/xingz/abinit-8.10.2/fallbacks/sources/libxc-3.0.0/build'
make[6]: Nothing to be done for `install-exec-am'.
 /usr/bin/mkdir -p '/tigress/xingz/abinit-8.10.2/fallbacks/exports/lib/pkgconfig'
 /usr/bin/install -c -m 644 libxc.pc '/tigress/xingz/abinit-8.10.2/fallbacks/exports/lib/pkgconfig'
make[6]: Leaving directory `/tigress/xingz/abinit-8.10.2/fallbacks/sources/libxc-3.0.0/build'
make[5]: Leaving directory `/tigress/xingz/abinit-8.10.2/fallbacks/sources/libxc-3.0.0/build'
Making install in src
make[5]: Entering directory `/tigress/xingz/abinit-8.10.2/fallbacks/sources/libxc-3.0.0/src'
make  install-am
make[6]: Entering directory `/tigress/xingz/abinit-8.10.2/fallbacks/sources/libxc-3.0.0/src'
make[7]: Entering directory `/tigress/xingz/abinit-8.10.2/fallbacks/sources/libxc-3.0.0/src'
 /usr/bin/mkdir -p '/tigress/xingz/abinit-8.10.2/fallbacks/exports/lib'
 /bin/sh ../libtool   --mode=install /usr/bin/install -c   libxc.la libxcf90.la libxcf03.la '/tigress/xingz/abinit-8.10.2/fallbacks/exports/lib'
libtool: install: /usr/bin/install -c .libs/libxc.lai /tigress/xingz/abinit-8.10.2/fallbacks/exports/lib/libxc.la
libtool: install: /usr/bin/install -c .libs/libxcf90.lai /tigress/xingz/abinit-8.10.2/fallbacks/exports/lib/libxcf90.la
libtool: install: /usr/bin/install -c .libs/libxcf03.lai /tigress/xingz/abinit-8.10.2/fallbacks/exports/lib/libxcf03.la
libtool: install: /usr/bin/install -c .libs/libxc.a /tigress/xingz/abinit-8.10.2/fallbacks/exports/lib/libxc.a
libtool: install: chmod 644 /tigress/xingz/abinit-8.10.2/fallbacks/exports/lib/libxc.a
libtool: install: ranlib /tigress/xingz/abinit-8.10.2/fallbacks/exports/lib/libxc.a
libtool: install: /usr/bin/install -c .libs/libxcf90.a /tigress/xingz/abinit-8.10.2/fallbacks/exports/lib/libxcf90.a
libtool: install: chmod 644 /tigress/xingz/abinit-8.10.2/fallbacks/exports/lib/libxcf90.a
libtool: install: ranlib /tigress/xingz/abinit-8.10.2/fallbacks/exports/lib/libxcf90.a
libtool: install: /usr/bin/install -c .libs/libxcf03.a /tigress/xingz/abinit-8.10.2/fallbacks/exports/lib/libxcf03.a
libtool: install: chmod 644 /tigress/xingz/abinit-8.10.2/fallbacks/exports/lib/libxcf03.a
libtool: install: ranlib /tigress/xingz/abinit-8.10.2/fallbacks/exports/lib/libxcf03.a
libtool: finish: PATH="/usr/local/fftw/intel-16.0/3.3.4/bin:/usr/licensed/anaconda/5.0.1/bin:/tigress/xingz/gcc/bin:/tigress/xingz/abinit-8.10.2/bin:/tigress/xingz/vasp.5.4.4/bin:/home/xingz/.local/bin:/tigress/xingz/bin:/tigress/xingz/nwchem-6.8/bin/LINUX64:/usr/local/boost/1.55.0/bin:/opt/intel/compilers_and_libraries_2018.3.222/linux/mpi/intel64/bin:/opt/intel/compilers_and_libraries_2018.3.222/linux/bin/intel64:/usr/local/intel/bin:/usr/lib64/qt-3.3/bin:/usr/local/bin:/usr/bin:/usr/local/sbin:/usr/sbin:/opt/puppetlabs/bin:/tigress/xingz/qchem/trunk/bin:/tigress/xingz/qchem/trunk/bin/perl:/tigress/xingz/qchem/trunk/bin/mpi:/tigress/xingz/qchem/trunk/exe:/tigress/xingz/qchem/trunk/util:/home/xingz/.local/bin:/home/xingz/bin:/sbin" ldconfig -n /tigress/xingz/abinit-8.10.2/fallbacks/exports/lib
----------------------------------------------------------------------
Libraries have been installed in:
   /tigress/xingz/abinit-8.10.2/fallbacks/exports/lib

If you ever happen to want to link against installed libraries
in a given directory, LIBDIR, you must either use libtool, and
specify the full pathname of the library, or use the '-LLIBDIR'
flag during linking and do at least one of the following:
   - add LIBDIR to the 'LD_LIBRARY_PATH' environment variable
     during execution
   - add LIBDIR to the 'LD_RUN_PATH' environment variable
     during linking
   - use the '-Wl,-rpath -Wl,LIBDIR' linker flag
   - have your system administrator add LIBDIR to '/etc/ld.so.conf'

See any operating system documentation about shared libraries for
more information, such as the ld(1) and ld.so(8) manual pages.
----------------------------------------------------------------------
 /usr/bin/mkdir -p '/tigress/xingz/abinit-8.10.2/fallbacks/exports/bin'
  /bin/sh ../libtool   --mode=install /usr/bin/install -c xc-info '/tigress/xingz/abinit-8.10.2/fallbacks/exports/bin/./xc-info-abinit'
libtool: install: /usr/bin/install -c xc-info /tigress/xingz/abinit-8.10.2/fallbacks/exports/bin/./xc-info-abinit
 /usr/bin/mkdir -p '/tigress/xingz/abinit-8.10.2/fallbacks/exports/include'
 /usr/bin/install -c -m 644 xc.h xc_config.h xc_unconfig.h '/tigress/xingz/abinit-8.10.2/fallbacks/exports/include'
 /usr/bin/mkdir -p '/tigress/xingz/abinit-8.10.2/fallbacks/exports/include'
 /usr/bin/install -c -m 644 xc_funcs.h libxc_funcs_m.mod xc_f90_lib_m.mod xc_f90_types_m.mod xc_f03_lib_m.mod '/tigress/xingz/abinit-8.10.2/fallbacks/exports/include'
make[7]: Leaving directory `/tigress/xingz/abinit-8.10.2/fallbacks/sources/libxc-3.0.0/src'
make[6]: Leaving directory `/tigress/xingz/abinit-8.10.2/fallbacks/sources/libxc-3.0.0/src'
make[5]: Leaving directory `/tigress/xingz/abinit-8.10.2/fallbacks/sources/libxc-3.0.0/src'
Making install in testsuite
make[5]: Entering directory `/tigress/xingz/abinit-8.10.2/fallbacks/sources/libxc-3.0.0/testsuite'
make[6]: Entering directory `/tigress/xingz/abinit-8.10.2/fallbacks/sources/libxc-3.0.0/testsuite'
make[6]: Nothing to be done for `install-exec-am'.
make[6]: Nothing to be done for `install-data-am'.
make[6]: Leaving directory `/tigress/xingz/abinit-8.10.2/fallbacks/sources/libxc-3.0.0/testsuite'
make[5]: Leaving directory `/tigress/xingz/abinit-8.10.2/fallbacks/sources/libxc-3.0.0/testsuite'
make[5]: Entering directory `/tigress/xingz/abinit-8.10.2/fallbacks/sources/libxc-3.0.0'
make[6]: Entering directory `/tigress/xingz/abinit-8.10.2/fallbacks/sources/libxc-3.0.0'
make[6]: Nothing to be done for `install-exec-am'.
 /usr/bin/mkdir -p '/tigress/xingz/abinit-8.10.2/fallbacks/exports/include'
 /usr/bin/install -c -m 644 xc_version.h '/tigress/xingz/abinit-8.10.2/fallbacks/exports/include'
make[6]: Leaving directory `/tigress/xingz/abinit-8.10.2/fallbacks/sources/libxc-3.0.0'
make[5]: Leaving directory `/tigress/xingz/abinit-8.10.2/fallbacks/sources/libxc-3.0.0'
make[4]: Leaving directory `/tigress/xingz/abinit-8.10.2/fallbacks/sources/libxc-3.0.0'
make[3]: Leaving directory `/tigress/xingz/abinit-8.10.2/fallbacks'
Checking build of libxc fallback
test -e stamps/libxc-install-stamp
make linalg
make[3]: Entering directory `/tigress/xingz/abinit-8.10.2/fallbacks'
The build of linalg has been disabled
make[3]: Leaving directory `/tigress/xingz/abinit-8.10.2/fallbacks'
Checking build of linalg fallback
test -e stamps/linalg-install-stamp
make netcdf
make[3]: Entering directory `/tigress/xingz/abinit-8.10.2/fallbacks'
The build of netcdf has been disabled
make[3]: Leaving directory `/tigress/xingz/abinit-8.10.2/fallbacks'
Checking build of netcdf fallback
test -e stamps/netcdf-install-stamp
make atompaw
make[3]: Entering directory `/tigress/xingz/abinit-8.10.2/fallbacks'
cd sources && \
  gzip -cd /home/xingz/.abinit/tarballs/atompaw-4.0.1.0.tar.gz | tar xf -
No patch to apply
cd sources/atompaw-4.0.1.0 && \
  CPP="mpiicc -E" \
  CPPFLAGS=" " \
  CC="mpiicc" \
  CFLAGS="-g -O2" \
  CXX="mpiicpc" \
  CXXFLAGS="" \
          FCCPP="cpp -P -std=c99" \
  F77="mpiifort" \
  FFLAGS="-fixed -g -extend-source -noaltparam -nofpscomp   -O3 -g " \
  F90="mpiifort" \
  F90FLAGS="-free -g -extend-source -noaltparam -nofpscomp   -O3 -g " \
  FC="mpiifort" \
  FCFLAGS="-free -g -extend-source -noaltparam -nofpscomp   -O3 -g " \
  LDFLAGS=" -L/usr/local/boost/1.55.0/lib64 -L/usr/local/fftw/intel-16.0/3.3.4/lib64" \
  LIBS="-L/tigress/xingz/abinit-8.10.2/fallbacks/exports/lib -lxcf90 -lxc  -lmkl_intel_lp64  -lmkl_intel_lp64 -L/opt/intel/compilers_and_libraries_2018.3.222/linux/mkl/lib/intel64 -lmkl_sequential -lmkl_core -lpthread -lm  -L/tigress/xingz/abinit-8.10.2/fallbacks/exports/lib -lxcf90 -lxc" \
  AR="ar" \
  ARFLAGS="rc" \
  RANLIB="ranlib" \
  ac_fc_srcext="F90" \
  /bin/sh ./configure \
    --prefix="/tigress/xingz/abinit-8.10.2/fallbacks/exports" \
    --bindir="/tigress/xingz/abinit-8.10.2/fallbacks/exports/bin" \
    --libdir="/tigress/xingz/abinit-8.10.2/fallbacks/exports/lib" \
    --program-suffix="-abinit" \
    --with-linalg-libs="-lmkl_intel_lp64  -lmkl_intel_lp64 -L/opt/intel/compilers_and_libraries_2018.3.222/linux/mkl/lib/intel64 -lmkl_sequential -lmkl_core -lpthread -lm " --enable-libxc --with-libxc-incs="-I/tigress/xingz/abinit-8.10.2/fallbacks/exports/include" --with-libxc-libs="-L/tigress/xingz/abinit-8.10.2/fallbacks/exports/lib -lxcf90 -lxc" --enable-static --disable-shared
configure: regenerating the VERSION file
checking build system type... x86_64-unknown-linux-gnu
checking host system type... x86_64-unknown-linux-gnu
checking target system type... x86_64-unknown-linux-gnu
checking for a BSD-compatible install... /usr/bin/install -c
checking whether build environment is sane... yes
checking for a thread-safe mkdir -p... /usr/bin/mkdir -p
checking for gawk... gawk
checking whether make sets $(MAKE)... yes
checking whether make sets $(MAKE)... (cached) yes
checking whether ln -s works... yes
checking for a sed that does not truncate output... /usr/bin/sed
checking for gawk... (cached) gawk
checking for grep that handles long lines and -e... /usr/bin/grep
checking for egrep... /usr/bin/grep -E
checking for dvipdf... dvipdf
checking for latex... latex
checking for pdflatex... pdflatex
checking for perl... perl
checking for mpiifort... /opt/intel/compilers_and_libraries_2018.3.222/linux/mpi/intel64/bin/mpiifort
checking whether the Fortran compiler works... yes
checking for Fortran compiler default output file name... a.out
checking for suffix of executables... 
checking whether we are cross compiling... no
checking for suffix of object files... o
checking whether we are using the GNU Fortran compiler... no
checking whether mpiifort accepts -g... yes
checking which type of Fortran compiler we have... intel 0.0
checking fortran 90 modules extension... mod
checking for Fortran flag to compile .F90 files... none
configure: determining Fortran module case
checking whether Fortran modules are upper-case... no
checking whether the Fortran compiler provides the iso_c_binding module... yes
checking whether the Fortran compiler accepts flush()... yes
checking whether the Fortran compiler accepts flush_()... no
checking how to print strings... printf
checking for style of include used by make... GNU
checking for gcc... mpiicc
checking whether we are using the GNU C compiler... yes
checking whether mpiicc accepts -g... yes
checking for mpiicc option to accept ISO C89... none needed
checking dependency style of mpiicc... gcc3
checking for a sed that does not truncate output... (cached) /usr/bin/sed
checking for fgrep... /usr/bin/grep -F
checking for ld used by mpiicc... /usr/bin/ld
checking if the linker (/usr/bin/ld) is GNU ld... yes
checking for BSD- or MS-compatible name lister (nm)... /usr/bin/nm -B
checking the name lister (/usr/bin/nm -B) interface... BSD nm
checking the maximum length of command line arguments... 3458764513820540925
checking whether the shell understands some XSI constructs... yes
checking whether the shell understands "+="... yes
checking how to convert x86_64-unknown-linux-gnu file names to x86_64-unknown-linux-gnu format... func_convert_file_noop
checking how to convert x86_64-unknown-linux-gnu file names to toolchain format... func_convert_file_noop
checking for /usr/bin/ld option to reload object files... -r
checking for objdump... objdump
checking how to recognize dependent libraries... pass_all
checking for dlltool... no
checking how to associate runtime and link libraries... printf %s\n
checking for archiver @FILE support... @
checking for strip... strip
checking for ranlib... ranlib
checking command to parse /usr/bin/nm -B output from mpiicc object... ok
checking for sysroot... no
checking for mt... no
checking if : is a manifest tool... no
checking how to run the C preprocessor... mpiicc -E
checking for ANSI C header files... yes
checking for sys/types.h... yes
checking for sys/stat.h... yes
checking for stdlib.h... yes
checking for string.h... yes
checking for memory.h... yes
checking for strings.h... yes
checking for inttypes.h... yes
checking for stdint.h... yes
checking for unistd.h... yes
checking for dlfcn.h... yes
checking for objdir... .libs
checking if mpiicc supports -fno-rtti -fno-exceptions... yes
checking for mpiicc option to produce PIC... -fPIC -DPIC
checking if mpiicc PIC flag -fPIC -DPIC works... yes
checking if mpiicc static flag -static works... no
checking if mpiicc supports -c -o file.o... yes
checking if mpiicc supports -c -o file.o... (cached) yes
checking whether the mpiicc linker (/usr/bin/ld -m elf_x86_64) supports shared libraries... yes
checking dynamic linker characteristics... GNU/Linux ld.so
checking how to hardcode library paths into programs... immediate
checking whether stripping libraries is possible... yes
checking if libtool supports shared libraries... yes
checking whether to build shared libraries... no
checking whether to build static libraries... yes
checking if libtool supports shared libraries... yes
checking whether to build shared libraries... no
checking whether to build static libraries... yes
checking for mpiifort option to produce PIC... -fPIC
checking if mpiifort PIC flag -fPIC works... yes
checking if mpiifort static flag -static works... no
checking if mpiifort supports -c -o file.o... yes
checking if mpiifort supports -c -o file.o... (cached) yes
checking whether the mpiifort linker (/usr/bin/ld -m elf_x86_64) supports shared libraries... yes
checking dynamic linker characteristics... (cached) GNU/Linux ld.so
checking how to hardcode library paths into programs... immediate
configure: 
configure: ===== Looking for Linear Algebra libraries
configure: ...Linear Algebra: trying with command-line options
checking for library containing zhpev... none required
checking for library containing zgemm... none required
configure: => Linear Algebra libraries were found on the system
checking whether Linear Algebra libraries work... yes
configure: ===== Linear Algebra libraries OK for use
configure: 
configure: 
configure: ===== Looking for LibXC headers and libraries
configure: ...LibXC: trying with command-line options
checking xc.h usability... yes
checking xc.h presence... yes
checking for xc.h... yes
checking xc_config.h usability... yes
checking xc_config.h presence... yes
checking for xc_config.h... yes
checking for library containing xc_func_init... none required
configure: => A LibXC library was found on the system
checking whether LibXC library works... yes
configure: ===== LibXC library OK for use
configure: 
configure: FC       = mpiifort
configure: CPPFLAGS =   -I/tigress/xingz/abinit-8.10.2/fallbacks/exports/include
configure: FCFLAGS  = -free -g -extend-source -noaltparam -nofpscomp   -O3 -g 
configure: LDFLAGS  = -L/tigress/xingz/abinit-8.10.2/fallbacks/exports/lib -lxcf90 -lxc -lmkl_intel_lp64  -lmkl_intel_lp64 -L/opt/intel/compilers_and_libraries_2018.3.222/linux/mkl/lib/intel64 -lmkl_sequential -lmkl_core -lpthread -lm   -L/usr/local/boost/1.55.0/lib64 -L/usr/local/fftw/intel-16.0/3.3.4/lib64
configure: LIBS     = -L/tigress/xingz/abinit-8.10.2/fallbacks/exports/lib -lxcf90 -lxc -lmkl_intel_lp64  -lmkl_intel_lp64 -L/opt/intel/compilers_and_libraries_2018.3.222/linux/mkl/lib/intel64 -lmkl_sequential -lmkl_core -lpthread -lm  -L/tigress/xingz/abinit-8.10.2/fallbacks/exports/lib -lxcf90 -lxc  -lmkl_intel_lp64  -lmkl_intel_lp64 -L/opt/intel/compilers_and_libraries_2018.3.222/linux/mkl/lib/intel64 -lmkl_sequential -lmkl_core -lpthread -lm  -L/tigress/xingz/abinit-8.10.2/fallbacks/exports/lib -lxcf90 -lxc
checking that generated files are newer than configure... done
configure: creating ./config.status
config.status: creating Makefile
config.status: creating src/Makefile
config.status: creating src/pkginfo.f90
config.status: creating config.h
config.status: executing depfiles commands
config.status: executing libtool commands
cd sources/atompaw-4.0.1.0 && make -j 1 
make[4]: Entering directory `/tigress/xingz/abinit-8.10.2/fallbacks/sources/atompaw-4.0.1.0'
make  all-recursive
make[5]: Entering directory `/tigress/xingz/abinit-8.10.2/fallbacks/sources/atompaw-4.0.1.0'
Making all in src
make[6]: Entering directory `/tigress/xingz/abinit-8.10.2/fallbacks/sources/atompaw-4.0.1.0/src'
/bin/sh ../libtool --tag=CC   --mode=compile mpiicc -DHAVE_CONFIG_H -I. -I..   -I/tigress/xingz/abinit-8.10.2/fallbacks/exports/include  -g -O2 -MT libxc_tools.lo -MD -MP -MF .deps/libxc_tools.Tpo -c -o libxc_tools.lo libxc_tools.c
libtool: compile:  mpiicc -DHAVE_CONFIG_H -I. -I.. -I/tigress/xingz/abinit-8.10.2/fallbacks/exports/include -g -O2 -MT libxc_tools.lo -MD -MP -MF .deps/libxc_tools.Tpo -c libxc_tools.c -o libxc_tools.o
mv -f .deps/libxc_tools.Tpo .deps/libxc_tools.Plo
/bin/sh ../libtool --tag=FC   --mode=compile mpiifort -DHAVE_CONFIG_H -I. -I..   -I/tigress/xingz/abinit-8.10.2/fallbacks/exports/include  -free -g -extend-source -noaltparam -nofpscomp   -O3 -g  -c -o tools_mod.lo tools_mod.F90
libtool: compile:  mpiifort -DHAVE_CONFIG_H -I. -I.. -I/tigress/xingz/abinit-8.10.2/fallbacks/exports/include -free -g -extend-source -noaltparam -nofpscomp -O3 -g -c tools_mod.F90 -o tools_mod.o
/bin/sh ../libtool --tag=FC   --mode=compile mpiifort -DHAVE_CONFIG_H -I. -I..   -I/tigress/xingz/abinit-8.10.2/fallbacks/exports/include  -free -g -extend-source -noaltparam -nofpscomp   -O3 -g  -c -o atomdata.lo atomdata.F90
libtool: compile:  mpiifort -DHAVE_CONFIG_H -I. -I.. -I/tigress/xingz/abinit-8.10.2/fallbacks/exports/include -free -g -extend-source -noaltparam -nofpscomp -O3 -g -c atomdata.F90 -o atomdata.o
/bin/sh ../libtool --tag=FC   --mode=compile mpiifort -DHAVE_CONFIG_H -I. -I..   -I/tigress/xingz/abinit-8.10.2/fallbacks/exports/include  -free -g -extend-source -noaltparam -nofpscomp   -O3 -g  -c -o globalmath.lo globalmath.F90
libtool: compile:  mpiifort -DHAVE_CONFIG_H -I. -I.. -I/tigress/xingz/abinit-8.10.2/fallbacks/exports/include -free -g -extend-source -noaltparam -nofpscomp -O3 -g -c globalmath.F90 -o globalmath.o
/bin/sh ../libtool --tag=FC   --mode=compile mpiifort -DHAVE_CONFIG_H -I. -I..   -I/tigress/xingz/abinit-8.10.2/fallbacks/exports/include  -free -g -extend-source -noaltparam -nofpscomp   -O3 -g  -c -o gridmod.lo gridmod.F90
libtool: compile:  mpiifort -DHAVE_CONFIG_H -I. -I.. -I/tigress/xingz/abinit-8.10.2/fallbacks/exports/include -free -g -extend-source -noaltparam -nofpscomp -O3 -g -c gridmod.F90 -o gridmod.o
/bin/sh ../libtool --tag=FC   --mode=compile mpiifort -DHAVE_CONFIG_H -I. -I..   -I/tigress/xingz/abinit-8.10.2/fallbacks/exports/include  -free -g -extend-source -noaltparam -nofpscomp   -O3 -g  -c -o search_sort.lo search_sort.F90
libtool: compile:  mpiifort -DHAVE_CONFIG_H -I. -I.. -I/tigress/xingz/abinit-8.10.2/fallbacks/exports/include -free -g -extend-source -noaltparam -nofpscomp -O3 -g -c search_sort.F90 -o search_sort.o
/bin/sh ../libtool --tag=FC   --mode=compile mpiifort -DHAVE_CONFIG_H -I. -I..   -I/tigress/xingz/abinit-8.10.2/fallbacks/exports/include  -free -g -extend-source -noaltparam -nofpscomp   -O3 -g  -c -o blockdavidson_mod.lo blockdavidson_mod.F90
libtool: compile:  mpiifort -DHAVE_CONFIG_H -I. -I.. -I/tigress/xingz/abinit-8.10.2/fallbacks/exports/include -free -g -extend-source -noaltparam -nofpscomp -O3 -g -c blockdavidson_mod.F90 -o blockdavidson_mod.o
/bin/sh ../libtool --tag=FC   --mode=compile mpiifort -DHAVE_CONFIG_H -I. -I..   -I/tigress/xingz/abinit-8.10.2/fallbacks/exports/include  -free -g -extend-source -noaltparam -nofpscomp   -O3 -g  -c -o numerov_mod.lo numerov_mod.F90
libtool: compile:  mpiifort -DHAVE_CONFIG_H -I. -I.. -I/tigress/xingz/abinit-8.10.2/fallbacks/exports/include -free -g -extend-source -noaltparam -nofpscomp -O3 -g -c numerov_mod.F90 -o numerov_mod.o
/bin/sh ../libtool --tag=FC   --mode=compile mpiifort -DHAVE_CONFIG_H -I. -I..   -I/tigress/xingz/abinit-8.10.2/fallbacks/exports/include  -free -g -extend-source -noaltparam -nofpscomp   -O3 -g  -c -o radialsr.lo radialsr.F90
libtool: compile:  mpiifort -DHAVE_CONFIG_H -I. -I.. -I/tigress/xingz/abinit-8.10.2/fallbacks/exports/include -free -g -extend-source -noaltparam -nofpscomp -O3 -g -c radialsr.F90 -o radialsr.o
/bin/sh ../libtool --tag=FC   --mode=compile mpiifort -DHAVE_CONFIG_H -I. -I..   -I/tigress/xingz/abinit-8.10.2/fallbacks/exports/include  -free -g -extend-source -noaltparam -nofpscomp   -O3 -g  -c -o general_mod.lo general_mod.F90
libtool: compile:  mpiifort -DHAVE_CONFIG_H -I. -I.. -I/tigress/xingz/abinit-8.10.2/fallbacks/exports/include -free -g -extend-source -noaltparam -nofpscomp -O3 -g -c general_mod.F90 -o general_mod.o
/bin/sh ../libtool --tag=FC   --mode=compile mpiifort -DHAVE_CONFIG_H -I. -I..   -I/tigress/xingz/abinit-8.10.2/fallbacks/exports/include  -free -g -extend-source -noaltparam -nofpscomp   -O3 -g  -c -o libxc_mod.lo libxc_mod.F90
libtool: compile:  mpiifort -DHAVE_CONFIG_H -I. -I.. -I/tigress/xingz/abinit-8.10.2/fallbacks/exports/include -free -g -extend-source -noaltparam -nofpscomp -O3 -g -c libxc_mod.F90 -o libxc_mod.o
/bin/sh ../libtool --tag=FC   --mode=compile mpiifort -DHAVE_CONFIG_H -I. -I..   -I/tigress/xingz/abinit-8.10.2/fallbacks/exports/include  -free -g -extend-source -noaltparam -nofpscomp   -O3 -g  -c -o excor.lo excor.F90
libtool: compile:  mpiifort -DHAVE_CONFIG_H -I. -I.. -I/tigress/xingz/abinit-8.10.2/fallbacks/exports/include -free -g -extend-source -noaltparam -nofpscomp -O3 -g -c excor.F90 -o excor.o
/bin/sh ../libtool --tag=FC   --mode=compile mpiifort -DHAVE_CONFIG_H -I. -I..   -I/tigress/xingz/abinit-8.10.2/fallbacks/exports/include  -free -g -extend-source -noaltparam -nofpscomp   -O3 -g  -c -o anderson_driver.lo anderson_driver.F90
libtool: compile:  mpiifort -DHAVE_CONFIG_H -I. -I.. -I/tigress/xingz/abinit-8.10.2/fallbacks/exports/include -free -g -extend-source -noaltparam -nofpscomp -O3 -g -c anderson_driver.F90 -o anderson_driver.o
/bin/sh ../libtool --tag=FC   --mode=compile mpiifort -DHAVE_CONFIG_H -I. -I..   -I/tigress/xingz/abinit-8.10.2/fallbacks/exports/include  -free -g -extend-source -noaltparam -nofpscomp   -O3 -g  -c -o exxdata.lo exxdata.F90
libtool: compile:  mpiifort -DHAVE_CONFIG_H -I. -I.. -I/tigress/xingz/abinit-8.10.2/fallbacks/exports/include -free -g -extend-source -noaltparam -nofpscomp -O3 -g -c exxdata.F90 -o exxdata.o
/bin/sh ../libtool --tag=FC   --mode=compile mpiifort -DHAVE_CONFIG_H -I. -I..   -I/tigress/xingz/abinit-8.10.2/fallbacks/exports/include  -free -g -extend-source -noaltparam -nofpscomp   -O3 -g  -c -o fock.lo fock.F90
libtool: compile:  mpiifort -DHAVE_CONFIG_H -I. -I.. -I/tigress/xingz/abinit-8.10.2/fallbacks/exports/include -free -g -extend-source -noaltparam -nofpscomp -O3 -g -c fock.F90 -o fock.o
/bin/sh ../libtool --tag=FC   --mode=compile mpiifort -DHAVE_CONFIG_H -I. -I..   -I/tigress/xingz/abinit-8.10.2/fallbacks/exports/include  -free -g -extend-source -noaltparam -nofpscomp   -O3 -g  -c -o report_mod.lo report_mod.F90
libtool: compile:  mpiifort -DHAVE_CONFIG_H -I. -I.. -I/tigress/xingz/abinit-8.10.2/fallbacks/exports/include -free -g -extend-source -noaltparam -nofpscomp -O3 -g -c report_mod.F90 -o report_mod.o
/bin/sh ../libtool --tag=FC   --mode=compile mpiifort -DHAVE_CONFIG_H -I. -I..   -I/tigress/xingz/abinit-8.10.2/fallbacks/exports/include  -free -g -extend-source -noaltparam -nofpscomp   -O3 -g  -c -o hf_mod.lo hf_mod.F90
libtool: compile:  mpiifort -DHAVE_CONFIG_H -I. -I.. -I/tigress/xingz/abinit-8.10.2/fallbacks/exports/include -free -g -extend-source -noaltparam -nofpscomp -O3 -g -c hf_mod.F90 -o hf_mod.o
/bin/sh ../libtool --tag=FC   --mode=compile mpiifort -DHAVE_CONFIG_H -I. -I..   -I/tigress/xingz/abinit-8.10.2/fallbacks/exports/include  -free -g -extend-source -noaltparam -nofpscomp   -O3 -g  -c -o exx_mod.lo exx_mod.F90
libtool: compile:  mpiifort -DHAVE_CONFIG_H -I. -I.. -I/tigress/xingz/abinit-8.10.2/fallbacks/exports/include -free -g -extend-source -noaltparam -nofpscomp -O3 -g -c exx_mod.F90 -o exx_mod.o
/bin/sh ../libtool --tag=FC   --mode=compile mpiifort -DHAVE_CONFIG_H -I. -I..   -I/tigress/xingz/abinit-8.10.2/fallbacks/exports/include  -free -g -extend-source -noaltparam -nofpscomp   -O3 -g  -c -o ldagga_mod.lo ldagga_mod.F90
libtool: compile:  mpiifort -DHAVE_CONFIG_H -I. -I.. -I/tigress/xingz/abinit-8.10.2/fallbacks/exports/include -free -g -extend-source -noaltparam -nofpscomp -O3 -g -c ldagga_mod.F90 -o ldagga_mod.o
/bin/sh ../libtool --tag=FC   --mode=compile mpiifort -DHAVE_CONFIG_H -I. -I..   -I/tigress/xingz/abinit-8.10.2/fallbacks/exports/include  -free -g -extend-source -noaltparam -nofpscomp   -O3 -g  -c -o aeatom.lo aeatom.F90
libtool: compile:  mpiifort -DHAVE_CONFIG_H -I. -I.. -I/tigress/xingz/abinit-8.10.2/fallbacks/exports/include -free -g -extend-source -noaltparam -nofpscomp -O3 -g -c aeatom.F90 -o aeatom.o
/bin/sh ../libtool --tag=FC   --mode=compile mpiifort -DHAVE_CONFIG_H -I. -I..   -I/tigress/xingz/abinit-8.10.2/fallbacks/exports/include  -free -g -extend-source -noaltparam -nofpscomp   -O3 -g  -c -o pseudodata.lo pseudodata.F90
libtool: compile:  mpiifort -DHAVE_CONFIG_H -I. -I.. -I/tigress/xingz/abinit-8.10.2/fallbacks/exports/include -free -g -extend-source -noaltparam -nofpscomp -O3 -g -c pseudodata.F90 -o pseudodata.o
/bin/sh ../libtool --tag=FC   --mode=compile mpiifort -DHAVE_CONFIG_H -I. -I..   -I/tigress/xingz/abinit-8.10.2/fallbacks/exports/include  -free -g -extend-source -noaltparam -nofpscomp   -O3 -g  -c -o pseudo_sub.lo pseudo_sub.F90
libtool: compile:  mpiifort -DHAVE_CONFIG_H -I. -I.. -I/tigress/xingz/abinit-8.10.2/fallbacks/exports/include -free -g -extend-source -noaltparam -nofpscomp -O3 -g -c pseudo_sub.F90 -o pseudo_sub.o
/bin/sh ../libtool --tag=FC   --mode=compile mpiifort -DHAVE_CONFIG_H -I. -I..   -I/tigress/xingz/abinit-8.10.2/fallbacks/exports/include  -free -g -extend-source -noaltparam -nofpscomp   -O3 -g  -c -o exx_pseudo.lo exx_pseudo.F90
libtool: compile:  mpiifort -DHAVE_CONFIG_H -I. -I.. -I/tigress/xingz/abinit-8.10.2/fallbacks/exports/include -free -g -extend-source -noaltparam -nofpscomp -O3 -g -c exx_pseudo.F90 -o exx_pseudo.o
/bin/sh ../libtool --tag=FC   --mode=compile mpiifort -DHAVE_CONFIG_H -I. -I..   -I/tigress/xingz/abinit-8.10.2/fallbacks/exports/include  -free -g -extend-source -noaltparam -nofpscomp   -O3 -g  -c -o paw_sub.lo paw_sub.F90
libtool: compile:  mpiifort -DHAVE_CONFIG_H -I. -I.. -I/tigress/xingz/abinit-8.10.2/fallbacks/exports/include -free -g -extend-source -noaltparam -nofpscomp -O3 -g -c paw_sub.F90 -o paw_sub.o
/bin/sh ../libtool --tag=FC   --mode=compile mpiifort -DHAVE_CONFIG_H -I. -I..   -I/tigress/xingz/abinit-8.10.2/fallbacks/exports/include  -free -g -extend-source -noaltparam -nofpscomp   -O3 -g  -c -o hf_pseudo.lo hf_pseudo.F90
libtool: compile:  mpiifort -DHAVE_CONFIG_H -I. -I.. -I/tigress/xingz/abinit-8.10.2/fallbacks/exports/include -free -g -extend-source -noaltparam -nofpscomp -O3 -g -c hf_pseudo.F90 -o hf_pseudo.o
/bin/sh ../libtool --tag=FC   --mode=compile mpiifort -DHAVE_CONFIG_H -I. -I..   -I/tigress/xingz/abinit-8.10.2/fallbacks/exports/include  -free -g -extend-source -noaltparam -nofpscomp   -O3 -g  -c -o interpolation_mod.lo interpolation_mod.F90
libtool: compile:  mpiifort -DHAVE_CONFIG_H -I. -I.. -I/tigress/xingz/abinit-8.10.2/fallbacks/exports/include -free -g -extend-source -noaltparam -nofpscomp -O3 -g -c interpolation_mod.F90 -o interpolation_mod.o
/bin/sh ../libtool --tag=FC   --mode=compile mpiifort -DHAVE_CONFIG_H -I. -I..   -I/tigress/xingz/abinit-8.10.2/fallbacks/exports/include  -free -g -extend-source -noaltparam -nofpscomp   -O3 -g  -c -o pseudo.lo pseudo.F90
libtool: compile:  mpiifort -DHAVE_CONFIG_H -I. -I.. -I/tigress/xingz/abinit-8.10.2/fallbacks/exports/include -free -g -extend-source -noaltparam -nofpscomp -O3 -g -c pseudo.F90 -o pseudo.o
/bin/sh ../libtool --tag=FC   --mode=compile mpiifort  -free -g -extend-source -noaltparam -nofpscomp   -O3 -g  -c -o pkginfo.lo pkginfo.f90
libtool: compile:  mpiifort -free -g -extend-source -noaltparam -nofpscomp -O3 -g -c pkginfo.f90 -o pkginfo.o
/bin/sh ../libtool --tag=FC   --mode=compile mpiifort -DHAVE_CONFIG_H -I. -I..   -I/tigress/xingz/abinit-8.10.2/fallbacks/exports/include  -free -g -extend-source -noaltparam -nofpscomp   -O3 -g  -c -o abinitinterface.lo abinitinterface.F90
libtool: compile:  mpiifort -DHAVE_CONFIG_H -I. -I.. -I/tigress/xingz/abinit-8.10.2/fallbacks/exports/include -free -g -extend-source -noaltparam -nofpscomp -O3 -g -c abinitinterface.F90 -o abinitinterface.o
abinitinterface.F90(703): remark #8291: Recommended relationship between field width 'W' and the number of fractional digits 'D' in this edit descriptor is 'W>=D+7'.
  write(std_out,'(a,2x,a,f6.2,a,f6.2,a,g8.2,a)') ch10,&
----------------------------------------^
/bin/sh ../libtool --tag=FC   --mode=compile mpiifort -DHAVE_CONFIG_H -I. -I..   -I/tigress/xingz/abinit-8.10.2/fallbacks/exports/include  -free -g -extend-source -noaltparam -nofpscomp   -O3 -g  -c -o pwscfinterface.lo pwscfinterface.F90
libtool: compile:  mpiifort -DHAVE_CONFIG_H -I. -I.. -I/tigress/xingz/abinit-8.10.2/fallbacks/exports/include -free -g -extend-source -noaltparam -nofpscomp -O3 -g -c pwscfinterface.F90 -o pwscfinterface.o
/bin/sh ../libtool --tag=FC   --mode=compile mpiifort -DHAVE_CONFIG_H -I. -I..   -I/tigress/xingz/abinit-8.10.2/fallbacks/exports/include  -free -g -extend-source -noaltparam -nofpscomp   -O3 -g  -c -o xmlinterface.lo xmlinterface.F90
libtool: compile:  mpiifort -DHAVE_CONFIG_H -I. -I.. -I/tigress/xingz/abinit-8.10.2/fallbacks/exports/include -free -g -extend-source -noaltparam -nofpscomp -O3 -g -c xmlinterface.F90 -o xmlinterface.o
xmlinterface.F90(360): remark #8291: Recommended relationship between field width 'W' and the number of fractional digits 'D' in this edit descriptor is 'W>=D+7'.
  write(std_out,'(a,2x,a,f4.1,a,f6.2,a,g8.2,a)') ch10,&
----------------------------------------^
/bin/sh ../libtool --tag=FC   --mode=compile mpiifort -DHAVE_CONFIG_H -I. -I..   -I/tigress/xingz/abinit-8.10.2/fallbacks/exports/include  -free -g -extend-source -noaltparam -nofpscomp   -O3 -g  -c -o atompaw_report.lo atompaw_report.F90
libtool: compile:  mpiifort -DHAVE_CONFIG_H -I. -I.. -I/tigress/xingz/abinit-8.10.2/fallbacks/exports/include -free -g -extend-source -noaltparam -nofpscomp -O3 -g -c atompaw_report.F90 -o atompaw_report.o
/bin/sh ../libtool --tag=FC   --mode=compile mpiifort -DHAVE_CONFIG_H -I. -I..   -I/tigress/xingz/abinit-8.10.2/fallbacks/exports/include  -free -g -extend-source -noaltparam -nofpscomp   -O3 -g  -c -o graphatom_report.lo graphatom_report.F90
libtool: compile:  mpiifort -DHAVE_CONFIG_H -I. -I.. -I/tigress/xingz/abinit-8.10.2/fallbacks/exports/include -free -g -extend-source -noaltparam -nofpscomp -O3 -g -c graphatom_report.F90 -o graphatom_report.o
/bin/sh ../libtool --tag=FC   --mode=compile mpiifort -DHAVE_CONFIG_H -I. -I..   -I/tigress/xingz/abinit-8.10.2/fallbacks/exports/include  -free -g -extend-source -noaltparam -nofpscomp   -O3 -g  -c -o atompaw_lib.lo atompaw_lib.F90
libtool: compile:  mpiifort -DHAVE_CONFIG_H -I. -I.. -I/tigress/xingz/abinit-8.10.2/fallbacks/exports/include -free -g -extend-source -noaltparam -nofpscomp -O3 -g -c atompaw_lib.F90 -o atompaw_lib.o
/bin/sh ../libtool --tag=FC   --mode=link mpiifort  -free -g -extend-source -noaltparam -nofpscomp   -O3 -g  -version-info 0:0:0 -L/tigress/xingz/abinit-8.10.2/fallbacks/exports/lib -lxcf90 -lxc -lmkl_intel_lp64  -lmkl_intel_lp64 -L/opt/intel/compilers_and_libraries_2018.3.222/linux/mkl/lib/intel64 -lmkl_sequential -lmkl_core -lpthread -lm   -L/usr/local/boost/1.55.0/lib64 -L/usr/local/fftw/intel-16.0/3.3.4/lib64 -o libatompaw.la -rpath /tigress/xingz/abinit-8.10.2/fallbacks/exports/lib libxc_tools.lo tools_mod.lo general_mod.lo globalmath.lo search_sort.lo aeatom.lo anderson_driver.lo atomdata.lo blockdavidson_mod.lo excor.lo exx_mod.lo exx_pseudo.lo exxdata.lo fock.lo gridmod.lo hf_mod.lo hf_pseudo.lo interpolation_mod.lo ldagga_mod.lo libxc_mod.lo numerov_mod.lo paw_sub.lo pseudo_sub.lo pseudo.lo pseudodata.lo radialsr.lo report_mod.lo abinitinterface.lo pwscfinterface.lo xmlinterface.lo atompaw_report.lo graphatom_report.lo atompaw_lib.lo pkginfo.lo  -L/tigress/xingz/abinit-8.10.2/fallbacks/exports/lib -lxcf90 -lxc -lmkl_intel_lp64  -lmkl_intel_lp64 -L/opt/intel/compilers_and_libraries_2018.3.222/linux/mkl/lib/intel64 -lmkl_sequential -lmkl_core -lpthread -lm  -L/tigress/xingz/abinit-8.10.2/fallbacks/exports/lib -lxcf90 -lxc  -lmkl_intel_lp64  -lmkl_intel_lp64 -L/opt/intel/compilers_and_libraries_2018.3.222/linux/mkl/lib/intel64 -lmkl_sequential -lmkl_core -lpthread -lm  -L/tigress/xingz/abinit-8.10.2/fallbacks/exports/lib -lxcf90 -lxc
libtool: link: ar cru .libs/libatompaw.a  libxc_tools.o tools_mod.o general_mod.o globalmath.o search_sort.o aeatom.o anderson_driver.o atomdata.o blockdavidson_mod.o excor.o exx_mod.o exx_pseudo.o exxdata.o fock.o gridmod.o hf_mod.o hf_pseudo.o interpolation_mod.o ldagga_mod.o libxc_mod.o numerov_mod.o paw_sub.o pseudo_sub.o pseudo.o pseudodata.o radialsr.o report_mod.o abinitinterface.o pwscfinterface.o xmlinterface.o atompaw_report.o graphatom_report.o atompaw_lib.o pkginfo.o
libtool: link: ranlib .libs/libatompaw.a
libtool: link: ( cd ".libs" && rm -f "libatompaw.la" && ln -s "../libatompaw.la" "libatompaw.la" )
mpiifort -DHAVE_CONFIG_H -I. -I..   -I/tigress/xingz/abinit-8.10.2/fallbacks/exports/include  -free -g -extend-source -noaltparam -nofpscomp   -O3 -g  -c -o atompaw_prog.o atompaw_prog.F90
/bin/sh ../libtool --tag=FC   --mode=link mpiifort  -free -g -extend-source -noaltparam -nofpscomp   -O3 -g   -L/tigress/xingz/abinit-8.10.2/fallbacks/exports/lib -lxcf90 -lxc -lmkl_intel_lp64  -lmkl_intel_lp64 -L/opt/intel/compilers_and_libraries_2018.3.222/linux/mkl/lib/intel64 -lmkl_sequential -lmkl_core -lpthread -lm   -L/usr/local/boost/1.55.0/lib64 -L/usr/local/fftw/intel-16.0/3.3.4/lib64 -o atompaw atompaw_prog.o libatompaw.la -L/tigress/xingz/abinit-8.10.2/fallbacks/exports/lib -lxcf90 -lxc -lmkl_intel_lp64  -lmkl_intel_lp64 -L/opt/intel/compilers_and_libraries_2018.3.222/linux/mkl/lib/intel64 -lmkl_sequential -lmkl_core -lpthread -lm  -L/tigress/xingz/abinit-8.10.2/fallbacks/exports/lib -lxcf90 -lxc  -lmkl_intel_lp64  -lmkl_intel_lp64 -L/opt/intel/compilers_and_libraries_2018.3.222/linux/mkl/lib/intel64 -lmkl_sequential -lmkl_core -lpthread -lm  -L/tigress/xingz/abinit-8.10.2/fallbacks/exports/lib -lxcf90 -lxc
libtool: link: mpiifort -free -g -extend-source -noaltparam -nofpscomp -O3 -g -o atompaw atompaw_prog.o  -L/tigress/xingz/abinit-8.10.2/fallbacks/exports/lib -L/usr/local/boost/1.55.0/lib64 -L/usr/local/fftw/intel-16.0/3.3.4/lib64 -L/opt/intel/compilers_and_libraries_2018.3.222/linux/mkl/lib/intel64 ./.libs/libatompaw.a -lmkl_intel_lp64 -lmkl_sequential -lmkl_core -lpthread -lm /tigress/xingz/abinit-8.10.2/fallbacks/exports/lib/libxcf90.a /tigress/xingz/abinit-8.10.2/fallbacks/exports/lib/libxc.a
mpiifort -DHAVE_CONFIG_H -I. -I..   -I/tigress/xingz/abinit-8.10.2/fallbacks/exports/include  -free -g -extend-source -noaltparam -nofpscomp   -O3 -g  -c -o graphatom.o graphatom.F90
/bin/sh ../libtool --tag=FC   --mode=link mpiifort  -free -g -extend-source -noaltparam -nofpscomp   -O3 -g   -L/tigress/xingz/abinit-8.10.2/fallbacks/exports/lib -lxcf90 -lxc -lmkl_intel_lp64  -lmkl_intel_lp64 -L/opt/intel/compilers_and_libraries_2018.3.222/linux/mkl/lib/intel64 -lmkl_sequential -lmkl_core -lpthread -lm   -L/usr/local/boost/1.55.0/lib64 -L/usr/local/fftw/intel-16.0/3.3.4/lib64 -o graphatom graphatom.o libatompaw.la -L/tigress/xingz/abinit-8.10.2/fallbacks/exports/lib -lxcf90 -lxc -lmkl_intel_lp64  -lmkl_intel_lp64 -L/opt/intel/compilers_and_libraries_2018.3.222/linux/mkl/lib/intel64 -lmkl_sequential -lmkl_core -lpthread -lm  -L/tigress/xingz/abinit-8.10.2/fallbacks/exports/lib -lxcf90 -lxc  -lmkl_intel_lp64  -lmkl_intel_lp64 -L/opt/intel/compilers_and_libraries_2018.3.222/linux/mkl/lib/intel64 -lmkl_sequential -lmkl_core -lpthread -lm  -L/tigress/xingz/abinit-8.10.2/fallbacks/exports/lib -lxcf90 -lxc
libtool: link: mpiifort -free -g -extend-source -noaltparam -nofpscomp -O3 -g -o graphatom graphatom.o  -L/tigress/xingz/abinit-8.10.2/fallbacks/exports/lib -L/usr/local/boost/1.55.0/lib64 -L/usr/local/fftw/intel-16.0/3.3.4/lib64 -L/opt/intel/compilers_and_libraries_2018.3.222/linux/mkl/lib/intel64 ./.libs/libatompaw.a -lmkl_intel_lp64 -lmkl_sequential -lmkl_core -lpthread -lm /tigress/xingz/abinit-8.10.2/fallbacks/exports/lib/libxcf90.a /tigress/xingz/abinit-8.10.2/fallbacks/exports/lib/libxc.a
make[6]: Leaving directory `/tigress/xingz/abinit-8.10.2/fallbacks/sources/atompaw-4.0.1.0/src'
make[6]: Entering directory `/tigress/xingz/abinit-8.10.2/fallbacks/sources/atompaw-4.0.1.0'
make[6]: Leaving directory `/tigress/xingz/abinit-8.10.2/fallbacks/sources/atompaw-4.0.1.0'
make[5]: Leaving directory `/tigress/xingz/abinit-8.10.2/fallbacks/sources/atompaw-4.0.1.0'
make[4]: Leaving directory `/tigress/xingz/abinit-8.10.2/fallbacks/sources/atompaw-4.0.1.0'
cd sources/atompaw-4.0.1.0 && make install 
make[4]: Entering directory `/tigress/xingz/abinit-8.10.2/fallbacks/sources/atompaw-4.0.1.0'
Making install in src
make[5]: Entering directory `/tigress/xingz/abinit-8.10.2/fallbacks/sources/atompaw-4.0.1.0/src'
make[6]: Entering directory `/tigress/xingz/abinit-8.10.2/fallbacks/sources/atompaw-4.0.1.0/src'
 /usr/bin/mkdir -p '/tigress/xingz/abinit-8.10.2/fallbacks/exports/lib'
 /bin/sh ../libtool   --mode=install /usr/bin/install -c   libatompaw.la '/tigress/xingz/abinit-8.10.2/fallbacks/exports/lib'
libtool: install: /usr/bin/install -c .libs/libatompaw.lai /tigress/xingz/abinit-8.10.2/fallbacks/exports/lib/libatompaw.la
libtool: install: /usr/bin/install -c .libs/libatompaw.a /tigress/xingz/abinit-8.10.2/fallbacks/exports/lib/libatompaw.a
libtool: install: chmod 644 /tigress/xingz/abinit-8.10.2/fallbacks/exports/lib/libatompaw.a
libtool: install: ranlib /tigress/xingz/abinit-8.10.2/fallbacks/exports/lib/libatompaw.a
libtool: finish: PATH="/usr/local/fftw/intel-16.0/3.3.4/bin:/usr/licensed/anaconda/5.0.1/bin:/tigress/xingz/gcc/bin:/tigress/xingz/abinit-8.10.2/bin:/tigress/xingz/vasp.5.4.4/bin:/home/xingz/.local/bin:/tigress/xingz/bin:/tigress/xingz/nwchem-6.8/bin/LINUX64:/usr/local/boost/1.55.0/bin:/opt/intel/compilers_and_libraries_2018.3.222/linux/mpi/intel64/bin:/opt/intel/compilers_and_libraries_2018.3.222/linux/bin/intel64:/usr/local/intel/bin:/usr/lib64/qt-3.3/bin:/usr/local/bin:/usr/bin:/usr/local/sbin:/usr/sbin:/opt/puppetlabs/bin:/tigress/xingz/qchem/trunk/bin:/tigress/xingz/qchem/trunk/bin/perl:/tigress/xingz/qchem/trunk/bin/mpi:/tigress/xingz/qchem/trunk/exe:/tigress/xingz/qchem/trunk/util:/home/xingz/.local/bin:/home/xingz/bin:/sbin" ldconfig -n /tigress/xingz/abinit-8.10.2/fallbacks/exports/lib
----------------------------------------------------------------------
Libraries have been installed in:
   /tigress/xingz/abinit-8.10.2/fallbacks/exports/lib

If you ever happen to want to link against installed libraries
in a given directory, LIBDIR, you must either use libtool, and
specify the full pathname of the library, or use the `-LLIBDIR'
flag during linking and do at least one of the following:
   - add LIBDIR to the `LD_LIBRARY_PATH' environment variable
     during execution
   - add LIBDIR to the `LD_RUN_PATH' environment variable
     during linking
   - use the `-Wl,-rpath -Wl,LIBDIR' linker flag
   - have your system administrator add LIBDIR to `/etc/ld.so.conf'

See any operating system documentation about shared libraries for
more information, such as the ld(1) and ld.so(8) manual pages.
----------------------------------------------------------------------
 /usr/bin/mkdir -p '/tigress/xingz/abinit-8.10.2/fallbacks/exports/bin'
  /bin/sh ../libtool   --mode=install /usr/bin/install -c atompaw '/tigress/xingz/abinit-8.10.2/fallbacks/exports/bin/./atompaw-abinit'
libtool: install: /usr/bin/install -c atompaw /tigress/xingz/abinit-8.10.2/fallbacks/exports/bin/./atompaw-abinit
  /bin/sh ../libtool   --mode=install /usr/bin/install -c graphatom '/tigress/xingz/abinit-8.10.2/fallbacks/exports/bin/./graphatom-abinit'
libtool: install: /usr/bin/install -c graphatom /tigress/xingz/abinit-8.10.2/fallbacks/exports/bin/./graphatom-abinit
make[6]: Nothing to be done for `install-data-am'.
make[6]: Leaving directory `/tigress/xingz/abinit-8.10.2/fallbacks/sources/atompaw-4.0.1.0/src'
make[5]: Leaving directory `/tigress/xingz/abinit-8.10.2/fallbacks/sources/atompaw-4.0.1.0/src'
make[5]: Entering directory `/tigress/xingz/abinit-8.10.2/fallbacks/sources/atompaw-4.0.1.0'
make[6]: Entering directory `/tigress/xingz/abinit-8.10.2/fallbacks/sources/atompaw-4.0.1.0'
make[6]: Nothing to be done for `install-exec-am'.
 /usr/bin/mkdir -p '/tigress/xingz/abinit-8.10.2/fallbacks/exports/share/doc/atompaw'
 /usr/bin/mkdir -p '/tigress/xingz/abinit-8.10.2/fallbacks/exports/share/doc/atompaw/example/F/lda'
 /usr/bin/install -c -m 644  example/F/lda/F.input example/F/lda/F.atomicdata example/F/lda/F.LDA-PW-paw.abinit example/F/lda/F.LDA-PW-paw.UPF '/tigress/xingz/abinit-8.10.2/fallbacks/exports/share/doc/atompaw/example/F/lda'
 /usr/bin/mkdir -p '/tigress/xingz/abinit-8.10.2/fallbacks/exports/share/doc/atompaw/doc/exploresetup'
 /usr/bin/install -c -m 644  doc/exploresetup/ParameterExplore.cpp doc/exploresetup/ParameterExploreReadMe.txt '/tigress/xingz/abinit-8.10.2/fallbacks/exports/share/doc/atompaw/doc/exploresetup'
 /usr/bin/mkdir -p '/tigress/xingz/abinit-8.10.2/fallbacks/exports/share/doc/atompaw/example/Na/outputdata'
 /usr/bin/install -c -m 644  example/Na/outputdata/in example/Na/outputdata/Na.atomicdata example/Na/outputdata/Na.LDA-PW-paw.abinit example/Na/outputdata/Na.LDA-PW-paw.UPF '/tigress/xingz/abinit-8.10.2/fallbacks/exports/share/doc/atompaw/example/Na/outputdata'
 /usr/bin/mkdir -p '/tigress/xingz/abinit-8.10.2/fallbacks/exports/share/doc/atompaw/doc'
 /usr/bin/install -c -m 644  doc/atompaw-usersguide.pdf doc/atompaw-usersguide.doc doc/ATOMPAW_Explore_Userguide.pdf doc/ATOMPAW_Explore_Userguide.odt '/tigress/xingz/abinit-8.10.2/fallbacks/exports/share/doc/atompaw/doc'
 /usr/bin/mkdir -p '/tigress/xingz/abinit-8.10.2/fallbacks/exports/share/doc/atompaw/example/F/hf'
 /usr/bin/install -c -m 644  example/F/hf/F.input example/F/hf/F.atomicdata '/tigress/xingz/abinit-8.10.2/fallbacks/exports/share/doc/atompaw/example/F/hf'
 /usr/bin/mkdir -p '/tigress/xingz/abinit-8.10.2/fallbacks/exports/share/doc/atompaw/example/Li/hf'
 /usr/bin/install -c -m 644  example/Li/hf/Li.input example/Li/hf/Li.atomicdata '/tigress/xingz/abinit-8.10.2/fallbacks/exports/share/doc/atompaw/example/Li/hf'
 /usr/bin/mkdir -p '/tigress/xingz/abinit-8.10.2/fallbacks/exports/share/doc/atompaw/doc/scripts'
 /usr/bin/install -c -m 644  doc/scripts/explorelogderiv doc/scripts/explorewfn doc/scripts/plotdensity doc/scripts/plotlogderiv doc/scripts/plotpotential doc/scripts/plotwfn '/tigress/xingz/abinit-8.10.2/fallbacks/exports/share/doc/atompaw/doc/scripts'
 /usr/bin/mkdir -p '/tigress/xingz/abinit-8.10.2/fallbacks/exports/share/doc/atompaw/example/Li/lda'
 /usr/bin/install -c -m 644  example/Li/lda/Li.input example/Li/lda/Li.atomicdata example/Li/lda/Li.LDA-PW-paw.abinit example/Li/lda/Li.LDA-PW-paw.UPF '/tigress/xingz/abinit-8.10.2/fallbacks/exports/share/doc/atompaw/example/Li/lda'
make[6]: Leaving directory `/tigress/xingz/abinit-8.10.2/fallbacks/sources/atompaw-4.0.1.0'
make[5]: Leaving directory `/tigress/xingz/abinit-8.10.2/fallbacks/sources/atompaw-4.0.1.0'
make[4]: Leaving directory `/tigress/xingz/abinit-8.10.2/fallbacks/sources/atompaw-4.0.1.0'
make[3]: Leaving directory `/tigress/xingz/abinit-8.10.2/fallbacks'
Checking build of atompaw fallback
test -e stamps/atompaw-install-stamp
make wannier90
make[3]: Entering directory `/tigress/xingz/abinit-8.10.2/fallbacks'
The build of wannier90 has been disabled
make[3]: Leaving directory `/tigress/xingz/abinit-8.10.2/fallbacks'
Checking build of wannier90 fallback
test -e stamps/wannier90-install-stamp
make etsf_io
make[3]: Entering directory `/tigress/xingz/abinit-8.10.2/fallbacks'
The build of etsf_io has been disabled
make[3]: Leaving directory `/tigress/xingz/abinit-8.10.2/fallbacks'
Checking build of etsf_io fallback
test -e stamps/etsf_io-install-stamp
make bigdft
make[3]: Entering directory `/tigress/xingz/abinit-8.10.2/fallbacks'
The build of bigdft has been disabled
make[3]: Leaving directory `/tigress/xingz/abinit-8.10.2/fallbacks'
Checking build of bigdft fallback
test -e stamps/bigdft-install-stamp
make[2]: Leaving directory `/tigress/xingz/abinit-8.10.2/fallbacks'
Making all in src
make[2]: Entering directory `/tigress/xingz/abinit-8.10.2/src'
Making all in incs
make[3]: Entering directory `/tigress/xingz/abinit-8.10.2/src/incs'
There is no buildable file here
make[3]: Leaving directory `/tigress/xingz/abinit-8.10.2/src/incs'
Making all in mods
make[3]: Entering directory `/tigress/xingz/abinit-8.10.2/src/mods'
There is no buildable file here
make[3]: Leaving directory `/tigress/xingz/abinit-8.10.2/src/mods'
Making all in 02_clib
make[3]: Entering directory `/tigress/xingz/abinit-8.10.2/src/02_clib'
mpiicc -DHAVE_CONFIG_H -I. -I../..  -I../../src/incs -I../../src/incs -I/tigress/xingz/abinit-8.10.2/fallbacks/exports/include    -g -O2 -vec-report0  -MT align.o -MD -MP -MF .deps/align.Tpo -c -o align.o align.c
icc: command line remark #10148: option '-vec-report0' not supported
mv -f .deps/align.Tpo .deps/align.Po
mpiicc -DHAVE_CONFIG_H -I. -I../..  -I../../src/incs -I../../src/incs -I/tigress/xingz/abinit-8.10.2/fallbacks/exports/include    -g -O2 -vec-report0  -MT calling_levmar.o -MD -MP -MF .deps/calling_levmar.Tpo -c -o calling_levmar.o calling_levmar.c
icc: command line remark #10148: option '-vec-report0' not supported
mv -f .deps/calling_levmar.Tpo .deps/calling_levmar.Po
mpiicc -DHAVE_CONFIG_H -I. -I../..  -I../../src/incs -I../../src/incs -I/tigress/xingz/abinit-8.10.2/fallbacks/exports/include    -g -O2 -vec-report0  -MT cclock.o -MD -MP -MF .deps/cclock.Tpo -c -o cclock.o cclock.c
icc: command line remark #10148: option '-vec-report0' not supported
mv -f .deps/cclock.Tpo .deps/cclock.Po
mpiicc -DHAVE_CONFIG_H -I. -I../..  -I../../src/incs -I../../src/incs -I/tigress/xingz/abinit-8.10.2/fallbacks/exports/include    -g -O2 -vec-report0  -MT etime.o -MD -MP -MF .deps/etime.Tpo -c -o etime.o etime.c
icc: command line remark #10148: option '-vec-report0' not supported
mv -f .deps/etime.Tpo .deps/etime.Po
mpiicc -DHAVE_CONFIG_H -I. -I../..  -I../../src/incs -I../../src/incs -I/tigress/xingz/abinit-8.10.2/fallbacks/exports/include    -g -O2 -vec-report0  -MT fsi_posix.o -MD -MP -MF .deps/fsi_posix.Tpo -c -o fsi_posix.o fsi_posix.c
icc: command line remark #10148: option '-vec-report0' not supported
mv -f .deps/fsi_posix.Tpo .deps/fsi_posix.Po
mpiicc -DHAVE_CONFIG_H -I. -I../..  -I../../src/incs -I../../src/incs -I/tigress/xingz/abinit-8.10.2/fallbacks/exports/include    -g -O2 -vec-report0  -MT gnu_tools.o -MD -MP -MF .deps/gnu_tools.Tpo -c -o gnu_tools.o gnu_tools.c
icc: command line remark #10148: option '-vec-report0' not supported
mv -f .deps/gnu_tools.Tpo .deps/gnu_tools.Po
mpiicc -DHAVE_CONFIG_H -I. -I../..  -I../../src/incs -I../../src/incs -I/tigress/xingz/abinit-8.10.2/fallbacks/exports/include    -g -O2 -vec-report0  -MT intrinsics.o -MD -MP -MF .deps/intrinsics.Tpo -c -o intrinsics.o intrinsics.c
icc: command line remark #10148: option '-vec-report0' not supported
mv -f .deps/intrinsics.Tpo .deps/intrinsics.Po
mpiicc -DHAVE_CONFIG_H -I. -I../..  -I../../src/incs -I../../src/incs -I/tigress/xingz/abinit-8.10.2/fallbacks/exports/include    -g -O2 -vec-report0  -MT mallinfo.o -MD -MP -MF .deps/mallinfo.Tpo -c -o mallinfo.o mallinfo.c
icc: command line remark #10148: option '-vec-report0' not supported
mv -f .deps/mallinfo.Tpo .deps/mallinfo.Po
mpiicc -DHAVE_CONFIG_H -I. -I../..  -I../../src/incs -I../../src/incs -I/tigress/xingz/abinit-8.10.2/fallbacks/exports/include    -g -O2 -vec-report0  -MT md5.o -MD -MP -MF .deps/md5.Tpo -c -o md5.o md5.c
icc: command line remark #10148: option '-vec-report0' not supported
mv -f .deps/md5.Tpo .deps/md5.Po
mpiifort -DHAVE_CONFIG_H -I. -I../..  -I../../src/incs -I../../src/incs -I/tigress/xingz/abinit-8.10.2/fallbacks/exports/include   -free -module /tigress/xingz/abinit-8.10.2/src/mods -O3 -g -extend-source -noaltparam -nofpscomp   -c -o m_clib.o m_clib.F90
mpiicc -DHAVE_CONFIG_H -I. -I../..  -I../../src/incs -I../../src/incs -I/tigress/xingz/abinit-8.10.2/fallbacks/exports/include    -g -O2 -vec-report0  -MT progress_bar.o -MD -MP -MF .deps/progress_bar.Tpo -c -o progress_bar.o progress_bar.c
icc: command line remark #10148: option '-vec-report0' not supported
mv -f .deps/progress_bar.Tpo .deps/progress_bar.Po
mpiicc -DHAVE_CONFIG_H -I. -I../..  -I../../src/incs -I../../src/incs -I/tigress/xingz/abinit-8.10.2/fallbacks/exports/include    -g -O2 -vec-report0  -MT xexit.o -MD -MP -MF .deps/xexit.Tpo -c -o xexit.o xexit.c
icc: command line remark #10148: option '-vec-report0' not supported
mv -f .deps/xexit.Tpo .deps/xexit.Po
mpiicc -DHAVE_CONFIG_H -I. -I../..  -I../../src/incs -I../../src/incs -I/tigress/xingz/abinit-8.10.2/fallbacks/exports/include    -g -O2 -vec-report0  -MT xmalloc.o -MD -MP -MF .deps/xmalloc.Tpo -c -o xmalloc.o xmalloc.c
icc: command line remark #10148: option '-vec-report0' not supported
mv -f .deps/xmalloc.Tpo .deps/xmalloc.Po
rm -f lib02_clib.a
ar rc lib02_clib.a align.o calling_levmar.o cclock.o etime.o fsi_posix.o gnu_tools.o intrinsics.o mallinfo.o md5.o m_clib.o progress_bar.o xexit.o xmalloc.o 
ranlib lib02_clib.a
make[3]: Leaving directory `/tigress/xingz/abinit-8.10.2/src/02_clib'
Making all in 10_defs
make[3]: Entering directory `/tigress/xingz/abinit-8.10.2/src/10_defs'
mpiifort -DHAVE_CONFIG_H -I. -I../..  -I../../src/incs -I../../src/incs -I/tigress/xingz/abinit-8.10.2/fallbacks/exports/include   -free -module /tigress/xingz/abinit-8.10.2/src/mods -O3 -g -extend-source -noaltparam -nofpscomp   -c -o defs_basis.o defs_basis.F90
mpiifort -DHAVE_CONFIG_H -I. -I../..  -I../../src/incs -I../../src/incs -I/tigress/xingz/abinit-8.10.2/fallbacks/exports/include   -free -module /tigress/xingz/abinit-8.10.2/src/mods -O3 -g -extend-source -noaltparam -nofpscomp   -c -o defs_datatypes.o defs_datatypes.F90
rm -f lib10_defs.a
ar rc lib10_defs.a defs_basis.o defs_datatypes.o 
ranlib lib10_defs.a
make[3]: Leaving directory `/tigress/xingz/abinit-8.10.2/src/10_defs'
Making all in 10_dumpinfo
make[3]: Entering directory `/tigress/xingz/abinit-8.10.2/src/10_dumpinfo'
mpiifort -DHAVE_CONFIG_H -I. -I../..  -I../../src/10_defs -I../../src/10_defs -I../../src/incs -I../../src/incs -I/tigress/xingz/abinit-8.10.2/fallbacks/exports/include   -free -module /tigress/xingz/abinit-8.10.2/src/mods -O3 -g -extend-source -noaltparam -nofpscomp   -c -o m_cppopts_dumper.o m_cppopts_dumper.F90
mpiifort -DHAVE_CONFIG_H -I. -I../..  -I../../src/10_defs -I../../src/10_defs -I../../src/incs -I../../src/incs -I/tigress/xingz/abinit-8.10.2/fallbacks/exports/include   -free -module /tigress/xingz/abinit-8.10.2/src/mods -O3 -g -extend-source -noaltparam -nofpscomp   -c -o m_build_info.o m_build_info.F90
mpiifort -DHAVE_CONFIG_H -I. -I../..  -I../../src/10_defs -I../../src/10_defs -I../../src/incs -I../../src/incs -I/tigress/xingz/abinit-8.10.2/fallbacks/exports/include   -free -module /tigress/xingz/abinit-8.10.2/src/mods -O3 -g -extend-source -noaltparam -nofpscomp   -c -o m_optim_dumper.o m_optim_dumper.F90
rm -f lib10_dumpinfo.a
ar rc lib10_dumpinfo.a m_cppopts_dumper.o m_build_info.o m_optim_dumper.o 
ranlib lib10_dumpinfo.a
make[3]: Leaving directory `/tigress/xingz/abinit-8.10.2/src/10_dumpinfo'
Making all in 11_memory_mpi
make[3]: Entering directory `/tigress/xingz/abinit-8.10.2/src/11_memory_mpi'
mpiifort -DHAVE_CONFIG_H -I. -I../..  -I../../src/10_defs -I../../src/10_defs -I../../src/incs -I../../src/incs -I/tigress/xingz/abinit-8.10.2/fallbacks/exports/include   -free -module /tigress/xingz/abinit-8.10.2/src/mods -O3 -g -extend-source -noaltparam -nofpscomp   -c -o m_profiling_abi.o m_profiling_abi.F90
rm -f lib11_memory_mpi.a
ar rc lib11_memory_mpi.a m_profiling_abi.o 
ranlib lib11_memory_mpi.a
make[3]: Leaving directory `/tigress/xingz/abinit-8.10.2/src/11_memory_mpi'
Making all in 12_hide_mpi
make[3]: Entering directory `/tigress/xingz/abinit-8.10.2/src/12_hide_mpi'
mpiifort -DHAVE_CONFIG_H -I. -I../..  -I../../src/11_memory_mpi -I../../src/11_memory_mpi -I../../src/10_defs -I../../src/10_defs -I../../src/incs -I../../src/incs -I/tigress/xingz/abinit-8.10.2/fallbacks/exports/include   -free -module /tigress/xingz/abinit-8.10.2/src/mods -O3 -g -extend-source -noaltparam -nofpscomp   -c -o m_xmpi.o m_xmpi.F90
mpiifort -DHAVE_CONFIG_H -I. -I../..  -I../../src/11_memory_mpi -I../../src/11_memory_mpi -I../../src/10_defs -I../../src/10_defs -I../../src/incs -I../../src/incs -I/tigress/xingz/abinit-8.10.2/fallbacks/exports/include   -free -module /tigress/xingz/abinit-8.10.2/src/mods -O3 -g -extend-source -noaltparam -nofpscomp   -c -o m_xomp.o m_xomp.F90
rm -f lib12_hide_mpi.a
ar rc lib12_hide_mpi.a m_xmpi.o m_xomp.o 
ranlib lib12_hide_mpi.a
make[3]: Leaving directory `/tigress/xingz/abinit-8.10.2/src/12_hide_mpi'
Making all in 14_hidewrite
make[3]: Entering directory `/tigress/xingz/abinit-8.10.2/src/14_hidewrite'
mpiifort -DHAVE_CONFIG_H -I. -I../..  -I../../src/12_hide_mpi -I../../src/12_hide_mpi -I../../src/11_memory_mpi -I../../src/11_memory_mpi -I../../src/10_defs -I../../src/10_defs -I../../src/incs -I../../src/incs -I/tigress/xingz/abinit-8.10.2/fallbacks/exports/include   -free -module /tigress/xingz/abinit-8.10.2/src/mods -O3 -g -extend-source -noaltparam -nofpscomp   -c -o m_fstrings.o m_fstrings.F90
mpiifort -DHAVE_CONFIG_H -I. -I../..  -I../../src/12_hide_mpi -I../../src/12_hide_mpi -I../../src/11_memory_mpi -I../../src/11_memory_mpi -I../../src/10_defs -I../../src/10_defs -I../../src/incs -I../../src/incs -I/tigress/xingz/abinit-8.10.2/fallbacks/exports/include   -free -module /tigress/xingz/abinit-8.10.2/src/mods -O3 -g -extend-source -noaltparam -nofpscomp   -c -o m_io_tools.o m_io_tools.F90
mpiifort -DHAVE_CONFIG_H -I. -I../..  -I../../src/12_hide_mpi -I../../src/12_hide_mpi -I../../src/11_memory_mpi -I../../src/11_memory_mpi -I../../src/10_defs -I../../src/10_defs -I../../src/incs -I../../src/incs -I/tigress/xingz/abinit-8.10.2/fallbacks/exports/include   -free -module /tigress/xingz/abinit-8.10.2/src/mods -O3 -g -extend-source -noaltparam -nofpscomp   -c -o m_specialmsg.o m_specialmsg.F90
mpiifort -DHAVE_CONFIG_H -I. -I../..  -I../../src/12_hide_mpi -I../../src/12_hide_mpi -I../../src/11_memory_mpi -I../../src/11_memory_mpi -I../../src/10_defs -I../../src/10_defs -I../../src/incs -I../../src/incs -I/tigress/xingz/abinit-8.10.2/fallbacks/exports/include   -free -module /tigress/xingz/abinit-8.10.2/src/mods -O3 -g -extend-source -noaltparam -nofpscomp   -c -o m_abicore.o m_abicore.F90
rm -f lib14_hidewrite.a
ar rc lib14_hidewrite.a m_fstrings.o m_io_tools.o m_specialmsg.o m_abicore.o 
ranlib lib14_hidewrite.a
make[3]: Leaving directory `/tigress/xingz/abinit-8.10.2/src/14_hidewrite'
Making all in 16_hideleave
make[3]: Entering directory `/tigress/xingz/abinit-8.10.2/src/16_hideleave'
mpiifort -DHAVE_CONFIG_H -I. -I../..  -I../../src/12_hide_mpi -I../../src/12_hide_mpi -I../../src/10_dumpinfo -I../../src/10_dumpinfo -I../../src/11_memory_mpi -I../../src/11_memory_mpi -I../../src/10_defs -I../../src/10_defs -I../../src/14_hidewrite -I../../src/14_hidewrite -I../../src/incs -I../../src/incs -I/tigress/xingz/abinit-8.10.2/fallbacks/exports/include   -free -module /tigress/xingz/abinit-8.10.2/src/mods -O3 -g -extend-source -noaltparam -nofpscomp   -c -o m_xieee.o m_xieee.F90
mpiifort -DHAVE_CONFIG_H -I. -I../..  -I../../src/12_hide_mpi -I../../src/12_hide_mpi -I../../src/10_dumpinfo -I../../src/10_dumpinfo -I../../src/11_memory_mpi -I../../src/11_memory_mpi -I../../src/10_defs -I../../src/10_defs -I../../src/14_hidewrite -I../../src/14_hidewrite -I../../src/incs -I../../src/incs -I/tigress/xingz/abinit-8.10.2/fallbacks/exports/include   -free -module /tigress/xingz/abinit-8.10.2/src/mods -O3 -g -extend-source -noaltparam -nofpscomp   -c -o m_errors.o m_errors.F90
rm -f lib16_hideleave.a
ar rc lib16_hideleave.a m_xieee.o m_errors.o 
ranlib lib16_hideleave.a
make[3]: Leaving directory `/tigress/xingz/abinit-8.10.2/src/16_hideleave'
Making all in 17_libtetra_ext
make[3]: Entering directory `/tigress/xingz/abinit-8.10.2/src/17_libtetra_ext'
mpiifort -DHAVE_CONFIG_H -I. -I../..  -I../../src/14_hidewrite -I../../src/14_hidewrite -I../../src/incs -I../../src/incs -I/tigress/xingz/abinit-8.10.2/fallbacks/exports/include   -free -module /tigress/xingz/abinit-8.10.2/src/mods -O3 -g -extend-source -noaltparam -nofpscomp   -c -o libtetrabz_common.o libtetrabz_common.F90
mpiifort -DHAVE_CONFIG_H -I. -I../..  -I../../src/14_hidewrite -I../../src/14_hidewrite -I../../src/incs -I../../src/incs -I/tigress/xingz/abinit-8.10.2/fallbacks/exports/include   -free -module /tigress/xingz/abinit-8.10.2/src/mods -O3 -g -extend-source -noaltparam -nofpscomp   -c -o libtetrabz_dbldelta_mod.o libtetrabz_dbldelta_mod.F90
mpiifort -DHAVE_CONFIG_H -I. -I../..  -I../../src/14_hidewrite -I../../src/14_hidewrite -I../../src/incs -I../../src/incs -I/tigress/xingz/abinit-8.10.2/fallbacks/exports/include   -free -module /tigress/xingz/abinit-8.10.2/src/mods -O3 -g -extend-source -noaltparam -nofpscomp   -c -o libtetrabz_dblstep_mod.o libtetrabz_dblstep_mod.F90
mpiifort -DHAVE_CONFIG_H -I. -I../..  -I../../src/14_hidewrite -I../../src/14_hidewrite -I../../src/incs -I../../src/incs -I/tigress/xingz/abinit-8.10.2/fallbacks/exports/include   -free -module /tigress/xingz/abinit-8.10.2/src/mods -O3 -g -extend-source -noaltparam -nofpscomp   -c -o libtetrabz_dos_mod.o libtetrabz_dos_mod.F90
mpiifort -DHAVE_CONFIG_H -I. -I../..  -I../../src/14_hidewrite -I../../src/14_hidewrite -I../../src/incs -I../../src/incs -I/tigress/xingz/abinit-8.10.2/fallbacks/exports/include   -free -module /tigress/xingz/abinit-8.10.2/src/mods -O3 -g -extend-source -noaltparam -nofpscomp   -c -o libtetrabz_fermigr_mod.o libtetrabz_fermigr_mod.F90
mpiifort -DHAVE_CONFIG_H -I. -I../..  -I../../src/14_hidewrite -I../../src/14_hidewrite -I../../src/incs -I../../src/incs -I/tigress/xingz/abinit-8.10.2/fallbacks/exports/include   -free -module /tigress/xingz/abinit-8.10.2/src/mods -O3 -g -extend-source -noaltparam -nofpscomp   -c -o libtetrabz_occ_mod.o libtetrabz_occ_mod.F90
mpiifort -DHAVE_CONFIG_H -I. -I../..  -I../../src/14_hidewrite -I../../src/14_hidewrite -I../../src/incs -I../../src/incs -I/tigress/xingz/abinit-8.10.2/fallbacks/exports/include   -free -module /tigress/xingz/abinit-8.10.2/src/mods -O3 -g -extend-source -noaltparam -nofpscomp   -c -o libtetrabz_polcmplx_mod.o libtetrabz_polcmplx_mod.F90
mpiifort -DHAVE_CONFIG_H -I. -I../..  -I../../src/14_hidewrite -I../../src/14_hidewrite -I../../src/incs -I../../src/incs -I/tigress/xingz/abinit-8.10.2/fallbacks/exports/include   -free -module /tigress/xingz/abinit-8.10.2/src/mods -O3 -g -extend-source -noaltparam -nofpscomp   -c -o libtetrabz_polstat_mod.o libtetrabz_polstat_mod.F90
mpiifort -DHAVE_CONFIG_H -I. -I../..  -I../../src/14_hidewrite -I../../src/14_hidewrite -I../../src/incs -I../../src/incs -I/tigress/xingz/abinit-8.10.2/fallbacks/exports/include   -free -module /tigress/xingz/abinit-8.10.2/src/mods -O3 -g -extend-source -noaltparam -nofpscomp   -c -o libtetrabz.o libtetrabz.F90
mpiifort -DHAVE_CONFIG_H -I. -I../..  -I../../src/14_hidewrite -I../../src/14_hidewrite -I../../src/incs -I../../src/incs -I/tigress/xingz/abinit-8.10.2/fallbacks/exports/include   -free -module /tigress/xingz/abinit-8.10.2/src/mods -O3 -g -extend-source -noaltparam -nofpscomp   -c -o m_kptrank.o m_kptrank.F90
mpiifort -DHAVE_CONFIG_H -I. -I../..  -I../../src/14_hidewrite -I../../src/14_hidewrite -I../../src/incs -I../../src/incs -I/tigress/xingz/abinit-8.10.2/fallbacks/exports/include   -free -module /tigress/xingz/abinit-8.10.2/src/mods -O3 -g -extend-source -noaltparam -nofpscomp   -c -o m_tetrahedron.o m_tetrahedron.F90
m_tetrahedron.F90(833): warning #6843: A dummy argument with an explicit INTENT(OUT) declaration is not given an explicit value.   [TWEIGHT]
&    max_occ,nene1,nene2,nkpt,tetra,tweight,dtweightde, ierr)
------------------------------------^
rm -f lib17_libtetra_ext.a
ar rc lib17_libtetra_ext.a libtetrabz.o libtetrabz_common.o libtetrabz_dbldelta_mod.o libtetrabz_dblstep_mod.o libtetrabz_dos_mod.o libtetrabz_fermigr_mod.o libtetrabz_occ_mod.o libtetrabz_polcmplx_mod.o libtetrabz_polstat_mod.o m_kptrank.o m_tetrahedron.o 
ranlib lib17_libtetra_ext.a
make[3]: Leaving directory `/tigress/xingz/abinit-8.10.2/src/17_libtetra_ext'
Making all in 18_timing
make[3]: Entering directory `/tigress/xingz/abinit-8.10.2/src/18_timing'
mpiifort -DHAVE_CONFIG_H -I. -I../..  -I../../src/10_defs -I../../src/10_defs -I../../src/16_hideleave -I../../src/16_hideleave -I../../src/14_hidewrite -I../../src/14_hidewrite -I../../src/incs -I../../src/incs -I/tigress/xingz/abinit-8.10.2/fallbacks/exports/include   -free -module /tigress/xingz/abinit-8.10.2/src/mods -O3 -g -extend-source -noaltparam -nofpscomp   -c -o m_xpapi.o m_xpapi.F90
m_xpapi.F90(229): warning #6843: A dummy argument with an explicit INTENT(OUT) declaration is not given an explicit value.   [REAL_TIME]
subroutine xpapi_flops(real_time,proc_time,flops,mflops,check)
-----------------------^
m_xpapi.F90(229): warning #6843: A dummy argument with an explicit INTENT(OUT) declaration is not given an explicit value.   [PROC_TIME]
subroutine xpapi_flops(real_time,proc_time,flops,mflops,check)
---------------------------------^
m_xpapi.F90(229): warning #6843: A dummy argument with an explicit INTENT(OUT) declaration is not given an explicit value.   [FLOPS]
subroutine xpapi_flops(real_time,proc_time,flops,mflops,check)
-------------------------------------------^
m_xpapi.F90(229): warning #6843: A dummy argument with an explicit INTENT(OUT) declaration is not given an explicit value.   [MFLOPS]
subroutine xpapi_flops(real_time,proc_time,flops,mflops,check)
-------------------------------------------------^
m_xpapi.F90(229): warning #6843: A dummy argument with an explicit INTENT(OUT) declaration is not given an explicit value.   [CHECK]
subroutine xpapi_flops(real_time,proc_time,flops,mflops,check)
--------------------------------------------------------^
mpiifort -DHAVE_CONFIG_H -I. -I../..  -I../../src/10_defs -I../../src/10_defs -I../../src/16_hideleave -I../../src/16_hideleave -I../../src/14_hidewrite -I../../src/14_hidewrite -I../../src/incs -I../../src/incs -I/tigress/xingz/abinit-8.10.2/fallbacks/exports/include   -free -module /tigress/xingz/abinit-8.10.2/src/mods -O3 -g -extend-source -noaltparam -nofpscomp   -c -o m_time.o m_time.F90
rm -f lib18_timing.a
ar rc lib18_timing.a m_xpapi.o m_time.o 
ranlib lib18_timing.a
make[3]: Leaving directory `/tigress/xingz/abinit-8.10.2/src/18_timing'
Making all in 21_hashfuncs
make[3]: Entering directory `/tigress/xingz/abinit-8.10.2/src/21_hashfuncs'
mpiifort -DHAVE_CONFIG_H -I. -I../..  -I../../src/10_defs -I../../src/10_defs -I../../src/14_hidewrite -I../../src/14_hidewrite -I../../src/incs -I../../src/incs -I/tigress/xingz/abinit-8.10.2/fallbacks/exports/include   -free -module /tigress/xingz/abinit-8.10.2/src/mods -O3 -g -extend-source -noaltparam -nofpscomp   -c -o m_hash_md5.o m_hash_md5.F90
rm -f lib21_hashfuncs.a
ar rc lib21_hashfuncs.a m_hash_md5.o 
ranlib lib21_hashfuncs.a
make[3]: Leaving directory `/tigress/xingz/abinit-8.10.2/src/21_hashfuncs'
Making all in 27_toolbox_oop
make[3]: Entering directory `/tigress/xingz/abinit-8.10.2/src/27_toolbox_oop'
mpiifort -DHAVE_CONFIG_H -I. -I../..  -I../../src/12_hide_mpi -I../../src/12_hide_mpi -I../../src/10_defs -I../../src/10_defs -I../../src/16_hideleave -I../../src/16_hideleave -I../../src/14_hidewrite -I../../src/14_hidewrite -I../../src/incs -I../../src/incs -I/tigress/xingz/abinit-8.10.2/fallbacks/exports/include   -free -module /tigress/xingz/abinit-8.10.2/src/mods -O3 -g -extend-source -noaltparam -nofpscomp   -c -o m_copy.o m_copy.F90
mpiifort -DHAVE_CONFIG_H -I. -I../..  -I../../src/12_hide_mpi -I../../src/12_hide_mpi -I../../src/10_defs -I../../src/10_defs -I../../src/16_hideleave -I../../src/16_hideleave -I../../src/14_hidewrite -I../../src/14_hidewrite -I../../src/incs -I../../src/incs -I/tigress/xingz/abinit-8.10.2/fallbacks/exports/include   -free -module /tigress/xingz/abinit-8.10.2/src/mods -O3 -g -extend-source -noaltparam -nofpscomp   -c -o m_iterators.o m_iterators.F90
mpiifort -DHAVE_CONFIG_H -I. -I../..  -I../../src/12_hide_mpi -I../../src/12_hide_mpi -I../../src/10_defs -I../../src/10_defs -I../../src/16_hideleave -I../../src/16_hideleave -I../../src/14_hidewrite -I../../src/14_hidewrite -I../../src/incs -I../../src/incs -I/tigress/xingz/abinit-8.10.2/fallbacks/exports/include   -free -module /tigress/xingz/abinit-8.10.2/src/mods -O3 -g -extend-source -noaltparam -nofpscomp   -c -o m_mpiotk.o m_mpiotk.F90
mpiifort -DHAVE_CONFIG_H -I. -I../..  -I../../src/12_hide_mpi -I../../src/12_hide_mpi -I../../src/10_defs -I../../src/10_defs -I../../src/16_hideleave -I../../src/16_hideleave -I../../src/14_hidewrite -I../../src/14_hidewrite -I../../src/incs -I../../src/incs -I/tigress/xingz/abinit-8.10.2/fallbacks/exports/include   -free -module /tigress/xingz/abinit-8.10.2/src/mods -O3 -g -extend-source -noaltparam -nofpscomp   -c -o m_nctk.o m_nctk.F90
rm -f lib27_toolbox_oop.a
ar rc lib27_toolbox_oop.a m_copy.o m_iterators.o m_mpiotk.o m_nctk.o 
ranlib lib27_toolbox_oop.a
make[3]: Leaving directory `/tigress/xingz/abinit-8.10.2/src/27_toolbox_oop'
Making all in 28_numeric_noabirule
make[3]: Entering directory `/tigress/xingz/abinit-8.10.2/src/28_numeric_noabirule'
mpiifort -DHAVE_CONFIG_H -I. -I../..  -I../../src/16_hideleave -I../../src/16_hideleave -I../../src/27_toolbox_oop -I../../src/27_toolbox_oop -I../../src/18_timing -I../../src/18_timing -I../../src/12_hide_mpi -I../../src/12_hide_mpi -I../../src/10_defs -I../../src/10_defs -I../../src/14_hidewrite -I../../src/14_hidewrite -I../../src/incs -I../../src/incs -I/tigress/xingz/abinit-8.10.2/fallbacks/exports/include   -free -module /tigress/xingz/abinit-8.10.2/src/mods -O3 -g -extend-source -noaltparam -nofpscomp   -c -o m_lib_four.o m_lib_four.F90
mpiifort -DHAVE_CONFIG_H -I. -I../..  -I../../src/16_hideleave -I../../src/16_hideleave -I../../src/27_toolbox_oop -I../../src/27_toolbox_oop -I../../src/18_timing -I../../src/18_timing -I../../src/12_hide_mpi -I../../src/12_hide_mpi -I../../src/10_defs -I../../src/10_defs -I../../src/14_hidewrite -I../../src/14_hidewrite -I../../src/incs -I../../src/incs -I/tigress/xingz/abinit-8.10.2/fallbacks/exports/include   -free -module /tigress/xingz/abinit-8.10.2/src/mods -O3 -g -extend-source -noaltparam -nofpscomp   -c -o m_elpa.o m_elpa.F90
mpiifort -DHAVE_CONFIG_H -I. -I../..  -I../../src/16_hideleave -I../../src/16_hideleave -I../../src/27_toolbox_oop -I../../src/27_toolbox_oop -I../../src/18_timing -I../../src/18_timing -I../../src/12_hide_mpi -I../../src/12_hide_mpi -I../../src/10_defs -I../../src/10_defs -I../../src/14_hidewrite -I../../src/14_hidewrite -I../../src/incs -I../../src/incs -I/tigress/xingz/abinit-8.10.2/fallbacks/exports/include   -free -module /tigress/xingz/abinit-8.10.2/src/mods -O3 -g -extend-source -noaltparam -nofpscomp   -c -o m_linalg_interfaces.o m_linalg_interfaces.F90
mpiifort -DHAVE_CONFIG_H -I. -I../..  -I../../src/16_hideleave -I../../src/16_hideleave -I../../src/27_toolbox_oop -I../../src/27_toolbox_oop -I../../src/18_timing -I../../src/18_timing -I../../src/12_hide_mpi -I../../src/12_hide_mpi -I../../src/10_defs -I../../src/10_defs -I../../src/14_hidewrite -I../../src/14_hidewrite -I../../src/incs -I../../src/incs -I/tigress/xingz/abinit-8.10.2/fallbacks/exports/include   -free -module /tigress/xingz/abinit-8.10.2/src/mods -O3 -g -extend-source -noaltparam -nofpscomp   -c -o m_numeric_tools.o m_numeric_tools.F90
mpiifort -DHAVE_CONFIG_H -I. -I../..  -I../../src/16_hideleave -I../../src/16_hideleave -I../../src/27_toolbox_oop -I../../src/27_toolbox_oop -I../../src/18_timing -I../../src/18_timing -I../../src/12_hide_mpi -I../../src/12_hide_mpi -I../../src/10_defs -I../../src/10_defs -I../../src/14_hidewrite -I../../src/14_hidewrite -I../../src/incs -I../../src/incs -I/tigress/xingz/abinit-8.10.2/fallbacks/exports/include   -free -module /tigress/xingz/abinit-8.10.2/src/mods -O3 -g -extend-source -noaltparam -nofpscomp   -c -o m_slk.o m_slk.F90
mpiifort -DHAVE_CONFIG_H -I. -I../..  -I../../src/16_hideleave -I../../src/16_hideleave -I../../src/27_toolbox_oop -I../../src/27_toolbox_oop -I../../src/18_timing -I../../src/18_timing -I../../src/12_hide_mpi -I../../src/12_hide_mpi -I../../src/10_defs -I../../src/10_defs -I../../src/14_hidewrite -I../../src/14_hidewrite -I../../src/incs -I../../src/incs -I/tigress/xingz/abinit-8.10.2/fallbacks/exports/include   -free -module /tigress/xingz/abinit-8.10.2/src/mods -O3 -g -extend-source -noaltparam -nofpscomp   -c -o m_abi_linalg.o m_abi_linalg.F90
mpiifort -DHAVE_CONFIG_H -I. -I../..  -I../../src/16_hideleave -I../../src/16_hideleave -I../../src/27_toolbox_oop -I../../src/27_toolbox_oop -I../../src/18_timing -I../../src/18_timing -I../../src/12_hide_mpi -I../../src/12_hide_mpi -I../../src/10_defs -I../../src/10_defs -I../../src/14_hidewrite -I../../src/14_hidewrite -I../../src/incs -I../../src/incs -I/tigress/xingz/abinit-8.10.2/fallbacks/exports/include   -free -module /tigress/xingz/abinit-8.10.2/src/mods -O3 -g -extend-source -noaltparam -nofpscomp   -c -o m_array.o m_array.F90
mpiifort -DHAVE_CONFIG_H -I. -I../..  -I../../src/16_hideleave -I../../src/16_hideleave -I../../src/27_toolbox_oop -I../../src/27_toolbox_oop -I../../src/18_timing -I../../src/18_timing -I../../src/12_hide_mpi -I../../src/12_hide_mpi -I../../src/10_defs -I../../src/10_defs -I../../src/14_hidewrite -I../../src/14_hidewrite -I../../src/incs -I../../src/incs -I/tigress/xingz/abinit-8.10.2/fallbacks/exports/include   -free -module /tigress/xingz/abinit-8.10.2/src/mods -O3 -g -extend-source -noaltparam -nofpscomp   -c -o m_bessel.o m_bessel.F90
mpiifort -DHAVE_CONFIG_H -I. -I../..  -I../../src/16_hideleave -I../../src/16_hideleave -I../../src/27_toolbox_oop -I../../src/27_toolbox_oop -I../../src/18_timing -I../../src/18_timing -I../../src/12_hide_mpi -I../../src/12_hide_mpi -I../../src/10_defs -I../../src/10_defs -I../../src/14_hidewrite -I../../src/14_hidewrite -I../../src/incs -I../../src/incs -I/tigress/xingz/abinit-8.10.2/fallbacks/exports/include   -free -module /tigress/xingz/abinit-8.10.2/src/mods -O3 -g -extend-source -noaltparam -nofpscomp   -c -o m_cplxtools.o m_cplxtools.F90
mpiifort -DHAVE_CONFIG_H -I. -I../..  -I../../src/16_hideleave -I../../src/16_hideleave -I../../src/27_toolbox_oop -I../../src/27_toolbox_oop -I../../src/18_timing -I../../src/18_timing -I../../src/12_hide_mpi -I../../src/12_hide_mpi -I../../src/10_defs -I../../src/10_defs -I../../src/14_hidewrite -I../../src/14_hidewrite -I../../src/incs -I../../src/incs -I/tigress/xingz/abinit-8.10.2/fallbacks/exports/include   -free -module /tigress/xingz/abinit-8.10.2/src/mods -O3 -g -extend-source -noaltparam -nofpscomp   -c -o m_bspline.o m_bspline.F90
mpiifort -DHAVE_CONFIG_H -I. -I../..  -I../../src/16_hideleave -I../../src/16_hideleave -I../../src/27_toolbox_oop -I../../src/27_toolbox_oop -I../../src/18_timing -I../../src/18_timing -I../../src/12_hide_mpi -I../../src/12_hide_mpi -I../../src/10_defs -I../../src/10_defs -I../../src/14_hidewrite -I../../src/14_hidewrite -I../../src/incs -I../../src/incs -I/tigress/xingz/abinit-8.10.2/fallbacks/exports/include   -free -module /tigress/xingz/abinit-8.10.2/src/mods -O3 -g -extend-source -noaltparam -nofpscomp   -c -o m_gaussian_quadrature.o m_gaussian_quadrature.F90
mpiifort -DHAVE_CONFIG_H -I. -I../..  -I../../src/16_hideleave -I../../src/16_hideleave -I../../src/27_toolbox_oop -I../../src/27_toolbox_oop -I../../src/18_timing -I../../src/18_timing -I../../src/12_hide_mpi -I../../src/12_hide_mpi -I../../src/10_defs -I../../src/10_defs -I../../src/14_hidewrite -I../../src/14_hidewrite -I../../src/incs -I../../src/incs -I/tigress/xingz/abinit-8.10.2/fallbacks/exports/include   -free -module /tigress/xingz/abinit-8.10.2/src/mods -O3 -g -extend-source -noaltparam -nofpscomp   -c -o m_hide_blas.o m_hide_blas.F90
mpiifort -DHAVE_CONFIG_H -I. -I../..  -I../../src/16_hideleave -I../../src/16_hideleave -I../../src/27_toolbox_oop -I../../src/27_toolbox_oop -I../../src/18_timing -I../../src/18_timing -I../../src/12_hide_mpi -I../../src/12_hide_mpi -I../../src/10_defs -I../../src/10_defs -I../../src/14_hidewrite -I../../src/14_hidewrite -I../../src/incs -I../../src/incs -I/tigress/xingz/abinit-8.10.2/fallbacks/exports/include   -free -module /tigress/xingz/abinit-8.10.2/src/mods -O3 -g -extend-source -noaltparam -nofpscomp   -c -o m_hide_lapack.o m_hide_lapack.F90
mpiifort -DHAVE_CONFIG_H -I. -I../..  -I../../src/16_hideleave -I../../src/16_hideleave -I../../src/27_toolbox_oop -I../../src/27_toolbox_oop -I../../src/18_timing -I../../src/18_timing -I../../src/12_hide_mpi -I../../src/12_hide_mpi -I../../src/10_defs -I../../src/10_defs -I../../src/14_hidewrite -I../../src/14_hidewrite -I../../src/incs -I../../src/incs -I/tigress/xingz/abinit-8.10.2/fallbacks/exports/include   -free -module /tigress/xingz/abinit-8.10.2/src/mods -O3 -g -extend-source -noaltparam -nofpscomp   -c -o m_lebedev.o m_lebedev.F90
mpiifort -DHAVE_CONFIG_H -I. -I../..  -I../../src/16_hideleave -I../../src/16_hideleave -I../../src/27_toolbox_oop -I../../src/27_toolbox_oop -I../../src/18_timing -I../../src/18_timing -I../../src/12_hide_mpi -I../../src/12_hide_mpi -I../../src/10_defs -I../../src/10_defs -I../../src/14_hidewrite -I../../src/14_hidewrite -I../../src/incs -I../../src/incs -I/tigress/xingz/abinit-8.10.2/fallbacks/exports/include   -free -module /tigress/xingz/abinit-8.10.2/src/mods -O3 -g -extend-source -noaltparam -nofpscomp   -c -o m_levenberg_marquardt.o m_levenberg_marquardt.F90
mpiifort -DHAVE_CONFIG_H -I. -I../..  -I../../src/16_hideleave -I../../src/16_hideleave -I../../src/27_toolbox_oop -I../../src/27_toolbox_oop -I../../src/18_timing -I../../src/18_timing -I../../src/12_hide_mpi -I../../src/12_hide_mpi -I../../src/10_defs -I../../src/10_defs -I../../src/14_hidewrite -I../../src/14_hidewrite -I../../src/incs -I../../src/incs -I/tigress/xingz/abinit-8.10.2/fallbacks/exports/include   -free -module /tigress/xingz/abinit-8.10.2/src/mods -O3 -g -extend-source -noaltparam -nofpscomp   -c -o m_per_cond.o m_per_cond.F90
mpiifort -DHAVE_CONFIG_H -I. -I../..  -I../../src/16_hideleave -I../../src/16_hideleave -I../../src/27_toolbox_oop -I../../src/27_toolbox_oop -I../../src/18_timing -I../../src/18_timing -I../../src/12_hide_mpi -I../../src/12_hide_mpi -I../../src/10_defs -I../../src/10_defs -I../../src/14_hidewrite -I../../src/14_hidewrite -I../../src/incs -I../../src/incs -I/tigress/xingz/abinit-8.10.2/fallbacks/exports/include   -free -module /tigress/xingz/abinit-8.10.2/src/mods -O3 -g -extend-source -noaltparam -nofpscomp   -c -o m_random_zbq.o m_random_zbq.F90
mpiifort -DHAVE_CONFIG_H -I. -I../..  -I../../src/16_hideleave -I../../src/16_hideleave -I../../src/27_toolbox_oop -I../../src/27_toolbox_oop -I../../src/18_timing -I../../src/18_timing -I../../src/12_hide_mpi -I../../src/12_hide_mpi -I../../src/10_defs -I../../src/10_defs -I../../src/14_hidewrite -I../../src/14_hidewrite -I../../src/incs -I../../src/incs -I/tigress/xingz/abinit-8.10.2/fallbacks/exports/include   -free -module /tigress/xingz/abinit-8.10.2/src/mods -O3 -g -extend-source -noaltparam -nofpscomp   -c -o m_sort.o m_sort.F90
mpiifort -DHAVE_CONFIG_H -I. -I../..  -I../../src/16_hideleave -I../../src/16_hideleave -I../../src/27_toolbox_oop -I../../src/27_toolbox_oop -I../../src/18_timing -I../../src/18_timing -I../../src/12_hide_mpi -I../../src/12_hide_mpi -I../../src/10_defs -I../../src/10_defs -I../../src/14_hidewrite -I../../src/14_hidewrite -I../../src/incs -I../../src/incs -I/tigress/xingz/abinit-8.10.2/fallbacks/exports/include   -free -module /tigress/xingz/abinit-8.10.2/src/mods -O3 -g -extend-source -noaltparam -nofpscomp   -c -o m_splines.o m_splines.F90
rm -f lib28_numeric_noabirule.a
ar rc lib28_numeric_noabirule.a m_lib_four.o m_abi_linalg.o m_array.o m_bessel.o m_cplxtools.o m_bspline.o m_elpa.o m_gaussian_quadrature.o m_hide_blas.o m_hide_lapack.o m_lebedev.o m_levenberg_marquardt.o m_linalg_interfaces.o m_numeric_tools.o m_per_cond.o m_random_zbq.o m_slk.o m_sort.o m_splines.o 
ranlib lib28_numeric_noabirule.a
make[3]: Leaving directory `/tigress/xingz/abinit-8.10.2/src/28_numeric_noabirule'
Making all in 29_kpoints
make[3]: Entering directory `/tigress/xingz/abinit-8.10.2/src/29_kpoints'
mpiifort -DHAVE_CONFIG_H -I. -I../..  -I../../src/16_hideleave -I../../src/16_hideleave -I../../src/28_numeric_noabirule -I../../src/28_numeric_noabirule -I../../src/10_defs -I../../src/10_defs -I../../src/14_hidewrite -I../../src/14_hidewrite -I../../src/incs -I../../src/incs -I/tigress/xingz/abinit-8.10.2/fallbacks/exports/include   -free -module /tigress/xingz/abinit-8.10.2/src/mods -O3 -g -extend-source -noaltparam -nofpscomp   -c -o m_symkpt.o m_symkpt.F90
rm -f lib29_kpoints.a
ar rc lib29_kpoints.a m_symkpt.o 
ranlib lib29_kpoints.a
make[3]: Leaving directory `/tigress/xingz/abinit-8.10.2/src/29_kpoints'
Making all in 32_util
make[3]: Entering directory `/tigress/xingz/abinit-8.10.2/src/32_util'
mpiifort -DHAVE_CONFIG_H -I. -I../..  -I../../src/17_libtetra_ext -I../../src/17_libtetra_ext -I../../src/16_hideleave -I../../src/16_hideleave -I../../src/10_defs -I../../src/10_defs -I../../src/14_hidewrite -I../../src/14_hidewrite -I../../src/28_numeric_noabirule -I../../src/28_numeric_noabirule -I../../src/incs -I../../src/incs -I/tigress/xingz/abinit-8.10.2/fallbacks/exports/include   -free -module /tigress/xingz/abinit-8.10.2/src/mods -O3 -g -extend-source -noaltparam -nofpscomp   -c -o m_atomdata.o m_atomdata.F90
mpiifort -DHAVE_CONFIG_H -I. -I../..  -I../../src/17_libtetra_ext -I../../src/17_libtetra_ext -I../../src/16_hideleave -I../../src/16_hideleave -I../../src/10_defs -I../../src/10_defs -I../../src/14_hidewrite -I../../src/14_hidewrite -I../../src/28_numeric_noabirule -I../../src/28_numeric_noabirule -I../../src/incs -I../../src/incs -I/tigress/xingz/abinit-8.10.2/fallbacks/exports/include   -free -module /tigress/xingz/abinit-8.10.2/src/mods -O3 -g -extend-source -noaltparam -nofpscomp   -c -o m_dummy.o m_dummy.F90
mpiifort -DHAVE_CONFIG_H -I. -I../..  -I../../src/17_libtetra_ext -I../../src/17_libtetra_ext -I../../src/16_hideleave -I../../src/16_hideleave -I../../src/10_defs -I../../src/10_defs -I../../src/14_hidewrite -I../../src/14_hidewrite -I../../src/28_numeric_noabirule -I../../src/28_numeric_noabirule -I../../src/incs -I../../src/incs -I/tigress/xingz/abinit-8.10.2/fallbacks/exports/include   -free -module /tigress/xingz/abinit-8.10.2/src/mods -O3 -g -extend-source -noaltparam -nofpscomp   -c -o m_exp_mat.o m_exp_mat.F90
mpiifort -DHAVE_CONFIG_H -I. -I../..  -I../../src/17_libtetra_ext -I../../src/17_libtetra_ext -I../../src/16_hideleave -I../../src/16_hideleave -I../../src/10_defs -I../../src/10_defs -I../../src/14_hidewrite -I../../src/14_hidewrite -I../../src/28_numeric_noabirule -I../../src/28_numeric_noabirule -I../../src/incs -I../../src/incs -I/tigress/xingz/abinit-8.10.2/fallbacks/exports/include   -free -module /tigress/xingz/abinit-8.10.2/src/mods -O3 -g -extend-source -noaltparam -nofpscomp   -c -o m_matrix.o m_matrix.F90
mpiifort -DHAVE_CONFIG_H -I. -I../..  -I../../src/17_libtetra_ext -I../../src/17_libtetra_ext -I../../src/16_hideleave -I../../src/16_hideleave -I../../src/10_defs -I../../src/10_defs -I../../src/14_hidewrite -I../../src/14_hidewrite -I../../src/28_numeric_noabirule -I../../src/28_numeric_noabirule -I../../src/incs -I../../src/incs -I/tigress/xingz/abinit-8.10.2/fallbacks/exports/include   -free -module /tigress/xingz/abinit-8.10.2/src/mods -O3 -g -extend-source -noaltparam -nofpscomp   -c -o m_pptools.o m_pptools.F90
mpiifort -DHAVE_CONFIG_H -I. -I../..  -I../../src/17_libtetra_ext -I../../src/17_libtetra_ext -I../../src/16_hideleave -I../../src/16_hideleave -I../../src/10_defs -I../../src/10_defs -I../../src/14_hidewrite -I../../src/14_hidewrite -I../../src/28_numeric_noabirule -I../../src/28_numeric_noabirule -I../../src/incs -I../../src/incs -I/tigress/xingz/abinit-8.10.2/fallbacks/exports/include   -free -module /tigress/xingz/abinit-8.10.2/src/mods -O3 -g -extend-source -noaltparam -nofpscomp   -c -o m_special_funcs.o m_special_funcs.F90
mpiifort -DHAVE_CONFIG_H -I. -I../..  -I../../src/17_libtetra_ext -I../../src/17_libtetra_ext -I../../src/16_hideleave -I../../src/16_hideleave -I../../src/10_defs -I../../src/10_defs -I../../src/14_hidewrite -I../../src/14_hidewrite -I../../src/28_numeric_noabirule -I../../src/28_numeric_noabirule -I../../src/incs -I../../src/incs -I/tigress/xingz/abinit-8.10.2/fallbacks/exports/include   -free -module /tigress/xingz/abinit-8.10.2/src/mods -O3 -g -extend-source -noaltparam -nofpscomp   -c -o m_symtk.o m_symtk.F90
mpiifort -DHAVE_CONFIG_H -I. -I../..  -I../../src/17_libtetra_ext -I../../src/17_libtetra_ext -I../../src/16_hideleave -I../../src/16_hideleave -I../../src/10_defs -I../../src/10_defs -I../../src/14_hidewrite -I../../src/14_hidewrite -I../../src/28_numeric_noabirule -I../../src/28_numeric_noabirule -I../../src/incs -I../../src/incs -I/tigress/xingz/abinit-8.10.2/fallbacks/exports/include   -free -module /tigress/xingz/abinit-8.10.2/src/mods -O3 -g -extend-source -noaltparam -nofpscomp   -c -o m_integrals.o m_integrals.F90
rm -f lib32_util.a
ar rc lib32_util.a m_atomdata.o m_dummy.o m_exp_mat.o m_matrix.o m_pptools.o m_special_funcs.o m_symtk.o m_integrals.o 
ranlib lib32_util.a
make[3]: Leaving directory `/tigress/xingz/abinit-8.10.2/src/32_util'
Making all in 41_geometry
make[3]: Entering directory `/tigress/xingz/abinit-8.10.2/src/41_geometry'
mpiifort -DHAVE_CONFIG_H -I. -I../..  -I../../src/16_hideleave -I../../src/16_hideleave -I../../src/32_util -I../../src/32_util -I../../src/28_numeric_noabirule -I../../src/28_numeric_noabirule -I../../src/18_timing -I../../src/18_timing -I../../src/10_defs -I../../src/10_defs -I../../src/14_hidewrite -I../../src/14_hidewrite -I../../src/27_toolbox_oop -I../../src/27_toolbox_oop -I../../src/incs -I../../src/incs -I/tigress/xingz/abinit-8.10.2/fallbacks/exports/include   -free -module /tigress/xingz/abinit-8.10.2/src/mods -O3 -g -extend-source -noaltparam -nofpscomp   -c -o m_geometry.o m_geometry.F90
mpiifort -DHAVE_CONFIG_H -I. -I../..  -I../../src/16_hideleave -I../../src/16_hideleave -I../../src/32_util -I../../src/32_util -I../../src/28_numeric_noabirule -I../../src/28_numeric_noabirule -I../../src/18_timing -I../../src/18_timing -I../../src/10_defs -I../../src/10_defs -I../../src/14_hidewrite -I../../src/14_hidewrite -I../../src/27_toolbox_oop -I../../src/27_toolbox_oop -I../../src/incs -I../../src/incs -I/tigress/xingz/abinit-8.10.2/fallbacks/exports/include   -free -module /tigress/xingz/abinit-8.10.2/src/mods -O3 -g -extend-source -noaltparam -nofpscomp   -c -o m_spgdata.o m_spgdata.F90
mpiifort -DHAVE_CONFIG_H -I. -I../..  -I../../src/16_hideleave -I../../src/16_hideleave -I../../src/32_util -I../../src/32_util -I../../src/28_numeric_noabirule -I../../src/28_numeric_noabirule -I../../src/18_timing -I../../src/18_timing -I../../src/10_defs -I../../src/10_defs -I../../src/14_hidewrite -I../../src/14_hidewrite -I../../src/27_toolbox_oop -I../../src/27_toolbox_oop -I../../src/incs -I../../src/incs -I/tigress/xingz/abinit-8.10.2/fallbacks/exports/include   -free -module /tigress/xingz/abinit-8.10.2/src/mods -O3 -g -extend-source -noaltparam -nofpscomp   -c -o m_symsg.o m_symsg.F90
mpiifort -DHAVE_CONFIG_H -I. -I../..  -I../../src/16_hideleave -I../../src/16_hideleave -I../../src/32_util -I../../src/32_util -I../../src/28_numeric_noabirule -I../../src/28_numeric_noabirule -I../../src/18_timing -I../../src/18_timing -I../../src/10_defs -I../../src/10_defs -I../../src/14_hidewrite -I../../src/14_hidewrite -I../../src/27_toolbox_oop -I../../src/27_toolbox_oop -I../../src/incs -I../../src/incs -I/tigress/xingz/abinit-8.10.2/fallbacks/exports/include   -free -module /tigress/xingz/abinit-8.10.2/src/mods -O3 -g -extend-source -noaltparam -nofpscomp   -c -o m_spgbuilder.o m_spgbuilder.F90
mpiifort -DHAVE_CONFIG_H -I. -I../..  -I../../src/16_hideleave -I../../src/16_hideleave -I../../src/32_util -I../../src/32_util -I../../src/28_numeric_noabirule -I../../src/28_numeric_noabirule -I../../src/18_timing -I../../src/18_timing -I../../src/10_defs -I../../src/10_defs -I../../src/14_hidewrite -I../../src/14_hidewrite -I../../src/27_toolbox_oop -I../../src/27_toolbox_oop -I../../src/incs -I../../src/incs -I/tigress/xingz/abinit-8.10.2/fallbacks/exports/include   -free -module /tigress/xingz/abinit-8.10.2/src/mods -O3 -g -extend-source -noaltparam -nofpscomp   -c -o m_symlist.o m_symlist.F90
mpiifort -DHAVE_CONFIG_H -I. -I../..  -I../../src/16_hideleave -I../../src/16_hideleave -I../../src/32_util -I../../src/32_util -I../../src/28_numeric_noabirule -I../../src/28_numeric_noabirule -I../../src/18_timing -I../../src/18_timing -I../../src/10_defs -I../../src/10_defs -I../../src/14_hidewrite -I../../src/14_hidewrite -I../../src/27_toolbox_oop -I../../src/27_toolbox_oop -I../../src/incs -I../../src/incs -I/tigress/xingz/abinit-8.10.2/fallbacks/exports/include   -free -module /tigress/xingz/abinit-8.10.2/src/mods -O3 -g -extend-source -noaltparam -nofpscomp   -c -o m_symfind.o m_symfind.F90
mpiifort -DHAVE_CONFIG_H -I. -I../..  -I../../src/16_hideleave -I../../src/16_hideleave -I../../src/32_util -I../../src/32_util -I../../src/28_numeric_noabirule -I../../src/28_numeric_noabirule -I../../src/18_timing -I../../src/18_timing -I../../src/10_defs -I../../src/10_defs -I../../src/14_hidewrite -I../../src/14_hidewrite -I../../src/27_toolbox_oop -I../../src/27_toolbox_oop -I../../src/incs -I../../src/incs -I/tigress/xingz/abinit-8.10.2/fallbacks/exports/include   -free -module /tigress/xingz/abinit-8.10.2/src/mods -O3 -g -extend-source -noaltparam -nofpscomp   -c -o m_ab7_symmetry.o m_ab7_symmetry.F90
mpiifort -DHAVE_CONFIG_H -I. -I../..  -I../../src/16_hideleave -I../../src/16_hideleave -I../../src/32_util -I../../src/32_util -I../../src/28_numeric_noabirule -I../../src/28_numeric_noabirule -I../../src/18_timing -I../../src/18_timing -I../../src/10_defs -I../../src/10_defs -I../../src/14_hidewrite -I../../src/14_hidewrite -I../../src/27_toolbox_oop -I../../src/27_toolbox_oop -I../../src/incs -I../../src/incs -I/tigress/xingz/abinit-8.10.2/fallbacks/exports/include   -free -module /tigress/xingz/abinit-8.10.2/src/mods -O3 -g -extend-source -noaltparam -nofpscomp   -c -o m_crystal.o m_crystal.F90
mpiifort -DHAVE_CONFIG_H -I. -I../..  -I../../src/16_hideleave -I../../src/16_hideleave -I../../src/32_util -I../../src/32_util -I../../src/28_numeric_noabirule -I../../src/28_numeric_noabirule -I../../src/18_timing -I../../src/18_timing -I../../src/10_defs -I../../src/10_defs -I../../src/14_hidewrite -I../../src/14_hidewrite -I../../src/27_toolbox_oop -I../../src/27_toolbox_oop -I../../src/incs -I../../src/incs -I/tigress/xingz/abinit-8.10.2/fallbacks/exports/include   -free -module /tigress/xingz/abinit-8.10.2/src/mods -O3 -g -extend-source -noaltparam -nofpscomp   -c -o m_ewald.o m_ewald.F90
mpiifort -DHAVE_CONFIG_H -I. -I../..  -I../../src/16_hideleave -I../../src/16_hideleave -I../../src/32_util -I../../src/32_util -I../../src/28_numeric_noabirule -I../../src/28_numeric_noabirule -I../../src/18_timing -I../../src/18_timing -I../../src/10_defs -I../../src/10_defs -I../../src/14_hidewrite -I../../src/14_hidewrite -I../../src/27_toolbox_oop -I../../src/27_toolbox_oop -I../../src/incs -I../../src/incs -I/tigress/xingz/abinit-8.10.2/fallbacks/exports/include   -free -module /tigress/xingz/abinit-8.10.2/src/mods -O3 -g -extend-source -noaltparam -nofpscomp   -c -o m_supercell.o m_supercell.F90
rm -f lib41_geometry.a
ar rc lib41_geometry.a m_spgdata.o m_spgbuilder.o m_ab7_symmetry.o m_crystal.o m_ewald.o m_geometry.o m_supercell.o m_symlist.o m_symsg.o m_symfind.o 
ranlib lib41_geometry.a
make[3]: Leaving directory `/tigress/xingz/abinit-8.10.2/src/41_geometry'
Making all in 41_xc_lowlevel
make[3]: Entering directory `/tigress/xingz/abinit-8.10.2/src/41_xc_lowlevel'
mpiicc -DHAVE_CONFIG_H -I. -I../..  -I../../src/16_hideleave -I../../src/16_hideleave -I../../src/10_defs -I../../src/10_defs -I../../src/14_hidewrite -I../../src/14_hidewrite -I../../src/28_numeric_noabirule -I../../src/28_numeric_noabirule -I../../src/incs -I../../src/incs -I/tigress/xingz/abinit-8.10.2/fallbacks/exports/include -I/tigress/xingz/abinit-8.10.2/fallbacks/exports/include    -g -O2 -vec-report0  -MT libxc_tools.o -MD -MP -MF .deps/libxc_tools.Tpo -c -o libxc_tools.o libxc_tools.c
icc: command line remark #10148: option '-vec-report0' not supported
mv -f .deps/libxc_tools.Tpo .deps/libxc_tools.Po
mpiifort -DHAVE_CONFIG_H -I. -I../..  -I../../src/16_hideleave -I../../src/16_hideleave -I../../src/10_defs -I../../src/10_defs -I../../src/14_hidewrite -I../../src/14_hidewrite -I../../src/28_numeric_noabirule -I../../src/28_numeric_noabirule -I../../src/incs -I../../src/incs -I/tigress/xingz/abinit-8.10.2/fallbacks/exports/include -I/tigress/xingz/abinit-8.10.2/fallbacks/exports/include   -free -module /tigress/xingz/abinit-8.10.2/src/mods -O3 -g -extend-source -noaltparam -nofpscomp   -c -o m_libxc_functionals.o m_libxc_functionals.F90
mpiifort -DHAVE_CONFIG_H -I. -I../..  -I../../src/16_hideleave -I../../src/16_hideleave -I../../src/10_defs -I../../src/10_defs -I../../src/14_hidewrite -I../../src/14_hidewrite -I../../src/28_numeric_noabirule -I../../src/28_numeric_noabirule -I../../src/incs -I../../src/incs -I/tigress/xingz/abinit-8.10.2/fallbacks/exports/include -I/tigress/xingz/abinit-8.10.2/fallbacks/exports/include   -free -module /tigress/xingz/abinit-8.10.2/src/mods -O3 -g -extend-source -noaltparam -nofpscomp   -c -o m_xchcth.o m_xchcth.F90
mpiifort -DHAVE_CONFIG_H -I. -I../..  -I../../src/16_hideleave -I../../src/16_hideleave -I../../src/10_defs -I../../src/10_defs -I../../src/14_hidewrite -I../../src/14_hidewrite -I../../src/28_numeric_noabirule -I../../src/28_numeric_noabirule -I../../src/incs -I../../src/incs -I/tigress/xingz/abinit-8.10.2/fallbacks/exports/include -I/tigress/xingz/abinit-8.10.2/fallbacks/exports/include   -free -module /tigress/xingz/abinit-8.10.2/src/mods -O3 -g -extend-source -noaltparam -nofpscomp   -c -o m_xciit.o m_xciit.F90
mpiifort -DHAVE_CONFIG_H -I. -I../..  -I../../src/16_hideleave -I../../src/16_hideleave -I../../src/10_defs -I../../src/10_defs -I../../src/14_hidewrite -I../../src/14_hidewrite -I../../src/28_numeric_noabirule -I../../src/28_numeric_noabirule -I../../src/incs -I../../src/incs -I/tigress/xingz/abinit-8.10.2/fallbacks/exports/include -I/tigress/xingz/abinit-8.10.2/fallbacks/exports/include   -free -module /tigress/xingz/abinit-8.10.2/src/mods -O3 -g -extend-source -noaltparam -nofpscomp   -c -o m_xclda.o m_xclda.F90
mpiifort -DHAVE_CONFIG_H -I. -I../..  -I../../src/16_hideleave -I../../src/16_hideleave -I../../src/10_defs -I../../src/10_defs -I../../src/14_hidewrite -I../../src/14_hidewrite -I../../src/28_numeric_noabirule -I../../src/28_numeric_noabirule -I../../src/incs -I../../src/incs -I/tigress/xingz/abinit-8.10.2/fallbacks/exports/include -I/tigress/xingz/abinit-8.10.2/fallbacks/exports/include   -free -module /tigress/xingz/abinit-8.10.2/src/mods -O3 -g -extend-source -noaltparam -nofpscomp   -c -o m_xcpbe.o m_xcpbe.F90
mpiifort -DHAVE_CONFIG_H -I. -I../..  -I../../src/16_hideleave -I../../src/16_hideleave -I../../src/10_defs -I../../src/10_defs -I../../src/14_hidewrite -I../../src/14_hidewrite -I../../src/28_numeric_noabirule -I../../src/28_numeric_noabirule -I../../src/incs -I../../src/incs -I/tigress/xingz/abinit-8.10.2/fallbacks/exports/include -I/tigress/xingz/abinit-8.10.2/fallbacks/exports/include   -free -module /tigress/xingz/abinit-8.10.2/src/mods -O3 -g -extend-source -noaltparam -nofpscomp   -c -o m_drivexc.o m_drivexc.F90
mpiifort -DHAVE_CONFIG_H -I. -I../..  -I../../src/16_hideleave -I../../src/16_hideleave -I../../src/10_defs -I../../src/10_defs -I../../src/14_hidewrite -I../../src/14_hidewrite -I../../src/28_numeric_noabirule -I../../src/28_numeric_noabirule -I../../src/incs -I../../src/incs -I/tigress/xingz/abinit-8.10.2/fallbacks/exports/include -I/tigress/xingz/abinit-8.10.2/fallbacks/exports/include   -free -module /tigress/xingz/abinit-8.10.2/src/mods -O3 -g -extend-source -noaltparam -nofpscomp   -c -o m_xc_noncoll.o m_xc_noncoll.F90
mpiifort -DHAVE_CONFIG_H -I. -I../..  -I../../src/16_hideleave -I../../src/16_hideleave -I../../src/10_defs -I../../src/10_defs -I../../src/14_hidewrite -I../../src/14_hidewrite -I../../src/28_numeric_noabirule -I../../src/28_numeric_noabirule -I../../src/incs -I../../src/incs -I/tigress/xingz/abinit-8.10.2/fallbacks/exports/include -I/tigress/xingz/abinit-8.10.2/fallbacks/exports/include   -free -module /tigress/xingz/abinit-8.10.2/src/mods -O3 -g -extend-source -noaltparam -nofpscomp   -c -o m_xcpositron.o m_xcpositron.F90
rm -f lib41_xc_lowlevel.a
ar rc lib41_xc_lowlevel.a libxc_tools.o m_drivexc.o m_libxc_functionals.o m_xc_noncoll.o m_xchcth.o m_xciit.o m_xcpbe.o m_xcpositron.o m_xclda.o 
ranlib lib41_xc_lowlevel.a
make[3]: Leaving directory `/tigress/xingz/abinit-8.10.2/src/41_xc_lowlevel'
Making all in 42_libpaw
make[3]: Entering directory `/tigress/xingz/abinit-8.10.2/src/42_libpaw'
mpiicc -DHAVE_CONFIG_H -I. -I../..  -I../../src/41_xc_lowlevel -I../../src/41_xc_lowlevel -I../../src/incs -I../../src/incs -I/tigress/xingz/abinit-8.10.2/fallbacks/exports/include -I/tigress/xingz/abinit-8.10.2/fallbacks/exports/include    -g -O2 -vec-report0  -MT libpaw_libxc.o -MD -MP -MF .deps/libpaw_libxc.Tpo -c -o libpaw_libxc.o libpaw_libxc.c
icc: command line remark #10148: option '-vec-report0' not supported
mv -f .deps/libpaw_libxc.Tpo .deps/libpaw_libxc.Po
mpiifort -DHAVE_CONFIG_H -I. -I../..  -I../../src/41_xc_lowlevel -I../../src/41_xc_lowlevel -I../../src/incs -I../../src/incs -I/tigress/xingz/abinit-8.10.2/fallbacks/exports/include -I/tigress/xingz/abinit-8.10.2/fallbacks/exports/include   -free -module /tigress/xingz/abinit-8.10.2/src/mods -O3 -g -extend-source -noaltparam -nofpscomp   -c -o m_libpaw_mpi.o m_libpaw_mpi.F90
mpiifort -DHAVE_CONFIG_H -I. -I../..  -I../../src/41_xc_lowlevel -I../../src/41_xc_lowlevel -I../../src/incs -I../../src/incs -I/tigress/xingz/abinit-8.10.2/fallbacks/exports/include -I/tigress/xingz/abinit-8.10.2/fallbacks/exports/include   -free -module /tigress/xingz/abinit-8.10.2/src/mods -O3 -g -extend-source -noaltparam -nofpscomp   -c -o m_libpaw_tools.o m_libpaw_tools.F90
mpiifort -DHAVE_CONFIG_H -I. -I../..  -I../../src/41_xc_lowlevel -I../../src/41_xc_lowlevel -I../../src/incs -I../../src/incs -I/tigress/xingz/abinit-8.10.2/fallbacks/exports/include -I/tigress/xingz/abinit-8.10.2/fallbacks/exports/include   -free -module /tigress/xingz/abinit-8.10.2/src/mods -O3 -g -extend-source -noaltparam -nofpscomp   -c -o m_libpaw_libxc.o m_libpaw_libxc.F90
mpiifort -DHAVE_CONFIG_H -I. -I../..  -I../../src/41_xc_lowlevel -I../../src/41_xc_lowlevel -I../../src/incs -I../../src/incs -I/tigress/xingz/abinit-8.10.2/fallbacks/exports/include -I/tigress/xingz/abinit-8.10.2/fallbacks/exports/include   -free -module /tigress/xingz/abinit-8.10.2/src/mods -O3 -g -extend-source -noaltparam -nofpscomp   -c -o m_paral_atom.o m_paral_atom.F90
mpiifort -DHAVE_CONFIG_H -I. -I../..  -I../../src/41_xc_lowlevel -I../../src/41_xc_lowlevel -I../../src/incs -I../../src/incs -I/tigress/xingz/abinit-8.10.2/fallbacks/exports/include -I/tigress/xingz/abinit-8.10.2/fallbacks/exports/include   -free -module /tigress/xingz/abinit-8.10.2/src/mods -O3 -g -extend-source -noaltparam -nofpscomp   -c -o m_paw_numeric.o m_paw_numeric.F90
mpiifort -DHAVE_CONFIG_H -I. -I../..  -I../../src/41_xc_lowlevel -I../../src/41_xc_lowlevel -I../../src/incs -I../../src/incs -I/tigress/xingz/abinit-8.10.2/fallbacks/exports/include -I/tigress/xingz/abinit-8.10.2/fallbacks/exports/include   -free -module /tigress/xingz/abinit-8.10.2/src/mods -O3 -g -extend-source -noaltparam -nofpscomp   -c -o m_paw_sphharm.o m_paw_sphharm.F90
mpiifort -DHAVE_CONFIG_H -I. -I../..  -I../../src/41_xc_lowlevel -I../../src/41_xc_lowlevel -I../../src/incs -I../../src/incs -I/tigress/xingz/abinit-8.10.2/fallbacks/exports/include -I/tigress/xingz/abinit-8.10.2/fallbacks/exports/include   -free -module /tigress/xingz/abinit-8.10.2/src/mods -O3 -g -extend-source -noaltparam -nofpscomp   -c -o m_paw_io.o m_paw_io.F90
mpiifort -DHAVE_CONFIG_H -I. -I../..  -I../../src/41_xc_lowlevel -I../../src/41_xc_lowlevel -I../../src/incs -I../../src/incs -I/tigress/xingz/abinit-8.10.2/fallbacks/exports/include -I/tigress/xingz/abinit-8.10.2/fallbacks/exports/include   -free -module /tigress/xingz/abinit-8.10.2/src/mods -O3 -g -extend-source -noaltparam -nofpscomp   -c -o m_pawang.o m_pawang.F90
mpiifort -DHAVE_CONFIG_H -I. -I../..  -I../../src/41_xc_lowlevel -I../../src/41_xc_lowlevel -I../../src/incs -I../../src/incs -I/tigress/xingz/abinit-8.10.2/fallbacks/exports/include -I/tigress/xingz/abinit-8.10.2/fallbacks/exports/include   -free -module /tigress/xingz/abinit-8.10.2/src/mods -O3 -g -extend-source -noaltparam -nofpscomp   -c -o m_pawrad.o m_pawrad.F90
mpiifort -DHAVE_CONFIG_H -I. -I../..  -I../../src/41_xc_lowlevel -I../../src/41_xc_lowlevel -I../../src/incs -I../../src/incs -I/tigress/xingz/abinit-8.10.2/fallbacks/exports/include -I/tigress/xingz/abinit-8.10.2/fallbacks/exports/include   -free -module /tigress/xingz/abinit-8.10.2/src/mods -O3 -g -extend-source -noaltparam -nofpscomp   -c -o m_pawtab.o m_pawtab.F90
mpiifort -DHAVE_CONFIG_H -I. -I../..  -I../../src/41_xc_lowlevel -I../../src/41_xc_lowlevel -I../../src/incs -I../../src/incs -I/tigress/xingz/abinit-8.10.2/fallbacks/exports/include -I/tigress/xingz/abinit-8.10.2/fallbacks/exports/include   -free -module /tigress/xingz/abinit-8.10.2/src/mods -O3 -g -extend-source -noaltparam -nofpscomp   -c -o m_paw_an.o m_paw_an.F90
mpiifort -DHAVE_CONFIG_H -I. -I../..  -I../../src/41_xc_lowlevel -I../../src/41_xc_lowlevel -I../../src/incs -I../../src/incs -I/tigress/xingz/abinit-8.10.2/fallbacks/exports/include -I/tigress/xingz/abinit-8.10.2/fallbacks/exports/include   -free -module /tigress/xingz/abinit-8.10.2/src/mods -O3 -g -extend-source -noaltparam -nofpscomp   -c -o m_paw_ij.o m_paw_ij.F90
mpiifort -DHAVE_CONFIG_H -I. -I../..  -I../../src/41_xc_lowlevel -I../../src/41_xc_lowlevel -I../../src/incs -I../../src/incs -I/tigress/xingz/abinit-8.10.2/fallbacks/exports/include -I/tigress/xingz/abinit-8.10.2/fallbacks/exports/include   -free -module /tigress/xingz/abinit-8.10.2/src/mods -O3 -g -extend-source -noaltparam -nofpscomp   -c -o m_pawfgrtab.o m_pawfgrtab.F90
mpiifort -DHAVE_CONFIG_H -I. -I../..  -I../../src/41_xc_lowlevel -I../../src/41_xc_lowlevel -I../../src/incs -I../../src/incs -I/tigress/xingz/abinit-8.10.2/fallbacks/exports/include -I/tigress/xingz/abinit-8.10.2/fallbacks/exports/include   -free -module /tigress/xingz/abinit-8.10.2/src/mods -O3 -g -extend-source -noaltparam -nofpscomp   -c -o m_paw_finegrid.o m_paw_finegrid.F90
mpiifort -DHAVE_CONFIG_H -I. -I../..  -I../../src/41_xc_lowlevel -I../../src/41_xc_lowlevel -I../../src/incs -I../../src/incs -I/tigress/xingz/abinit-8.10.2/fallbacks/exports/include -I/tigress/xingz/abinit-8.10.2/fallbacks/exports/include   -free -module /tigress/xingz/abinit-8.10.2/src/mods -O3 -g -extend-source -noaltparam -nofpscomp   -c -o m_paw_onsite.o m_paw_onsite.F90
mpiifort -DHAVE_CONFIG_H -I. -I../..  -I../../src/41_xc_lowlevel -I../../src/41_xc_lowlevel -I../../src/incs -I../../src/incs -I/tigress/xingz/abinit-8.10.2/fallbacks/exports/include -I/tigress/xingz/abinit-8.10.2/fallbacks/exports/include   -free -module /tigress/xingz/abinit-8.10.2/src/mods -O3 -g -extend-source -noaltparam -nofpscomp   -c -o m_pawcprj.o m_pawcprj.F90
mpiifort -DHAVE_CONFIG_H -I. -I../..  -I../../src/41_xc_lowlevel -I../../src/41_xc_lowlevel -I../../src/incs -I../../src/incs -I/tigress/xingz/abinit-8.10.2/fallbacks/exports/include -I/tigress/xingz/abinit-8.10.2/fallbacks/exports/include   -free -module /tigress/xingz/abinit-8.10.2/src/mods -O3 -g -extend-source -noaltparam -nofpscomp   -c -o m_pawrhoij.o m_pawrhoij.F90
mpiifort -DHAVE_CONFIG_H -I. -I../..  -I../../src/41_xc_lowlevel -I../../src/41_xc_lowlevel -I../../src/incs -I../../src/incs -I/tigress/xingz/abinit-8.10.2/fallbacks/exports/include -I/tigress/xingz/abinit-8.10.2/fallbacks/exports/include   -free -module /tigress/xingz/abinit-8.10.2/src/mods -O3 -g -extend-source -noaltparam -nofpscomp   -c -o m_pawdij.o m_pawdij.F90
mpiifort -DHAVE_CONFIG_H -I. -I../..  -I../../src/41_xc_lowlevel -I../../src/41_xc_lowlevel -I../../src/incs -I../../src/incs -I/tigress/xingz/abinit-8.10.2/fallbacks/exports/include -I/tigress/xingz/abinit-8.10.2/fallbacks/exports/include   -free -module /tigress/xingz/abinit-8.10.2/src/mods -O3 -g -extend-source -noaltparam -nofpscomp   -c -o m_pawxc.o m_pawxc.F90
mpiifort -DHAVE_CONFIG_H -I. -I../..  -I../../src/41_xc_lowlevel -I../../src/41_xc_lowlevel -I../../src/incs -I../../src/incs -I/tigress/xingz/abinit-8.10.2/fallbacks/exports/include -I/tigress/xingz/abinit-8.10.2/fallbacks/exports/include   -free -module /tigress/xingz/abinit-8.10.2/src/mods -O3 -g -extend-source -noaltparam -nofpscomp   -c -o m_paw_atom.o m_paw_atom.F90
mpiifort -DHAVE_CONFIG_H -I. -I../..  -I../../src/41_xc_lowlevel -I../../src/41_xc_lowlevel -I../../src/incs -I../../src/incs -I/tigress/xingz/abinit-8.10.2/fallbacks/exports/include -I/tigress/xingz/abinit-8.10.2/fallbacks/exports/include   -free -module /tigress/xingz/abinit-8.10.2/src/mods -O3 -g -extend-source -noaltparam -nofpscomp   -c -o m_paw_gaussfit.o m_paw_gaussfit.F90
mpiifort -DHAVE_CONFIG_H -I. -I../..  -I../../src/41_xc_lowlevel -I../../src/41_xc_lowlevel -I../../src/incs -I../../src/incs -I/tigress/xingz/abinit-8.10.2/fallbacks/exports/include -I/tigress/xingz/abinit-8.10.2/fallbacks/exports/include   -free -module /tigress/xingz/abinit-8.10.2/src/mods -O3 -g -extend-source -noaltparam -nofpscomp   -c -o m_pawxmlps.o m_pawxmlps.F90
mpiifort -DHAVE_CONFIG_H -I. -I../..  -I../../src/41_xc_lowlevel -I../../src/41_xc_lowlevel -I../../src/incs -I../../src/incs -I/tigress/xingz/abinit-8.10.2/fallbacks/exports/include -I/tigress/xingz/abinit-8.10.2/fallbacks/exports/include   -free -module /tigress/xingz/abinit-8.10.2/src/mods -O3 -g -extend-source -noaltparam -nofpscomp   -c -o m_pawpsp.o m_pawpsp.F90
rm -f lib42_libpaw.a
ar rc lib42_libpaw.a libpaw_libxc.o m_libpaw_mpi.o m_libpaw_tools.o m_libpaw_libxc.o m_paral_atom.o m_paw_numeric.o m_paw_sphharm.o m_paw_io.o m_pawang.o m_pawrad.o m_pawtab.o m_paw_an.o m_paw_ij.o m_pawfgrtab.o m_paw_finegrid.o m_paw_onsite.o m_pawcprj.o m_pawrhoij.o m_pawdij.o m_pawxc.o m_paw_atom.o m_paw_gaussfit.o m_pawxmlps.o m_pawpsp.o 
ranlib lib42_libpaw.a
make[3]: Leaving directory `/tigress/xingz/abinit-8.10.2/src/42_libpaw'
Making all in 42_nlstrain
make[3]: Entering directory `/tigress/xingz/abinit-8.10.2/src/42_nlstrain'
mpiifort -DHAVE_CONFIG_H -I. -I../..  -I../../src/10_defs -I../../src/10_defs -I../../src/14_hidewrite -I../../src/14_hidewrite -I../../src/incs -I../../src/incs -I/tigress/xingz/abinit-8.10.2/fallbacks/exports/include   -free -module /tigress/xingz/abinit-8.10.2/src/mods -O3 -g -extend-source -noaltparam -nofpscomp   -c -o m_contistr01.o m_contistr01.F90
mpiifort -DHAVE_CONFIG_H -I. -I../..  -I../../src/10_defs -I../../src/10_defs -I../../src/14_hidewrite -I../../src/14_hidewrite -I../../src/incs -I../../src/incs -I/tigress/xingz/abinit-8.10.2/fallbacks/exports/include   -free -module /tigress/xingz/abinit-8.10.2/src/mods -O3 -g -extend-source -noaltparam -nofpscomp   -c -o m_contistr03.o m_contistr03.F90
mpiifort -DHAVE_CONFIG_H -I. -I../..  -I../../src/10_defs -I../../src/10_defs -I../../src/14_hidewrite -I../../src/14_hidewrite -I../../src/incs -I../../src/incs -I/tigress/xingz/abinit-8.10.2/fallbacks/exports/include   -free -module /tigress/xingz/abinit-8.10.2/src/mods -O3 -g -extend-source -noaltparam -nofpscomp   -c -o m_contistr12.o m_contistr12.F90
mpiifort -DHAVE_CONFIG_H -I. -I../..  -I../../src/10_defs -I../../src/10_defs -I../../src/14_hidewrite -I../../src/14_hidewrite -I../../src/incs -I../../src/incs -I/tigress/xingz/abinit-8.10.2/fallbacks/exports/include   -free -module /tigress/xingz/abinit-8.10.2/src/mods -O3 -g -extend-source -noaltparam -nofpscomp   -c -o m_contstr21.o m_contstr21.F90
mpiifort -DHAVE_CONFIG_H -I. -I../..  -I../../src/10_defs -I../../src/10_defs -I../../src/14_hidewrite -I../../src/14_hidewrite -I../../src/incs -I../../src/incs -I/tigress/xingz/abinit-8.10.2/fallbacks/exports/include   -free -module /tigress/xingz/abinit-8.10.2/src/mods -O3 -g -extend-source -noaltparam -nofpscomp   -c -o m_contstr23.o m_contstr23.F90
mpiifort -DHAVE_CONFIG_H -I. -I../..  -I../../src/10_defs -I../../src/10_defs -I../../src/14_hidewrite -I../../src/14_hidewrite -I../../src/incs -I../../src/incs -I/tigress/xingz/abinit-8.10.2/fallbacks/exports/include   -free -module /tigress/xingz/abinit-8.10.2/src/mods -O3 -g -extend-source -noaltparam -nofpscomp   -c -o m_contstr25.o m_contstr25.F90
mpiifort -DHAVE_CONFIG_H -I. -I../..  -I../../src/10_defs -I../../src/10_defs -I../../src/14_hidewrite -I../../src/14_hidewrite -I../../src/incs -I../../src/incs -I/tigress/xingz/abinit-8.10.2/fallbacks/exports/include   -free -module /tigress/xingz/abinit-8.10.2/src/mods -O3 -g -extend-source -noaltparam -nofpscomp   -c -o m_contstr25a.o m_contstr25a.F90
mpiifort -DHAVE_CONFIG_H -I. -I../..  -I../../src/10_defs -I../../src/10_defs -I../../src/14_hidewrite -I../../src/14_hidewrite -I../../src/incs -I../../src/incs -I/tigress/xingz/abinit-8.10.2/fallbacks/exports/include   -free -module /tigress/xingz/abinit-8.10.2/src/mods -O3 -g -extend-source -noaltparam -nofpscomp   -c -o m_contstr26.o m_contstr26.F90
rm -f lib42_nlstrain.a
ar rc lib42_nlstrain.a m_contistr01.o m_contistr03.o m_contistr12.o m_contstr21.o m_contstr23.o m_contstr25.o m_contstr25a.o m_contstr26.o 
ranlib lib42_nlstrain.a
make[3]: Leaving directory `/tigress/xingz/abinit-8.10.2/src/42_nlstrain'
Making all in 42_parser
make[3]: Entering directory `/tigress/xingz/abinit-8.10.2/src/42_parser'
mpiifort -DHAVE_CONFIG_H -I. -I../..  -I../../src/12_hide_mpi -I../../src/12_hide_mpi -I../../src/16_hideleave -I../../src/16_hideleave -I../../src/10_defs -I../../src/10_defs -I../../src/14_hidewrite -I../../src/14_hidewrite -I../../src/27_toolbox_oop -I../../src/27_toolbox_oop -I../../src/32_util -I../../src/32_util -I../../src/incs -I../../src/incs -I/tigress/xingz/abinit-8.10.2/fallbacks/exports/include   -free -module /tigress/xingz/abinit-8.10.2/src/mods -O3 -g -extend-source -noaltparam -nofpscomp   -c -o m_parser.o m_parser.F90
rm -f lib42_parser.a
ar rc lib42_parser.a m_parser.o 
ranlib lib42_parser.a
make[3]: Leaving directory `/tigress/xingz/abinit-8.10.2/src/42_parser'
Making all in 43_ptgroups
make[3]: Entering directory `/tigress/xingz/abinit-8.10.2/src/43_ptgroups'
mpiifort -DHAVE_CONFIG_H -I. -I../..  -I../../src/16_hideleave -I../../src/16_hideleave -I../../src/10_defs -I../../src/10_defs -I../../src/14_hidewrite -I../../src/14_hidewrite -I../../src/28_numeric_noabirule -I../../src/28_numeric_noabirule -I../../src/32_util -I../../src/32_util -I../../src/incs -I../../src/incs -I/tigress/xingz/abinit-8.10.2/fallbacks/exports/include   -free -module /tigress/xingz/abinit-8.10.2/src/mods -O0 -g -extend-source -noaltparam -nofpscomp   -c -o m_defs_ptgroups.o m_defs_ptgroups.F90
mpiifort -DHAVE_CONFIG_H -I. -I../..  -I../../src/16_hideleave -I../../src/16_hideleave -I../../src/10_defs -I../../src/10_defs -I../../src/14_hidewrite -I../../src/14_hidewrite -I../../src/28_numeric_noabirule -I../../src/28_numeric_noabirule -I../../src/32_util -I../../src/32_util -I../../src/incs -I../../src/incs -I/tigress/xingz/abinit-8.10.2/fallbacks/exports/include   -free -module /tigress/xingz/abinit-8.10.2/src/mods -O0 -g -extend-source -noaltparam -nofpscomp   -c -o m_ptg_C1.o m_ptg_C1.F90
mpiifort -DHAVE_CONFIG_H -I. -I../..  -I../../src/16_hideleave -I../../src/16_hideleave -I../../src/10_defs -I../../src/10_defs -I../../src/14_hidewrite -I../../src/14_hidewrite -I../../src/28_numeric_noabirule -I../../src/28_numeric_noabirule -I../../src/32_util -I../../src/32_util -I../../src/incs -I../../src/incs -I/tigress/xingz/abinit-8.10.2/fallbacks/exports/include   -free -module /tigress/xingz/abinit-8.10.2/src/mods -O0 -g -extend-source -noaltparam -nofpscomp   -c -o m_ptg_C2.o m_ptg_C2.F90
mpiifort -DHAVE_CONFIG_H -I. -I../..  -I../../src/16_hideleave -I../../src/16_hideleave -I../../src/10_defs -I../../src/10_defs -I../../src/14_hidewrite -I../../src/14_hidewrite -I../../src/28_numeric_noabirule -I../../src/28_numeric_noabirule -I../../src/32_util -I../../src/32_util -I../../src/incs -I../../src/incs -I/tigress/xingz/abinit-8.10.2/fallbacks/exports/include   -free -module /tigress/xingz/abinit-8.10.2/src/mods -O0 -g -extend-source -noaltparam -nofpscomp   -c -o m_ptg_C2h.o m_ptg_C2h.F90
mpiifort -DHAVE_CONFIG_H -I. -I../..  -I../../src/16_hideleave -I../../src/16_hideleave -I../../src/10_defs -I../../src/10_defs -I../../src/14_hidewrite -I../../src/14_hidewrite -I../../src/28_numeric_noabirule -I../../src/28_numeric_noabirule -I../../src/32_util -I../../src/32_util -I../../src/incs -I../../src/incs -I/tigress/xingz/abinit-8.10.2/fallbacks/exports/include   -free -module /tigress/xingz/abinit-8.10.2/src/mods -O0 -g -extend-source -noaltparam -nofpscomp   -c -o m_ptg_C2v.o m_ptg_C2v.F90
mpiifort -DHAVE_CONFIG_H -I. -I../..  -I../../src/16_hideleave -I../../src/16_hideleave -I../../src/10_defs -I../../src/10_defs -I../../src/14_hidewrite -I../../src/14_hidewrite -I../../src/28_numeric_noabirule -I../../src/28_numeric_noabirule -I../../src/32_util -I../../src/32_util -I../../src/incs -I../../src/incs -I/tigress/xingz/abinit-8.10.2/fallbacks/exports/include   -free -module /tigress/xingz/abinit-8.10.2/src/mods -O0 -g -extend-source -noaltparam -nofpscomp   -c -o m_ptg_C3.o m_ptg_C3.F90
mpiifort -DHAVE_CONFIG_H -I. -I../..  -I../../src/16_hideleave -I../../src/16_hideleave -I../../src/10_defs -I../../src/10_defs -I../../src/14_hidewrite -I../../src/14_hidewrite -I../../src/28_numeric_noabirule -I../../src/28_numeric_noabirule -I../../src/32_util -I../../src/32_util -I../../src/incs -I../../src/incs -I/tigress/xingz/abinit-8.10.2/fallbacks/exports/include   -free -module /tigress/xingz/abinit-8.10.2/src/mods -O0 -g -extend-source -noaltparam -nofpscomp   -c -o m_ptg_C3h.o m_ptg_C3h.F90
mpiifort -DHAVE_CONFIG_H -I. -I../..  -I../../src/16_hideleave -I../../src/16_hideleave -I../../src/10_defs -I../../src/10_defs -I../../src/14_hidewrite -I../../src/14_hidewrite -I../../src/28_numeric_noabirule -I../../src/28_numeric_noabirule -I../../src/32_util -I../../src/32_util -I../../src/incs -I../../src/incs -I/tigress/xingz/abinit-8.10.2/fallbacks/exports/include   -free -module /tigress/xingz/abinit-8.10.2/src/mods -O0 -g -extend-source -noaltparam -nofpscomp   -c -o m_ptg_C3i.o m_ptg_C3i.F90
mpiifort -DHAVE_CONFIG_H -I. -I../..  -I../../src/16_hideleave -I../../src/16_hideleave -I../../src/10_defs -I../../src/10_defs -I../../src/14_hidewrite -I../../src/14_hidewrite -I../../src/28_numeric_noabirule -I../../src/28_numeric_noabirule -I../../src/32_util -I../../src/32_util -I../../src/incs -I../../src/incs -I/tigress/xingz/abinit-8.10.2/fallbacks/exports/include   -free -module /tigress/xingz/abinit-8.10.2/src/mods -O0 -g -extend-source -noaltparam -nofpscomp   -c -o m_ptg_C3v.o m_ptg_C3v.F90
mpiifort -DHAVE_CONFIG_H -I. -I../..  -I../../src/16_hideleave -I../../src/16_hideleave -I../../src/10_defs -I../../src/10_defs -I../../src/14_hidewrite -I../../src/14_hidewrite -I../../src/28_numeric_noabirule -I../../src/28_numeric_noabirule -I../../src/32_util -I../../src/32_util -I../../src/incs -I../../src/incs -I/tigress/xingz/abinit-8.10.2/fallbacks/exports/include   -free -module /tigress/xingz/abinit-8.10.2/src/mods -O0 -g -extend-source -noaltparam -nofpscomp   -c -o m_ptg_C4.o m_ptg_C4.F90
mpiifort -DHAVE_CONFIG_H -I. -I../..  -I../../src/16_hideleave -I../../src/16_hideleave -I../../src/10_defs -I../../src/10_defs -I../../src/14_hidewrite -I../../src/14_hidewrite -I../../src/28_numeric_noabirule -I../../src/28_numeric_noabirule -I../../src/32_util -I../../src/32_util -I../../src/incs -I../../src/incs -I/tigress/xingz/abinit-8.10.2/fallbacks/exports/include   -free -module /tigress/xingz/abinit-8.10.2/src/mods -O0 -g -extend-source -noaltparam -nofpscomp   -c -o m_ptg_C4h.o m_ptg_C4h.F90
mpiifort -DHAVE_CONFIG_H -I. -I../..  -I../../src/16_hideleave -I../../src/16_hideleave -I../../src/10_defs -I../../src/10_defs -I../../src/14_hidewrite -I../../src/14_hidewrite -I../../src/28_numeric_noabirule -I../../src/28_numeric_noabirule -I../../src/32_util -I../../src/32_util -I../../src/incs -I../../src/incs -I/tigress/xingz/abinit-8.10.2/fallbacks/exports/include   -free -module /tigress/xingz/abinit-8.10.2/src/mods -O0 -g -extend-source -noaltparam -nofpscomp   -c -o m_ptg_C4v.o m_ptg_C4v.F90
mpiifort -DHAVE_CONFIG_H -I. -I../..  -I../../src/16_hideleave -I../../src/16_hideleave -I../../src/10_defs -I../../src/10_defs -I../../src/14_hidewrite -I../../src/14_hidewrite -I../../src/28_numeric_noabirule -I../../src/28_numeric_noabirule -I../../src/32_util -I../../src/32_util -I../../src/incs -I../../src/incs -I/tigress/xingz/abinit-8.10.2/fallbacks/exports/include   -free -module /tigress/xingz/abinit-8.10.2/src/mods -O0 -g -extend-source -noaltparam -nofpscomp   -c -o m_ptg_C6.o m_ptg_C6.F90
mpiifort -DHAVE_CONFIG_H -I. -I../..  -I../../src/16_hideleave -I../../src/16_hideleave -I../../src/10_defs -I../../src/10_defs -I../../src/14_hidewrite -I../../src/14_hidewrite -I../../src/28_numeric_noabirule -I../../src/28_numeric_noabirule -I../../src/32_util -I../../src/32_util -I../../src/incs -I../../src/incs -I/tigress/xingz/abinit-8.10.2/fallbacks/exports/include   -free -module /tigress/xingz/abinit-8.10.2/src/mods -O0 -g -extend-source -noaltparam -nofpscomp   -c -o m_ptg_C6h.o m_ptg_C6h.F90
mpiifort -DHAVE_CONFIG_H -I. -I../..  -I../../src/16_hideleave -I../../src/16_hideleave -I../../src/10_defs -I../../src/10_defs -I../../src/14_hidewrite -I../../src/14_hidewrite -I../../src/28_numeric_noabirule -I../../src/28_numeric_noabirule -I../../src/32_util -I../../src/32_util -I../../src/incs -I../../src/incs -I/tigress/xingz/abinit-8.10.2/fallbacks/exports/include   -free -module /tigress/xingz/abinit-8.10.2/src/mods -O0 -g -extend-source -noaltparam -nofpscomp   -c -o m_ptg_C6v.o m_ptg_C6v.F90
mpiifort -DHAVE_CONFIG_H -I. -I../..  -I../../src/16_hideleave -I../../src/16_hideleave -I../../src/10_defs -I../../src/10_defs -I../../src/14_hidewrite -I../../src/14_hidewrite -I../../src/28_numeric_noabirule -I../../src/28_numeric_noabirule -I../../src/32_util -I../../src/32_util -I../../src/incs -I../../src/incs -I/tigress/xingz/abinit-8.10.2/fallbacks/exports/include   -free -module /tigress/xingz/abinit-8.10.2/src/mods -O0 -g -extend-source -noaltparam -nofpscomp   -c -o m_ptg_Ci.o m_ptg_Ci.F90
mpiifort -DHAVE_CONFIG_H -I. -I../..  -I../../src/16_hideleave -I../../src/16_hideleave -I../../src/10_defs -I../../src/10_defs -I../../src/14_hidewrite -I../../src/14_hidewrite -I../../src/28_numeric_noabirule -I../../src/28_numeric_noabirule -I../../src/32_util -I../../src/32_util -I../../src/incs -I../../src/incs -I/tigress/xingz/abinit-8.10.2/fallbacks/exports/include   -free -module /tigress/xingz/abinit-8.10.2/src/mods -O0 -g -extend-source -noaltparam -nofpscomp   -c -o m_ptg_Cs.o m_ptg_Cs.F90
mpiifort -DHAVE_CONFIG_H -I. -I../..  -I../../src/16_hideleave -I../../src/16_hideleave -I../../src/10_defs -I../../src/10_defs -I../../src/14_hidewrite -I../../src/14_hidewrite -I../../src/28_numeric_noabirule -I../../src/28_numeric_noabirule -I../../src/32_util -I../../src/32_util -I../../src/incs -I../../src/incs -I/tigress/xingz/abinit-8.10.2/fallbacks/exports/include   -free -module /tigress/xingz/abinit-8.10.2/src/mods -O0 -g -extend-source -noaltparam -nofpscomp   -c -o m_ptg_D2.o m_ptg_D2.F90
mpiifort -DHAVE_CONFIG_H -I. -I../..  -I../../src/16_hideleave -I../../src/16_hideleave -I../../src/10_defs -I../../src/10_defs -I../../src/14_hidewrite -I../../src/14_hidewrite -I../../src/28_numeric_noabirule -I../../src/28_numeric_noabirule -I../../src/32_util -I../../src/32_util -I../../src/incs -I../../src/incs -I/tigress/xingz/abinit-8.10.2/fallbacks/exports/include   -free -module /tigress/xingz/abinit-8.10.2/src/mods -O0 -g -extend-source -noaltparam -nofpscomp   -c -o m_ptg_D2d.o m_ptg_D2d.F90
mpiifort -DHAVE_CONFIG_H -I. -I../..  -I../../src/16_hideleave -I../../src/16_hideleave -I../../src/10_defs -I../../src/10_defs -I../../src/14_hidewrite -I../../src/14_hidewrite -I../../src/28_numeric_noabirule -I../../src/28_numeric_noabirule -I../../src/32_util -I../../src/32_util -I../../src/incs -I../../src/incs -I/tigress/xingz/abinit-8.10.2/fallbacks/exports/include   -free -module /tigress/xingz/abinit-8.10.2/src/mods -O0 -g -extend-source -noaltparam -nofpscomp   -c -o m_ptg_D2h.o m_ptg_D2h.F90
mpiifort -DHAVE_CONFIG_H -I. -I../..  -I../../src/16_hideleave -I../../src/16_hideleave -I../../src/10_defs -I../../src/10_defs -I../../src/14_hidewrite -I../../src/14_hidewrite -I../../src/28_numeric_noabirule -I../../src/28_numeric_noabirule -I../../src/32_util -I../../src/32_util -I../../src/incs -I../../src/incs -I/tigress/xingz/abinit-8.10.2/fallbacks/exports/include   -free -module /tigress/xingz/abinit-8.10.2/src/mods -O0 -g -extend-source -noaltparam -nofpscomp   -c -o m_ptg_D3.o m_ptg_D3.F90
mpiifort -DHAVE_CONFIG_H -I. -I../..  -I../../src/16_hideleave -I../../src/16_hideleave -I../../src/10_defs -I../../src/10_defs -I../../src/14_hidewrite -I../../src/14_hidewrite -I../../src/28_numeric_noabirule -I../../src/28_numeric_noabirule -I../../src/32_util -I../../src/32_util -I../../src/incs -I../../src/incs -I/tigress/xingz/abinit-8.10.2/fallbacks/exports/include   -free -module /tigress/xingz/abinit-8.10.2/src/mods -O0 -g -extend-source -noaltparam -nofpscomp   -c -o m_ptg_D3d.o m_ptg_D3d.F90
mpiifort -DHAVE_CONFIG_H -I. -I../..  -I../../src/16_hideleave -I../../src/16_hideleave -I../../src/10_defs -I../../src/10_defs -I../../src/14_hidewrite -I../../src/14_hidewrite -I../../src/28_numeric_noabirule -I../../src/28_numeric_noabirule -I../../src/32_util -I../../src/32_util -I../../src/incs -I../../src/incs -I/tigress/xingz/abinit-8.10.2/fallbacks/exports/include   -free -module /tigress/xingz/abinit-8.10.2/src/mods -O0 -g -extend-source -noaltparam -nofpscomp   -c -o m_ptg_D3h.o m_ptg_D3h.F90
mpiifort -DHAVE_CONFIG_H -I. -I../..  -I../../src/16_hideleave -I../../src/16_hideleave -I../../src/10_defs -I../../src/10_defs -I../../src/14_hidewrite -I../../src/14_hidewrite -I../../src/28_numeric_noabirule -I../../src/28_numeric_noabirule -I../../src/32_util -I../../src/32_util -I../../src/incs -I../../src/incs -I/tigress/xingz/abinit-8.10.2/fallbacks/exports/include   -free -module /tigress/xingz/abinit-8.10.2/src/mods -O0 -g -extend-source -noaltparam -nofpscomp   -c -o m_ptg_D4.o m_ptg_D4.F90
mpiifort -DHAVE_CONFIG_H -I. -I../..  -I../../src/16_hideleave -I../../src/16_hideleave -I../../src/10_defs -I../../src/10_defs -I../../src/14_hidewrite -I../../src/14_hidewrite -I../../src/28_numeric_noabirule -I../../src/28_numeric_noabirule -I../../src/32_util -I../../src/32_util -I../../src/incs -I../../src/incs -I/tigress/xingz/abinit-8.10.2/fallbacks/exports/include   -free -module /tigress/xingz/abinit-8.10.2/src/mods -O0 -g -extend-source -noaltparam -nofpscomp   -c -o m_ptg_D4h.o m_ptg_D4h.F90
mpiifort -DHAVE_CONFIG_H -I. -I../..  -I../../src/16_hideleave -I../../src/16_hideleave -I../../src/10_defs -I../../src/10_defs -I../../src/14_hidewrite -I../../src/14_hidewrite -I../../src/28_numeric_noabirule -I../../src/28_numeric_noabirule -I../../src/32_util -I../../src/32_util -I../../src/incs -I../../src/incs -I/tigress/xingz/abinit-8.10.2/fallbacks/exports/include   -free -module /tigress/xingz/abinit-8.10.2/src/mods -O0 -g -extend-source -noaltparam -nofpscomp   -c -o m_ptg_D6.o m_ptg_D6.F90
mpiifort -DHAVE_CONFIG_H -I. -I../..  -I../../src/16_hideleave -I../../src/16_hideleave -I../../src/10_defs -I../../src/10_defs -I../../src/14_hidewrite -I../../src/14_hidewrite -I../../src/28_numeric_noabirule -I../../src/28_numeric_noabirule -I../../src/32_util -I../../src/32_util -I../../src/incs -I../../src/incs -I/tigress/xingz/abinit-8.10.2/fallbacks/exports/include   -free -module /tigress/xingz/abinit-8.10.2/src/mods -O0 -g -extend-source -noaltparam -nofpscomp   -c -o m_ptg_D6h.o m_ptg_D6h.F90
mpiifort -DHAVE_CONFIG_H -I. -I../..  -I../../src/16_hideleave -I../../src/16_hideleave -I../../src/10_defs -I../../src/10_defs -I../../src/14_hidewrite -I../../src/14_hidewrite -I../../src/28_numeric_noabirule -I../../src/28_numeric_noabirule -I../../src/32_util -I../../src/32_util -I../../src/incs -I../../src/incs -I/tigress/xingz/abinit-8.10.2/fallbacks/exports/include   -free -module /tigress/xingz/abinit-8.10.2/src/mods -O0 -g -extend-source -noaltparam -nofpscomp   -c -o m_ptg_O.o m_ptg_O.F90
mpiifort -DHAVE_CONFIG_H -I. -I../..  -I../../src/16_hideleave -I../../src/16_hideleave -I../../src/10_defs -I../../src/10_defs -I../../src/14_hidewrite -I../../src/14_hidewrite -I../../src/28_numeric_noabirule -I../../src/28_numeric_noabirule -I../../src/32_util -I../../src/32_util -I../../src/incs -I../../src/incs -I/tigress/xingz/abinit-8.10.2/fallbacks/exports/include   -free -module /tigress/xingz/abinit-8.10.2/src/mods -O0 -g -extend-source -noaltparam -nofpscomp   -c -o m_ptg_Oh.o m_ptg_Oh.F90
mpiifort -DHAVE_CONFIG_H -I. -I../..  -I../../src/16_hideleave -I../../src/16_hideleave -I../../src/10_defs -I../../src/10_defs -I../../src/14_hidewrite -I../../src/14_hidewrite -I../../src/28_numeric_noabirule -I../../src/28_numeric_noabirule -I../../src/32_util -I../../src/32_util -I../../src/incs -I../../src/incs -I/tigress/xingz/abinit-8.10.2/fallbacks/exports/include   -free -module /tigress/xingz/abinit-8.10.2/src/mods -O0 -g -extend-source -noaltparam -nofpscomp   -c -o m_ptg_S4.o m_ptg_S4.F90
mpiifort -DHAVE_CONFIG_H -I. -I../..  -I../../src/16_hideleave -I../../src/16_hideleave -I../../src/10_defs -I../../src/10_defs -I../../src/14_hidewrite -I../../src/14_hidewrite -I../../src/28_numeric_noabirule -I../../src/28_numeric_noabirule -I../../src/32_util -I../../src/32_util -I../../src/incs -I../../src/incs -I/tigress/xingz/abinit-8.10.2/fallbacks/exports/include   -free -module /tigress/xingz/abinit-8.10.2/src/mods -O0 -g -extend-source -noaltparam -nofpscomp   -c -o m_ptg_T.o m_ptg_T.F90
mpiifort -DHAVE_CONFIG_H -I. -I../..  -I../../src/16_hideleave -I../../src/16_hideleave -I../../src/10_defs -I../../src/10_defs -I../../src/14_hidewrite -I../../src/14_hidewrite -I../../src/28_numeric_noabirule -I../../src/28_numeric_noabirule -I../../src/32_util -I../../src/32_util -I../../src/incs -I../../src/incs -I/tigress/xingz/abinit-8.10.2/fallbacks/exports/include   -free -module /tigress/xingz/abinit-8.10.2/src/mods -O0 -g -extend-source -noaltparam -nofpscomp   -c -o m_ptg_Td.o m_ptg_Td.F90
mpiifort -DHAVE_CONFIG_H -I. -I../..  -I../../src/16_hideleave -I../../src/16_hideleave -I../../src/10_defs -I../../src/10_defs -I../../src/14_hidewrite -I../../src/14_hidewrite -I../../src/28_numeric_noabirule -I../../src/28_numeric_noabirule -I../../src/32_util -I../../src/32_util -I../../src/incs -I../../src/incs -I/tigress/xingz/abinit-8.10.2/fallbacks/exports/include   -free -module /tigress/xingz/abinit-8.10.2/src/mods -O0 -g -extend-source -noaltparam -nofpscomp   -c -o m_ptg_Th.o m_ptg_Th.F90
mpiifort -DHAVE_CONFIG_H -I. -I../..  -I../../src/16_hideleave -I../../src/16_hideleave -I../../src/10_defs -I../../src/10_defs -I../../src/14_hidewrite -I../../src/14_hidewrite -I../../src/28_numeric_noabirule -I../../src/28_numeric_noabirule -I../../src/32_util -I../../src/32_util -I../../src/incs -I../../src/incs -I/tigress/xingz/abinit-8.10.2/fallbacks/exports/include   -free -module /tigress/xingz/abinit-8.10.2/src/mods -O0 -g -extend-source -noaltparam -nofpscomp   -c -o m_ptgroups.o m_ptgroups.F90
rm -f lib43_ptgroups.a
ar rc lib43_ptgroups.a m_defs_ptgroups.o m_ptgroups.o m_ptg_C1.o m_ptg_Ci.o m_ptg_C2.o m_ptg_Cs.o m_ptg_C2h.o m_ptg_D2.o m_ptg_C2v.o m_ptg_D2h.o m_ptg_C4.o m_ptg_S4.o m_ptg_C4h.o m_ptg_D4.o m_ptg_C4v.o m_ptg_D2d.o m_ptg_D4h.o m_ptg_C3.o m_ptg_C3i.o m_ptg_D3.o m_ptg_C3v.o m_ptg_D3d.o m_ptg_C6.o m_ptg_C3h.o m_ptg_C6h.o m_ptg_D6.o m_ptg_C6v.o m_ptg_D3h.o m_ptg_D6h.o m_ptg_T.o m_ptg_Th.o m_ptg_O.o m_ptg_Td.o m_ptg_Oh.o 
ranlib lib43_ptgroups.a
make[3]: Leaving directory `/tigress/xingz/abinit-8.10.2/src/43_ptgroups'
Making all in 43_wvl_wrappers
make[3]: Entering directory `/tigress/xingz/abinit-8.10.2/src/43_wvl_wrappers'
mpiifort -DHAVE_CONFIG_H -I. -I../..  -I../../src/32_util -I../../src/32_util -I../../src/41_geometry -I../../src/41_geometry -I../../src/42_libpaw -I../../src/42_libpaw -I../../src/12_hide_mpi -I../../src/12_hide_mpi -I../../src/10_defs -I../../src/10_defs -I../../src/16_hideleave -I../../src/16_hideleave -I../../src/14_hidewrite -I../../src/14_hidewrite -I../../src/incs -I../../src/incs -I/tigress/xingz/abinit-8.10.2/fallbacks/exports/include   -free -module /tigress/xingz/abinit-8.10.2/src/mods -O3 -g -extend-source -noaltparam -nofpscomp   -c -o defs_wvltypes.o defs_wvltypes.F90
mpiifort -DHAVE_CONFIG_H -I. -I../..  -I../../src/32_util -I../../src/32_util -I../../src/41_geometry -I../../src/41_geometry -I../../src/42_libpaw -I../../src/42_libpaw -I../../src/12_hide_mpi -I../../src/12_hide_mpi -I../../src/10_defs -I../../src/10_defs -I../../src/16_hideleave -I../../src/16_hideleave -I../../src/14_hidewrite -I../../src/14_hidewrite -I../../src/incs -I../../src/incs -I/tigress/xingz/abinit-8.10.2/fallbacks/exports/include   -free -module /tigress/xingz/abinit-8.10.2/src/mods -O3 -g -extend-source -noaltparam -nofpscomp   -c -o defs_PSolver.o defs_PSolver.F90
mpiifort -DHAVE_CONFIG_H -I. -I../..  -I../../src/32_util -I../../src/32_util -I../../src/41_geometry -I../../src/41_geometry -I../../src/42_libpaw -I../../src/42_libpaw -I../../src/12_hide_mpi -I../../src/12_hide_mpi -I../../src/10_defs -I../../src/10_defs -I../../src/16_hideleave -I../../src/16_hideleave -I../../src/14_hidewrite -I../../src/14_hidewrite -I../../src/incs -I../../src/incs -I/tigress/xingz/abinit-8.10.2/fallbacks/exports/include   -free -module /tigress/xingz/abinit-8.10.2/src/mods -O3 -g -extend-source -noaltparam -nofpscomp   -c -o m_abi2big.o m_abi2big.F90
m_abi2big.F90(1323): warning #6843: A dummy argument with an explicit INTENT(OUT) declaration is not given an explicit value.   [MGFFT]
subroutine wvl_setngfft(me_wvl, mgfft, nfft, ngfft, nproc_wvl, n1i, n2i, n3i,n3d)
--------------------------------^
m_abi2big.F90(1323): warning #6843: A dummy argument with an explicit INTENT(OUT) declaration is not given an explicit value.   [NFFT]
subroutine wvl_setngfft(me_wvl, mgfft, nfft, ngfft, nproc_wvl, n1i, n2i, n3i,n3d)
---------------------------------------^
m_abi2big.F90(1323): warning #6843: A dummy argument with an explicit INTENT(OUT) declaration is not given an explicit value.   [NGFFT]
subroutine wvl_setngfft(me_wvl, mgfft, nfft, ngfft, nproc_wvl, n1i, n2i, n3i,n3d)
---------------------------------------------^
mpiifort -DHAVE_CONFIG_H -I. -I../..  -I../../src/32_util -I../../src/32_util -I../../src/41_geometry -I../../src/41_geometry -I../../src/42_libpaw -I../../src/42_libpaw -I../../src/12_hide_mpi -I../../src/12_hide_mpi -I../../src/10_defs -I../../src/10_defs -I../../src/16_hideleave -I../../src/16_hideleave -I../../src/14_hidewrite -I../../src/14_hidewrite -I../../src/incs -I../../src/incs -I/tigress/xingz/abinit-8.10.2/fallbacks/exports/include   -free -module /tigress/xingz/abinit-8.10.2/src/mods -O3 -g -extend-source -noaltparam -nofpscomp   -c -o m_paw2wvl.o m_paw2wvl.F90
mpiifort -DHAVE_CONFIG_H -I. -I../..  -I../../src/32_util -I../../src/32_util -I../../src/41_geometry -I../../src/41_geometry -I../../src/42_libpaw -I../../src/42_libpaw -I../../src/12_hide_mpi -I../../src/12_hide_mpi -I../../src/10_defs -I../../src/10_defs -I../../src/16_hideleave -I../../src/16_hideleave -I../../src/14_hidewrite -I../../src/14_hidewrite -I../../src/incs -I../../src/incs -I/tigress/xingz/abinit-8.10.2/fallbacks/exports/include   -free -module /tigress/xingz/abinit-8.10.2/src/mods -O3 -g -extend-source -noaltparam -nofpscomp   -c -o m_wvl_denspot.o m_wvl_denspot.F90
m_wvl_denspot.F90(75): warning #6843: A dummy argument with an explicit INTENT(OUT) declaration is not given an explicit value.   [DEN]
subroutine wvl_denspot_set(den,gth_params,ixc,natom,nsppol,rprimd,wvl,&
---------------------------^
mpiifort -DHAVE_CONFIG_H -I. -I../..  -I../../src/32_util -I../../src/32_util -I../../src/41_geometry -I../../src/41_geometry -I../../src/42_libpaw -I../../src/42_libpaw -I../../src/12_hide_mpi -I../../src/12_hide_mpi -I../../src/10_defs -I../../src/10_defs -I../../src/16_hideleave -I../../src/16_hideleave -I../../src/14_hidewrite -I../../src/14_hidewrite -I../../src/incs -I../../src/incs -I/tigress/xingz/abinit-8.10.2/fallbacks/exports/include   -free -module /tigress/xingz/abinit-8.10.2/src/mods -O3 -g -extend-source -noaltparam -nofpscomp   -c -o m_wvl_descr_psp.o m_wvl_descr_psp.F90
mpiifort -DHAVE_CONFIG_H -I. -I../..  -I../../src/32_util -I../../src/32_util -I../../src/41_geometry -I../../src/41_geometry -I../../src/42_libpaw -I../../src/42_libpaw -I../../src/12_hide_mpi -I../../src/12_hide_mpi -I../../src/10_defs -I../../src/10_defs -I../../src/16_hideleave -I../../src/16_hideleave -I../../src/14_hidewrite -I../../src/14_hidewrite -I../../src/incs -I../../src/incs -I/tigress/xingz/abinit-8.10.2/fallbacks/exports/include   -free -module /tigress/xingz/abinit-8.10.2/src/mods -O3 -g -extend-source -noaltparam -nofpscomp   -c -o m_wvl_projectors.o m_wvl_projectors.F90
mpiifort -DHAVE_CONFIG_H -I. -I../..  -I../../src/32_util -I../../src/32_util -I../../src/41_geometry -I../../src/41_geometry -I../../src/42_libpaw -I../../src/42_libpaw -I../../src/12_hide_mpi -I../../src/12_hide_mpi -I../../src/10_defs -I../../src/10_defs -I../../src/16_hideleave -I../../src/16_hideleave -I../../src/14_hidewrite -I../../src/14_hidewrite -I../../src/incs -I../../src/incs -I/tigress/xingz/abinit-8.10.2/fallbacks/exports/include   -free -module /tigress/xingz/abinit-8.10.2/src/mods -O3 -g -extend-source -noaltparam -nofpscomp   -c -o m_wvl_wfs.o m_wvl_wfs.F90
m_wvl_wfs.F90(80): warning #6843: A dummy argument with an explicit INTENT(OUT) declaration is not given an explicit value.   [WFS]
&  nsppol, nwfshist, occ, psps, rprimd, wfs, wtk, wvl, wvl_crmult, wvl_frmult, xred)
----------------------------------------^
rm -f lib43_wvl_wrappers.a
ar rc lib43_wvl_wrappers.a defs_wvltypes.o defs_PSolver.o m_abi2big.o m_paw2wvl.o m_wvl_denspot.o m_wvl_descr_psp.o m_wvl_projectors.o m_wvl_wfs.o 
ranlib lib43_wvl_wrappers.a
make[3]: Leaving directory `/tigress/xingz/abinit-8.10.2/src/43_wvl_wrappers'
Making all in 44_abitools
make[3]: Entering directory `/tigress/xingz/abinit-8.10.2/src/44_abitools'
mpiifort -DHAVE_CONFIG_H -I. -I../..  -I../../src/16_hideleave -I../../src/16_hideleave -I../../src/32_util -I../../src/32_util -I../../src/28_numeric_noabirule -I../../src/28_numeric_noabirule -I../../src/41_geometry -I../../src/41_geometry -I../../src/18_timing -I../../src/18_timing -I../../src/12_hide_mpi -I../../src/12_hide_mpi -I../../src/10_defs -I../../src/10_defs -I../../src/14_hidewrite -I../../src/14_hidewrite -I../../src/27_toolbox_oop -I../../src/27_toolbox_oop -I../../src/incs -I../../src/incs -I/tigress/xingz/abinit-8.10.2/fallbacks/exports/include   -free -module /tigress/xingz/abinit-8.10.2/src/mods -O3 -g -extend-source -noaltparam -nofpscomp   -c -o m_cgtools.o m_cgtools.F90
mpiifort -DHAVE_CONFIG_H -I. -I../..  -I../../src/16_hideleave -I../../src/16_hideleave -I../../src/32_util -I../../src/32_util -I../../src/28_numeric_noabirule -I../../src/28_numeric_noabirule -I../../src/41_geometry -I../../src/41_geometry -I../../src/18_timing -I../../src/18_timing -I../../src/12_hide_mpi -I../../src/12_hide_mpi -I../../src/10_defs -I../../src/10_defs -I../../src/14_hidewrite -I../../src/14_hidewrite -I../../src/27_toolbox_oop -I../../src/27_toolbox_oop -I../../src/incs -I../../src/incs -I/tigress/xingz/abinit-8.10.2/fallbacks/exports/include   -free -module /tigress/xingz/abinit-8.10.2/src/mods -O3 -g -extend-source -noaltparam -nofpscomp   -c -o m_berrytk.o m_berrytk.F90
mpiifort -DHAVE_CONFIG_H -I. -I../..  -I../../src/16_hideleave -I../../src/16_hideleave -I../../src/32_util -I../../src/32_util -I../../src/28_numeric_noabirule -I../../src/28_numeric_noabirule -I../../src/41_geometry -I../../src/41_geometry -I../../src/18_timing -I../../src/18_timing -I../../src/12_hide_mpi -I../../src/12_hide_mpi -I../../src/10_defs -I../../src/10_defs -I../../src/14_hidewrite -I../../src/14_hidewrite -I../../src/27_toolbox_oop -I../../src/27_toolbox_oop -I../../src/incs -I../../src/incs -I/tigress/xingz/abinit-8.10.2/fallbacks/exports/include   -free -module /tigress/xingz/abinit-8.10.2/src/mods -O3 -g -extend-source -noaltparam -nofpscomp   -c -o m_dynmat.o m_dynmat.F90
mpiifort -DHAVE_CONFIG_H -I. -I../..  -I../../src/16_hideleave -I../../src/16_hideleave -I../../src/32_util -I../../src/32_util -I../../src/28_numeric_noabirule -I../../src/28_numeric_noabirule -I../../src/41_geometry -I../../src/41_geometry -I../../src/18_timing -I../../src/18_timing -I../../src/12_hide_mpi -I../../src/12_hide_mpi -I../../src/10_defs -I../../src/10_defs -I../../src/14_hidewrite -I../../src/14_hidewrite -I../../src/27_toolbox_oop -I../../src/27_toolbox_oop -I../../src/incs -I../../src/incs -I/tigress/xingz/abinit-8.10.2/fallbacks/exports/include   -free -module /tigress/xingz/abinit-8.10.2/src/mods -O3 -g -extend-source -noaltparam -nofpscomp   -c -o m_macroave.o m_macroave.F90
mpiifort -DHAVE_CONFIG_H -I. -I../..  -I../../src/16_hideleave -I../../src/16_hideleave -I../../src/32_util -I../../src/32_util -I../../src/28_numeric_noabirule -I../../src/28_numeric_noabirule -I../../src/41_geometry -I../../src/41_geometry -I../../src/18_timing -I../../src/18_timing -I../../src/12_hide_mpi -I../../src/12_hide_mpi -I../../src/10_defs -I../../src/10_defs -I../../src/14_hidewrite -I../../src/14_hidewrite -I../../src/27_toolbox_oop -I../../src/27_toolbox_oop -I../../src/incs -I../../src/incs -I/tigress/xingz/abinit-8.10.2/fallbacks/exports/include   -free -module /tigress/xingz/abinit-8.10.2/src/mods -O3 -g -extend-source -noaltparam -nofpscomp   -c -o m_optic_tools.o m_optic_tools.F90
mpiifort -DHAVE_CONFIG_H -I. -I../..  -I../../src/16_hideleave -I../../src/16_hideleave -I../../src/32_util -I../../src/32_util -I../../src/28_numeric_noabirule -I../../src/28_numeric_noabirule -I../../src/41_geometry -I../../src/41_geometry -I../../src/18_timing -I../../src/18_timing -I../../src/12_hide_mpi -I../../src/12_hide_mpi -I../../src/10_defs -I../../src/10_defs -I../../src/14_hidewrite -I../../src/14_hidewrite -I../../src/27_toolbox_oop -I../../src/27_toolbox_oop -I../../src/incs -I../../src/incs -I/tigress/xingz/abinit-8.10.2/fallbacks/exports/include   -free -module /tigress/xingz/abinit-8.10.2/src/mods -O3 -g -extend-source -noaltparam -nofpscomp   -c -o m_wfutils.o m_wfutils.F90
rm -f lib44_abitools.a
ar rc lib44_abitools.a m_berrytk.o m_cgtools.o m_dynmat.o m_macroave.o m_optic_tools.o m_wfutils.o 
ranlib lib44_abitools.a
make[3]: Leaving directory `/tigress/xingz/abinit-8.10.2/src/44_abitools'
Making all in 44_abitypes_defs
make[3]: Entering directory `/tigress/xingz/abinit-8.10.2/src/44_abitypes_defs'
mpiifort -DHAVE_CONFIG_H -I. -I../..  -I../../src/42_parser -I../../src/42_parser -I../../src/27_toolbox_oop -I../../src/27_toolbox_oop -I../../src/42_libpaw -I../../src/42_libpaw -I../../src/41_geometry -I../../src/41_geometry -I../../src/12_hide_mpi -I../../src/12_hide_mpi -I../../src/10_defs -I../../src/10_defs -I../../src/16_hideleave -I../../src/16_hideleave -I../../src/14_hidewrite -I../../src/14_hidewrite -I../../src/29_kpoints -I../../src/29_kpoints -I../../src/32_util -I../../src/32_util -I../../src/incs -I../../src/incs -I/tigress/xingz/abinit-8.10.2/fallbacks/exports/include   -free -module /tigress/xingz/abinit-8.10.2/src/mods -O3 -g -extend-source -noaltparam -nofpscomp   -c -o m_distribfft.o m_distribfft.F90
mpiifort -DHAVE_CONFIG_H -I. -I../..  -I../../src/42_parser -I../../src/42_parser -I../../src/27_toolbox_oop -I../../src/27_toolbox_oop -I../../src/42_libpaw -I../../src/42_libpaw -I../../src/41_geometry -I../../src/41_geometry -I../../src/12_hide_mpi -I../../src/12_hide_mpi -I../../src/10_defs -I../../src/10_defs -I../../src/16_hideleave -I../../src/16_hideleave -I../../src/14_hidewrite -I../../src/14_hidewrite -I../../src/29_kpoints -I../../src/29_kpoints -I../../src/32_util -I../../src/32_util -I../../src/incs -I../../src/incs -I/tigress/xingz/abinit-8.10.2/fallbacks/exports/include   -free -module /tigress/xingz/abinit-8.10.2/src/mods -O3 -g -extend-source -noaltparam -nofpscomp   -c -o defs_abitypes.o defs_abitypes.F90
mpiifort -DHAVE_CONFIG_H -I. -I../..  -I../../src/42_parser -I../../src/42_parser -I../../src/27_toolbox_oop -I../../src/27_toolbox_oop -I../../src/42_libpaw -I../../src/42_libpaw -I../../src/41_geometry -I../../src/41_geometry -I../../src/12_hide_mpi -I../../src/12_hide_mpi -I../../src/10_defs -I../../src/10_defs -I../../src/16_hideleave -I../../src/16_hideleave -I../../src/14_hidewrite -I../../src/14_hidewrite -I../../src/29_kpoints -I../../src/29_kpoints -I../../src/32_util -I../../src/32_util -I../../src/incs -I../../src/incs -I/tigress/xingz/abinit-8.10.2/fallbacks/exports/include   -free -module /tigress/xingz/abinit-8.10.2/src/mods -O3 -g -extend-source -noaltparam -nofpscomp   -c -o m_args_gs.o m_args_gs.F90
mpiifort -DHAVE_CONFIG_H -I. -I../..  -I../../src/42_parser -I../../src/42_parser -I../../src/27_toolbox_oop -I../../src/27_toolbox_oop -I../../src/42_libpaw -I../../src/42_libpaw -I../../src/41_geometry -I../../src/41_geometry -I../../src/12_hide_mpi -I../../src/12_hide_mpi -I../../src/10_defs -I../../src/10_defs -I../../src/16_hideleave -I../../src/16_hideleave -I../../src/14_hidewrite -I../../src/14_hidewrite -I../../src/29_kpoints -I../../src/29_kpoints -I../../src/32_util -I../../src/32_util -I../../src/incs -I../../src/incs -I/tigress/xingz/abinit-8.10.2/fallbacks/exports/include   -free -module /tigress/xingz/abinit-8.10.2/src/mods -O3 -g -extend-source -noaltparam -nofpscomp   -c -o m_dtset.o m_dtset.F90
mpiifort -DHAVE_CONFIG_H -I. -I../..  -I../../src/42_parser -I../../src/42_parser -I../../src/27_toolbox_oop -I../../src/27_toolbox_oop -I../../src/42_libpaw -I../../src/42_libpaw -I../../src/41_geometry -I../../src/41_geometry -I../../src/12_hide_mpi -I../../src/12_hide_mpi -I../../src/10_defs -I../../src/10_defs -I../../src/16_hideleave -I../../src/16_hideleave -I../../src/14_hidewrite -I../../src/14_hidewrite -I../../src/29_kpoints -I../../src/29_kpoints -I../../src/32_util -I../../src/32_util -I../../src/incs -I../../src/incs -I/tigress/xingz/abinit-8.10.2/fallbacks/exports/include   -free -module /tigress/xingz/abinit-8.10.2/src/mods -O3 -g -extend-source -noaltparam -nofpscomp   -c -o m_efield.o m_efield.F90
mpiifort -DHAVE_CONFIG_H -I. -I../..  -I../../src/42_parser -I../../src/42_parser -I../../src/27_toolbox_oop -I../../src/27_toolbox_oop -I../../src/42_libpaw -I../../src/42_libpaw -I../../src/41_geometry -I../../src/41_geometry -I../../src/12_hide_mpi -I../../src/12_hide_mpi -I../../src/10_defs -I../../src/10_defs -I../../src/16_hideleave -I../../src/16_hideleave -I../../src/14_hidewrite -I../../src/14_hidewrite -I../../src/29_kpoints -I../../src/29_kpoints -I../../src/32_util -I../../src/32_util -I../../src/incs -I../../src/incs -I/tigress/xingz/abinit-8.10.2/fallbacks/exports/include   -free -module /tigress/xingz/abinit-8.10.2/src/mods -O3 -g -extend-source -noaltparam -nofpscomp   -c -o m_efmas_defs.o m_efmas_defs.F90
mpiifort -DHAVE_CONFIG_H -I. -I../..  -I../../src/42_parser -I../../src/42_parser -I../../src/27_toolbox_oop -I../../src/27_toolbox_oop -I../../src/42_libpaw -I../../src/42_libpaw -I../../src/41_geometry -I../../src/41_geometry -I../../src/12_hide_mpi -I../../src/12_hide_mpi -I../../src/10_defs -I../../src/10_defs -I../../src/16_hideleave -I../../src/16_hideleave -I../../src/14_hidewrite -I../../src/14_hidewrite -I../../src/29_kpoints -I../../src/29_kpoints -I../../src/32_util -I../../src/32_util -I../../src/incs -I../../src/incs -I/tigress/xingz/abinit-8.10.2/fallbacks/exports/include   -free -module /tigress/xingz/abinit-8.10.2/src/mods -O3 -g -extend-source -noaltparam -nofpscomp   -c -o m_energies.o m_energies.F90
mpiifort -DHAVE_CONFIG_H -I. -I../..  -I../../src/42_parser -I../../src/42_parser -I../../src/27_toolbox_oop -I../../src/27_toolbox_oop -I../../src/42_libpaw -I../../src/42_libpaw -I../../src/41_geometry -I../../src/41_geometry -I../../src/12_hide_mpi -I../../src/12_hide_mpi -I../../src/10_defs -I../../src/10_defs -I../../src/16_hideleave -I../../src/16_hideleave -I../../src/14_hidewrite -I../../src/14_hidewrite -I../../src/29_kpoints -I../../src/29_kpoints -I../../src/32_util -I../../src/32_util -I../../src/incs -I../../src/incs -I/tigress/xingz/abinit-8.10.2/fallbacks/exports/include   -free -module /tigress/xingz/abinit-8.10.2/src/mods -O3 -g -extend-source -noaltparam -nofpscomp   -c -o m_results_gs.o m_results_gs.F90
m_results_gs.F90(734): warning #6178: The return value of this FUNCTION has not been defined.   [NCERR]
integer function results_gs_ncwrite(res,ncid,ecut,pawecutdg) result(ncerr)
--------------------------------------------------------------------^
mpiifort -DHAVE_CONFIG_H -I. -I../..  -I../../src/42_parser -I../../src/42_parser -I../../src/27_toolbox_oop -I../../src/27_toolbox_oop -I../../src/42_libpaw -I../../src/42_libpaw -I../../src/41_geometry -I../../src/41_geometry -I../../src/12_hide_mpi -I../../src/12_hide_mpi -I../../src/10_defs -I../../src/10_defs -I../../src/16_hideleave -I../../src/16_hideleave -I../../src/14_hidewrite -I../../src/14_hidewrite -I../../src/29_kpoints -I../../src/29_kpoints -I../../src/32_util -I../../src/32_util -I../../src/incs -I../../src/incs -I/tigress/xingz/abinit-8.10.2/fallbacks/exports/include   -free -module /tigress/xingz/abinit-8.10.2/src/mods -O3 -g -extend-source -noaltparam -nofpscomp   -c -o m_results_img.o m_results_img.F90
mpiifort -DHAVE_CONFIG_H -I. -I../..  -I../../src/42_parser -I../../src/42_parser -I../../src/27_toolbox_oop -I../../src/27_toolbox_oop -I../../src/42_libpaw -I../../src/42_libpaw -I../../src/41_geometry -I../../src/41_geometry -I../../src/12_hide_mpi -I../../src/12_hide_mpi -I../../src/10_defs -I../../src/10_defs -I../../src/16_hideleave -I../../src/16_hideleave -I../../src/14_hidewrite -I../../src/14_hidewrite -I../../src/29_kpoints -I../../src/29_kpoints -I../../src/32_util -I../../src/32_util -I../../src/incs -I../../src/incs -I/tigress/xingz/abinit-8.10.2/fallbacks/exports/include   -free -module /tigress/xingz/abinit-8.10.2/src/mods -O3 -g -extend-source -noaltparam -nofpscomp   -c -o m_results_respfn.o m_results_respfn.F90
rm -f lib44_abitypes_defs.a
ar rc lib44_abitypes_defs.a defs_abitypes.o m_args_gs.o m_distribfft.o m_dtset.o m_efield.o m_efmas_defs.o m_energies.o m_results_gs.o m_results_img.o m_results_respfn.o 
ranlib lib44_abitypes_defs.a
make[3]: Leaving directory `/tigress/xingz/abinit-8.10.2/src/44_abitypes_defs'
Making all in 45_geomoptim
make[3]: Entering directory `/tigress/xingz/abinit-8.10.2/src/45_geomoptim'
mpiifort -DHAVE_CONFIG_H -I. -I../..  -I../../src/32_util -I../../src/32_util -I../../src/27_toolbox_oop -I../../src/27_toolbox_oop -I../../src/44_abitypes_defs -I../../src/44_abitypes_defs -I../../src/41_geometry -I../../src/41_geometry -I../../src/12_hide_mpi -I../../src/12_hide_mpi -I../../src/10_defs -I../../src/10_defs -I../../src/16_hideleave -I../../src/16_hideleave -I../../src/14_hidewrite -I../../src/14_hidewrite -I../../src/28_numeric_noabirule -I../../src/28_numeric_noabirule -I../../src/incs -I../../src/incs -I/tigress/xingz/abinit-8.10.2/fallbacks/exports/include   -free -module /tigress/xingz/abinit-8.10.2/src/mods -O3 -g -extend-source -noaltparam -nofpscomp   -c -o m_abimover.o m_abimover.F90
mpiifort -DHAVE_CONFIG_H -I. -I../..  -I../../src/32_util -I../../src/32_util -I../../src/27_toolbox_oop -I../../src/27_toolbox_oop -I../../src/44_abitypes_defs -I../../src/44_abitypes_defs -I../../src/41_geometry -I../../src/41_geometry -I../../src/12_hide_mpi -I../../src/12_hide_mpi -I../../src/10_defs -I../../src/10_defs -I../../src/16_hideleave -I../../src/16_hideleave -I../../src/14_hidewrite -I../../src/14_hidewrite -I../../src/28_numeric_noabirule -I../../src/28_numeric_noabirule -I../../src/incs -I../../src/incs -I/tigress/xingz/abinit-8.10.2/fallbacks/exports/include   -free -module /tigress/xingz/abinit-8.10.2/src/mods -O3 -g -extend-source -noaltparam -nofpscomp   -c -o m_predtk.o m_predtk.F90
mpiifort -DHAVE_CONFIG_H -I. -I../..  -I../../src/32_util -I../../src/32_util -I../../src/27_toolbox_oop -I../../src/27_toolbox_oop -I../../src/44_abitypes_defs -I../../src/44_abitypes_defs -I../../src/41_geometry -I../../src/41_geometry -I../../src/12_hide_mpi -I../../src/12_hide_mpi -I../../src/10_defs -I../../src/10_defs -I../../src/16_hideleave -I../../src/16_hideleave -I../../src/14_hidewrite -I../../src/14_hidewrite -I../../src/28_numeric_noabirule -I../../src/28_numeric_noabirule -I../../src/incs -I../../src/incs -I/tigress/xingz/abinit-8.10.2/fallbacks/exports/include   -free -module /tigress/xingz/abinit-8.10.2/src/mods -O3 -g -extend-source -noaltparam -nofpscomp   -c -o m_abihist.o m_abihist.F90
m_abihist.F90(1999): warning #6843: A dummy argument with an explicit INTENT(OUT) declaration is not given an explicit value.   [TIME]
subroutine get_dims_hist(ncid,natom,ntypat,nimage,time,&
--------------------------------------------------^
m_abihist.F90(1999): warning #6843: A dummy argument with an explicit INTENT(OUT) declaration is not given an explicit value.   [NATOM]
subroutine get_dims_hist(ncid,natom,ntypat,nimage,time,&
------------------------------^
m_abihist.F90(1999): warning #6843: A dummy argument with an explicit INTENT(OUT) declaration is not given an explicit value.   [NTYPAT]
subroutine get_dims_hist(ncid,natom,ntypat,nimage,time,&
------------------------------------^
m_abihist.F90(2185): warning #6843: A dummy argument with an explicit INTENT(OUT) declaration is not given an explicit value.   [TYPAT]
subroutine read_csts_hist(ncid,dtion,typat,znucl,amu)
-------------------------------------^
m_abihist.F90(2185): warning #6843: A dummy argument with an explicit INTENT(OUT) declaration is not given an explicit value.   [AMU]
subroutine read_csts_hist(ncid,dtion,typat,znucl,amu)
-------------------------------------------------^
m_abihist.F90(2185): warning #6843: A dummy argument with an explicit INTENT(OUT) declaration is not given an explicit value.   [ZNUCL]
subroutine read_csts_hist(ncid,dtion,typat,znucl,amu)
-------------------------------------------^
m_abihist.F90(2185): warning #6843: A dummy argument with an explicit INTENT(OUT) declaration is not given an explicit value.   [DTION]
subroutine read_csts_hist(ncid,dtion,typat,znucl,amu)
-------------------------------^
m_abihist.F90(1999): warning #6843: A dummy argument with an explicit INTENT(OUT) declaration is not given an explicit value.   [NIMAGE]
subroutine get_dims_hist(ncid,natom,ntypat,nimage,time,&
-------------------------------------------^
m_abihist.F90(2000): warning #6843: A dummy argument with an explicit INTENT(OUT) declaration is not given an explicit value.   [HAS_NIMAGE]
&          natom_id,ntypat_id,nimage_id,time_id,xyz_id,six_id,has_nimage)
--------------------------------------------------------------^
m_abihist.F90(2000): warning #6843: A dummy argument with an explicit INTENT(OUT) declaration is not given an explicit value.   [NATOM_ID]
&          natom_id,ntypat_id,nimage_id,time_id,xyz_id,six_id,has_nimage)
-----------^
m_abihist.F90(2000): warning #6843: A dummy argument with an explicit INTENT(OUT) declaration is not given an explicit value.   [NTYPAT_ID]
&          natom_id,ntypat_id,nimage_id,time_id,xyz_id,six_id,has_nimage)
--------------------^
m_abihist.F90(2000): warning #6843: A dummy argument with an explicit INTENT(OUT) declaration is not given an explicit value.   [NIMAGE_ID]
&          natom_id,ntypat_id,nimage_id,time_id,xyz_id,six_id,has_nimage)
------------------------------^
m_abihist.F90(2000): warning #6843: A dummy argument with an explicit INTENT(OUT) declaration is not given an explicit value.   [TIME_ID]
&          natom_id,ntypat_id,nimage_id,time_id,xyz_id,six_id,has_nimage)
----------------------------------------^
m_abihist.F90(2000): warning #6843: A dummy argument with an explicit INTENT(OUT) declaration is not given an explicit value.   [XYZ_ID]
&          natom_id,ntypat_id,nimage_id,time_id,xyz_id,six_id,has_nimage)
------------------------------------------------^
m_abihist.F90(2000): warning #6843: A dummy argument with an explicit INTENT(OUT) declaration is not given an explicit value.   [SIX_ID]
&          natom_id,ntypat_id,nimage_id,time_id,xyz_id,six_id,has_nimage)
-------------------------------------------------------^
m_abihist.F90(2090): warning #6843: A dummy argument with an explicit INTENT(OUT) declaration is not given an explicit value.   [XCART_ID]
subroutine get_varid_hist(ncid,xcart_id,xred_id,fcart_id,fred_id,vel_id,vel_cell_id,&
-------------------------------^
m_abihist.F90(2090): warning #6843: A dummy argument with an explicit INTENT(OUT) declaration is not given an explicit value.   [XRED_ID]
subroutine get_varid_hist(ncid,xcart_id,xred_id,fcart_id,fred_id,vel_id,vel_cell_id,&
----------------------------------------^
m_abihist.F90(2090): warning #6843: A dummy argument with an explicit INTENT(OUT) declaration is not given an explicit value.   [FCART_ID]
subroutine get_varid_hist(ncid,xcart_id,xred_id,fcart_id,fred_id,vel_id,vel_cell_id,&
------------------------------------------------^
m_abihist.F90(2090): warning #6843: A dummy argument with an explicit INTENT(OUT) declaration is not given an explicit value.   [FRED_ID]
subroutine get_varid_hist(ncid,xcart_id,xred_id,fcart_id,fred_id,vel_id,vel_cell_id,&
---------------------------------------------------------^
m_abihist.F90(2090): warning #6843: A dummy argument with an explicit INTENT(OUT) declaration is not given an explicit value.   [VEL_ID]
subroutine get_varid_hist(ncid,xcart_id,xred_id,fcart_id,fred_id,vel_id,vel_cell_id,&
-----------------------------------------------------------------^
m_abihist.F90(2090): warning #6843: A dummy argument with an explicit INTENT(OUT) declaration is not given an explicit value.   [VEL_CELL_ID]
subroutine get_varid_hist(ncid,xcart_id,xred_id,fcart_id,fred_id,vel_id,vel_cell_id,&
------------------------------------------------------------------------^
m_abihist.F90(2091): warning #6843: A dummy argument with an explicit INTENT(OUT) declaration is not given an explicit value.   [RPRIMD_ID]
&          rprimd_id,acell_id,strten_id,etotal_id,ekin_id,entropy_id,mdtime_id,has_nimage)
-----------^
m_abihist.F90(2091): warning #6843: A dummy argument with an explicit INTENT(OUT) declaration is not given an explicit value.   [ACELL_ID]
&          rprimd_id,acell_id,strten_id,etotal_id,ekin_id,entropy_id,mdtime_id,has_nimage)
---------------------^
m_abihist.F90(2091): warning #6843: A dummy argument with an explicit INTENT(OUT) declaration is not given an explicit value.   [STRTEN_ID]
&          rprimd_id,acell_id,strten_id,etotal_id,ekin_id,entropy_id,mdtime_id,has_nimage)
------------------------------^
m_abihist.F90(2091): warning #6843: A dummy argument with an explicit INTENT(OUT) declaration is not given an explicit value.   [ETOTAL_ID]
&          rprimd_id,acell_id,strten_id,etotal_id,ekin_id,entropy_id,mdtime_id,has_nimage)
----------------------------------------^
m_abihist.F90(2091): warning #6843: A dummy argument with an explicit INTENT(OUT) declaration is not given an explicit value.   [EKIN_ID]
&          rprimd_id,acell_id,strten_id,etotal_id,ekin_id,entropy_id,mdtime_id,has_nimage)
--------------------------------------------------^
m_abihist.F90(2091): warning #6843: A dummy argument with an explicit INTENT(OUT) declaration is not given an explicit value.   [ENTROPY_ID]
&          rprimd_id,acell_id,strten_id,etotal_id,ekin_id,entropy_id,mdtime_id,has_nimage)
----------------------------------------------------------^
m_abihist.F90(2091): warning #6843: A dummy argument with an explicit INTENT(OUT) declaration is not given an explicit value.   [MDTIME_ID]
&          rprimd_id,acell_id,strten_id,etotal_id,ekin_id,entropy_id,mdtime_id,has_nimage)
---------------------------------------------------------------------^
mpiifort -DHAVE_CONFIG_H -I. -I../..  -I../../src/32_util -I../../src/32_util -I../../src/27_toolbox_oop -I../../src/27_toolbox_oop -I../../src/44_abitypes_defs -I../../src/44_abitypes_defs -I../../src/41_geometry -I../../src/41_geometry -I../../src/12_hide_mpi -I../../src/12_hide_mpi -I../../src/10_defs -I../../src/10_defs -I../../src/16_hideleave -I../../src/16_hideleave -I../../src/14_hidewrite -I../../src/14_hidewrite -I../../src/28_numeric_noabirule -I../../src/28_numeric_noabirule -I../../src/incs -I../../src/incs -I/tigress/xingz/abinit-8.10.2/fallbacks/exports/include   -free -module /tigress/xingz/abinit-8.10.2/src/mods -O3 -g -extend-source -noaltparam -nofpscomp   -c -o m_abiimages.o m_abiimages.F90
mpiifort -DHAVE_CONFIG_H -I. -I../..  -I../../src/32_util -I../../src/32_util -I../../src/27_toolbox_oop -I../../src/27_toolbox_oop -I../../src/44_abitypes_defs -I../../src/44_abitypes_defs -I../../src/41_geometry -I../../src/41_geometry -I../../src/12_hide_mpi -I../../src/12_hide_mpi -I../../src/10_defs -I../../src/10_defs -I../../src/16_hideleave -I../../src/16_hideleave -I../../src/14_hidewrite -I../../src/14_hidewrite -I../../src/28_numeric_noabirule -I../../src/28_numeric_noabirule -I../../src/incs -I../../src/incs -I/tigress/xingz/abinit-8.10.2/fallbacks/exports/include   -free -module /tigress/xingz/abinit-8.10.2/src/mods -O3 -g -extend-source -noaltparam -nofpscomp   -c -o m_bfgs.o m_bfgs.F90
mpiifort -DHAVE_CONFIG_H -I. -I../..  -I../../src/32_util -I../../src/32_util -I../../src/27_toolbox_oop -I../../src/27_toolbox_oop -I../../src/44_abitypes_defs -I../../src/44_abitypes_defs -I../../src/41_geometry -I../../src/41_geometry -I../../src/12_hide_mpi -I../../src/12_hide_mpi -I../../src/10_defs -I../../src/10_defs -I../../src/16_hideleave -I../../src/16_hideleave -I../../src/14_hidewrite -I../../src/14_hidewrite -I../../src/28_numeric_noabirule -I../../src/28_numeric_noabirule -I../../src/incs -I../../src/incs -I/tigress/xingz/abinit-8.10.2/fallbacks/exports/include   -free -module /tigress/xingz/abinit-8.10.2/src/mods -O3 -g -extend-source -noaltparam -nofpscomp   -c -o m_ga.o m_ga.F90
mpiifort -DHAVE_CONFIG_H -I. -I../..  -I../../src/32_util -I../../src/32_util -I../../src/27_toolbox_oop -I../../src/27_toolbox_oop -I../../src/44_abitypes_defs -I../../src/44_abitypes_defs -I../../src/41_geometry -I../../src/41_geometry -I../../src/12_hide_mpi -I../../src/12_hide_mpi -I../../src/10_defs -I../../src/10_defs -I../../src/16_hideleave -I../../src/16_hideleave -I../../src/14_hidewrite -I../../src/14_hidewrite -I../../src/28_numeric_noabirule -I../../src/28_numeric_noabirule -I../../src/incs -I../../src/incs -I/tigress/xingz/abinit-8.10.2/fallbacks/exports/include   -free -module /tigress/xingz/abinit-8.10.2/src/mods -O3 -g -extend-source -noaltparam -nofpscomp   -c -o m_hmc.o m_hmc.F90
mpiifort -DHAVE_CONFIG_H -I. -I../..  -I../../src/32_util -I../../src/32_util -I../../src/27_toolbox_oop -I../../src/27_toolbox_oop -I../../src/44_abitypes_defs -I../../src/44_abitypes_defs -I../../src/41_geometry -I../../src/41_geometry -I../../src/12_hide_mpi -I../../src/12_hide_mpi -I../../src/10_defs -I../../src/10_defs -I../../src/16_hideleave -I../../src/16_hideleave -I../../src/14_hidewrite -I../../src/14_hidewrite -I../../src/28_numeric_noabirule -I../../src/28_numeric_noabirule -I../../src/incs -I../../src/incs -I/tigress/xingz/abinit-8.10.2/fallbacks/exports/include   -free -module /tigress/xingz/abinit-8.10.2/src/mods -O3 -g -extend-source -noaltparam -nofpscomp   -c -o m_lbfgs.o m_lbfgs.F90
mpiifort -DHAVE_CONFIG_H -I. -I../..  -I../../src/32_util -I../../src/32_util -I../../src/27_toolbox_oop -I../../src/27_toolbox_oop -I../../src/44_abitypes_defs -I../../src/44_abitypes_defs -I../../src/41_geometry -I../../src/41_geometry -I../../src/12_hide_mpi -I../../src/12_hide_mpi -I../../src/10_defs -I../../src/10_defs -I../../src/16_hideleave -I../../src/16_hideleave -I../../src/14_hidewrite -I../../src/14_hidewrite -I../../src/28_numeric_noabirule -I../../src/28_numeric_noabirule -I../../src/incs -I../../src/incs -I/tigress/xingz/abinit-8.10.2/fallbacks/exports/include   -free -module /tigress/xingz/abinit-8.10.2/src/mods -O3 -g -extend-source -noaltparam -nofpscomp   -c -o m_mep.o m_mep.F90
mpiifort -DHAVE_CONFIG_H -I. -I../..  -I../../src/32_util -I../../src/32_util -I../../src/27_toolbox_oop -I../../src/27_toolbox_oop -I../../src/44_abitypes_defs -I../../src/44_abitypes_defs -I../../src/41_geometry -I../../src/41_geometry -I../../src/12_hide_mpi -I../../src/12_hide_mpi -I../../src/10_defs -I../../src/10_defs -I../../src/16_hideleave -I../../src/16_hideleave -I../../src/14_hidewrite -I../../src/14_hidewrite -I../../src/28_numeric_noabirule -I../../src/28_numeric_noabirule -I../../src/incs -I../../src/incs -I/tigress/xingz/abinit-8.10.2/fallbacks/exports/include   -free -module /tigress/xingz/abinit-8.10.2/src/mods -O3 -g -extend-source -noaltparam -nofpscomp   -c -o m_m1geo.o m_m1geo.F90
mpiifort -DHAVE_CONFIG_H -I. -I../..  -I../../src/32_util -I../../src/32_util -I../../src/27_toolbox_oop -I../../src/27_toolbox_oop -I../../src/44_abitypes_defs -I../../src/44_abitypes_defs -I../../src/41_geometry -I../../src/41_geometry -I../../src/12_hide_mpi -I../../src/12_hide_mpi -I../../src/10_defs -I../../src/10_defs -I../../src/16_hideleave -I../../src/16_hideleave -I../../src/14_hidewrite -I../../src/14_hidewrite -I../../src/28_numeric_noabirule -I../../src/28_numeric_noabirule -I../../src/incs -I../../src/incs -I/tigress/xingz/abinit-8.10.2/fallbacks/exports/include   -free -module /tigress/xingz/abinit-8.10.2/src/mods -O3 -g -extend-source -noaltparam -nofpscomp   -c -o m_pimd.o m_pimd.F90
mpiifort -DHAVE_CONFIG_H -I. -I../..  -I../../src/32_util -I../../src/32_util -I../../src/27_toolbox_oop -I../../src/27_toolbox_oop -I../../src/44_abitypes_defs -I../../src/44_abitypes_defs -I../../src/41_geometry -I../../src/41_geometry -I../../src/12_hide_mpi -I../../src/12_hide_mpi -I../../src/10_defs -I../../src/10_defs -I../../src/16_hideleave -I../../src/16_hideleave -I../../src/14_hidewrite -I../../src/14_hidewrite -I../../src/28_numeric_noabirule -I../../src/28_numeric_noabirule -I../../src/incs -I../../src/incs -I/tigress/xingz/abinit-8.10.2/fallbacks/exports/include   -free -module /tigress/xingz/abinit-8.10.2/src/mods -O3 -g -extend-source -noaltparam -nofpscomp   -c -o m_use_ga.o m_use_ga.F90
mpiifort -DHAVE_CONFIG_H -I. -I../..  -I../../src/32_util -I../../src/32_util -I../../src/27_toolbox_oop -I../../src/27_toolbox_oop -I../../src/44_abitypes_defs -I../../src/44_abitypes_defs -I../../src/41_geometry -I../../src/41_geometry -I../../src/12_hide_mpi -I../../src/12_hide_mpi -I../../src/10_defs -I../../src/10_defs -I../../src/16_hideleave -I../../src/16_hideleave -I../../src/14_hidewrite -I../../src/14_hidewrite -I../../src/28_numeric_noabirule -I../../src/28_numeric_noabirule -I../../src/incs -I../../src/incs -I/tigress/xingz/abinit-8.10.2/fallbacks/exports/include   -free -module /tigress/xingz/abinit-8.10.2/src/mods -O3 -g -extend-source -noaltparam -nofpscomp   -c -o m_pimd_langevin.o m_pimd_langevin.F90
mpiifort -DHAVE_CONFIG_H -I. -I../..  -I../../src/32_util -I../../src/32_util -I../../src/27_toolbox_oop -I../../src/27_toolbox_oop -I../../src/44_abitypes_defs -I../../src/44_abitypes_defs -I../../src/41_geometry -I../../src/41_geometry -I../../src/12_hide_mpi -I../../src/12_hide_mpi -I../../src/10_defs -I../../src/10_defs -I../../src/16_hideleave -I../../src/16_hideleave -I../../src/14_hidewrite -I../../src/14_hidewrite -I../../src/28_numeric_noabirule -I../../src/28_numeric_noabirule -I../../src/incs -I../../src/incs -I/tigress/xingz/abinit-8.10.2/fallbacks/exports/include   -free -module /tigress/xingz/abinit-8.10.2/src/mods -O3 -g -extend-source -noaltparam -nofpscomp   -c -o m_pimd_nosehoover.o m_pimd_nosehoover.F90
mpiifort -DHAVE_CONFIG_H -I. -I../..  -I../../src/32_util -I../../src/32_util -I../../src/27_toolbox_oop -I../../src/27_toolbox_oop -I../../src/44_abitypes_defs -I../../src/44_abitypes_defs -I../../src/41_geometry -I../../src/41_geometry -I../../src/12_hide_mpi -I../../src/12_hide_mpi -I../../src/10_defs -I../../src/10_defs -I../../src/16_hideleave -I../../src/16_hideleave -I../../src/14_hidewrite -I../../src/14_hidewrite -I../../src/28_numeric_noabirule -I../../src/28_numeric_noabirule -I../../src/incs -I../../src/incs -I/tigress/xingz/abinit-8.10.2/fallbacks/exports/include   -free -module /tigress/xingz/abinit-8.10.2/src/mods -O3 -g -extend-source -noaltparam -nofpscomp   -c -o m_xfpack.o m_xfpack.F90
mpiifort -DHAVE_CONFIG_H -I. -I../..  -I../../src/32_util -I../../src/32_util -I../../src/27_toolbox_oop -I../../src/27_toolbox_oop -I../../src/44_abitypes_defs -I../../src/44_abitypes_defs -I../../src/41_geometry -I../../src/41_geometry -I../../src/12_hide_mpi -I../../src/12_hide_mpi -I../../src/10_defs -I../../src/10_defs -I../../src/16_hideleave -I../../src/16_hideleave -I../../src/14_hidewrite -I../../src/14_hidewrite -I../../src/28_numeric_noabirule -I../../src/28_numeric_noabirule -I../../src/incs -I../../src/incs -I/tigress/xingz/abinit-8.10.2/fallbacks/exports/include   -free -module /tigress/xingz/abinit-8.10.2/src/mods -O3 -g -extend-source -noaltparam -nofpscomp   -c -o m_pred_bfgs.o m_pred_bfgs.F90
mpiifort -DHAVE_CONFIG_H -I. -I../..  -I../../src/32_util -I../../src/32_util -I../../src/27_toolbox_oop -I../../src/27_toolbox_oop -I../../src/44_abitypes_defs -I../../src/44_abitypes_defs -I../../src/41_geometry -I../../src/41_geometry -I../../src/12_hide_mpi -I../../src/12_hide_mpi -I../../src/10_defs -I../../src/10_defs -I../../src/16_hideleave -I../../src/16_hideleave -I../../src/14_hidewrite -I../../src/14_hidewrite -I../../src/28_numeric_noabirule -I../../src/28_numeric_noabirule -I../../src/incs -I../../src/incs -I/tigress/xingz/abinit-8.10.2/fallbacks/exports/include   -free -module /tigress/xingz/abinit-8.10.2/src/mods -O3 -g -extend-source -noaltparam -nofpscomp   -c -o m_pred_delocint.o m_pred_delocint.F90
mpiifort -DHAVE_CONFIG_H -I. -I../..  -I../../src/32_util -I../../src/32_util -I../../src/27_toolbox_oop -I../../src/27_toolbox_oop -I../../src/44_abitypes_defs -I../../src/44_abitypes_defs -I../../src/41_geometry -I../../src/41_geometry -I../../src/12_hide_mpi -I../../src/12_hide_mpi -I../../src/10_defs -I../../src/10_defs -I../../src/16_hideleave -I../../src/16_hideleave -I../../src/14_hidewrite -I../../src/14_hidewrite -I../../src/28_numeric_noabirule -I../../src/28_numeric_noabirule -I../../src/incs -I../../src/incs -I/tigress/xingz/abinit-8.10.2/fallbacks/exports/include   -free -module /tigress/xingz/abinit-8.10.2/src/mods -O3 -g -extend-source -noaltparam -nofpscomp   -c -o m_pred_diisrelax.o m_pred_diisrelax.F90
mpiifort -DHAVE_CONFIG_H -I. -I../..  -I../../src/32_util -I../../src/32_util -I../../src/27_toolbox_oop -I../../src/27_toolbox_oop -I../../src/44_abitypes_defs -I../../src/44_abitypes_defs -I../../src/41_geometry -I../../src/41_geometry -I../../src/12_hide_mpi -I../../src/12_hide_mpi -I../../src/10_defs -I../../src/10_defs -I../../src/16_hideleave -I../../src/16_hideleave -I../../src/14_hidewrite -I../../src/14_hidewrite -I../../src/28_numeric_noabirule -I../../src/28_numeric_noabirule -I../../src/incs -I../../src/incs -I/tigress/xingz/abinit-8.10.2/fallbacks/exports/include   -free -module /tigress/xingz/abinit-8.10.2/src/mods -O3 -g -extend-source -noaltparam -nofpscomp   -c -o m_pred_fire.o m_pred_fire.F90
mpiifort -DHAVE_CONFIG_H -I. -I../..  -I../../src/32_util -I../../src/32_util -I../../src/27_toolbox_oop -I../../src/27_toolbox_oop -I../../src/44_abitypes_defs -I../../src/44_abitypes_defs -I../../src/41_geometry -I../../src/41_geometry -I../../src/12_hide_mpi -I../../src/12_hide_mpi -I../../src/10_defs -I../../src/10_defs -I../../src/16_hideleave -I../../src/16_hideleave -I../../src/14_hidewrite -I../../src/14_hidewrite -I../../src/28_numeric_noabirule -I../../src/28_numeric_noabirule -I../../src/incs -I../../src/incs -I/tigress/xingz/abinit-8.10.2/fallbacks/exports/include   -free -module /tigress/xingz/abinit-8.10.2/src/mods -O3 -g -extend-source -noaltparam -nofpscomp   -c -o m_pred_velverlet.o m_pred_velverlet.F90
mpiifort -DHAVE_CONFIG_H -I. -I../..  -I../../src/32_util -I../../src/32_util -I../../src/27_toolbox_oop -I../../src/27_toolbox_oop -I../../src/44_abitypes_defs -I../../src/44_abitypes_defs -I../../src/41_geometry -I../../src/41_geometry -I../../src/12_hide_mpi -I../../src/12_hide_mpi -I../../src/10_defs -I../../src/10_defs -I../../src/16_hideleave -I../../src/16_hideleave -I../../src/14_hidewrite -I../../src/14_hidewrite -I../../src/28_numeric_noabirule -I../../src/28_numeric_noabirule -I../../src/incs -I../../src/incs -I/tigress/xingz/abinit-8.10.2/fallbacks/exports/include   -free -module /tigress/xingz/abinit-8.10.2/src/mods -O3 -g -extend-source -noaltparam -nofpscomp   -c -o m_pred_hmc.o m_pred_hmc.F90
mpiifort -DHAVE_CONFIG_H -I. -I../..  -I../../src/32_util -I../../src/32_util -I../../src/27_toolbox_oop -I../../src/27_toolbox_oop -I../../src/44_abitypes_defs -I../../src/44_abitypes_defs -I../../src/41_geometry -I../../src/41_geometry -I../../src/12_hide_mpi -I../../src/12_hide_mpi -I../../src/10_defs -I../../src/10_defs -I../../src/16_hideleave -I../../src/16_hideleave -I../../src/14_hidewrite -I../../src/14_hidewrite -I../../src/28_numeric_noabirule -I../../src/28_numeric_noabirule -I../../src/incs -I../../src/incs -I/tigress/xingz/abinit-8.10.2/fallbacks/exports/include   -free -module /tigress/xingz/abinit-8.10.2/src/mods -O3 -g -extend-source -noaltparam -nofpscomp   -c -o m_pred_isokinetic.o m_pred_isokinetic.F90
mpiifort -DHAVE_CONFIG_H -I. -I../..  -I../../src/32_util -I../../src/32_util -I../../src/27_toolbox_oop -I../../src/27_toolbox_oop -I../../src/44_abitypes_defs -I../../src/44_abitypes_defs -I../../src/41_geometry -I../../src/41_geometry -I../../src/12_hide_mpi -I../../src/12_hide_mpi -I../../src/10_defs -I../../src/10_defs -I../../src/16_hideleave -I../../src/16_hideleave -I../../src/14_hidewrite -I../../src/14_hidewrite -I../../src/28_numeric_noabirule -I../../src/28_numeric_noabirule -I../../src/incs -I../../src/incs -I/tigress/xingz/abinit-8.10.2/fallbacks/exports/include   -free -module /tigress/xingz/abinit-8.10.2/src/mods -O3 -g -extend-source -noaltparam -nofpscomp   -c -o m_pred_isothermal.o m_pred_isothermal.F90
mpiifort -DHAVE_CONFIG_H -I. -I../..  -I../../src/32_util -I../../src/32_util -I../../src/27_toolbox_oop -I../../src/27_toolbox_oop -I../../src/44_abitypes_defs -I../../src/44_abitypes_defs -I../../src/41_geometry -I../../src/41_geometry -I../../src/12_hide_mpi -I../../src/12_hide_mpi -I../../src/10_defs -I../../src/10_defs -I../../src/16_hideleave -I../../src/16_hideleave -I../../src/14_hidewrite -I../../src/14_hidewrite -I../../src/28_numeric_noabirule -I../../src/28_numeric_noabirule -I../../src/incs -I../../src/incs -I/tigress/xingz/abinit-8.10.2/fallbacks/exports/include   -free -module /tigress/xingz/abinit-8.10.2/src/mods -O3 -g -extend-source -noaltparam -nofpscomp   -c -o m_pred_langevin.o m_pred_langevin.F90
mpiifort -DHAVE_CONFIG_H -I. -I../..  -I../../src/32_util -I../../src/32_util -I../../src/27_toolbox_oop -I../../src/27_toolbox_oop -I../../src/44_abitypes_defs -I../../src/44_abitypes_defs -I../../src/41_geometry -I../../src/41_geometry -I../../src/12_hide_mpi -I../../src/12_hide_mpi -I../../src/10_defs -I../../src/10_defs -I../../src/16_hideleave -I../../src/16_hideleave -I../../src/14_hidewrite -I../../src/14_hidewrite -I../../src/28_numeric_noabirule -I../../src/28_numeric_noabirule -I../../src/incs -I../../src/incs -I/tigress/xingz/abinit-8.10.2/fallbacks/exports/include   -free -module /tigress/xingz/abinit-8.10.2/src/mods -O3 -g -extend-source -noaltparam -nofpscomp   -c -o m_pred_moldyn.o m_pred_moldyn.F90
mpiifort -DHAVE_CONFIG_H -I. -I../..  -I../../src/32_util -I../../src/32_util -I../../src/27_toolbox_oop -I../../src/27_toolbox_oop -I../../src/44_abitypes_defs -I../../src/44_abitypes_defs -I../../src/41_geometry -I../../src/41_geometry -I../../src/12_hide_mpi -I../../src/12_hide_mpi -I../../src/10_defs -I../../src/10_defs -I../../src/16_hideleave -I../../src/16_hideleave -I../../src/14_hidewrite -I../../src/14_hidewrite -I../../src/28_numeric_noabirule -I../../src/28_numeric_noabirule -I../../src/incs -I../../src/incs -I/tigress/xingz/abinit-8.10.2/fallbacks/exports/include   -free -module /tigress/xingz/abinit-8.10.2/src/mods -O3 -g -extend-source -noaltparam -nofpscomp   -c -o m_pred_nose.o m_pred_nose.F90
mpiifort -DHAVE_CONFIG_H -I. -I../..  -I../../src/32_util -I../../src/32_util -I../../src/27_toolbox_oop -I../../src/27_toolbox_oop -I../../src/44_abitypes_defs -I../../src/44_abitypes_defs -I../../src/41_geometry -I../../src/41_geometry -I../../src/12_hide_mpi -I../../src/12_hide_mpi -I../../src/10_defs -I../../src/10_defs -I../../src/16_hideleave -I../../src/16_hideleave -I../../src/14_hidewrite -I../../src/14_hidewrite -I../../src/28_numeric_noabirule -I../../src/28_numeric_noabirule -I../../src/incs -I../../src/incs -I/tigress/xingz/abinit-8.10.2/fallbacks/exports/include   -free -module /tigress/xingz/abinit-8.10.2/src/mods -O3 -g -extend-source -noaltparam -nofpscomp   -c -o m_pred_simple.o m_pred_simple.F90
mpiifort -DHAVE_CONFIG_H -I. -I../..  -I../../src/32_util -I../../src/32_util -I../../src/27_toolbox_oop -I../../src/27_toolbox_oop -I../../src/44_abitypes_defs -I../../src/44_abitypes_defs -I../../src/41_geometry -I../../src/41_geometry -I../../src/12_hide_mpi -I../../src/12_hide_mpi -I../../src/10_defs -I../../src/10_defs -I../../src/16_hideleave -I../../src/16_hideleave -I../../src/14_hidewrite -I../../src/14_hidewrite -I../../src/28_numeric_noabirule -I../../src/28_numeric_noabirule -I../../src/incs -I../../src/incs -I/tigress/xingz/abinit-8.10.2/fallbacks/exports/include   -free -module /tigress/xingz/abinit-8.10.2/src/mods -O3 -g -extend-source -noaltparam -nofpscomp   -c -o m_pred_srkna14.o m_pred_srkna14.F90
mpiifort -DHAVE_CONFIG_H -I. -I../..  -I../../src/32_util -I../../src/32_util -I../../src/27_toolbox_oop -I../../src/27_toolbox_oop -I../../src/44_abitypes_defs -I../../src/44_abitypes_defs -I../../src/41_geometry -I../../src/41_geometry -I../../src/12_hide_mpi -I../../src/12_hide_mpi -I../../src/10_defs -I../../src/10_defs -I../../src/16_hideleave -I../../src/16_hideleave -I../../src/14_hidewrite -I../../src/14_hidewrite -I../../src/28_numeric_noabirule -I../../src/28_numeric_noabirule -I../../src/incs -I../../src/incs -I/tigress/xingz/abinit-8.10.2/fallbacks/exports/include   -free -module /tigress/xingz/abinit-8.10.2/src/mods -O3 -g -extend-source -noaltparam -nofpscomp   -c -o m_pred_steepdesc.o m_pred_steepdesc.F90
mpiifort -DHAVE_CONFIG_H -I. -I../..  -I../../src/32_util -I../../src/32_util -I../../src/27_toolbox_oop -I../../src/27_toolbox_oop -I../../src/44_abitypes_defs -I../../src/44_abitypes_defs -I../../src/41_geometry -I../../src/41_geometry -I../../src/12_hide_mpi -I../../src/12_hide_mpi -I../../src/10_defs -I../../src/10_defs -I../../src/16_hideleave -I../../src/16_hideleave -I../../src/14_hidewrite -I../../src/14_hidewrite -I../../src/28_numeric_noabirule -I../../src/28_numeric_noabirule -I../../src/incs -I../../src/incs -I/tigress/xingz/abinit-8.10.2/fallbacks/exports/include   -free -module /tigress/xingz/abinit-8.10.2/src/mods -O3 -g -extend-source -noaltparam -nofpscomp   -c -o m_pred_verlet.o m_pred_verlet.F90
mpiifort -DHAVE_CONFIG_H -I. -I../..  -I../../src/32_util -I../../src/32_util -I../../src/27_toolbox_oop -I../../src/27_toolbox_oop -I../../src/44_abitypes_defs -I../../src/44_abitypes_defs -I../../src/41_geometry -I../../src/41_geometry -I../../src/12_hide_mpi -I../../src/12_hide_mpi -I../../src/10_defs -I../../src/10_defs -I../../src/16_hideleave -I../../src/16_hideleave -I../../src/14_hidewrite -I../../src/14_hidewrite -I../../src/28_numeric_noabirule -I../../src/28_numeric_noabirule -I../../src/incs -I../../src/incs -I/tigress/xingz/abinit-8.10.2/fallbacks/exports/include   -free -module /tigress/xingz/abinit-8.10.2/src/mods -O3 -g -extend-source -noaltparam -nofpscomp   -c -o m_predict_neb.o m_predict_neb.F90
mpiifort -DHAVE_CONFIG_H -I. -I../..  -I../../src/32_util -I../../src/32_util -I../../src/27_toolbox_oop -I../../src/27_toolbox_oop -I../../src/44_abitypes_defs -I../../src/44_abitypes_defs -I../../src/41_geometry -I../../src/41_geometry -I../../src/12_hide_mpi -I../../src/12_hide_mpi -I../../src/10_defs -I../../src/10_defs -I../../src/16_hideleave -I../../src/16_hideleave -I../../src/14_hidewrite -I../../src/14_hidewrite -I../../src/28_numeric_noabirule -I../../src/28_numeric_noabirule -I../../src/incs -I../../src/incs -I/tigress/xingz/abinit-8.10.2/fallbacks/exports/include   -free -module /tigress/xingz/abinit-8.10.2/src/mods -O3 -g -extend-source -noaltparam -nofpscomp   -c -o m_predict_pimd.o m_predict_pimd.F90
mpiifort -DHAVE_CONFIG_H -I. -I../..  -I../../src/32_util -I../../src/32_util -I../../src/27_toolbox_oop -I../../src/27_toolbox_oop -I../../src/44_abitypes_defs -I../../src/44_abitypes_defs -I../../src/41_geometry -I../../src/41_geometry -I../../src/12_hide_mpi -I../../src/12_hide_mpi -I../../src/10_defs -I../../src/10_defs -I../../src/16_hideleave -I../../src/16_hideleave -I../../src/14_hidewrite -I../../src/14_hidewrite -I../../src/28_numeric_noabirule -I../../src/28_numeric_noabirule -I../../src/incs -I../../src/incs -I/tigress/xingz/abinit-8.10.2/fallbacks/exports/include   -free -module /tigress/xingz/abinit-8.10.2/src/mods -O3 -g -extend-source -noaltparam -nofpscomp   -c -o m_predict_steepest.o m_predict_steepest.F90
mpiifort -DHAVE_CONFIG_H -I. -I../..  -I../../src/32_util -I../../src/32_util -I../../src/27_toolbox_oop -I../../src/27_toolbox_oop -I../../src/44_abitypes_defs -I../../src/44_abitypes_defs -I../../src/41_geometry -I../../src/41_geometry -I../../src/12_hide_mpi -I../../src/12_hide_mpi -I../../src/10_defs -I../../src/10_defs -I../../src/16_hideleave -I../../src/16_hideleave -I../../src/14_hidewrite -I../../src/14_hidewrite -I../../src/28_numeric_noabirule -I../../src/28_numeric_noabirule -I../../src/incs -I../../src/incs -I/tigress/xingz/abinit-8.10.2/fallbacks/exports/include   -free -module /tigress/xingz/abinit-8.10.2/src/mods -O3 -g -extend-source -noaltparam -nofpscomp   -c -o m_predict_string.o m_predict_string.F90
rm -f lib45_geomoptim.a
ar rc lib45_geomoptim.a m_predtk.o m_abihist.o m_abimover.o m_abiimages.o m_bfgs.o m_ga.o m_hmc.o m_lbfgs.o m_mep.o m_m1geo.o m_pimd.o m_use_ga.o m_pimd_langevin.o m_pimd_nosehoover.o m_pred_bfgs.o m_pred_delocint.o m_pred_diisrelax.o m_pred_fire.o m_pred_hmc.o m_pred_isokinetic.o m_pred_isothermal.o m_pred_langevin.o m_pred_moldyn.o m_pred_nose.o m_pred_simple.o m_pred_srkna14.o m_pred_steepdesc.o m_pred_velverlet.o m_pred_verlet.o m_predict_neb.o m_predict_pimd.o m_predict_steepest.o m_predict_string.o m_xfpack.o 
ranlib lib45_geomoptim.a
make[3]: Leaving directory `/tigress/xingz/abinit-8.10.2/src/45_geomoptim'
Making all in 45_xgTools
make[3]: Entering directory `/tigress/xingz/abinit-8.10.2/src/45_xgTools'
mpiifort -DHAVE_CONFIG_H -I. -I../..  -I../../src/16_hideleave -I../../src/16_hideleave -I../../src/28_numeric_noabirule -I../../src/28_numeric_noabirule -I../../src/18_timing -I../../src/18_timing -I../../src/12_hide_mpi -I../../src/12_hide_mpi -I../../src/10_defs -I../../src/10_defs -I../../src/14_hidewrite -I../../src/14_hidewrite -I../../src/incs -I../../src/incs -I/tigress/xingz/abinit-8.10.2/fallbacks/exports/include   -free -module /tigress/xingz/abinit-8.10.2/src/mods -O3 -g -extend-source -noaltparam -nofpscomp   -c -o m_xg.o m_xg.F90
mpiifort -DHAVE_CONFIG_H -I. -I../..  -I../../src/16_hideleave -I../../src/16_hideleave -I../../src/28_numeric_noabirule -I../../src/28_numeric_noabirule -I../../src/18_timing -I../../src/18_timing -I../../src/12_hide_mpi -I../../src/12_hide_mpi -I../../src/10_defs -I../../src/10_defs -I../../src/14_hidewrite -I../../src/14_hidewrite -I../../src/incs -I../../src/incs -I/tigress/xingz/abinit-8.10.2/fallbacks/exports/include   -free -module /tigress/xingz/abinit-8.10.2/src/mods -O3 -g -extend-source -noaltparam -nofpscomp   -c -o m_xgScalapack.o m_xgScalapack.F90
rm -f lib45_xgTools.a
ar rc lib45_xgTools.a m_xg.o m_xgScalapack.o 
ranlib lib45_xgTools.a
make[3]: Leaving directory `/tigress/xingz/abinit-8.10.2/src/45_xgTools'
Making all in 46_diago
make[3]: Entering directory `/tigress/xingz/abinit-8.10.2/src/46_diago'
mpiifort -DHAVE_CONFIG_H -I. -I../..  -I../../src/12_hide_mpi -I../../src/12_hide_mpi -I../../src/16_hideleave -I../../src/16_hideleave -I../../src/10_defs -I../../src/10_defs -I../../src/14_hidewrite -I../../src/14_hidewrite -I../../src/45_xgTools -I../../src/45_xgTools -I../../src/18_timing -I../../src/18_timing -I../../src/incs -I../../src/incs -I/tigress/xingz/abinit-8.10.2/fallbacks/exports/include   -free -module /tigress/xingz/abinit-8.10.2/src/mods -O3 -g -extend-source -noaltparam -nofpscomp   -c -o m_lobpcg2.o m_lobpcg2.F90
rm -f lib46_diago.a
ar rc lib46_diago.a m_lobpcg2.o 
ranlib lib46_diago.a
make[3]: Leaving directory `/tigress/xingz/abinit-8.10.2/src/46_diago'
Making all in 49_gw_toolbox_oop
make[3]: Entering directory `/tigress/xingz/abinit-8.10.2/src/49_gw_toolbox_oop'
mpiifort -DHAVE_CONFIG_H -I. -I../..  -I../../src/12_hide_mpi -I../../src/12_hide_mpi -I../../src/16_hideleave -I../../src/16_hideleave -I../../src/10_defs -I../../src/10_defs -I../../src/14_hidewrite -I../../src/14_hidewrite -I../../src/28_numeric_noabirule -I../../src/28_numeric_noabirule -I../../src/incs -I../../src/incs -I/tigress/xingz/abinit-8.10.2/fallbacks/exports/include   -free -module /tigress/xingz/abinit-8.10.2/src/mods -O3 -g -extend-source -noaltparam -nofpscomp   -c -o m_bs_defs.o m_bs_defs.F90
mpiifort -DHAVE_CONFIG_H -I. -I../..  -I../../src/12_hide_mpi -I../../src/12_hide_mpi -I../../src/16_hideleave -I../../src/16_hideleave -I../../src/10_defs -I../../src/10_defs -I../../src/14_hidewrite -I../../src/14_hidewrite -I../../src/28_numeric_noabirule -I../../src/28_numeric_noabirule -I../../src/incs -I../../src/incs -I/tigress/xingz/abinit-8.10.2/fallbacks/exports/include   -free -module /tigress/xingz/abinit-8.10.2/src/mods -O3 -g -extend-source -noaltparam -nofpscomp   -c -o m_gwdefs.o m_gwdefs.F90
mpiifort -DHAVE_CONFIG_H -I. -I../..  -I../../src/12_hide_mpi -I../../src/12_hide_mpi -I../../src/16_hideleave -I../../src/16_hideleave -I../../src/10_defs -I../../src/10_defs -I../../src/14_hidewrite -I../../src/14_hidewrite -I../../src/28_numeric_noabirule -I../../src/28_numeric_noabirule -I../../src/incs -I../../src/incs -I/tigress/xingz/abinit-8.10.2/fallbacks/exports/include   -free -module /tigress/xingz/abinit-8.10.2/src/mods -O3 -g -extend-source -noaltparam -nofpscomp   -c -o m_melemts.o m_melemts.F90
mpiifort -DHAVE_CONFIG_H -I. -I../..  -I../../src/12_hide_mpi -I../../src/12_hide_mpi -I../../src/16_hideleave -I../../src/16_hideleave -I../../src/10_defs -I../../src/10_defs -I../../src/14_hidewrite -I../../src/14_hidewrite -I../../src/28_numeric_noabirule -I../../src/28_numeric_noabirule -I../../src/incs -I../../src/incs -I/tigress/xingz/abinit-8.10.2/fallbacks/exports/include   -free -module /tigress/xingz/abinit-8.10.2/src/mods -O3 -g -extend-source -noaltparam -nofpscomp   -c -o m_spectra.o m_spectra.F90
rm -f lib49_gw_toolbox_oop.a
ar rc lib49_gw_toolbox_oop.a m_bs_defs.o m_gwdefs.o m_melemts.o m_spectra.o 
ranlib lib49_gw_toolbox_oop.a
make[3]: Leaving directory `/tigress/xingz/abinit-8.10.2/src/49_gw_toolbox_oop'
Making all in 51_manage_mpi
make[3]: Entering directory `/tigress/xingz/abinit-8.10.2/src/51_manage_mpi'
mpiifort -DHAVE_CONFIG_H -I. -I../..  -I../../src/16_hideleave -I../../src/16_hideleave -I../../src/28_numeric_noabirule -I../../src/28_numeric_noabirule -I../../src/44_abitypes_defs -I../../src/44_abitypes_defs -I../../src/42_libpaw -I../../src/42_libpaw -I../../src/12_hide_mpi -I../../src/12_hide_mpi -I../../src/10_defs -I../../src/10_defs -I../../src/14_hidewrite -I../../src/14_hidewrite -I../../src/27_toolbox_oop -I../../src/27_toolbox_oop -I../../src/incs -I../../src/incs -I/tigress/xingz/abinit-8.10.2/fallbacks/exports/include   -free -module /tigress/xingz/abinit-8.10.2/src/mods -O3 -g -extend-source -noaltparam -nofpscomp   -c -o m_io_redirect.o m_io_redirect.F90
mpiifort -DHAVE_CONFIG_H -I. -I../..  -I../../src/16_hideleave -I../../src/16_hideleave -I../../src/28_numeric_noabirule -I../../src/28_numeric_noabirule -I../../src/44_abitypes_defs -I../../src/44_abitypes_defs -I../../src/42_libpaw -I../../src/42_libpaw -I../../src/12_hide_mpi -I../../src/12_hide_mpi -I../../src/10_defs -I../../src/10_defs -I../../src/14_hidewrite -I../../src/14_hidewrite -I../../src/27_toolbox_oop -I../../src/27_toolbox_oop -I../../src/incs -I../../src/incs -I/tigress/xingz/abinit-8.10.2/fallbacks/exports/include   -free -module /tigress/xingz/abinit-8.10.2/src/mods -O3 -g -extend-source -noaltparam -nofpscomp   -c -o m_mpinfo.o m_mpinfo.F90
mpiifort -DHAVE_CONFIG_H -I. -I../..  -I../../src/16_hideleave -I../../src/16_hideleave -I../../src/28_numeric_noabirule -I../../src/28_numeric_noabirule -I../../src/44_abitypes_defs -I../../src/44_abitypes_defs -I../../src/42_libpaw -I../../src/42_libpaw -I../../src/12_hide_mpi -I../../src/12_hide_mpi -I../../src/10_defs -I../../src/10_defs -I../../src/14_hidewrite -I../../src/14_hidewrite -I../../src/27_toolbox_oop -I../../src/27_toolbox_oop -I../../src/incs -I../../src/incs -I/tigress/xingz/abinit-8.10.2/fallbacks/exports/include   -free -module /tigress/xingz/abinit-8.10.2/src/mods -O3 -g -extend-source -noaltparam -nofpscomp   -c -o m_wffile.o m_wffile.F90
mpiifort -DHAVE_CONFIG_H -I. -I../..  -I../../src/16_hideleave -I../../src/16_hideleave -I../../src/28_numeric_noabirule -I../../src/28_numeric_noabirule -I../../src/44_abitypes_defs -I../../src/44_abitypes_defs -I../../src/42_libpaw -I../../src/42_libpaw -I../../src/12_hide_mpi -I../../src/12_hide_mpi -I../../src/10_defs -I../../src/10_defs -I../../src/14_hidewrite -I../../src/14_hidewrite -I../../src/27_toolbox_oop -I../../src/27_toolbox_oop -I../../src/incs -I../../src/incs -I/tigress/xingz/abinit-8.10.2/fallbacks/exports/include   -free -module /tigress/xingz/abinit-8.10.2/src/mods -O3 -g -extend-source -noaltparam -nofpscomp   -c -o m_xredistribute.o m_xredistribute.F90
rm -f lib51_manage_mpi.a
ar rc lib51_manage_mpi.a m_io_redirect.o m_mpinfo.o m_wffile.o m_xredistribute.o 
ranlib lib51_manage_mpi.a
make[3]: Leaving directory `/tigress/xingz/abinit-8.10.2/src/51_manage_mpi'
Making all in 52_fft_mpi_noabirule
make[3]: Entering directory `/tigress/xingz/abinit-8.10.2/src/52_fft_mpi_noabirule'
mpiifort -DHAVE_CONFIG_H -I. -I../..  -I../../src/32_util -I../../src/32_util -I../../src/44_abitools -I../../src/44_abitools -I../../src/28_numeric_noabirule -I../../src/28_numeric_noabirule -I../../src/44_abitypes_defs -I../../src/44_abitypes_defs -I../../src/41_geometry -I../../src/41_geometry -I../../src/51_manage_mpi -I../../src/51_manage_mpi -I../../src/18_timing -I../../src/18_timing -I../../src/12_hide_mpi -I../../src/12_hide_mpi -I../../src/10_defs -I../../src/10_defs -I../../src/16_hideleave -I../../src/16_hideleave -I../../src/14_hidewrite -I../../src/14_hidewrite -I../../src/incs -I../../src/incs -I/tigress/xingz/abinit-8.10.2/fallbacks/exports/include   -free -module /tigress/xingz/abinit-8.10.2/src/mods -O3 -g -extend-source -noaltparam -nofpscomp   -c -o defs_fftdata.o defs_fftdata.F90
mpiifort -DHAVE_CONFIG_H -I. -I../..  -I../../src/32_util -I../../src/32_util -I../../src/44_abitools -I../../src/44_abitools -I../../src/28_numeric_noabirule -I../../src/28_numeric_noabirule -I../../src/44_abitypes_defs -I../../src/44_abitypes_defs -I../../src/41_geometry -I../../src/41_geometry -I../../src/51_manage_mpi -I../../src/51_manage_mpi -I../../src/18_timing -I../../src/18_timing -I../../src/12_hide_mpi -I../../src/12_hide_mpi -I../../src/10_defs -I../../src/10_defs -I../../src/16_hideleave -I../../src/16_hideleave -I../../src/14_hidewrite -I../../src/14_hidewrite -I../../src/incs -I../../src/incs -I/tigress/xingz/abinit-8.10.2/fallbacks/exports/include   -free -module /tigress/xingz/abinit-8.10.2/src/mods -O3 -g -extend-source -noaltparam -nofpscomp   -c -o m_fft_mesh.o m_fft_mesh.F90
mpiifort -DHAVE_CONFIG_H -I. -I../..  -I../../src/32_util -I../../src/32_util -I../../src/44_abitools -I../../src/44_abitools -I../../src/28_numeric_noabirule -I../../src/28_numeric_noabirule -I../../src/44_abitypes_defs -I../../src/44_abitypes_defs -I../../src/41_geometry -I../../src/41_geometry -I../../src/51_manage_mpi -I../../src/51_manage_mpi -I../../src/18_timing -I../../src/18_timing -I../../src/12_hide_mpi -I../../src/12_hide_mpi -I../../src/10_defs -I../../src/10_defs -I../../src/16_hideleave -I../../src/16_hideleave -I../../src/14_hidewrite -I../../src/14_hidewrite -I../../src/incs -I../../src/incs -I/tigress/xingz/abinit-8.10.2/fallbacks/exports/include   -free -module /tigress/xingz/abinit-8.10.2/src/mods -O3 -g -extend-source -noaltparam -nofpscomp   -c -o m_fftcore.o m_fftcore.F90
mpiifort -DHAVE_CONFIG_H -I. -I../..  -I../../src/32_util -I../../src/32_util -I../../src/44_abitools -I../../src/44_abitools -I../../src/28_numeric_noabirule -I../../src/28_numeric_noabirule -I../../src/44_abitypes_defs -I../../src/44_abitypes_defs -I../../src/41_geometry -I../../src/41_geometry -I../../src/51_manage_mpi -I../../src/51_manage_mpi -I../../src/18_timing -I../../src/18_timing -I../../src/12_hide_mpi -I../../src/12_hide_mpi -I../../src/10_defs -I../../src/10_defs -I../../src/16_hideleave -I../../src/16_hideleave -I../../src/14_hidewrite -I../../src/14_hidewrite -I../../src/incs -I../../src/incs -I/tigress/xingz/abinit-8.10.2/fallbacks/exports/include   -free -module /tigress/xingz/abinit-8.10.2/src/mods -O3 -g -extend-source -noaltparam -nofpscomp   -c -o m_fftw3.o m_fftw3.F90
m_fftw3.F90(4103): warning #6843: A dummy argument with an explicit INTENT(OUT) declaration is not given an explicit value.   [FOFG]
  fftn2_distrib,ffti2_local,fftn3_distrib,ffti3_local,fofg,fofr,comm_fft,fftw_flags)
------------------------------------------------------^
m_fftw3.F90(3945): warning #6843: A dummy argument with an explicit INTENT(OUT) declaration is not given an explicit value.   [FOFR]
  fftn2_distrib,ffti2_local,fftn3_distrib,ffti3_local,fofg,fofr,comm_fft,fftw_flags)
-----------------------------------------------------------^
m_fftw3.F90(3728): warning #6843: A dummy argument with an explicit INTENT(OUT) declaration is not given an explicit value.   [FOUT]
subroutine fftw3mpi_many_dft_ip(nx,ny,nz,ldx,ldy,ldz,ndat,isign,fin,fout,comm_fft,fftw_flags)
--------------------------------------------------------------------^
mpiifort -DHAVE_CONFIG_H -I. -I../..  -I../../src/32_util -I../../src/32_util -I../../src/44_abitools -I../../src/44_abitools -I../../src/28_numeric_noabirule -I../../src/28_numeric_noabirule -I../../src/44_abitypes_defs -I../../src/44_abitypes_defs -I../../src/41_geometry -I../../src/41_geometry -I../../src/51_manage_mpi -I../../src/51_manage_mpi -I../../src/18_timing -I../../src/18_timing -I../../src/12_hide_mpi -I../../src/12_hide_mpi -I../../src/10_defs -I../../src/10_defs -I../../src/16_hideleave -I../../src/16_hideleave -I../../src/14_hidewrite -I../../src/14_hidewrite -I../../src/incs -I../../src/incs -I/tigress/xingz/abinit-8.10.2/fallbacks/exports/include   -free -module /tigress/xingz/abinit-8.10.2/src/mods -O3 -g -extend-source -noaltparam -nofpscomp   -c -o m_dfti.o m_dfti.F90
m_dfti.F90(2106): warning #6843: A dummy argument with an explicit INTENT(OUT) declaration is not given an explicit value.   [GG]
subroutine dfti_c2r_op_dpc(nx,ny,nz,ldx,ldy,ldz,ndat,ff,gg)
--------------------------------------------------------^
m_dfti.F90(1901): warning #6843: A dummy argument with an explicit INTENT(OUT) declaration is not given an explicit value.   [GG]
subroutine dfti_r2c_op_dpc(nx,ny,nz,ldx,ldy,ldz,ndat,ff,gg)
--------------------------------------------------------^
m_dfti.F90(1478): warning #6843: A dummy argument with an explicit INTENT(OUT) declaration is not given an explicit value.   [GG]
subroutine dfti_c2c_op_dpc(nx,ny,nz,ldx,ldy,ldz,ndat,isign,ff,gg)
--------------------------------------------------------------^
m_dfti.F90(1423): warning #6843: A dummy argument with an explicit INTENT(OUT) declaration is not given an explicit value.   [GG]
subroutine dfti_c2c_op_spc(nx,ny,nz,ldx,ldy,ldz,ndat,isign,ff,gg)
--------------------------------------------------------------^
mpiifort -DHAVE_CONFIG_H -I. -I../..  -I../../src/32_util -I../../src/32_util -I../../src/44_abitools -I../../src/44_abitools -I../../src/28_numeric_noabirule -I../../src/28_numeric_noabirule -I../../src/44_abitypes_defs -I../../src/44_abitypes_defs -I../../src/41_geometry -I../../src/41_geometry -I../../src/51_manage_mpi -I../../src/51_manage_mpi -I../../src/18_timing -I../../src/18_timing -I../../src/12_hide_mpi -I../../src/12_hide_mpi -I../../src/10_defs -I../../src/10_defs -I../../src/16_hideleave -I../../src/16_hideleave -I../../src/14_hidewrite -I../../src/14_hidewrite -I../../src/incs -I../../src/incs -I/tigress/xingz/abinit-8.10.2/fallbacks/exports/include   -free -module /tigress/xingz/abinit-8.10.2/src/mods -O3 -g -extend-source -noaltparam -nofpscomp   -c -o m_sgfft.o m_sgfft.F90
mpiifort -DHAVE_CONFIG_H -I. -I../..  -I../../src/32_util -I../../src/32_util -I../../src/44_abitools -I../../src/44_abitools -I../../src/28_numeric_noabirule -I../../src/28_numeric_noabirule -I../../src/44_abitypes_defs -I../../src/44_abitypes_defs -I../../src/41_geometry -I../../src/41_geometry -I../../src/51_manage_mpi -I../../src/51_manage_mpi -I../../src/18_timing -I../../src/18_timing -I../../src/12_hide_mpi -I../../src/12_hide_mpi -I../../src/10_defs -I../../src/10_defs -I../../src/16_hideleave -I../../src/16_hideleave -I../../src/14_hidewrite -I../../src/14_hidewrite -I../../src/incs -I../../src/incs -I/tigress/xingz/abinit-8.10.2/fallbacks/exports/include   -free -module /tigress/xingz/abinit-8.10.2/src/mods -O3 -g -extend-source -noaltparam -nofpscomp   -c -o m_sg2002.o m_sg2002.F90
rm -f lib52_fft_mpi_noabirule.a
ar rc lib52_fft_mpi_noabirule.a defs_fftdata.o m_fftw3.o m_dfti.o m_fftcore.o m_fft_mesh.o m_sgfft.o m_sg2002.o 
ranlib lib52_fft_mpi_noabirule.a
make[3]: Leaving directory `/tigress/xingz/abinit-8.10.2/src/52_fft_mpi_noabirule'
Making all in 53_ffts
make[3]: Entering directory `/tigress/xingz/abinit-8.10.2/src/53_ffts'
mpiifort -DHAVE_CONFIG_H -I. -I../..  -I../../src/44_abitools -I../../src/44_abitools -I../../src/28_numeric_noabirule -I../../src/28_numeric_noabirule -I../../src/44_abitypes_defs -I../../src/44_abitypes_defs -I../../src/41_geometry -I../../src/41_geometry -I../../src/51_manage_mpi -I../../src/51_manage_mpi -I../../src/18_timing -I../../src/18_timing -I../../src/12_hide_mpi -I../../src/12_hide_mpi -I../../src/10_defs -I../../src/10_defs -I../../src/16_hideleave -I../../src/16_hideleave -I../../src/14_hidewrite -I../../src/14_hidewrite -I../../src/52_fft_mpi_noabirule -I../../src/52_fft_mpi_noabirule -I../../src/incs -I../../src/incs -I/tigress/xingz/abinit-8.10.2/fallbacks/exports/include   -free -module /tigress/xingz/abinit-8.10.2/src/mods -O3 -g -extend-source -noaltparam -nofpscomp   -c -o m_fft.o m_fft.F90
rm -f lib53_ffts.a
ar rc lib53_ffts.a m_fft.o 
ranlib lib53_ffts.a
make[3]: Leaving directory `/tigress/xingz/abinit-8.10.2/src/53_ffts'
Making all in 54_spacepar
make[3]: Entering directory `/tigress/xingz/abinit-8.10.2/src/54_spacepar'
mpiifort -DHAVE_CONFIG_H -I. -I../..  -I../../src/32_util -I../../src/32_util -I../../src/28_numeric_noabirule -I../../src/28_numeric_noabirule -I../../src/44_abitypes_defs -I../../src/44_abitypes_defs -I../../src/41_geometry -I../../src/41_geometry -I../../src/51_manage_mpi -I../../src/51_manage_mpi -I../../src/18_timing -I../../src/18_timing -I../../src/12_hide_mpi -I../../src/12_hide_mpi -I../../src/10_defs -I../../src/10_defs -I../../src/16_hideleave -I../../src/16_hideleave -I../../src/14_hidewrite -I../../src/14_hidewrite -I../../src/53_ffts -I../../src/53_ffts -I../../src/incs -I../../src/incs -I/tigress/xingz/abinit-8.10.2/fallbacks/exports/include   -free -module /tigress/xingz/abinit-8.10.2/src/mods -O3 -g -extend-source -noaltparam -nofpscomp   -c -o m_multipoles.o m_multipoles.F90
mpiifort -DHAVE_CONFIG_H -I. -I../..  -I../../src/32_util -I../../src/32_util -I../../src/28_numeric_noabirule -I../../src/28_numeric_noabirule -I../../src/44_abitypes_defs -I../../src/44_abitypes_defs -I../../src/41_geometry -I../../src/41_geometry -I../../src/51_manage_mpi -I../../src/51_manage_mpi -I../../src/18_timing -I../../src/18_timing -I../../src/12_hide_mpi -I../../src/12_hide_mpi -I../../src/10_defs -I../../src/10_defs -I../../src/16_hideleave -I../../src/16_hideleave -I../../src/14_hidewrite -I../../src/14_hidewrite -I../../src/53_ffts -I../../src/53_ffts -I../../src/incs -I../../src/incs -I/tigress/xingz/abinit-8.10.2/fallbacks/exports/include   -free -module /tigress/xingz/abinit-8.10.2/src/mods -O3 -g -extend-source -noaltparam -nofpscomp   -c -o m_spacepar.o m_spacepar.F90
rm -f lib54_spacepar.a
ar rc lib54_spacepar.a m_multipoles.o m_spacepar.o 
ranlib lib54_spacepar.a
make[3]: Leaving directory `/tigress/xingz/abinit-8.10.2/src/54_spacepar'
Making all in 55_abiutil
make[3]: Entering directory `/tigress/xingz/abinit-8.10.2/src/55_abiutil'
mpiifort -DHAVE_CONFIG_H -I. -I../..  -I../../src/16_hideleave -I../../src/16_hideleave -I../../src/28_numeric_noabirule -I../../src/28_numeric_noabirule -I../../src/44_abitypes_defs -I../../src/44_abitypes_defs -I../../src/41_geometry -I../../src/41_geometry -I../../src/51_manage_mpi -I../../src/51_manage_mpi -I../../src/18_timing -I../../src/18_timing -I../../src/12_hide_mpi -I../../src/12_hide_mpi -I../../src/10_defs -I../../src/10_defs -I../../src/42_libpaw -I../../src/42_libpaw -I../../src/14_hidewrite -I../../src/14_hidewrite -I../../src/02_clib -I../../src/02_clib -I../../src/incs -I../../src/incs -I/tigress/xingz/abinit-8.10.2/fallbacks/exports/include   -free -module /tigress/xingz/abinit-8.10.2/src/mods -O3 -g -extend-source -noaltparam -nofpscomp   -c -o m_dtfil.o m_dtfil.F90
mpiifort -DHAVE_CONFIG_H -I. -I../..  -I../../src/16_hideleave -I../../src/16_hideleave -I../../src/28_numeric_noabirule -I../../src/28_numeric_noabirule -I../../src/44_abitypes_defs -I../../src/44_abitypes_defs -I../../src/41_geometry -I../../src/41_geometry -I../../src/51_manage_mpi -I../../src/51_manage_mpi -I../../src/18_timing -I../../src/18_timing -I../../src/12_hide_mpi -I../../src/12_hide_mpi -I../../src/10_defs -I../../src/10_defs -I../../src/42_libpaw -I../../src/42_libpaw -I../../src/14_hidewrite -I../../src/14_hidewrite -I../../src/02_clib -I../../src/02_clib -I../../src/incs -I../../src/incs -I/tigress/xingz/abinit-8.10.2/fallbacks/exports/include   -free -module /tigress/xingz/abinit-8.10.2/src/mods -O3 -g -extend-source -noaltparam -nofpscomp   -c -o m_dens.o m_dens.F90
mpiifort -DHAVE_CONFIG_H -I. -I../..  -I../../src/16_hideleave -I../../src/16_hideleave -I../../src/28_numeric_noabirule -I../../src/28_numeric_noabirule -I../../src/44_abitypes_defs -I../../src/44_abitypes_defs -I../../src/41_geometry -I../../src/41_geometry -I../../src/51_manage_mpi -I../../src/51_manage_mpi -I../../src/18_timing -I../../src/18_timing -I../../src/12_hide_mpi -I../../src/12_hide_mpi -I../../src/10_defs -I../../src/10_defs -I../../src/42_libpaw -I../../src/42_libpaw -I../../src/14_hidewrite -I../../src/14_hidewrite -I../../src/02_clib -I../../src/02_clib -I../../src/incs -I../../src/incs -I/tigress/xingz/abinit-8.10.2/fallbacks/exports/include   -free -module /tigress/xingz/abinit-8.10.2/src/mods -O3 -g -extend-source -noaltparam -nofpscomp   -c -o m_results_out.o m_results_out.F90
mpiifort -DHAVE_CONFIG_H -I. -I../..  -I../../src/16_hideleave -I../../src/16_hideleave -I../../src/28_numeric_noabirule -I../../src/28_numeric_noabirule -I../../src/44_abitypes_defs -I../../src/44_abitypes_defs -I../../src/41_geometry -I../../src/41_geometry -I../../src/51_manage_mpi -I../../src/51_manage_mpi -I../../src/18_timing -I../../src/18_timing -I../../src/12_hide_mpi -I../../src/12_hide_mpi -I../../src/10_defs -I../../src/10_defs -I../../src/42_libpaw -I../../src/42_libpaw -I../../src/14_hidewrite -I../../src/14_hidewrite -I../../src/02_clib -I../../src/02_clib -I../../src/incs -I../../src/incs -I/tigress/xingz/abinit-8.10.2/fallbacks/exports/include   -free -module /tigress/xingz/abinit-8.10.2/src/mods -O3 -g -extend-source -noaltparam -nofpscomp   -c -o m_scf_history.o m_scf_history.F90
mpiifort -DHAVE_CONFIG_H -I. -I../..  -I../../src/16_hideleave -I../../src/16_hideleave -I../../src/28_numeric_noabirule -I../../src/28_numeric_noabirule -I../../src/44_abitypes_defs -I../../src/44_abitypes_defs -I../../src/41_geometry -I../../src/41_geometry -I../../src/51_manage_mpi -I../../src/51_manage_mpi -I../../src/18_timing -I../../src/18_timing -I../../src/12_hide_mpi -I../../src/12_hide_mpi -I../../src/10_defs -I../../src/10_defs -I../../src/42_libpaw -I../../src/42_libpaw -I../../src/14_hidewrite -I../../src/14_hidewrite -I../../src/02_clib -I../../src/02_clib -I../../src/incs -I../../src/incs -I/tigress/xingz/abinit-8.10.2/fallbacks/exports/include   -free -module /tigress/xingz/abinit-8.10.2/src/mods -O3 -g -extend-source -noaltparam -nofpscomp   -c -o m_builtin_tests.o m_builtin_tests.F90
mpiifort -DHAVE_CONFIG_H -I. -I../..  -I../../src/16_hideleave -I../../src/16_hideleave -I../../src/28_numeric_noabirule -I../../src/28_numeric_noabirule -I../../src/44_abitypes_defs -I../../src/44_abitypes_defs -I../../src/41_geometry -I../../src/41_geometry -I../../src/51_manage_mpi -I../../src/51_manage_mpi -I../../src/18_timing -I../../src/18_timing -I../../src/12_hide_mpi -I../../src/12_hide_mpi -I../../src/10_defs -I../../src/10_defs -I../../src/42_libpaw -I../../src/42_libpaw -I../../src/14_hidewrite -I../../src/14_hidewrite -I../../src/02_clib -I../../src/02_clib -I../../src/incs -I../../src/incs -I/tigress/xingz/abinit-8.10.2/fallbacks/exports/include   -free -module /tigress/xingz/abinit-8.10.2/src/mods -O3 -g -extend-source -noaltparam -nofpscomp   -c -o m_timana.o m_timana.F90
rm -f lib55_abiutil.a
ar rc lib55_abiutil.a m_dtfil.o m_dens.o m_results_out.o m_scf_history.o m_builtin_tests.o m_timana.o 
ranlib lib55_abiutil.a
make[3]: Leaving directory `/tigress/xingz/abinit-8.10.2/src/55_abiutil'
Making all in 56_io_mpi
make[3]: Entering directory `/tigress/xingz/abinit-8.10.2/src/56_io_mpi'
mpiifort -DHAVE_CONFIG_H -I. -I../..  -I../../src/16_hideleave -I../../src/16_hideleave -I../../src/32_util -I../../src/32_util -I../../src/27_toolbox_oop -I../../src/27_toolbox_oop -I../../src/44_abitypes_defs -I../../src/44_abitypes_defs -I../../src/42_libpaw -I../../src/42_libpaw -I../../src/51_manage_mpi -I../../src/51_manage_mpi -I../../src/43_wvl_wrappers -I../../src/43_wvl_wrappers -I../../src/12_hide_mpi -I../../src/12_hide_mpi -I../../src/10_defs -I../../src/10_defs -I../../src/14_hidewrite -I../../src/14_hidewrite -I../../src/18_timing -I../../src/18_timing -I../../src/28_numeric_noabirule -I../../src/28_numeric_noabirule -I../../src/incs -I../../src/incs -I/tigress/xingz/abinit-8.10.2/fallbacks/exports/include   -free -module /tigress/xingz/abinit-8.10.2/src/mods -O3 -g -extend-source -noaltparam -nofpscomp   -c -o m_abi_etsf.o m_abi_etsf.F90
mpiifort -DHAVE_CONFIG_H -I. -I../..  -I../../src/16_hideleave -I../../src/16_hideleave -I../../src/32_util -I../../src/32_util -I../../src/27_toolbox_oop -I../../src/27_toolbox_oop -I../../src/44_abitypes_defs -I../../src/44_abitypes_defs -I../../src/42_libpaw -I../../src/42_libpaw -I../../src/51_manage_mpi -I../../src/51_manage_mpi -I../../src/43_wvl_wrappers -I../../src/43_wvl_wrappers -I../../src/12_hide_mpi -I../../src/12_hide_mpi -I../../src/10_defs -I../../src/10_defs -I../../src/14_hidewrite -I../../src/14_hidewrite -I../../src/18_timing -I../../src/18_timing -I../../src/28_numeric_noabirule -I../../src/28_numeric_noabirule -I../../src/incs -I../../src/incs -I/tigress/xingz/abinit-8.10.2/fallbacks/exports/include   -free -module /tigress/xingz/abinit-8.10.2/src/mods -O3 -g -extend-source -noaltparam -nofpscomp   -c -o m_exit.o m_exit.F90
mpiifort -DHAVE_CONFIG_H -I. -I../..  -I../../src/16_hideleave -I../../src/16_hideleave -I../../src/32_util -I../../src/32_util -I../../src/27_toolbox_oop -I../../src/27_toolbox_oop -I../../src/44_abitypes_defs -I../../src/44_abitypes_defs -I../../src/42_libpaw -I../../src/42_libpaw -I../../src/51_manage_mpi -I../../src/51_manage_mpi -I../../src/43_wvl_wrappers -I../../src/43_wvl_wrappers -I../../src/12_hide_mpi -I../../src/12_hide_mpi -I../../src/10_defs -I../../src/10_defs -I../../src/14_hidewrite -I../../src/14_hidewrite -I../../src/18_timing -I../../src/18_timing -I../../src/28_numeric_noabirule -I../../src/28_numeric_noabirule -I../../src/incs -I../../src/incs -I/tigress/xingz/abinit-8.10.2/fallbacks/exports/include   -free -module /tigress/xingz/abinit-8.10.2/src/mods -O3 -g -extend-source -noaltparam -nofpscomp   -c -o m_hdr.o m_hdr.F90
m_hdr.F90(3052): warning #6843: A dummy argument with an explicit INTENT(OUT) declaration is not given an explicit value.   [FFORM]
subroutine hdr_ncread(Hdr,ncid,fform)
-------------------------------^
mpiifort -DHAVE_CONFIG_H -I. -I../..  -I../../src/16_hideleave -I../../src/16_hideleave -I../../src/32_util -I../../src/32_util -I../../src/27_toolbox_oop -I../../src/27_toolbox_oop -I../../src/44_abitypes_defs -I../../src/44_abitypes_defs -I../../src/42_libpaw -I../../src/42_libpaw -I../../src/51_manage_mpi -I../../src/51_manage_mpi -I../../src/43_wvl_wrappers -I../../src/43_wvl_wrappers -I../../src/12_hide_mpi -I../../src/12_hide_mpi -I../../src/10_defs -I../../src/10_defs -I../../src/14_hidewrite -I../../src/14_hidewrite -I../../src/18_timing -I../../src/18_timing -I../../src/28_numeric_noabirule -I../../src/28_numeric_noabirule -I../../src/incs -I../../src/incs -I/tigress/xingz/abinit-8.10.2/fallbacks/exports/include   -free -module /tigress/xingz/abinit-8.10.2/src/mods -O3 -g -extend-source -noaltparam -nofpscomp   -c -o m_rwwf.o m_rwwf.F90
rm -f lib56_io_mpi.a
ar rc lib56_io_mpi.a m_abi_etsf.o m_exit.o m_hdr.o m_rwwf.o 
ranlib lib56_io_mpi.a
make[3]: Leaving directory `/tigress/xingz/abinit-8.10.2/src/56_io_mpi'
Making all in 56_mixing
make[3]: Entering directory `/tigress/xingz/abinit-8.10.2/src/56_mixing'
mpiifort -DHAVE_CONFIG_H -I. -I../..  -I../../src/12_hide_mpi -I../../src/12_hide_mpi -I../../src/16_hideleave -I../../src/16_hideleave -I../../src/10_defs -I../../src/10_defs -I../../src/14_hidewrite -I../../src/14_hidewrite -I../../src/28_numeric_noabirule -I../../src/28_numeric_noabirule -I../../src/18_timing -I../../src/18_timing -I../../src/incs -I../../src/incs -I/tigress/xingz/abinit-8.10.2/fallbacks/exports/include   -free -module /tigress/xingz/abinit-8.10.2/src/mods -O3 -g -extend-source -noaltparam -nofpscomp   -c -o m_ab7_mixing.o m_ab7_mixing.F90
rm -f lib56_mixing.a
ar rc lib56_mixing.a m_ab7_mixing.o 
ranlib lib56_mixing.a
make[3]: Leaving directory `/tigress/xingz/abinit-8.10.2/src/56_mixing'
Making all in 56_recipspace
make[3]: Entering directory `/tigress/xingz/abinit-8.10.2/src/56_recipspace'
mpiifort -DHAVE_CONFIG_H -I. -I../..  -I../../src/32_util -I../../src/32_util -I../../src/28_numeric_noabirule -I../../src/28_numeric_noabirule -I../../src/44_abitypes_defs -I../../src/44_abitypes_defs -I../../src/42_libpaw -I../../src/42_libpaw -I../../src/51_manage_mpi -I../../src/51_manage_mpi -I../../src/54_spacepar -I../../src/54_spacepar -I../../src/16_hideleave -I../../src/16_hideleave -I../../src/52_fft_mpi_noabirule -I../../src/52_fft_mpi_noabirule -I../../src/17_libtetra_ext -I../../src/17_libtetra_ext -I../../src/41_geometry -I../../src/41_geometry -I../../src/18_timing -I../../src/18_timing -I../../src/12_hide_mpi -I../../src/12_hide_mpi -I../../src/10_defs -I../../src/10_defs -I../../src/14_hidewrite -I../../src/14_hidewrite -I../../src/29_kpoints -I../../src/29_kpoints -I../../src/incs -I../../src/incs -I/tigress/xingz/abinit-8.10.2/fallbacks/exports/include   -free -module /tigress/xingz/abinit-8.10.2/src/mods -O3 -g -extend-source -noaltparam -nofpscomp   -c -o m_initylmg.o m_initylmg.F90
mpiifort -DHAVE_CONFIG_H -I. -I../..  -I../../src/32_util -I../../src/32_util -I../../src/28_numeric_noabirule -I../../src/28_numeric_noabirule -I../../src/44_abitypes_defs -I../../src/44_abitypes_defs -I../../src/42_libpaw -I../../src/42_libpaw -I../../src/51_manage_mpi -I../../src/51_manage_mpi -I../../src/54_spacepar -I../../src/54_spacepar -I../../src/16_hideleave -I../../src/16_hideleave -I../../src/52_fft_mpi_noabirule -I../../src/52_fft_mpi_noabirule -I../../src/17_libtetra_ext -I../../src/17_libtetra_ext -I../../src/41_geometry -I../../src/41_geometry -I../../src/18_timing -I../../src/18_timing -I../../src/12_hide_mpi -I../../src/12_hide_mpi -I../../src/10_defs -I../../src/10_defs -I../../src/14_hidewrite -I../../src/14_hidewrite -I../../src/29_kpoints -I../../src/29_kpoints -I../../src/incs -I../../src/incs -I/tigress/xingz/abinit-8.10.2/fallbacks/exports/include   -free -module /tigress/xingz/abinit-8.10.2/src/mods -O3 -g -extend-source -noaltparam -nofpscomp   -c -o m_kpts.o m_kpts.F90
mpiifort -DHAVE_CONFIG_H -I. -I../..  -I../../src/32_util -I../../src/32_util -I../../src/28_numeric_noabirule -I../../src/28_numeric_noabirule -I../../src/44_abitypes_defs -I../../src/44_abitypes_defs -I../../src/42_libpaw -I../../src/42_libpaw -I../../src/51_manage_mpi -I../../src/51_manage_mpi -I../../src/54_spacepar -I../../src/54_spacepar -I../../src/16_hideleave -I../../src/16_hideleave -I../../src/52_fft_mpi_noabirule -I../../src/52_fft_mpi_noabirule -I../../src/17_libtetra_ext -I../../src/17_libtetra_ext -I../../src/41_geometry -I../../src/41_geometry -I../../src/18_timing -I../../src/18_timing -I../../src/12_hide_mpi -I../../src/12_hide_mpi -I../../src/10_defs -I../../src/10_defs -I../../src/14_hidewrite -I../../src/14_hidewrite -I../../src/29_kpoints -I../../src/29_kpoints -I../../src/incs -I../../src/incs -I/tigress/xingz/abinit-8.10.2/fallbacks/exports/include   -free -module /tigress/xingz/abinit-8.10.2/src/mods -O3 -g -extend-source -noaltparam -nofpscomp   -c -o m_ab7_kpoints.o m_ab7_kpoints.F90
mpiifort -DHAVE_CONFIG_H -I. -I../..  -I../../src/32_util -I../../src/32_util -I../../src/28_numeric_noabirule -I../../src/28_numeric_noabirule -I../../src/44_abitypes_defs -I../../src/44_abitypes_defs -I../../src/42_libpaw -I../../src/42_libpaw -I../../src/51_manage_mpi -I../../src/51_manage_mpi -I../../src/54_spacepar -I../../src/54_spacepar -I../../src/16_hideleave -I../../src/16_hideleave -I../../src/52_fft_mpi_noabirule -I../../src/52_fft_mpi_noabirule -I../../src/17_libtetra_ext -I../../src/17_libtetra_ext -I../../src/41_geometry -I../../src/41_geometry -I../../src/18_timing -I../../src/18_timing -I../../src/12_hide_mpi -I../../src/12_hide_mpi -I../../src/10_defs -I../../src/10_defs -I../../src/14_hidewrite -I../../src/14_hidewrite -I../../src/29_kpoints -I../../src/29_kpoints -I../../src/incs -I../../src/incs -I/tigress/xingz/abinit-8.10.2/fallbacks/exports/include   -free -module /tigress/xingz/abinit-8.10.2/src/mods -O3 -g -extend-source -noaltparam -nofpscomp   -c -o m_bz_mesh.o m_bz_mesh.F90
mpiifort -DHAVE_CONFIG_H -I. -I../..  -I../../src/32_util -I../../src/32_util -I../../src/28_numeric_noabirule -I../../src/28_numeric_noabirule -I../../src/44_abitypes_defs -I../../src/44_abitypes_defs -I../../src/42_libpaw -I../../src/42_libpaw -I../../src/51_manage_mpi -I../../src/51_manage_mpi -I../../src/54_spacepar -I../../src/54_spacepar -I../../src/16_hideleave -I../../src/16_hideleave -I../../src/52_fft_mpi_noabirule -I../../src/52_fft_mpi_noabirule -I../../src/17_libtetra_ext -I../../src/17_libtetra_ext -I../../src/41_geometry -I../../src/41_geometry -I../../src/18_timing -I../../src/18_timing -I../../src/12_hide_mpi -I../../src/12_hide_mpi -I../../src/10_defs -I../../src/10_defs -I../../src/14_hidewrite -I../../src/14_hidewrite -I../../src/29_kpoints -I../../src/29_kpoints -I../../src/incs -I../../src/incs -I/tigress/xingz/abinit-8.10.2/fallbacks/exports/include   -free -module /tigress/xingz/abinit-8.10.2/src/mods -O3 -g -extend-source -noaltparam -nofpscomp   -c -o m_double_grid.o m_double_grid.F90
mpiifort -DHAVE_CONFIG_H -I. -I../..  -I../../src/32_util -I../../src/32_util -I../../src/28_numeric_noabirule -I../../src/28_numeric_noabirule -I../../src/44_abitypes_defs -I../../src/44_abitypes_defs -I../../src/42_libpaw -I../../src/42_libpaw -I../../src/51_manage_mpi -I../../src/51_manage_mpi -I../../src/54_spacepar -I../../src/54_spacepar -I../../src/16_hideleave -I../../src/16_hideleave -I../../src/52_fft_mpi_noabirule -I../../src/52_fft_mpi_noabirule -I../../src/17_libtetra_ext -I../../src/17_libtetra_ext -I../../src/41_geometry -I../../src/41_geometry -I../../src/18_timing -I../../src/18_timing -I../../src/12_hide_mpi -I../../src/12_hide_mpi -I../../src/10_defs -I../../src/10_defs -I../../src/14_hidewrite -I../../src/14_hidewrite -I../../src/29_kpoints -I../../src/29_kpoints -I../../src/incs -I../../src/incs -I/tigress/xingz/abinit-8.10.2/fallbacks/exports/include   -free -module /tigress/xingz/abinit-8.10.2/src/mods -O3 -g -extend-source -noaltparam -nofpscomp   -c -o m_gsphere.o m_gsphere.F90
mpiifort -DHAVE_CONFIG_H -I. -I../..  -I../../src/32_util -I../../src/32_util -I../../src/28_numeric_noabirule -I../../src/28_numeric_noabirule -I../../src/44_abitypes_defs -I../../src/44_abitypes_defs -I../../src/42_libpaw -I../../src/42_libpaw -I../../src/51_manage_mpi -I../../src/51_manage_mpi -I../../src/54_spacepar -I../../src/54_spacepar -I../../src/16_hideleave -I../../src/16_hideleave -I../../src/52_fft_mpi_noabirule -I../../src/52_fft_mpi_noabirule -I../../src/17_libtetra_ext -I../../src/17_libtetra_ext -I../../src/41_geometry -I../../src/41_geometry -I../../src/18_timing -I../../src/18_timing -I../../src/12_hide_mpi -I../../src/12_hide_mpi -I../../src/10_defs -I../../src/10_defs -I../../src/14_hidewrite -I../../src/14_hidewrite -I../../src/29_kpoints -I../../src/29_kpoints -I../../src/incs -I../../src/incs -I/tigress/xingz/abinit-8.10.2/fallbacks/exports/include   -free -module /tigress/xingz/abinit-8.10.2/src/mods -O3 -g -extend-source -noaltparam -nofpscomp   -c -o m_kg.o m_kg.F90
mpiifort -DHAVE_CONFIG_H -I. -I../..  -I../../src/32_util -I../../src/32_util -I../../src/28_numeric_noabirule -I../../src/28_numeric_noabirule -I../../src/44_abitypes_defs -I../../src/44_abitypes_defs -I../../src/42_libpaw -I../../src/42_libpaw -I../../src/51_manage_mpi -I../../src/51_manage_mpi -I../../src/54_spacepar -I../../src/54_spacepar -I../../src/16_hideleave -I../../src/16_hideleave -I../../src/52_fft_mpi_noabirule -I../../src/52_fft_mpi_noabirule -I../../src/17_libtetra_ext -I../../src/17_libtetra_ext -I../../src/41_geometry -I../../src/41_geometry -I../../src/18_timing -I../../src/18_timing -I../../src/12_hide_mpi -I../../src/12_hide_mpi -I../../src/10_defs -I../../src/10_defs -I../../src/14_hidewrite -I../../src/14_hidewrite -I../../src/29_kpoints -I../../src/29_kpoints -I../../src/incs -I../../src/incs -I/tigress/xingz/abinit-8.10.2/fallbacks/exports/include   -free -module /tigress/xingz/abinit-8.10.2/src/mods -O3 -g -extend-source -noaltparam -nofpscomp   -c -o m_lgroup.o m_lgroup.F90
mpiifort -DHAVE_CONFIG_H -I. -I../..  -I../../src/32_util -I../../src/32_util -I../../src/28_numeric_noabirule -I../../src/28_numeric_noabirule -I../../src/44_abitypes_defs -I../../src/44_abitypes_defs -I../../src/42_libpaw -I../../src/42_libpaw -I../../src/51_manage_mpi -I../../src/51_manage_mpi -I../../src/54_spacepar -I../../src/54_spacepar -I../../src/16_hideleave -I../../src/16_hideleave -I../../src/52_fft_mpi_noabirule -I../../src/52_fft_mpi_noabirule -I../../src/17_libtetra_ext -I../../src/17_libtetra_ext -I../../src/41_geometry -I../../src/41_geometry -I../../src/18_timing -I../../src/18_timing -I../../src/12_hide_mpi -I../../src/12_hide_mpi -I../../src/10_defs -I../../src/10_defs -I../../src/14_hidewrite -I../../src/14_hidewrite -I../../src/29_kpoints -I../../src/29_kpoints -I../../src/incs -I../../src/incs -I/tigress/xingz/abinit-8.10.2/fallbacks/exports/include   -free -module /tigress/xingz/abinit-8.10.2/src/mods -O3 -g -extend-source -noaltparam -nofpscomp   -c -o m_nesting.o m_nesting.F90
mpiifort -DHAVE_CONFIG_H -I. -I../..  -I../../src/32_util -I../../src/32_util -I../../src/28_numeric_noabirule -I../../src/28_numeric_noabirule -I../../src/44_abitypes_defs -I../../src/44_abitypes_defs -I../../src/42_libpaw -I../../src/42_libpaw -I../../src/51_manage_mpi -I../../src/51_manage_mpi -I../../src/54_spacepar -I../../src/54_spacepar -I../../src/16_hideleave -I../../src/16_hideleave -I../../src/52_fft_mpi_noabirule -I../../src/52_fft_mpi_noabirule -I../../src/17_libtetra_ext -I../../src/17_libtetra_ext -I../../src/41_geometry -I../../src/41_geometry -I../../src/18_timing -I../../src/18_timing -I../../src/12_hide_mpi -I../../src/12_hide_mpi -I../../src/10_defs -I../../src/10_defs -I../../src/14_hidewrite -I../../src/14_hidewrite -I../../src/29_kpoints -I../../src/29_kpoints -I../../src/incs -I../../src/incs -I/tigress/xingz/abinit-8.10.2/fallbacks/exports/include   -free -module /tigress/xingz/abinit-8.10.2/src/mods -O3 -g -extend-source -noaltparam -nofpscomp   -c -o m_skw.o m_skw.F90
mpiifort -DHAVE_CONFIG_H -I. -I../..  -I../../src/32_util -I../../src/32_util -I../../src/28_numeric_noabirule -I../../src/28_numeric_noabirule -I../../src/44_abitypes_defs -I../../src/44_abitypes_defs -I../../src/42_libpaw -I../../src/42_libpaw -I../../src/51_manage_mpi -I../../src/51_manage_mpi -I../../src/54_spacepar -I../../src/54_spacepar -I../../src/16_hideleave -I../../src/16_hideleave -I../../src/52_fft_mpi_noabirule -I../../src/52_fft_mpi_noabirule -I../../src/17_libtetra_ext -I../../src/17_libtetra_ext -I../../src/41_geometry -I../../src/41_geometry -I../../src/18_timing -I../../src/18_timing -I../../src/12_hide_mpi -I../../src/12_hide_mpi -I../../src/10_defs -I../../src/10_defs -I../../src/14_hidewrite -I../../src/14_hidewrite -I../../src/29_kpoints -I../../src/29_kpoints -I../../src/incs -I../../src/incs -I/tigress/xingz/abinit-8.10.2/fallbacks/exports/include   -free -module /tigress/xingz/abinit-8.10.2/src/mods -O3 -g -extend-source -noaltparam -nofpscomp   -c -o m_getshell.o m_getshell.F90
rm -f lib56_recipspace.a
ar rc lib56_recipspace.a m_initylmg.o m_ab7_kpoints.o m_bz_mesh.o m_double_grid.o m_gsphere.o m_kg.o m_kpts.o m_lgroup.o m_nesting.o m_skw.o m_getshell.o 
ranlib lib56_recipspace.a
make[3]: Leaving directory `/tigress/xingz/abinit-8.10.2/src/56_recipspace'
Making all in 56_xc
make[3]: Entering directory `/tigress/xingz/abinit-8.10.2/src/56_xc'
mpiifort -DHAVE_CONFIG_H -I. -I../..  -I../../src/32_util -I../../src/32_util -I../../src/44_abitools -I../../src/44_abitools -I../../src/28_numeric_noabirule -I../../src/28_numeric_noabirule -I../../src/44_abitypes_defs -I../../src/44_abitypes_defs -I../../src/42_libpaw -I../../src/42_libpaw -I../../src/51_manage_mpi -I../../src/51_manage_mpi -I../../src/16_hideleave -I../../src/16_hideleave -I../../src/52_fft_mpi_noabirule -I../../src/52_fft_mpi_noabirule -I../../src/41_xc_lowlevel -I../../src/41_xc_lowlevel -I../../src/41_geometry -I../../src/41_geometry -I../../src/18_timing -I../../src/18_timing -I../../src/12_hide_mpi -I../../src/12_hide_mpi -I../../src/10_defs -I../../src/10_defs -I../../src/14_hidewrite -I../../src/14_hidewrite -I../../src/54_spacepar -I../../src/54_spacepar -I../../src/53_ffts -I../../src/53_ffts -I../../src/incs -I../../src/incs -I/tigress/xingz/abinit-8.10.2/fallbacks/exports/include -I/tigress/xingz/abinit-8.10.2/fallbacks/exports/include   -free -module /tigress/xingz/abinit-8.10.2/src/mods -O3 -g -extend-source -noaltparam -nofpscomp   -c -o m_xctk.o m_xctk.F90
mpiifort -DHAVE_CONFIG_H -I. -I../..  -I../../src/32_util -I../../src/32_util -I../../src/44_abitools -I../../src/44_abitools -I../../src/28_numeric_noabirule -I../../src/28_numeric_noabirule -I../../src/44_abitypes_defs -I../../src/44_abitypes_defs -I../../src/42_libpaw -I../../src/42_libpaw -I../../src/51_manage_mpi -I../../src/51_manage_mpi -I../../src/16_hideleave -I../../src/16_hideleave -I../../src/52_fft_mpi_noabirule -I../../src/52_fft_mpi_noabirule -I../../src/41_xc_lowlevel -I../../src/41_xc_lowlevel -I../../src/41_geometry -I../../src/41_geometry -I../../src/18_timing -I../../src/18_timing -I../../src/12_hide_mpi -I../../src/12_hide_mpi -I../../src/10_defs -I../../src/10_defs -I../../src/14_hidewrite -I../../src/14_hidewrite -I../../src/54_spacepar -I../../src/54_spacepar -I../../src/53_ffts -I../../src/53_ffts -I../../src/incs -I../../src/incs -I/tigress/xingz/abinit-8.10.2/fallbacks/exports/include -I/tigress/xingz/abinit-8.10.2/fallbacks/exports/include   -free -module /tigress/xingz/abinit-8.10.2/src/mods -O3 -g -extend-source -noaltparam -nofpscomp   -c -o m_electronpositron.o m_electronpositron.F90
mpiifort -DHAVE_CONFIG_H -I. -I../..  -I../../src/32_util -I../../src/32_util -I../../src/44_abitools -I../../src/44_abitools -I../../src/28_numeric_noabirule -I../../src/28_numeric_noabirule -I../../src/44_abitypes_defs -I../../src/44_abitypes_defs -I../../src/42_libpaw -I../../src/42_libpaw -I../../src/51_manage_mpi -I../../src/51_manage_mpi -I../../src/16_hideleave -I../../src/16_hideleave -I../../src/52_fft_mpi_noabirule -I../../src/52_fft_mpi_noabirule -I../../src/41_xc_lowlevel -I../../src/41_xc_lowlevel -I../../src/41_geometry -I../../src/41_geometry -I../../src/18_timing -I../../src/18_timing -I../../src/12_hide_mpi -I../../src/12_hide_mpi -I../../src/10_defs -I../../src/10_defs -I../../src/14_hidewrite -I../../src/14_hidewrite -I../../src/54_spacepar -I../../src/54_spacepar -I../../src/53_ffts -I../../src/53_ffts -I../../src/incs -I../../src/incs -I/tigress/xingz/abinit-8.10.2/fallbacks/exports/include -I/tigress/xingz/abinit-8.10.2/fallbacks/exports/include   -free -module /tigress/xingz/abinit-8.10.2/src/mods -O3 -g -extend-source -noaltparam -nofpscomp   -c -o m_dfpt_mkvxc.o m_dfpt_mkvxc.F90
mpiifort -DHAVE_CONFIG_H -I. -I../..  -I../../src/32_util -I../../src/32_util -I../../src/44_abitools -I../../src/44_abitools -I../../src/28_numeric_noabirule -I../../src/28_numeric_noabirule -I../../src/44_abitypes_defs -I../../src/44_abitypes_defs -I../../src/42_libpaw -I../../src/42_libpaw -I../../src/51_manage_mpi -I../../src/51_manage_mpi -I../../src/16_hideleave -I../../src/16_hideleave -I../../src/52_fft_mpi_noabirule -I../../src/52_fft_mpi_noabirule -I../../src/41_xc_lowlevel -I../../src/41_xc_lowlevel -I../../src/41_geometry -I../../src/41_geometry -I../../src/18_timing -I../../src/18_timing -I../../src/12_hide_mpi -I../../src/12_hide_mpi -I../../src/10_defs -I../../src/10_defs -I../../src/14_hidewrite -I../../src/14_hidewrite -I../../src/54_spacepar -I../../src/54_spacepar -I../../src/53_ffts -I../../src/53_ffts -I../../src/incs -I../../src/incs -I/tigress/xingz/abinit-8.10.2/fallbacks/exports/include -I/tigress/xingz/abinit-8.10.2/fallbacks/exports/include   -free -module /tigress/xingz/abinit-8.10.2/src/mods -O3 -g -extend-source -noaltparam -nofpscomp   -c -o m_xc_vdw.o m_xc_vdw.F90
mpiifort -DHAVE_CONFIG_H -I. -I../..  -I../../src/32_util -I../../src/32_util -I../../src/44_abitools -I../../src/44_abitools -I../../src/28_numeric_noabirule -I../../src/28_numeric_noabirule -I../../src/44_abitypes_defs -I../../src/44_abitypes_defs -I../../src/42_libpaw -I../../src/42_libpaw -I../../src/51_manage_mpi -I../../src/51_manage_mpi -I../../src/16_hideleave -I../../src/16_hideleave -I../../src/52_fft_mpi_noabirule -I../../src/52_fft_mpi_noabirule -I../../src/41_xc_lowlevel -I../../src/41_xc_lowlevel -I../../src/41_geometry -I../../src/41_geometry -I../../src/18_timing -I../../src/18_timing -I../../src/12_hide_mpi -I../../src/12_hide_mpi -I../../src/10_defs -I../../src/10_defs -I../../src/14_hidewrite -I../../src/14_hidewrite -I../../src/54_spacepar -I../../src/54_spacepar -I../../src/53_ffts -I../../src/53_ffts -I../../src/incs -I../../src/incs -I/tigress/xingz/abinit-8.10.2/fallbacks/exports/include -I/tigress/xingz/abinit-8.10.2/fallbacks/exports/include   -free -module /tigress/xingz/abinit-8.10.2/src/mods -O3 -g -extend-source -noaltparam -nofpscomp   -c -o m_xcdata.o m_xcdata.F90
mpiifort -DHAVE_CONFIG_H -I. -I../..  -I../../src/32_util -I../../src/32_util -I../../src/44_abitools -I../../src/44_abitools -I../../src/28_numeric_noabirule -I../../src/28_numeric_noabirule -I../../src/44_abitypes_defs -I../../src/44_abitypes_defs -I../../src/42_libpaw -I../../src/42_libpaw -I../../src/51_manage_mpi -I../../src/51_manage_mpi -I../../src/16_hideleave -I../../src/16_hideleave -I../../src/52_fft_mpi_noabirule -I../../src/52_fft_mpi_noabirule -I../../src/41_xc_lowlevel -I../../src/41_xc_lowlevel -I../../src/41_geometry -I../../src/41_geometry -I../../src/18_timing -I../../src/18_timing -I../../src/12_hide_mpi -I../../src/12_hide_mpi -I../../src/10_defs -I../../src/10_defs -I../../src/14_hidewrite -I../../src/14_hidewrite -I../../src/54_spacepar -I../../src/54_spacepar -I../../src/53_ffts -I../../src/53_ffts -I../../src/incs -I../../src/incs -I/tigress/xingz/abinit-8.10.2/fallbacks/exports/include -I/tigress/xingz/abinit-8.10.2/fallbacks/exports/include   -free -module /tigress/xingz/abinit-8.10.2/src/mods -O3 -g -extend-source -noaltparam -nofpscomp   -c -o m_rhotoxc.o m_rhotoxc.F90
mpiifort -DHAVE_CONFIG_H -I. -I../..  -I../../src/32_util -I../../src/32_util -I../../src/44_abitools -I../../src/44_abitools -I../../src/28_numeric_noabirule -I../../src/28_numeric_noabirule -I../../src/44_abitypes_defs -I../../src/44_abitypes_defs -I../../src/42_libpaw -I../../src/42_libpaw -I../../src/51_manage_mpi -I../../src/51_manage_mpi -I../../src/16_hideleave -I../../src/16_hideleave -I../../src/52_fft_mpi_noabirule -I../../src/52_fft_mpi_noabirule -I../../src/41_xc_lowlevel -I../../src/41_xc_lowlevel -I../../src/41_geometry -I../../src/41_geometry -I../../src/18_timing -I../../src/18_timing -I../../src/12_hide_mpi -I../../src/12_hide_mpi -I../../src/10_defs -I../../src/10_defs -I../../src/14_hidewrite -I../../src/14_hidewrite -I../../src/54_spacepar -I../../src/54_spacepar -I../../src/53_ffts -I../../src/53_ffts -I../../src/incs -I../../src/incs -I/tigress/xingz/abinit-8.10.2/fallbacks/exports/include -I/tigress/xingz/abinit-8.10.2/fallbacks/exports/include   -free -module /tigress/xingz/abinit-8.10.2/src/mods -O3 -g -extend-source -noaltparam -nofpscomp   -c -o m_kxc.o m_kxc.F90
mpiifort -DHAVE_CONFIG_H -I. -I../..  -I../../src/32_util -I../../src/32_util -I../../src/44_abitools -I../../src/44_abitools -I../../src/28_numeric_noabirule -I../../src/28_numeric_noabirule -I../../src/44_abitypes_defs -I../../src/44_abitypes_defs -I../../src/42_libpaw -I../../src/42_libpaw -I../../src/51_manage_mpi -I../../src/51_manage_mpi -I../../src/16_hideleave -I../../src/16_hideleave -I../../src/52_fft_mpi_noabirule -I../../src/52_fft_mpi_noabirule -I../../src/41_xc_lowlevel -I../../src/41_xc_lowlevel -I../../src/41_geometry -I../../src/41_geometry -I../../src/18_timing -I../../src/18_timing -I../../src/12_hide_mpi -I../../src/12_hide_mpi -I../../src/10_defs -I../../src/10_defs -I../../src/14_hidewrite -I../../src/14_hidewrite -I../../src/54_spacepar -I../../src/54_spacepar -I../../src/53_ffts -I../../src/53_ffts -I../../src/incs -I../../src/incs -I/tigress/xingz/abinit-8.10.2/fallbacks/exports/include -I/tigress/xingz/abinit-8.10.2/fallbacks/exports/include   -free -module /tigress/xingz/abinit-8.10.2/src/mods -O3 -g -extend-source -noaltparam -nofpscomp   -c -o m_gammapositron.o m_gammapositron.F90
mpiifort -DHAVE_CONFIG_H -I. -I../..  -I../../src/32_util -I../../src/32_util -I../../src/44_abitools -I../../src/44_abitools -I../../src/28_numeric_noabirule -I../../src/28_numeric_noabirule -I../../src/44_abitypes_defs -I../../src/44_abitypes_defs -I../../src/42_libpaw -I../../src/42_libpaw -I../../src/51_manage_mpi -I../../src/51_manage_mpi -I../../src/16_hideleave -I../../src/16_hideleave -I../../src/52_fft_mpi_noabirule -I../../src/52_fft_mpi_noabirule -I../../src/41_xc_lowlevel -I../../src/41_xc_lowlevel -I../../src/41_geometry -I../../src/41_geometry -I../../src/18_timing -I../../src/18_timing -I../../src/12_hide_mpi -I../../src/12_hide_mpi -I../../src/10_defs -I../../src/10_defs -I../../src/14_hidewrite -I../../src/14_hidewrite -I../../src/54_spacepar -I../../src/54_spacepar -I../../src/53_ffts -I../../src/53_ffts -I../../src/incs -I../../src/incs -I/tigress/xingz/abinit-8.10.2/fallbacks/exports/include -I/tigress/xingz/abinit-8.10.2/fallbacks/exports/include   -free -module /tigress/xingz/abinit-8.10.2/src/mods -O3 -g -extend-source -noaltparam -nofpscomp   -c -o m_mkcore.o m_mkcore.F90
mpiifort -DHAVE_CONFIG_H -I. -I../..  -I../../src/32_util -I../../src/32_util -I../../src/44_abitools -I../../src/44_abitools -I../../src/28_numeric_noabirule -I../../src/28_numeric_noabirule -I../../src/44_abitypes_defs -I../../src/44_abitypes_defs -I../../src/42_libpaw -I../../src/42_libpaw -I../../src/51_manage_mpi -I../../src/51_manage_mpi -I../../src/16_hideleave -I../../src/16_hideleave -I../../src/52_fft_mpi_noabirule -I../../src/52_fft_mpi_noabirule -I../../src/41_xc_lowlevel -I../../src/41_xc_lowlevel -I../../src/41_geometry -I../../src/41_geometry -I../../src/18_timing -I../../src/18_timing -I../../src/12_hide_mpi -I../../src/12_hide_mpi -I../../src/10_defs -I../../src/10_defs -I../../src/14_hidewrite -I../../src/14_hidewrite -I../../src/54_spacepar -I../../src/54_spacepar -I../../src/53_ffts -I../../src/53_ffts -I../../src/incs -I../../src/incs -I/tigress/xingz/abinit-8.10.2/fallbacks/exports/include -I/tigress/xingz/abinit-8.10.2/fallbacks/exports/include   -free -module /tigress/xingz/abinit-8.10.2/src/mods -O3 -g -extend-source -noaltparam -nofpscomp   -c -o m_xchybrid.o m_xchybrid.F90
rm -f lib56_xc.a
ar rc lib56_xc.a m_electronpositron.o m_kxc.o m_xcdata.o m_xc_vdw.o m_dfpt_mkvxc.o m_gammapositron.o m_mkcore.o m_rhotoxc.o m_xctk.o m_xchybrid.o 
ranlib lib56_xc.a
make[3]: Leaving directory `/tigress/xingz/abinit-8.10.2/src/56_xc'
Making all in 57_iopsp_parser
make[3]: Entering directory `/tigress/xingz/abinit-8.10.2/src/57_iopsp_parser'
mpiifort -DHAVE_CONFIG_H -I. -I../..  -I../../src/16_hideleave -I../../src/16_hideleave -I../../src/32_util -I../../src/32_util -I../../src/42_libpaw -I../../src/42_libpaw -I../../src/18_timing -I../../src/18_timing -I../../src/12_hide_mpi -I../../src/12_hide_mpi -I../../src/21_hashfuncs -I../../src/21_hashfuncs -I../../src/10_defs -I../../src/10_defs -I../../src/14_hidewrite -I../../src/14_hidewrite -I../../src/incs -I../../src/incs -I/tigress/xingz/abinit-8.10.2/fallbacks/exports/include -I/tigress/xingz/abinit-8.10.2/fallbacks/exports/include   -free -module /tigress/xingz/abinit-8.10.2/src/mods -O3 -g -extend-source -noaltparam -nofpscomp   -c -o flib_pwscf.o flib_pwscf.F90
mpiifort -DHAVE_CONFIG_H -I. -I../..  -I../../src/16_hideleave -I../../src/16_hideleave -I../../src/32_util -I../../src/32_util -I../../src/42_libpaw -I../../src/42_libpaw -I../../src/18_timing -I../../src/18_timing -I../../src/12_hide_mpi -I../../src/12_hide_mpi -I../../src/21_hashfuncs -I../../src/21_hashfuncs -I../../src/10_defs -I../../src/10_defs -I../../src/14_hidewrite -I../../src/14_hidewrite -I../../src/incs -I../../src/incs -I/tigress/xingz/abinit-8.10.2/fallbacks/exports/include -I/tigress/xingz/abinit-8.10.2/fallbacks/exports/include   -free -module /tigress/xingz/abinit-8.10.2/src/mods -O3 -g -extend-source -noaltparam -nofpscomp   -c -o functionals_pwscf.o functionals_pwscf.F90
mpiifort -DHAVE_CONFIG_H -I. -I../..  -I../../src/16_hideleave -I../../src/16_hideleave -I../../src/32_util -I../../src/32_util -I../../src/42_libpaw -I../../src/42_libpaw -I../../src/18_timing -I../../src/18_timing -I../../src/12_hide_mpi -I../../src/12_hide_mpi -I../../src/21_hashfuncs -I../../src/21_hashfuncs -I../../src/10_defs -I../../src/10_defs -I../../src/14_hidewrite -I../../src/14_hidewrite -I../../src/incs -I../../src/incs -I/tigress/xingz/abinit-8.10.2/fallbacks/exports/include -I/tigress/xingz/abinit-8.10.2/fallbacks/exports/include   -free -module /tigress/xingz/abinit-8.10.2/src/mods -O3 -g -extend-source -noaltparam -nofpscomp   -c -o m_pseudo_pwscf.o m_pseudo_pwscf.F90
mpiifort -DHAVE_CONFIG_H -I. -I../..  -I../../src/16_hideleave -I../../src/16_hideleave -I../../src/32_util -I../../src/32_util -I../../src/42_libpaw -I../../src/42_libpaw -I../../src/18_timing -I../../src/18_timing -I../../src/12_hide_mpi -I../../src/12_hide_mpi -I../../src/21_hashfuncs -I../../src/21_hashfuncs -I../../src/10_defs -I../../src/10_defs -I../../src/14_hidewrite -I../../src/14_hidewrite -I../../src/incs -I../../src/incs -I/tigress/xingz/abinit-8.10.2/fallbacks/exports/include -I/tigress/xingz/abinit-8.10.2/fallbacks/exports/include   -free -module /tigress/xingz/abinit-8.10.2/src/mods -O3 -g -extend-source -noaltparam -nofpscomp   -c -o m_psxml2ab.o m_psxml2ab.F90
mpiifort -DHAVE_CONFIG_H -I. -I../..  -I../../src/16_hideleave -I../../src/16_hideleave -I../../src/32_util -I../../src/32_util -I../../src/42_libpaw -I../../src/42_libpaw -I../../src/18_timing -I../../src/18_timing -I../../src/12_hide_mpi -I../../src/12_hide_mpi -I../../src/21_hashfuncs -I../../src/21_hashfuncs -I../../src/10_defs -I../../src/10_defs -I../../src/14_hidewrite -I../../src/14_hidewrite -I../../src/incs -I../../src/incs -I/tigress/xingz/abinit-8.10.2/fallbacks/exports/include -I/tigress/xingz/abinit-8.10.2/fallbacks/exports/include   -free -module /tigress/xingz/abinit-8.10.2/src/mods -O3 -g -extend-source -noaltparam -nofpscomp   -c -o m_read_upf_pwscf.o m_read_upf_pwscf.F90
mpiifort -DHAVE_CONFIG_H -I. -I../..  -I../../src/16_hideleave -I../../src/16_hideleave -I../../src/32_util -I../../src/32_util -I../../src/42_libpaw -I../../src/42_libpaw -I../../src/18_timing -I../../src/18_timing -I../../src/12_hide_mpi -I../../src/12_hide_mpi -I../../src/21_hashfuncs -I../../src/21_hashfuncs -I../../src/10_defs -I../../src/10_defs -I../../src/14_hidewrite -I../../src/14_hidewrite -I../../src/incs -I../../src/incs -I/tigress/xingz/abinit-8.10.2/fallbacks/exports/include -I/tigress/xingz/abinit-8.10.2/fallbacks/exports/include   -free -module /tigress/xingz/abinit-8.10.2/src/mods -O3 -g -extend-source -noaltparam -nofpscomp   -c -o m_pspheads.o m_pspheads.F90
rm -f lib57_iopsp_parser.a
ar rc lib57_iopsp_parser.a flib_pwscf.o functionals_pwscf.o m_pseudo_pwscf.o m_pspheads.o m_psxml2ab.o m_read_upf_pwscf.o 
ranlib lib57_iopsp_parser.a
make[3]: Leaving directory `/tigress/xingz/abinit-8.10.2/src/57_iopsp_parser'
Making all in 57_iovars
make[3]: Entering directory `/tigress/xingz/abinit-8.10.2/src/57_iovars'
mpiifort -DHAVE_CONFIG_H -I. -I../..  -I../../src/32_util -I../../src/32_util -I../../src/44_abitools -I../../src/44_abitools -I../../src/28_numeric_noabirule -I../../src/28_numeric_noabirule -I../../src/44_abitypes_defs -I../../src/44_abitypes_defs -I../../src/42_libpaw -I../../src/42_libpaw -I../../src/51_manage_mpi -I../../src/51_manage_mpi -I../../src/57_iopsp_parser -I../../src/57_iopsp_parser -I../../src/16_hideleave -I../../src/16_hideleave -I../../src/56_recipspace -I../../src/56_recipspace -I../../src/43_wvl_wrappers -I../../src/43_wvl_wrappers -I../../src/52_fft_mpi_noabirule -I../../src/52_fft_mpi_noabirule -I../../src/56_xc -I../../src/56_xc -I../../src/42_parser -I../../src/42_parser -I../../src/55_abiutil -I../../src/55_abiutil -I../../src/49_gw_toolbox_oop -I../../src/49_gw_toolbox_oop -I../../src/41_xc_lowlevel -I../../src/41_xc_lowlevel -I../../src/41_geometry -I../../src/41_geometry -I../../src/18_timing -I../../src/18_timing -I../../src/12_hide_mpi -I../../src/12_hide_mpi -I../../src/56_io_mpi -I../../src/56_io_mpi -I../../src/10_defs -I../../src/10_defs -I../../src/14_hidewrite -I../../src/14_hidewrite -I../../src/15_gpu_toolbox -I../../src/15_gpu_toolbox -I../../src/27_toolbox_oop -I../../src/27_toolbox_oop -I../../src/incs -I../../src/incs -I/tigress/xingz/abinit-8.10.2/fallbacks/exports/include -I/tigress/xingz/abinit-8.10.2/fallbacks/exports/include   -free -module /tigress/xingz/abinit-8.10.2/src/mods -O3 -g -extend-source -noaltparam -nofpscomp   -c -o m_chkinp.o m_chkinp.F90
mpiifort -DHAVE_CONFIG_H -I. -I../..  -I../../src/32_util -I../../src/32_util -I../../src/44_abitools -I../../src/44_abitools -I../../src/28_numeric_noabirule -I../../src/28_numeric_noabirule -I../../src/44_abitypes_defs -I../../src/44_abitypes_defs -I../../src/42_libpaw -I../../src/42_libpaw -I../../src/51_manage_mpi -I../../src/51_manage_mpi -I../../src/57_iopsp_parser -I../../src/57_iopsp_parser -I../../src/16_hideleave -I../../src/16_hideleave -I../../src/56_recipspace -I../../src/56_recipspace -I../../src/43_wvl_wrappers -I../../src/43_wvl_wrappers -I../../src/52_fft_mpi_noabirule -I../../src/52_fft_mpi_noabirule -I../../src/56_xc -I../../src/56_xc -I../../src/42_parser -I../../src/42_parser -I../../src/55_abiutil -I../../src/55_abiutil -I../../src/49_gw_toolbox_oop -I../../src/49_gw_toolbox_oop -I../../src/41_xc_lowlevel -I../../src/41_xc_lowlevel -I../../src/41_geometry -I../../src/41_geometry -I../../src/18_timing -I../../src/18_timing -I../../src/12_hide_mpi -I../../src/12_hide_mpi -I../../src/56_io_mpi -I../../src/56_io_mpi -I../../src/10_defs -I../../src/10_defs -I../../src/14_hidewrite -I../../src/14_hidewrite -I../../src/15_gpu_toolbox -I../../src/15_gpu_toolbox -I../../src/27_toolbox_oop -I../../src/27_toolbox_oop -I../../src/incs -I../../src/incs -I/tigress/xingz/abinit-8.10.2/fallbacks/exports/include -I/tigress/xingz/abinit-8.10.2/fallbacks/exports/include   -free -module /tigress/xingz/abinit-8.10.2/src/mods -O3 -g -extend-source -noaltparam -nofpscomp   -c -o m_intagm_img.o m_intagm_img.F90
mpiifort -DHAVE_CONFIG_H -I. -I../..  -I../../src/32_util -I../../src/32_util -I../../src/44_abitools -I../../src/44_abitools -I../../src/28_numeric_noabirule -I../../src/28_numeric_noabirule -I../../src/44_abitypes_defs -I../../src/44_abitypes_defs -I../../src/42_libpaw -I../../src/42_libpaw -I../../src/51_manage_mpi -I../../src/51_manage_mpi -I../../src/57_iopsp_parser -I../../src/57_iopsp_parser -I../../src/16_hideleave -I../../src/16_hideleave -I../../src/56_recipspace -I../../src/56_recipspace -I../../src/43_wvl_wrappers -I../../src/43_wvl_wrappers -I../../src/52_fft_mpi_noabirule -I../../src/52_fft_mpi_noabirule -I../../src/56_xc -I../../src/56_xc -I../../src/42_parser -I../../src/42_parser -I../../src/55_abiutil -I../../src/55_abiutil -I../../src/49_gw_toolbox_oop -I../../src/49_gw_toolbox_oop -I../../src/41_xc_lowlevel -I../../src/41_xc_lowlevel -I../../src/41_geometry -I../../src/41_geometry -I../../src/18_timing -I../../src/18_timing -I../../src/12_hide_mpi -I../../src/12_hide_mpi -I../../src/56_io_mpi -I../../src/56_io_mpi -I../../src/10_defs -I../../src/10_defs -I../../src/14_hidewrite -I../../src/14_hidewrite -I../../src/15_gpu_toolbox -I../../src/15_gpu_toolbox -I../../src/27_toolbox_oop -I../../src/27_toolbox_oop -I../../src/incs -I../../src/incs -I/tigress/xingz/abinit-8.10.2/fallbacks/exports/include -I/tigress/xingz/abinit-8.10.2/fallbacks/exports/include   -free -module /tigress/xingz/abinit-8.10.2/src/mods -O3 -g -extend-source -noaltparam -nofpscomp   -c -o m_ingeo.o m_ingeo.F90
mpiifort -DHAVE_CONFIG_H -I. -I../..  -I../../src/32_util -I../../src/32_util -I../../src/44_abitools -I../../src/44_abitools -I../../src/28_numeric_noabirule -I../../src/28_numeric_noabirule -I../../src/44_abitypes_defs -I../../src/44_abitypes_defs -I../../src/42_libpaw -I../../src/42_libpaw -I../../src/51_manage_mpi -I../../src/51_manage_mpi -I../../src/57_iopsp_parser -I../../src/57_iopsp_parser -I../../src/16_hideleave -I../../src/16_hideleave -I../../src/56_recipspace -I../../src/56_recipspace -I../../src/43_wvl_wrappers -I../../src/43_wvl_wrappers -I../../src/52_fft_mpi_noabirule -I../../src/52_fft_mpi_noabirule -I../../src/56_xc -I../../src/56_xc -I../../src/42_parser -I../../src/42_parser -I../../src/55_abiutil -I../../src/55_abiutil -I../../src/49_gw_toolbox_oop -I../../src/49_gw_toolbox_oop -I../../src/41_xc_lowlevel -I../../src/41_xc_lowlevel -I../../src/41_geometry -I../../src/41_geometry -I../../src/18_timing -I../../src/18_timing -I../../src/12_hide_mpi -I../../src/12_hide_mpi -I../../src/56_io_mpi -I../../src/56_io_mpi -I../../src/10_defs -I../../src/10_defs -I../../src/14_hidewrite -I../../src/14_hidewrite -I../../src/15_gpu_toolbox -I../../src/15_gpu_toolbox -I../../src/27_toolbox_oop -I../../src/27_toolbox_oop -I../../src/incs -I../../src/incs -I/tigress/xingz/abinit-8.10.2/fallbacks/exports/include -I/tigress/xingz/abinit-8.10.2/fallbacks/exports/include   -free -module /tigress/xingz/abinit-8.10.2/src/mods -O3 -g -extend-source -noaltparam -nofpscomp   -c -o m_inkpts.o m_inkpts.F90
mpiifort -DHAVE_CONFIG_H -I. -I../..  -I../../src/32_util -I../../src/32_util -I../../src/44_abitools -I../../src/44_abitools -I../../src/28_numeric_noabirule -I../../src/28_numeric_noabirule -I../../src/44_abitypes_defs -I../../src/44_abitypes_defs -I../../src/42_libpaw -I../../src/42_libpaw -I../../src/51_manage_mpi -I../../src/51_manage_mpi -I../../src/57_iopsp_parser -I../../src/57_iopsp_parser -I../../src/16_hideleave -I../../src/16_hideleave -I../../src/56_recipspace -I../../src/56_recipspace -I../../src/43_wvl_wrappers -I../../src/43_wvl_wrappers -I../../src/52_fft_mpi_noabirule -I../../src/52_fft_mpi_noabirule -I../../src/56_xc -I../../src/56_xc -I../../src/42_parser -I../../src/42_parser -I../../src/55_abiutil -I../../src/55_abiutil -I../../src/49_gw_toolbox_oop -I../../src/49_gw_toolbox_oop -I../../src/41_xc_lowlevel -I../../src/41_xc_lowlevel -I../../src/41_geometry -I../../src/41_geometry -I../../src/18_timing -I../../src/18_timing -I../../src/12_hide_mpi -I../../src/12_hide_mpi -I../../src/56_io_mpi -I../../src/56_io_mpi -I../../src/10_defs -I../../src/10_defs -I../../src/14_hidewrite -I../../src/14_hidewrite -I../../src/15_gpu_toolbox -I../../src/15_gpu_toolbox -I../../src/27_toolbox_oop -I../../src/27_toolbox_oop -I../../src/incs -I../../src/incs -I/tigress/xingz/abinit-8.10.2/fallbacks/exports/include -I/tigress/xingz/abinit-8.10.2/fallbacks/exports/include   -free -module /tigress/xingz/abinit-8.10.2/src/mods -O3 -g -extend-source -noaltparam -nofpscomp   -c -o m_invars1.o m_invars1.F90
mpiifort -DHAVE_CONFIG_H -I. -I../..  -I../../src/32_util -I../../src/32_util -I../../src/44_abitools -I../../src/44_abitools -I../../src/28_numeric_noabirule -I../../src/28_numeric_noabirule -I../../src/44_abitypes_defs -I../../src/44_abitypes_defs -I../../src/42_libpaw -I../../src/42_libpaw -I../../src/51_manage_mpi -I../../src/51_manage_mpi -I../../src/57_iopsp_parser -I../../src/57_iopsp_parser -I../../src/16_hideleave -I../../src/16_hideleave -I../../src/56_recipspace -I../../src/56_recipspace -I../../src/43_wvl_wrappers -I../../src/43_wvl_wrappers -I../../src/52_fft_mpi_noabirule -I../../src/52_fft_mpi_noabirule -I../../src/56_xc -I../../src/56_xc -I../../src/42_parser -I../../src/42_parser -I../../src/55_abiutil -I../../src/55_abiutil -I../../src/49_gw_toolbox_oop -I../../src/49_gw_toolbox_oop -I../../src/41_xc_lowlevel -I../../src/41_xc_lowlevel -I../../src/41_geometry -I../../src/41_geometry -I../../src/18_timing -I../../src/18_timing -I../../src/12_hide_mpi -I../../src/12_hide_mpi -I../../src/56_io_mpi -I../../src/56_io_mpi -I../../src/10_defs -I../../src/10_defs -I../../src/14_hidewrite -I../../src/14_hidewrite -I../../src/15_gpu_toolbox -I../../src/15_gpu_toolbox -I../../src/27_toolbox_oop -I../../src/27_toolbox_oop -I../../src/incs -I../../src/incs -I/tigress/xingz/abinit-8.10.2/fallbacks/exports/include -I/tigress/xingz/abinit-8.10.2/fallbacks/exports/include   -free -module /tigress/xingz/abinit-8.10.2/src/mods -O3 -g -extend-source -noaltparam -nofpscomp   -c -o m_invars2.o m_invars2.F90
mpiifort -DHAVE_CONFIG_H -I. -I../..  -I../../src/32_util -I../../src/32_util -I../../src/44_abitools -I../../src/44_abitools -I../../src/28_numeric_noabirule -I../../src/28_numeric_noabirule -I../../src/44_abitypes_defs -I../../src/44_abitypes_defs -I../../src/42_libpaw -I../../src/42_libpaw -I../../src/51_manage_mpi -I../../src/51_manage_mpi -I../../src/57_iopsp_parser -I../../src/57_iopsp_parser -I../../src/16_hideleave -I../../src/16_hideleave -I../../src/56_recipspace -I../../src/56_recipspace -I../../src/43_wvl_wrappers -I../../src/43_wvl_wrappers -I../../src/52_fft_mpi_noabirule -I../../src/52_fft_mpi_noabirule -I../../src/56_xc -I../../src/56_xc -I../../src/42_parser -I../../src/42_parser -I../../src/55_abiutil -I../../src/55_abiutil -I../../src/49_gw_toolbox_oop -I../../src/49_gw_toolbox_oop -I../../src/41_xc_lowlevel -I../../src/41_xc_lowlevel -I../../src/41_geometry -I../../src/41_geometry -I../../src/18_timing -I../../src/18_timing -I../../src/12_hide_mpi -I../../src/12_hide_mpi -I../../src/56_io_mpi -I../../src/56_io_mpi -I../../src/10_defs -I../../src/10_defs -I../../src/14_hidewrite -I../../src/14_hidewrite -I../../src/15_gpu_toolbox -I../../src/15_gpu_toolbox -I../../src/27_toolbox_oop -I../../src/27_toolbox_oop -I../../src/incs -I../../src/incs -I/tigress/xingz/abinit-8.10.2/fallbacks/exports/include -I/tigress/xingz/abinit-8.10.2/fallbacks/exports/include   -free -module /tigress/xingz/abinit-8.10.2/src/mods -O3 -g -extend-source -noaltparam -nofpscomp   -c -o m_memeval.o m_memeval.F90
mpiifort -DHAVE_CONFIG_H -I. -I../..  -I../../src/32_util -I../../src/32_util -I../../src/44_abitools -I../../src/44_abitools -I../../src/28_numeric_noabirule -I../../src/28_numeric_noabirule -I../../src/44_abitypes_defs -I../../src/44_abitypes_defs -I../../src/42_libpaw -I../../src/42_libpaw -I../../src/51_manage_mpi -I../../src/51_manage_mpi -I../../src/57_iopsp_parser -I../../src/57_iopsp_parser -I../../src/16_hideleave -I../../src/16_hideleave -I../../src/56_recipspace -I../../src/56_recipspace -I../../src/43_wvl_wrappers -I../../src/43_wvl_wrappers -I../../src/52_fft_mpi_noabirule -I../../src/52_fft_mpi_noabirule -I../../src/56_xc -I../../src/56_xc -I../../src/42_parser -I../../src/42_parser -I../../src/55_abiutil -I../../src/55_abiutil -I../../src/49_gw_toolbox_oop -I../../src/49_gw_toolbox_oop -I../../src/41_xc_lowlevel -I../../src/41_xc_lowlevel -I../../src/41_geometry -I../../src/41_geometry -I../../src/18_timing -I../../src/18_timing -I../../src/12_hide_mpi -I../../src/12_hide_mpi -I../../src/56_io_mpi -I../../src/56_io_mpi -I../../src/10_defs -I../../src/10_defs -I../../src/14_hidewrite -I../../src/14_hidewrite -I../../src/15_gpu_toolbox -I../../src/15_gpu_toolbox -I../../src/27_toolbox_oop -I../../src/27_toolbox_oop -I../../src/incs -I../../src/incs -I/tigress/xingz/abinit-8.10.2/fallbacks/exports/include -I/tigress/xingz/abinit-8.10.2/fallbacks/exports/include   -free -module /tigress/xingz/abinit-8.10.2/src/mods -O3 -g -extend-source -noaltparam -nofpscomp   -c -o m_mpi_setup.o m_mpi_setup.F90
mpiifort -DHAVE_CONFIG_H -I. -I../..  -I../../src/32_util -I../../src/32_util -I../../src/44_abitools -I../../src/44_abitools -I../../src/28_numeric_noabirule -I../../src/28_numeric_noabirule -I../../src/44_abitypes_defs -I../../src/44_abitypes_defs -I../../src/42_libpaw -I../../src/42_libpaw -I../../src/51_manage_mpi -I../../src/51_manage_mpi -I../../src/57_iopsp_parser -I../../src/57_iopsp_parser -I../../src/16_hideleave -I../../src/16_hideleave -I../../src/56_recipspace -I../../src/56_recipspace -I../../src/43_wvl_wrappers -I../../src/43_wvl_wrappers -I../../src/52_fft_mpi_noabirule -I../../src/52_fft_mpi_noabirule -I../../src/56_xc -I../../src/56_xc -I../../src/42_parser -I../../src/42_parser -I../../src/55_abiutil -I../../src/55_abiutil -I../../src/49_gw_toolbox_oop -I../../src/49_gw_toolbox_oop -I../../src/41_xc_lowlevel -I../../src/41_xc_lowlevel -I../../src/41_geometry -I../../src/41_geometry -I../../src/18_timing -I../../src/18_timing -I../../src/12_hide_mpi -I../../src/12_hide_mpi -I../../src/56_io_mpi -I../../src/56_io_mpi -I../../src/10_defs -I../../src/10_defs -I../../src/14_hidewrite -I../../src/14_hidewrite -I../../src/15_gpu_toolbox -I../../src/15_gpu_toolbox -I../../src/27_toolbox_oop -I../../src/27_toolbox_oop -I../../src/incs -I../../src/incs -I/tigress/xingz/abinit-8.10.2/fallbacks/exports/include -I/tigress/xingz/abinit-8.10.2/fallbacks/exports/include   -free -module /tigress/xingz/abinit-8.10.2/src/mods -O3 -g -extend-source -noaltparam -nofpscomp   -c -o m_ab7_invars_f90.o m_ab7_invars_f90.F90
mpiifort -DHAVE_CONFIG_H -I. -I../..  -I../../src/32_util -I../../src/32_util -I../../src/44_abitools -I../../src/44_abitools -I../../src/28_numeric_noabirule -I../../src/28_numeric_noabirule -I../../src/44_abitypes_defs -I../../src/44_abitypes_defs -I../../src/42_libpaw -I../../src/42_libpaw -I../../src/51_manage_mpi -I../../src/51_manage_mpi -I../../src/57_iopsp_parser -I../../src/57_iopsp_parser -I../../src/16_hideleave -I../../src/16_hideleave -I../../src/56_recipspace -I../../src/56_recipspace -I../../src/43_wvl_wrappers -I../../src/43_wvl_wrappers -I../../src/52_fft_mpi_noabirule -I../../src/52_fft_mpi_noabirule -I../../src/56_xc -I../../src/56_xc -I../../src/42_parser -I../../src/42_parser -I../../src/55_abiutil -I../../src/55_abiutil -I../../src/49_gw_toolbox_oop -I../../src/49_gw_toolbox_oop -I../../src/41_xc_lowlevel -I../../src/41_xc_lowlevel -I../../src/41_geometry -I../../src/41_geometry -I../../src/18_timing -I../../src/18_timing -I../../src/12_hide_mpi -I../../src/12_hide_mpi -I../../src/56_io_mpi -I../../src/56_io_mpi -I../../src/10_defs -I../../src/10_defs -I../../src/14_hidewrite -I../../src/14_hidewrite -I../../src/15_gpu_toolbox -I../../src/15_gpu_toolbox -I../../src/27_toolbox_oop -I../../src/27_toolbox_oop -I../../src/incs -I../../src/incs -I/tigress/xingz/abinit-8.10.2/fallbacks/exports/include -I/tigress/xingz/abinit-8.10.2/fallbacks/exports/include   -free -module /tigress/xingz/abinit-8.10.2/src/mods -O3 -g -extend-source -noaltparam -nofpscomp   -c -o m_outvar_a_h.o m_outvar_a_h.F90
mpiifort -DHAVE_CONFIG_H -I. -I../..  -I../../src/32_util -I../../src/32_util -I../../src/44_abitools -I../../src/44_abitools -I../../src/28_numeric_noabirule -I../../src/28_numeric_noabirule -I../../src/44_abitypes_defs -I../../src/44_abitypes_defs -I../../src/42_libpaw -I../../src/42_libpaw -I../../src/51_manage_mpi -I../../src/51_manage_mpi -I../../src/57_iopsp_parser -I../../src/57_iopsp_parser -I../../src/16_hideleave -I../../src/16_hideleave -I../../src/56_recipspace -I../../src/56_recipspace -I../../src/43_wvl_wrappers -I../../src/43_wvl_wrappers -I../../src/52_fft_mpi_noabirule -I../../src/52_fft_mpi_noabirule -I../../src/56_xc -I../../src/56_xc -I../../src/42_parser -I../../src/42_parser -I../../src/55_abiutil -I../../src/55_abiutil -I../../src/49_gw_toolbox_oop -I../../src/49_gw_toolbox_oop -I../../src/41_xc_lowlevel -I../../src/41_xc_lowlevel -I../../src/41_geometry -I../../src/41_geometry -I../../src/18_timing -I../../src/18_timing -I../../src/12_hide_mpi -I../../src/12_hide_mpi -I../../src/56_io_mpi -I../../src/56_io_mpi -I../../src/10_defs -I../../src/10_defs -I../../src/14_hidewrite -I../../src/14_hidewrite -I../../src/15_gpu_toolbox -I../../src/15_gpu_toolbox -I../../src/27_toolbox_oop -I../../src/27_toolbox_oop -I../../src/incs -I../../src/incs -I/tigress/xingz/abinit-8.10.2/fallbacks/exports/include -I/tigress/xingz/abinit-8.10.2/fallbacks/exports/include   -free -module /tigress/xingz/abinit-8.10.2/src/mods -O3 -g -extend-source -noaltparam -nofpscomp   -c -o m_outvar_i_n.o m_outvar_i_n.F90
mpiifort -DHAVE_CONFIG_H -I. -I../..  -I../../src/32_util -I../../src/32_util -I../../src/44_abitools -I../../src/44_abitools -I../../src/28_numeric_noabirule -I../../src/28_numeric_noabirule -I../../src/44_abitypes_defs -I../../src/44_abitypes_defs -I../../src/42_libpaw -I../../src/42_libpaw -I../../src/51_manage_mpi -I../../src/51_manage_mpi -I../../src/57_iopsp_parser -I../../src/57_iopsp_parser -I../../src/16_hideleave -I../../src/16_hideleave -I../../src/56_recipspace -I../../src/56_recipspace -I../../src/43_wvl_wrappers -I../../src/43_wvl_wrappers -I../../src/52_fft_mpi_noabirule -I../../src/52_fft_mpi_noabirule -I../../src/56_xc -I../../src/56_xc -I../../src/42_parser -I../../src/42_parser -I../../src/55_abiutil -I../../src/55_abiutil -I../../src/49_gw_toolbox_oop -I../../src/49_gw_toolbox_oop -I../../src/41_xc_lowlevel -I../../src/41_xc_lowlevel -I../../src/41_geometry -I../../src/41_geometry -I../../src/18_timing -I../../src/18_timing -I../../src/12_hide_mpi -I../../src/12_hide_mpi -I../../src/56_io_mpi -I../../src/56_io_mpi -I../../src/10_defs -I../../src/10_defs -I../../src/14_hidewrite -I../../src/14_hidewrite -I../../src/15_gpu_toolbox -I../../src/15_gpu_toolbox -I../../src/27_toolbox_oop -I../../src/27_toolbox_oop -I../../src/incs -I../../src/incs -I/tigress/xingz/abinit-8.10.2/fallbacks/exports/include -I/tigress/xingz/abinit-8.10.2/fallbacks/exports/include   -free -module /tigress/xingz/abinit-8.10.2/src/mods -O3 -g -extend-source -noaltparam -nofpscomp   -c -o m_outvar_o_z.o m_outvar_o_z.F90
mpiifort -DHAVE_CONFIG_H -I. -I../..  -I../../src/32_util -I../../src/32_util -I../../src/44_abitools -I../../src/44_abitools -I../../src/28_numeric_noabirule -I../../src/28_numeric_noabirule -I../../src/44_abitypes_defs -I../../src/44_abitypes_defs -I../../src/42_libpaw -I../../src/42_libpaw -I../../src/51_manage_mpi -I../../src/51_manage_mpi -I../../src/57_iopsp_parser -I../../src/57_iopsp_parser -I../../src/16_hideleave -I../../src/16_hideleave -I../../src/56_recipspace -I../../src/56_recipspace -I../../src/43_wvl_wrappers -I../../src/43_wvl_wrappers -I../../src/52_fft_mpi_noabirule -I../../src/52_fft_mpi_noabirule -I../../src/56_xc -I../../src/56_xc -I../../src/42_parser -I../../src/42_parser -I../../src/55_abiutil -I../../src/55_abiutil -I../../src/49_gw_toolbox_oop -I../../src/49_gw_toolbox_oop -I../../src/41_xc_lowlevel -I../../src/41_xc_lowlevel -I../../src/41_geometry -I../../src/41_geometry -I../../src/18_timing -I../../src/18_timing -I../../src/12_hide_mpi -I../../src/12_hide_mpi -I../../src/56_io_mpi -I../../src/56_io_mpi -I../../src/10_defs -I../../src/10_defs -I../../src/14_hidewrite -I../../src/14_hidewrite -I../../src/15_gpu_toolbox -I../../src/15_gpu_toolbox -I../../src/27_toolbox_oop -I../../src/27_toolbox_oop -I../../src/incs -I../../src/incs -I/tigress/xingz/abinit-8.10.2/fallbacks/exports/include -I/tigress/xingz/abinit-8.10.2/fallbacks/exports/include   -free -module /tigress/xingz/abinit-8.10.2/src/mods -O3 -g -extend-source -noaltparam -nofpscomp   -c -o m_outvars.o m_outvars.F90
mpiifort -DHAVE_CONFIG_H -I. -I../..  -I../../src/32_util -I../../src/32_util -I../../src/44_abitools -I../../src/44_abitools -I../../src/28_numeric_noabirule -I../../src/28_numeric_noabirule -I../../src/44_abitypes_defs -I../../src/44_abitypes_defs -I../../src/42_libpaw -I../../src/42_libpaw -I../../src/51_manage_mpi -I../../src/51_manage_mpi -I../../src/57_iopsp_parser -I../../src/57_iopsp_parser -I../../src/16_hideleave -I../../src/16_hideleave -I../../src/56_recipspace -I../../src/56_recipspace -I../../src/43_wvl_wrappers -I../../src/43_wvl_wrappers -I../../src/52_fft_mpi_noabirule -I../../src/52_fft_mpi_noabirule -I../../src/56_xc -I../../src/56_xc -I../../src/42_parser -I../../src/42_parser -I../../src/55_abiutil -I../../src/55_abiutil -I../../src/49_gw_toolbox_oop -I../../src/49_gw_toolbox_oop -I../../src/41_xc_lowlevel -I../../src/41_xc_lowlevel -I../../src/41_geometry -I../../src/41_geometry -I../../src/18_timing -I../../src/18_timing -I../../src/12_hide_mpi -I../../src/12_hide_mpi -I../../src/56_io_mpi -I../../src/56_io_mpi -I../../src/10_defs -I../../src/10_defs -I../../src/14_hidewrite -I../../src/14_hidewrite -I../../src/15_gpu_toolbox -I../../src/15_gpu_toolbox -I../../src/27_toolbox_oop -I../../src/27_toolbox_oop -I../../src/incs -I../../src/incs -I/tigress/xingz/abinit-8.10.2/fallbacks/exports/include -I/tigress/xingz/abinit-8.10.2/fallbacks/exports/include   -free -module /tigress/xingz/abinit-8.10.2/src/mods -O3 -g -extend-source -noaltparam -nofpscomp   -c -o m_outxml.o m_outxml.F90
mpiifort -DHAVE_CONFIG_H -I. -I../..  -I../../src/32_util -I../../src/32_util -I../../src/44_abitools -I../../src/44_abitools -I../../src/28_numeric_noabirule -I../../src/28_numeric_noabirule -I../../src/44_abitypes_defs -I../../src/44_abitypes_defs -I../../src/42_libpaw -I../../src/42_libpaw -I../../src/51_manage_mpi -I../../src/51_manage_mpi -I../../src/57_iopsp_parser -I../../src/57_iopsp_parser -I../../src/16_hideleave -I../../src/16_hideleave -I../../src/56_recipspace -I../../src/56_recipspace -I../../src/43_wvl_wrappers -I../../src/43_wvl_wrappers -I../../src/52_fft_mpi_noabirule -I../../src/52_fft_mpi_noabirule -I../../src/56_xc -I../../src/56_xc -I../../src/42_parser -I../../src/42_parser -I../../src/55_abiutil -I../../src/55_abiutil -I../../src/49_gw_toolbox_oop -I../../src/49_gw_toolbox_oop -I../../src/41_xc_lowlevel -I../../src/41_xc_lowlevel -I../../src/41_geometry -I../../src/41_geometry -I../../src/18_timing -I../../src/18_timing -I../../src/12_hide_mpi -I../../src/12_hide_mpi -I../../src/56_io_mpi -I../../src/56_io_mpi -I../../src/10_defs -I../../src/10_defs -I../../src/14_hidewrite -I../../src/14_hidewrite -I../../src/15_gpu_toolbox -I../../src/15_gpu_toolbox -I../../src/27_toolbox_oop -I../../src/27_toolbox_oop -I../../src/incs -I../../src/incs -I/tigress/xingz/abinit-8.10.2/fallbacks/exports/include -I/tigress/xingz/abinit-8.10.2/fallbacks/exports/include   -free -module /tigress/xingz/abinit-8.10.2/src/mods -O3 -g -extend-source -noaltparam -nofpscomp   -c -o m_out_acknowl.o m_out_acknowl.F90
rm -f lib57_iovars.a
ar rc lib57_iovars.a m_chkinp.o m_ingeo.o m_inkpts.o m_invars1.o m_invars2.o m_memeval.o m_mpi_setup.o m_ab7_invars_f90.o m_intagm_img.o m_outvars.o m_outvar_a_h.o m_outvar_i_n.o m_outvar_o_z.o m_outxml.o m_out_acknowl.o 
ranlib lib57_iovars.a
make[3]: Leaving directory `/tigress/xingz/abinit-8.10.2/src/57_iovars'
Making all in 59_ionetcdf
make[3]: Entering directory `/tigress/xingz/abinit-8.10.2/src/59_ionetcdf'
mpiifort -DHAVE_CONFIG_H -I. -I../..  -I../../src/32_util -I../../src/32_util -I../../src/27_toolbox_oop -I../../src/27_toolbox_oop -I../../src/44_abitypes_defs -I../../src/44_abitypes_defs -I../../src/41_geometry -I../../src/41_geometry -I../../src/12_hide_mpi -I../../src/12_hide_mpi -I../../src/10_defs -I../../src/10_defs -I../../src/16_hideleave -I../../src/16_hideleave -I../../src/14_hidewrite -I../../src/14_hidewrite -I../../src/incs -I../../src/incs -I/tigress/xingz/abinit-8.10.2/fallbacks/exports/include   -free -module /tigress/xingz/abinit-8.10.2/src/mods -O3 -g -extend-source -noaltparam -nofpscomp   -c -o m_crystal_io.o m_crystal_io.F90
m_crystal_io.F90(308): warning #6178: The return value of this FUNCTION has not been defined.   [NCERR]
integer function crystal_ncwrite_path(crystal, path) result(ncerr)
------------------------------------------------------------^
m_crystal_io.F90(157): warning #6178: The return value of this FUNCTION has not been defined.   [NCERR]
integer function crystal_ncwrite(cryst, ncid) result(ncerr)
-----------------------------------------------------^
rm -f lib59_ionetcdf.a
ar rc lib59_ionetcdf.a m_crystal_io.o 
ranlib lib59_ionetcdf.a
make[3]: Leaving directory `/tigress/xingz/abinit-8.10.2/src/59_ionetcdf'
Making all in 61_occeig
make[3]: Entering directory `/tigress/xingz/abinit-8.10.2/src/61_occeig'
mpiifort -DHAVE_CONFIG_H -I. -I../..  -I../../src/32_util -I../../src/32_util -I../../src/44_abitools -I../../src/44_abitools -I../../src/27_toolbox_oop -I../../src/27_toolbox_oop -I../../src/44_abitypes_defs -I../../src/44_abitypes_defs -I../../src/51_manage_mpi -I../../src/51_manage_mpi -I../../src/16_hideleave -I../../src/16_hideleave -I../../src/56_recipspace -I../../src/56_recipspace -I../../src/52_fft_mpi_noabirule -I../../src/52_fft_mpi_noabirule -I../../src/17_libtetra_ext -I../../src/17_libtetra_ext -I../../src/41_geometry -I../../src/41_geometry -I../../src/18_timing -I../../src/18_timing -I../../src/12_hide_mpi -I../../src/12_hide_mpi -I../../src/56_io_mpi -I../../src/56_io_mpi -I../../src/10_defs -I../../src/10_defs -I../../src/14_hidewrite -I../../src/14_hidewrite -I../../src/28_numeric_noabirule -I../../src/28_numeric_noabirule -I../../src/incs -I../../src/incs -I/tigress/xingz/abinit-8.10.2/fallbacks/exports/include   -free -module /tigress/xingz/abinit-8.10.2/src/mods -O3 -g -extend-source -noaltparam -nofpscomp   -c -o m_occ.o m_occ.F90
mpiifort -DHAVE_CONFIG_H -I. -I../..  -I../../src/32_util -I../../src/32_util -I../../src/44_abitools -I../../src/44_abitools -I../../src/27_toolbox_oop -I../../src/27_toolbox_oop -I../../src/44_abitypes_defs -I../../src/44_abitypes_defs -I../../src/51_manage_mpi -I../../src/51_manage_mpi -I../../src/16_hideleave -I../../src/16_hideleave -I../../src/56_recipspace -I../../src/56_recipspace -I../../src/52_fft_mpi_noabirule -I../../src/52_fft_mpi_noabirule -I../../src/17_libtetra_ext -I../../src/17_libtetra_ext -I../../src/41_geometry -I../../src/41_geometry -I../../src/18_timing -I../../src/18_timing -I../../src/12_hide_mpi -I../../src/12_hide_mpi -I../../src/56_io_mpi -I../../src/56_io_mpi -I../../src/10_defs -I../../src/10_defs -I../../src/14_hidewrite -I../../src/14_hidewrite -I../../src/28_numeric_noabirule -I../../src/28_numeric_noabirule -I../../src/incs -I../../src/incs -I/tigress/xingz/abinit-8.10.2/fallbacks/exports/include   -free -module /tigress/xingz/abinit-8.10.2/src/mods -O3 -g -extend-source -noaltparam -nofpscomp   -c -o m_ebands.o m_ebands.F90
mpiifort -DHAVE_CONFIG_H -I. -I../..  -I../../src/32_util -I../../src/32_util -I../../src/44_abitools -I../../src/44_abitools -I../../src/27_toolbox_oop -I../../src/27_toolbox_oop -I../../src/44_abitypes_defs -I../../src/44_abitypes_defs -I../../src/51_manage_mpi -I../../src/51_manage_mpi -I../../src/16_hideleave -I../../src/16_hideleave -I../../src/56_recipspace -I../../src/56_recipspace -I../../src/52_fft_mpi_noabirule -I../../src/52_fft_mpi_noabirule -I../../src/17_libtetra_ext -I../../src/17_libtetra_ext -I../../src/41_geometry -I../../src/41_geometry -I../../src/18_timing -I../../src/18_timing -I../../src/12_hide_mpi -I../../src/12_hide_mpi -I../../src/56_io_mpi -I../../src/56_io_mpi -I../../src/10_defs -I../../src/10_defs -I../../src/14_hidewrite -I../../src/14_hidewrite -I../../src/28_numeric_noabirule -I../../src/28_numeric_noabirule -I../../src/incs -I../../src/incs -I/tigress/xingz/abinit-8.10.2/fallbacks/exports/include   -free -module /tigress/xingz/abinit-8.10.2/src/mods -O3 -g -extend-source -noaltparam -nofpscomp   -c -o m_fstab.o m_fstab.F90
rm -f lib61_occeig.a
ar rc lib61_occeig.a m_occ.o m_ebands.o m_fstab.o 
ranlib lib61_occeig.a
make[3]: Leaving directory `/tigress/xingz/abinit-8.10.2/src/61_occeig'
Making all in 62_cg_noabirule
make[3]: Entering directory `/tigress/xingz/abinit-8.10.2/src/62_cg_noabirule'
mpiifort -DHAVE_CONFIG_H -I. -I../..  -I../../src/32_util -I../../src/32_util -I../../src/28_numeric_noabirule -I../../src/28_numeric_noabirule -I../../src/44_abitypes_defs -I../../src/44_abitypes_defs -I../../src/41_geometry -I../../src/41_geometry -I../../src/10_defs -I../../src/10_defs -I../../src/16_hideleave -I../../src/16_hideleave -I../../src/14_hidewrite -I../../src/14_hidewrite -I../../src/54_spacepar -I../../src/54_spacepar -I../../src/56_recipspace -I../../src/56_recipspace -I../../src/52_fft_mpi_noabirule -I../../src/52_fft_mpi_noabirule -I../../src/incs -I../../src/incs -I/tigress/xingz/abinit-8.10.2/fallbacks/exports/include   -free -module /tigress/xingz/abinit-8.10.2/src/mods -O3 -g -extend-source -noaltparam -nofpscomp   -c -o m_cgtk.o m_cgtk.F90
mpiifort -DHAVE_CONFIG_H -I. -I../..  -I../../src/32_util -I../../src/32_util -I../../src/28_numeric_noabirule -I../../src/28_numeric_noabirule -I../../src/44_abitypes_defs -I../../src/44_abitypes_defs -I../../src/41_geometry -I../../src/41_geometry -I../../src/10_defs -I../../src/10_defs -I../../src/16_hideleave -I../../src/16_hideleave -I../../src/14_hidewrite -I../../src/14_hidewrite -I../../src/54_spacepar -I../../src/54_spacepar -I../../src/56_recipspace -I../../src/56_recipspace -I../../src/52_fft_mpi_noabirule -I../../src/52_fft_mpi_noabirule -I../../src/incs -I../../src/incs -I/tigress/xingz/abinit-8.10.2/fallbacks/exports/include   -free -module /tigress/xingz/abinit-8.10.2/src/mods -O3 -g -extend-source -noaltparam -nofpscomp   -c -o m_frskerker1.o m_frskerker1.F90
mpiifort -DHAVE_CONFIG_H -I. -I../..  -I../../src/32_util -I../../src/32_util -I../../src/28_numeric_noabirule -I../../src/28_numeric_noabirule -I../../src/44_abitypes_defs -I../../src/44_abitypes_defs -I../../src/41_geometry -I../../src/41_geometry -I../../src/10_defs -I../../src/10_defs -I../../src/16_hideleave -I../../src/16_hideleave -I../../src/14_hidewrite -I../../src/14_hidewrite -I../../src/54_spacepar -I../../src/54_spacepar -I../../src/56_recipspace -I../../src/56_recipspace -I../../src/52_fft_mpi_noabirule -I../../src/52_fft_mpi_noabirule -I../../src/incs -I../../src/incs -I/tigress/xingz/abinit-8.10.2/fallbacks/exports/include   -free -module /tigress/xingz/abinit-8.10.2/src/mods -O3 -g -extend-source -noaltparam -nofpscomp   -c -o m_frskerker2.o m_frskerker2.F90
rm -f lib62_cg_noabirule.a
ar rc lib62_cg_noabirule.a m_cgtk.o m_frskerker1.o m_frskerker2.o 
ranlib lib62_cg_noabirule.a
make[3]: Leaving directory `/tigress/xingz/abinit-8.10.2/src/62_cg_noabirule'
Making all in 62_ctqmc
make[3]: Entering directory `/tigress/xingz/abinit-8.10.2/src/62_ctqmc'
mpiifort -DHAVE_CONFIG_H -I. -I../..  -I../../src/16_hideleave -I../../src/16_hideleave -I../../src/28_numeric_noabirule -I../../src/28_numeric_noabirule -I../../src/44_abitypes_defs -I../../src/44_abitypes_defs -I../../src/12_hide_mpi -I../../src/12_hide_mpi -I../../src/11_memory_mpi -I../../src/11_memory_mpi -I../../src/10_defs -I../../src/10_defs -I../../src/14_hidewrite -I../../src/14_hidewrite -I../../src/incs -I../../src/incs -I/tigress/xingz/abinit-8.10.2/fallbacks/exports/include   -free -module /tigress/xingz/abinit-8.10.2/src/mods -O3 -g -extend-source -noaltparam -nofpscomp   -c -o m_global.o m_global.F90
mpiifort -DHAVE_CONFIG_H -I. -I../..  -I../../src/16_hideleave -I../../src/16_hideleave -I../../src/28_numeric_noabirule -I../../src/28_numeric_noabirule -I../../src/44_abitypes_defs -I../../src/44_abitypes_defs -I../../src/12_hide_mpi -I../../src/12_hide_mpi -I../../src/11_memory_mpi -I../../src/11_memory_mpi -I../../src/10_defs -I../../src/10_defs -I../../src/14_hidewrite -I../../src/14_hidewrite -I../../src/incs -I../../src/incs -I/tigress/xingz/abinit-8.10.2/fallbacks/exports/include   -free -module /tigress/xingz/abinit-8.10.2/src/mods -O3 -g -extend-source -noaltparam -nofpscomp   -c -o m_ListCdagC.o m_ListCdagC.F90
mpiifort -DHAVE_CONFIG_H -I. -I../..  -I../../src/16_hideleave -I../../src/16_hideleave -I../../src/28_numeric_noabirule -I../../src/28_numeric_noabirule -I../../src/44_abitypes_defs -I../../src/44_abitypes_defs -I../../src/12_hide_mpi -I../../src/12_hide_mpi -I../../src/11_memory_mpi -I../../src/11_memory_mpi -I../../src/10_defs -I../../src/10_defs -I../../src/14_hidewrite -I../../src/14_hidewrite -I../../src/incs -I../../src/incs -I/tigress/xingz/abinit-8.10.2/fallbacks/exports/include   -free -module /tigress/xingz/abinit-8.10.2/src/mods -O3 -g -extend-source -noaltparam -nofpscomp   -c -o m_MatrixHyb.o m_MatrixHyb.F90
mpiifort -DHAVE_CONFIG_H -I. -I../..  -I../../src/16_hideleave -I../../src/16_hideleave -I../../src/28_numeric_noabirule -I../../src/28_numeric_noabirule -I../../src/44_abitypes_defs -I../../src/44_abitypes_defs -I../../src/12_hide_mpi -I../../src/12_hide_mpi -I../../src/11_memory_mpi -I../../src/11_memory_mpi -I../../src/10_defs -I../../src/10_defs -I../../src/14_hidewrite -I../../src/14_hidewrite -I../../src/incs -I../../src/incs -I/tigress/xingz/abinit-8.10.2/fallbacks/exports/include   -free -module /tigress/xingz/abinit-8.10.2/src/mods -O3 -g -extend-source -noaltparam -nofpscomp   -c -o m_Vector.o m_Vector.F90
mpiifort -DHAVE_CONFIG_H -I. -I../..  -I../../src/16_hideleave -I../../src/16_hideleave -I../../src/28_numeric_noabirule -I../../src/28_numeric_noabirule -I../../src/44_abitypes_defs -I../../src/44_abitypes_defs -I../../src/12_hide_mpi -I../../src/12_hide_mpi -I../../src/11_memory_mpi -I../../src/11_memory_mpi -I../../src/10_defs -I../../src/10_defs -I../../src/14_hidewrite -I../../src/14_hidewrite -I../../src/incs -I../../src/incs -I/tigress/xingz/abinit-8.10.2/fallbacks/exports/include   -free -module /tigress/xingz/abinit-8.10.2/src/mods -O3 -g -extend-source -noaltparam -nofpscomp   -c -o m_VectorInt.o m_VectorInt.F90
mpiifort -DHAVE_CONFIG_H -I. -I../..  -I../../src/16_hideleave -I../../src/16_hideleave -I../../src/28_numeric_noabirule -I../../src/28_numeric_noabirule -I../../src/44_abitypes_defs -I../../src/44_abitypes_defs -I../../src/12_hide_mpi -I../../src/12_hide_mpi -I../../src/11_memory_mpi -I../../src/11_memory_mpi -I../../src/10_defs -I../../src/10_defs -I../../src/14_hidewrite -I../../src/14_hidewrite -I../../src/incs -I../../src/incs -I/tigress/xingz/abinit-8.10.2/fallbacks/exports/include   -free -module /tigress/xingz/abinit-8.10.2/src/mods -O3 -g -extend-source -noaltparam -nofpscomp   -c -o m_BathOperator.o m_BathOperator.F90
mpiifort -DHAVE_CONFIG_H -I. -I../..  -I../../src/16_hideleave -I../../src/16_hideleave -I../../src/28_numeric_noabirule -I../../src/28_numeric_noabirule -I../../src/44_abitypes_defs -I../../src/44_abitypes_defs -I../../src/12_hide_mpi -I../../src/12_hide_mpi -I../../src/11_memory_mpi -I../../src/11_memory_mpi -I../../src/10_defs -I../../src/10_defs -I../../src/14_hidewrite -I../../src/14_hidewrite -I../../src/incs -I../../src/incs -I/tigress/xingz/abinit-8.10.2/fallbacks/exports/include   -free -module /tigress/xingz/abinit-8.10.2/src/mods -O3 -g -extend-source -noaltparam -nofpscomp   -c -o m_BathOperatoroffdiag.o m_BathOperatoroffdiag.F90
mpiifort -DHAVE_CONFIG_H -I. -I../..  -I../../src/16_hideleave -I../../src/16_hideleave -I../../src/28_numeric_noabirule -I../../src/28_numeric_noabirule -I../../src/44_abitypes_defs -I../../src/44_abitypes_defs -I../../src/12_hide_mpi -I../../src/12_hide_mpi -I../../src/11_memory_mpi -I../../src/11_memory_mpi -I../../src/10_defs -I../../src/10_defs -I../../src/14_hidewrite -I../../src/14_hidewrite -I../../src/incs -I../../src/incs -I/tigress/xingz/abinit-8.10.2/fallbacks/exports/include   -free -module /tigress/xingz/abinit-8.10.2/src/mods -O3 -g -extend-source -noaltparam -nofpscomp   -c -o m_data4entropyDMFT.o m_data4entropyDMFT.F90
mpiifort -DHAVE_CONFIG_H -I. -I../..  -I../../src/16_hideleave -I../../src/16_hideleave -I../../src/28_numeric_noabirule -I../../src/28_numeric_noabirule -I../../src/44_abitypes_defs -I../../src/44_abitypes_defs -I../../src/12_hide_mpi -I../../src/12_hide_mpi -I../../src/11_memory_mpi -I../../src/11_memory_mpi -I../../src/10_defs -I../../src/10_defs -I../../src/14_hidewrite -I../../src/14_hidewrite -I../../src/incs -I../../src/incs -I/tigress/xingz/abinit-8.10.2/fallbacks/exports/include   -free -module /tigress/xingz/abinit-8.10.2/src/mods -O3 -g -extend-source -noaltparam -nofpscomp   -c -o m_FFTHyb.o m_FFTHyb.F90
mpiifort -DHAVE_CONFIG_H -I. -I../..  -I../../src/16_hideleave -I../../src/16_hideleave -I../../src/28_numeric_noabirule -I../../src/28_numeric_noabirule -I../../src/44_abitypes_defs -I../../src/44_abitypes_defs -I../../src/12_hide_mpi -I../../src/12_hide_mpi -I../../src/11_memory_mpi -I../../src/11_memory_mpi -I../../src/10_defs -I../../src/10_defs -I../../src/14_hidewrite -I../../src/14_hidewrite -I../../src/incs -I../../src/incs -I/tigress/xingz/abinit-8.10.2/fallbacks/exports/include   -free -module /tigress/xingz/abinit-8.10.2/src/mods -O3 -g -extend-source -noaltparam -nofpscomp   -c -o m_MapHyb.o m_MapHyb.F90
mpiifort -DHAVE_CONFIG_H -I. -I../..  -I../../src/16_hideleave -I../../src/16_hideleave -I../../src/28_numeric_noabirule -I../../src/28_numeric_noabirule -I../../src/44_abitypes_defs -I../../src/44_abitypes_defs -I../../src/12_hide_mpi -I../../src/12_hide_mpi -I../../src/11_memory_mpi -I../../src/11_memory_mpi -I../../src/10_defs -I../../src/10_defs -I../../src/14_hidewrite -I../../src/14_hidewrite -I../../src/incs -I../../src/incs -I/tigress/xingz/abinit-8.10.2/fallbacks/exports/include   -free -module /tigress/xingz/abinit-8.10.2/src/mods -O3 -g -extend-source -noaltparam -nofpscomp   -c -o m_GreenHyb.o m_GreenHyb.F90
mpiifort -DHAVE_CONFIG_H -I. -I../..  -I../../src/16_hideleave -I../../src/16_hideleave -I../../src/28_numeric_noabirule -I../../src/28_numeric_noabirule -I../../src/44_abitypes_defs -I../../src/44_abitypes_defs -I../../src/12_hide_mpi -I../../src/12_hide_mpi -I../../src/11_memory_mpi -I../../src/11_memory_mpi -I../../src/10_defs -I../../src/10_defs -I../../src/14_hidewrite -I../../src/14_hidewrite -I../../src/incs -I../../src/incs -I/tigress/xingz/abinit-8.10.2/fallbacks/exports/include   -free -module /tigress/xingz/abinit-8.10.2/src/mods -O3 -g -extend-source -noaltparam -nofpscomp   -c -o m_ImpurityOperator.o m_ImpurityOperator.F90
mpiifort -DHAVE_CONFIG_H -I. -I../..  -I../../src/16_hideleave -I../../src/16_hideleave -I../../src/28_numeric_noabirule -I../../src/28_numeric_noabirule -I../../src/44_abitypes_defs -I../../src/44_abitypes_defs -I../../src/12_hide_mpi -I../../src/12_hide_mpi -I../../src/11_memory_mpi -I../../src/11_memory_mpi -I../../src/10_defs -I../../src/10_defs -I../../src/14_hidewrite -I../../src/14_hidewrite -I../../src/incs -I../../src/incs -I/tigress/xingz/abinit-8.10.2/fallbacks/exports/include   -free -module /tigress/xingz/abinit-8.10.2/src/mods -O3 -g -extend-source -noaltparam -nofpscomp   -c -o m_OurRng.o m_OurRng.F90
mpiifort -DHAVE_CONFIG_H -I. -I../..  -I../../src/16_hideleave -I../../src/16_hideleave -I../../src/28_numeric_noabirule -I../../src/28_numeric_noabirule -I../../src/44_abitypes_defs -I../../src/44_abitypes_defs -I../../src/12_hide_mpi -I../../src/12_hide_mpi -I../../src/11_memory_mpi -I../../src/11_memory_mpi -I../../src/10_defs -I../../src/10_defs -I../../src/14_hidewrite -I../../src/14_hidewrite -I../../src/incs -I../../src/incs -I/tigress/xingz/abinit-8.10.2/fallbacks/exports/include   -free -module /tigress/xingz/abinit-8.10.2/src/mods -O3 -g -extend-source -noaltparam -nofpscomp   -c -o m_Stat.o m_Stat.F90
mpiifort -DHAVE_CONFIG_H -I. -I../..  -I../../src/16_hideleave -I../../src/16_hideleave -I../../src/28_numeric_noabirule -I../../src/28_numeric_noabirule -I../../src/44_abitypes_defs -I../../src/44_abitypes_defs -I../../src/12_hide_mpi -I../../src/12_hide_mpi -I../../src/11_memory_mpi -I../../src/11_memory_mpi -I../../src/10_defs -I../../src/10_defs -I../../src/14_hidewrite -I../../src/14_hidewrite -I../../src/incs -I../../src/incs -I/tigress/xingz/abinit-8.10.2/fallbacks/exports/include   -free -module /tigress/xingz/abinit-8.10.2/src/mods -O3 -g -extend-source -noaltparam -nofpscomp   -c -o m_Ctqmc.o m_Ctqmc.F90
mpiifort -DHAVE_CONFIG_H -I. -I../..  -I../../src/16_hideleave -I../../src/16_hideleave -I../../src/28_numeric_noabirule -I../../src/28_numeric_noabirule -I../../src/44_abitypes_defs -I../../src/44_abitypes_defs -I../../src/12_hide_mpi -I../../src/12_hide_mpi -I../../src/11_memory_mpi -I../../src/11_memory_mpi -I../../src/10_defs -I../../src/10_defs -I../../src/14_hidewrite -I../../src/14_hidewrite -I../../src/incs -I../../src/incs -I/tigress/xingz/abinit-8.10.2/fallbacks/exports/include   -free -module /tigress/xingz/abinit-8.10.2/src/mods -O3 -g -extend-source -noaltparam -nofpscomp   -c -o m_GreenHyboffdiag.o m_GreenHyboffdiag.F90
mpiifort -DHAVE_CONFIG_H -I. -I../..  -I../../src/16_hideleave -I../../src/16_hideleave -I../../src/28_numeric_noabirule -I../../src/28_numeric_noabirule -I../../src/44_abitypes_defs -I../../src/44_abitypes_defs -I../../src/12_hide_mpi -I../../src/12_hide_mpi -I../../src/11_memory_mpi -I../../src/11_memory_mpi -I../../src/10_defs -I../../src/10_defs -I../../src/14_hidewrite -I../../src/14_hidewrite -I../../src/incs -I../../src/incs -I/tigress/xingz/abinit-8.10.2/fallbacks/exports/include   -free -module /tigress/xingz/abinit-8.10.2/src/mods -O3 -g -extend-source -noaltparam -nofpscomp   -c -o m_Ctqmcoffdiag.o m_Ctqmcoffdiag.F90
mpiifort -DHAVE_CONFIG_H -I. -I../..  -I../../src/16_hideleave -I../../src/16_hideleave -I../../src/28_numeric_noabirule -I../../src/28_numeric_noabirule -I../../src/44_abitypes_defs -I../../src/44_abitypes_defs -I../../src/12_hide_mpi -I../../src/12_hide_mpi -I../../src/11_memory_mpi -I../../src/11_memory_mpi -I../../src/10_defs -I../../src/10_defs -I../../src/14_hidewrite -I../../src/14_hidewrite -I../../src/incs -I../../src/incs -I/tigress/xingz/abinit-8.10.2/fallbacks/exports/include   -free -module /tigress/xingz/abinit-8.10.2/src/mods -O3 -g -extend-source -noaltparam -nofpscomp   -c -o m_CtqmcInterface.o m_CtqmcInterface.F90
mpiifort -DHAVE_CONFIG_H -I. -I../..  -I../../src/16_hideleave -I../../src/16_hideleave -I../../src/28_numeric_noabirule -I../../src/28_numeric_noabirule -I../../src/44_abitypes_defs -I../../src/44_abitypes_defs -I../../src/12_hide_mpi -I../../src/12_hide_mpi -I../../src/11_memory_mpi -I../../src/11_memory_mpi -I../../src/10_defs -I../../src/10_defs -I../../src/14_hidewrite -I../../src/14_hidewrite -I../../src/incs -I../../src/incs -I/tigress/xingz/abinit-8.10.2/fallbacks/exports/include   -free -module /tigress/xingz/abinit-8.10.2/src/mods -O3 -g -extend-source -noaltparam -nofpscomp   -c -o m_CtqmcoffdiagInterface.o m_CtqmcoffdiagInterface.F90
rm -f lib62_ctqmc.a
ar rc lib62_ctqmc.a m_BathOperator.o m_BathOperatoroffdiag.o m_data4entropyDMFT.o m_Ctqmc.o m_Ctqmcoffdiag.o m_CtqmcInterface.o m_CtqmcoffdiagInterface.o m_FFTHyb.o m_GreenHyb.o m_GreenHyboffdiag.o m_ImpurityOperator.o m_ListCdagC.o m_MapHyb.o m_MatrixHyb.o m_OurRng.o m_Stat.o m_Vector.o m_VectorInt.o m_global.o 
ranlib lib62_ctqmc.a
make[3]: Leaving directory `/tigress/xingz/abinit-8.10.2/src/62_ctqmc'
Making all in 62_iowfdenpot
make[3]: Entering directory `/tigress/xingz/abinit-8.10.2/src/62_iowfdenpot'
mpiifort -DHAVE_CONFIG_H -I. -I../..  -I../../src/32_util -I../../src/32_util -I../../src/59_ionetcdf -I../../src/59_ionetcdf -I../../src/28_numeric_noabirule -I../../src/28_numeric_noabirule -I../../src/44_abitypes_defs -I../../src/44_abitypes_defs -I../../src/42_libpaw -I../../src/42_libpaw -I../../src/51_manage_mpi -I../../src/51_manage_mpi -I../../src/43_wvl_wrappers -I../../src/43_wvl_wrappers -I../../src/16_hideleave -I../../src/16_hideleave -I../../src/62_cg_noabirule -I../../src/62_cg_noabirule -I../../src/56_recipspace -I../../src/56_recipspace -I../../src/61_occeig -I../../src/61_occeig -I../../src/52_fft_mpi_noabirule -I../../src/52_fft_mpi_noabirule -I../../src/49_gw_toolbox_oop -I../../src/49_gw_toolbox_oop -I../../src/41_geometry -I../../src/41_geometry -I../../src/18_timing -I../../src/18_timing -I../../src/12_hide_mpi -I../../src/12_hide_mpi -I../../src/56_io_mpi -I../../src/56_io_mpi -I../../src/10_defs -I../../src/10_defs -I../../src/14_hidewrite -I../../src/14_hidewrite -I../../src/27_toolbox_oop -I../../src/27_toolbox_oop -I../../src/incs -I../../src/incs -I/tigress/xingz/abinit-8.10.2/fallbacks/exports/include   -free -module /tigress/xingz/abinit-8.10.2/src/mods -O3 -g -extend-source -noaltparam -nofpscomp   -c -o m_io_screening.o m_io_screening.F90
mpiifort -DHAVE_CONFIG_H -I. -I../..  -I../../src/32_util -I../../src/32_util -I../../src/59_ionetcdf -I../../src/59_ionetcdf -I../../src/28_numeric_noabirule -I../../src/28_numeric_noabirule -I../../src/44_abitypes_defs -I../../src/44_abitypes_defs -I../../src/42_libpaw -I../../src/42_libpaw -I../../src/51_manage_mpi -I../../src/51_manage_mpi -I../../src/43_wvl_wrappers -I../../src/43_wvl_wrappers -I../../src/16_hideleave -I../../src/16_hideleave -I../../src/62_cg_noabirule -I../../src/62_cg_noabirule -I../../src/56_recipspace -I../../src/56_recipspace -I../../src/61_occeig -I../../src/61_occeig -I../../src/52_fft_mpi_noabirule -I../../src/52_fft_mpi_noabirule -I../../src/49_gw_toolbox_oop -I../../src/49_gw_toolbox_oop -I../../src/41_geometry -I../../src/41_geometry -I../../src/18_timing -I../../src/18_timing -I../../src/12_hide_mpi -I../../src/12_hide_mpi -I../../src/56_io_mpi -I../../src/56_io_mpi -I../../src/10_defs -I../../src/10_defs -I../../src/14_hidewrite -I../../src/14_hidewrite -I../../src/27_toolbox_oop -I../../src/27_toolbox_oop -I../../src/incs -I../../src/incs -I/tigress/xingz/abinit-8.10.2/fallbacks/exports/include   -free -module /tigress/xingz/abinit-8.10.2/src/mods -O3 -g -extend-source -noaltparam -nofpscomp   -c -o m_wfk.o m_wfk.F90
mpiifort -DHAVE_CONFIG_H -I. -I../..  -I../../src/32_util -I../../src/32_util -I../../src/59_ionetcdf -I../../src/59_ionetcdf -I../../src/28_numeric_noabirule -I../../src/28_numeric_noabirule -I../../src/44_abitypes_defs -I../../src/44_abitypes_defs -I../../src/42_libpaw -I../../src/42_libpaw -I../../src/51_manage_mpi -I../../src/51_manage_mpi -I../../src/43_wvl_wrappers -I../../src/43_wvl_wrappers -I../../src/16_hideleave -I../../src/16_hideleave -I../../src/62_cg_noabirule -I../../src/62_cg_noabirule -I../../src/56_recipspace -I../../src/56_recipspace -I../../src/61_occeig -I../../src/61_occeig -I../../src/52_fft_mpi_noabirule -I../../src/52_fft_mpi_noabirule -I../../src/49_gw_toolbox_oop -I../../src/49_gw_toolbox_oop -I../../src/41_geometry -I../../src/41_geometry -I../../src/18_timing -I../../src/18_timing -I../../src/12_hide_mpi -I../../src/12_hide_mpi -I../../src/56_io_mpi -I../../src/56_io_mpi -I../../src/10_defs -I../../src/10_defs -I../../src/14_hidewrite -I../../src/14_hidewrite -I../../src/27_toolbox_oop -I../../src/27_toolbox_oop -I../../src/incs -I../../src/incs -I/tigress/xingz/abinit-8.10.2/fallbacks/exports/include   -free -module /tigress/xingz/abinit-8.10.2/src/mods -O3 -g -extend-source -noaltparam -nofpscomp   -c -o m_outqmc.o m_outqmc.F90
mpiifort -DHAVE_CONFIG_H -I. -I../..  -I../../src/32_util -I../../src/32_util -I../../src/59_ionetcdf -I../../src/59_ionetcdf -I../../src/28_numeric_noabirule -I../../src/28_numeric_noabirule -I../../src/44_abitypes_defs -I../../src/44_abitypes_defs -I../../src/42_libpaw -I../../src/42_libpaw -I../../src/51_manage_mpi -I../../src/51_manage_mpi -I../../src/43_wvl_wrappers -I../../src/43_wvl_wrappers -I../../src/16_hideleave -I../../src/16_hideleave -I../../src/62_cg_noabirule -I../../src/62_cg_noabirule -I../../src/56_recipspace -I../../src/56_recipspace -I../../src/61_occeig -I../../src/61_occeig -I../../src/52_fft_mpi_noabirule -I../../src/52_fft_mpi_noabirule -I../../src/49_gw_toolbox_oop -I../../src/49_gw_toolbox_oop -I../../src/41_geometry -I../../src/41_geometry -I../../src/18_timing -I../../src/18_timing -I../../src/12_hide_mpi -I../../src/12_hide_mpi -I../../src/56_io_mpi -I../../src/56_io_mpi -I../../src/10_defs -I../../src/10_defs -I../../src/14_hidewrite -I../../src/14_hidewrite -I../../src/27_toolbox_oop -I../../src/27_toolbox_oop -I../../src/incs -I../../src/incs -I/tigress/xingz/abinit-8.10.2/fallbacks/exports/include   -free -module /tigress/xingz/abinit-8.10.2/src/mods -O3 -g -extend-source -noaltparam -nofpscomp   -c -o m_outwant.o m_outwant.F90
rm -f lib62_iowfdenpot.a
ar rc lib62_iowfdenpot.a m_io_screening.o m_wfk.o m_outqmc.o m_outwant.o 
ranlib lib62_iowfdenpot.a
make[3]: Leaving directory `/tigress/xingz/abinit-8.10.2/src/62_iowfdenpot'
Making all in 62_poisson
make[3]: Entering directory `/tigress/xingz/abinit-8.10.2/src/62_poisson'
mpiifort -DHAVE_CONFIG_H -I. -I../..  -I../../src/16_hideleave -I../../src/16_hideleave -I../../src/44_abitools -I../../src/44_abitools -I../../src/41_xc_lowlevel -I../../src/41_xc_lowlevel -I../../src/44_abitypes_defs -I../../src/44_abitypes_defs -I../../src/41_geometry -I../../src/41_geometry -I../../src/43_wvl_wrappers -I../../src/43_wvl_wrappers -I../../src/12_hide_mpi -I../../src/12_hide_mpi -I../../src/10_defs -I../../src/10_defs -I../../src/14_hidewrite -I../../src/14_hidewrite -I../../src/53_ffts -I../../src/53_ffts -I../../src/incs -I../../src/incs -I/tigress/xingz/abinit-8.10.2/fallbacks/exports/include   -free -module /tigress/xingz/abinit-8.10.2/src/mods -O3 -g -extend-source -noaltparam -nofpscomp   -c -o m_jellium.o m_jellium.F90
mpiifort -DHAVE_CONFIG_H -I. -I../..  -I../../src/16_hideleave -I../../src/16_hideleave -I../../src/44_abitools -I../../src/44_abitools -I../../src/41_xc_lowlevel -I../../src/41_xc_lowlevel -I../../src/44_abitypes_defs -I../../src/44_abitypes_defs -I../../src/41_geometry -I../../src/41_geometry -I../../src/43_wvl_wrappers -I../../src/43_wvl_wrappers -I../../src/12_hide_mpi -I../../src/12_hide_mpi -I../../src/10_defs -I../../src/10_defs -I../../src/14_hidewrite -I../../src/14_hidewrite -I../../src/53_ffts -I../../src/53_ffts -I../../src/incs -I../../src/incs -I/tigress/xingz/abinit-8.10.2/fallbacks/exports/include   -free -module /tigress/xingz/abinit-8.10.2/src/mods -O3 -g -extend-source -noaltparam -nofpscomp   -c -o m_psolver.o m_psolver.F90
m_psolver.F90(561): warning #6843: A dummy argument with an explicit INTENT(OUT) declaration is not given an explicit value.   [ENHARTR]
subroutine psolver_hartree(enhartr, hgrid, icoulomb, me, mpi_comm, nfft, ngfft, nproc, &
---------------------------^
m_psolver.F90(95): warning #6843: A dummy argument with an explicit INTENT(OUT) declaration is not given an explicit value.   [ENHARTR]
subroutine psolver_rhohxc(enhartr, enxc, envxc, icoulomb, ixc, &
--------------------------^
m_psolver.F90(95): warning #6843: A dummy argument with an explicit INTENT(OUT) declaration is not given an explicit value.   [ENXC]
subroutine psolver_rhohxc(enhartr, enxc, envxc, icoulomb, ixc, &
-----------------------------------^
m_psolver.F90(95): warning #6843: A dummy argument with an explicit INTENT(OUT) declaration is not given an explicit value.   [ENVXC]
subroutine psolver_rhohxc(enhartr, enxc, envxc, icoulomb, ixc, &
-----------------------------------------^
m_psolver.F90(562): warning #6843: A dummy argument with an explicit INTENT(OUT) declaration is not given an explicit value.   [VHARTR]
     & nscforder, nspden, rhor, vhartr, usewvl)
--------------------------------^
m_psolver.F90(98): warning #6843: A dummy argument with an explicit INTENT(OUT) declaration is not given an explicit value.   [VHARTR]
& usexcnhat,usepaw,usewvl,vhartr, vxc, vxcavg, wvl,wvl_den,wvl_e,&
--------------------------^
m_psolver.F90(98): warning #6843: A dummy argument with an explicit INTENT(OUT) declaration is not given an explicit value.   [VXC]
& usexcnhat,usepaw,usewvl,vhartr, vxc, vxcavg, wvl,wvl_den,wvl_e,&
----------------------------------^
m_psolver.F90(98): warning #6843: A dummy argument with an explicit INTENT(OUT) declaration is not given an explicit value.   [VXCAVG]
& usexcnhat,usepaw,usewvl,vhartr, vxc, vxcavg, wvl,wvl_den,wvl_e,&
---------------------------------------^
rm -f lib62_poisson.a
ar rc lib62_poisson.a m_jellium.o m_psolver.o 
ranlib lib62_poisson.a
make[3]: Leaving directory `/tigress/xingz/abinit-8.10.2/src/62_poisson'
Making all in 62_wvl_wfs
make[3]: Entering directory `/tigress/xingz/abinit-8.10.2/src/62_wvl_wfs'
mpiifort -DHAVE_CONFIG_H -I. -I../..  -I../../src/44_abitypes_defs -I../../src/44_abitypes_defs -I../../src/42_libpaw -I../../src/42_libpaw -I../../src/51_manage_mpi -I../../src/51_manage_mpi -I../../src/43_wvl_wrappers -I../../src/43_wvl_wrappers -I../../src/12_hide_mpi -I../../src/12_hide_mpi -I../../src/10_defs -I../../src/10_defs -I../../src/16_hideleave -I../../src/16_hideleave -I../../src/14_hidewrite -I../../src/14_hidewrite -I../../src/41_geometry -I../../src/41_geometry -I../../src/incs -I../../src/incs -I/tigress/xingz/abinit-8.10.2/fallbacks/exports/include   -free -module /tigress/xingz/abinit-8.10.2/src/mods -O3 -g -extend-source -noaltparam -nofpscomp   -c -o m_wvl_psi.o m_wvl_psi.F90
m_wvl_psi.F90(232): warning #6843: A dummy argument with an explicit INTENT(OUT) declaration is not given an explicit value.   [RPNRM]
     & itrp, iter, iscf, me, natom, nfft, nproc, nspden, rpnrm, scf, &
---------------------------------------------------------^
m_wvl_psi.F90(233): warning #6843: A dummy argument with an explicit INTENT(OUT) declaration is not given an explicit value.   [XCSTR]
     & vexcu, wvl, wvlbigdft, xcart, xcstr,vtrial,vxc)
-------------------------------------^
m_wvl_psi.F90(469): warning #6843: A dummy argument with an explicit INTENT(OUT) declaration is not given an explicit value.   [ETOTAL]
subroutine wvl_tail_corrections(dtset, energies, etotal, mpi_enreg, psps, wvl, xcart)
-------------------------------------------------^
mpiifort -DHAVE_CONFIG_H -I. -I../..  -I../../src/44_abitypes_defs -I../../src/44_abitypes_defs -I../../src/42_libpaw -I../../src/42_libpaw -I../../src/51_manage_mpi -I../../src/51_manage_mpi -I../../src/43_wvl_wrappers -I../../src/43_wvl_wrappers -I../../src/12_hide_mpi -I../../src/12_hide_mpi -I../../src/10_defs -I../../src/10_defs -I../../src/16_hideleave -I../../src/16_hideleave -I../../src/14_hidewrite -I../../src/14_hidewrite -I../../src/41_geometry -I../../src/41_geometry -I../../src/incs -I../../src/incs -I/tigress/xingz/abinit-8.10.2/fallbacks/exports/include   -free -module /tigress/xingz/abinit-8.10.2/src/mods -O3 -g -extend-source -noaltparam -nofpscomp   -c -o m_wvl_rwwf.o m_wvl_rwwf.F90
rm -f lib62_wvl_wfs.a
ar rc lib62_wvl_wfs.a m_wvl_psi.o m_wvl_rwwf.o 
ranlib lib62_wvl_wfs.a
make[3]: Leaving directory `/tigress/xingz/abinit-8.10.2/src/62_wvl_wfs'
Making all in 63_bader
make[3]: Entering directory `/tigress/xingz/abinit-8.10.2/src/63_bader'
mpiifort -DHAVE_CONFIG_H -I. -I../..  -I../../src/42_parser -I../../src/42_parser -I../../src/28_numeric_noabirule -I../../src/28_numeric_noabirule -I../../src/44_abitypes_defs -I../../src/44_abitypes_defs -I../../src/41_geometry -I../../src/41_geometry -I../../src/18_timing -I../../src/18_timing -I../../src/12_hide_mpi -I../../src/12_hide_mpi -I../../src/10_defs -I../../src/10_defs -I../../src/56_io_mpi -I../../src/56_io_mpi -I../../src/16_hideleave -I../../src/16_hideleave -I../../src/14_hidewrite -I../../src/14_hidewrite -I../../src/incs -I../../src/incs -I/tigress/xingz/abinit-8.10.2/fallbacks/exports/include   -free -module /tigress/xingz/abinit-8.10.2/src/mods -O3 -g -extend-source -noaltparam -nofpscomp   -c -o m_bader.o m_bader.F90
rm -f lib63_bader.a
ar rc lib63_bader.a m_bader.o 
ranlib lib63_bader.a
make[3]: Leaving directory `/tigress/xingz/abinit-8.10.2/src/63_bader'
Making all in 64_psp
make[3]: Entering directory `/tigress/xingz/abinit-8.10.2/src/64_psp'
mpiifort -DHAVE_CONFIG_H -I. -I../..  -I../../src/32_util -I../../src/32_util -I../../src/28_numeric_noabirule -I../../src/28_numeric_noabirule -I../../src/44_abitypes_defs -I../../src/44_abitypes_defs -I../../src/42_libpaw -I../../src/42_libpaw -I../../src/51_manage_mpi -I../../src/51_manage_mpi -I../../src/57_iopsp_parser -I../../src/57_iopsp_parser -I../../src/16_hideleave -I../../src/16_hideleave -I../../src/43_wvl_wrappers -I../../src/43_wvl_wrappers -I../../src/27_toolbox_oop -I../../src/27_toolbox_oop -I../../src/42_parser -I../../src/42_parser -I../../src/18_timing -I../../src/18_timing -I../../src/12_hide_mpi -I../../src/12_hide_mpi -I../../src/10_defs -I../../src/10_defs -I../../src/14_hidewrite -I../../src/14_hidewrite -I../../src/57_iovars -I../../src/57_iovars -I../../src/53_ffts -I../../src/53_ffts -I../../src/incs -I../../src/incs -I/tigress/xingz/abinit-8.10.2/fallbacks/exports/include -I/tigress/xingz/abinit-8.10.2/fallbacks/exports/include   -free -module /tigress/xingz/abinit-8.10.2/src/mods -O3 -g -extend-source -noaltparam -nofpscomp   -c -o m_atm2fft.o m_atm2fft.F90
mpiifort -DHAVE_CONFIG_H -I. -I../..  -I../../src/32_util -I../../src/32_util -I../../src/28_numeric_noabirule -I../../src/28_numeric_noabirule -I../../src/44_abitypes_defs -I../../src/44_abitypes_defs -I../../src/42_libpaw -I../../src/42_libpaw -I../../src/51_manage_mpi -I../../src/51_manage_mpi -I../../src/57_iopsp_parser -I../../src/57_iopsp_parser -I../../src/16_hideleave -I../../src/16_hideleave -I../../src/43_wvl_wrappers -I../../src/43_wvl_wrappers -I../../src/27_toolbox_oop -I../../src/27_toolbox_oop -I../../src/42_parser -I../../src/42_parser -I../../src/18_timing -I../../src/18_timing -I../../src/12_hide_mpi -I../../src/12_hide_mpi -I../../src/10_defs -I../../src/10_defs -I../../src/14_hidewrite -I../../src/14_hidewrite -I../../src/57_iovars -I../../src/57_iovars -I../../src/53_ffts -I../../src/53_ffts -I../../src/incs -I../../src/incs -I/tigress/xingz/abinit-8.10.2/fallbacks/exports/include -I/tigress/xingz/abinit-8.10.2/fallbacks/exports/include   -free -module /tigress/xingz/abinit-8.10.2/src/mods -O3 -g -extend-source -noaltparam -nofpscomp   -c -o m_psptk.o m_psptk.F90
mpiifort -DHAVE_CONFIG_H -I. -I../..  -I../../src/32_util -I../../src/32_util -I../../src/28_numeric_noabirule -I../../src/28_numeric_noabirule -I../../src/44_abitypes_defs -I../../src/44_abitypes_defs -I../../src/42_libpaw -I../../src/42_libpaw -I../../src/51_manage_mpi -I../../src/51_manage_mpi -I../../src/57_iopsp_parser -I../../src/57_iopsp_parser -I../../src/16_hideleave -I../../src/16_hideleave -I../../src/43_wvl_wrappers -I../../src/43_wvl_wrappers -I../../src/27_toolbox_oop -I../../src/27_toolbox_oop -I../../src/42_parser -I../../src/42_parser -I../../src/18_timing -I../../src/18_timing -I../../src/12_hide_mpi -I../../src/12_hide_mpi -I../../src/10_defs -I../../src/10_defs -I../../src/14_hidewrite -I../../src/14_hidewrite -I../../src/57_iovars -I../../src/57_iovars -I../../src/53_ffts -I../../src/53_ffts -I../../src/incs -I../../src/incs -I/tigress/xingz/abinit-8.10.2/fallbacks/exports/include -I/tigress/xingz/abinit-8.10.2/fallbacks/exports/include   -free -module /tigress/xingz/abinit-8.10.2/src/mods -O3 -g -extend-source -noaltparam -nofpscomp   -c -o m_psps.o m_psps.F90
mpiifort -DHAVE_CONFIG_H -I. -I../..  -I../../src/32_util -I../../src/32_util -I../../src/28_numeric_noabirule -I../../src/28_numeric_noabirule -I../../src/44_abitypes_defs -I../../src/44_abitypes_defs -I../../src/42_libpaw -I../../src/42_libpaw -I../../src/51_manage_mpi -I../../src/51_manage_mpi -I../../src/57_iopsp_parser -I../../src/57_iopsp_parser -I../../src/16_hideleave -I../../src/16_hideleave -I../../src/43_wvl_wrappers -I../../src/43_wvl_wrappers -I../../src/27_toolbox_oop -I../../src/27_toolbox_oop -I../../src/42_parser -I../../src/42_parser -I../../src/18_timing -I../../src/18_timing -I../../src/12_hide_mpi -I../../src/12_hide_mpi -I../../src/10_defs -I../../src/10_defs -I../../src/14_hidewrite -I../../src/14_hidewrite -I../../src/57_iovars -I../../src/57_iovars -I../../src/53_ffts -I../../src/53_ffts -I../../src/incs -I../../src/incs -I/tigress/xingz/abinit-8.10.2/fallbacks/exports/include -I/tigress/xingz/abinit-8.10.2/fallbacks/exports/include   -free -module /tigress/xingz/abinit-8.10.2/src/mods -O3 -g -extend-source -noaltparam -nofpscomp   -c -o m_psp1.o m_psp1.F90
mpiifort -DHAVE_CONFIG_H -I. -I../..  -I../../src/32_util -I../../src/32_util -I../../src/28_numeric_noabirule -I../../src/28_numeric_noabirule -I../../src/44_abitypes_defs -I../../src/44_abitypes_defs -I../../src/42_libpaw -I../../src/42_libpaw -I../../src/51_manage_mpi -I../../src/51_manage_mpi -I../../src/57_iopsp_parser -I../../src/57_iopsp_parser -I../../src/16_hideleave -I../../src/16_hideleave -I../../src/43_wvl_wrappers -I../../src/43_wvl_wrappers -I../../src/27_toolbox_oop -I../../src/27_toolbox_oop -I../../src/42_parser -I../../src/42_parser -I../../src/18_timing -I../../src/18_timing -I../../src/12_hide_mpi -I../../src/12_hide_mpi -I../../src/10_defs -I../../src/10_defs -I../../src/14_hidewrite -I../../src/14_hidewrite -I../../src/57_iovars -I../../src/57_iovars -I../../src/53_ffts -I../../src/53_ffts -I../../src/incs -I../../src/incs -I/tigress/xingz/abinit-8.10.2/fallbacks/exports/include -I/tigress/xingz/abinit-8.10.2/fallbacks/exports/include   -free -module /tigress/xingz/abinit-8.10.2/src/mods -O3 -g -extend-source -noaltparam -nofpscomp   -c -o m_psp5.o m_psp5.F90
mpiifort -DHAVE_CONFIG_H -I. -I../..  -I../../src/32_util -I../../src/32_util -I../../src/28_numeric_noabirule -I../../src/28_numeric_noabirule -I../../src/44_abitypes_defs -I../../src/44_abitypes_defs -I../../src/42_libpaw -I../../src/42_libpaw -I../../src/51_manage_mpi -I../../src/51_manage_mpi -I../../src/57_iopsp_parser -I../../src/57_iopsp_parser -I../../src/16_hideleave -I../../src/16_hideleave -I../../src/43_wvl_wrappers -I../../src/43_wvl_wrappers -I../../src/27_toolbox_oop -I../../src/27_toolbox_oop -I../../src/42_parser -I../../src/42_parser -I../../src/18_timing -I../../src/18_timing -I../../src/12_hide_mpi -I../../src/12_hide_mpi -I../../src/10_defs -I../../src/10_defs -I../../src/14_hidewrite -I../../src/14_hidewrite -I../../src/57_iovars -I../../src/57_iovars -I../../src/53_ffts -I../../src/53_ffts -I../../src/incs -I../../src/incs -I/tigress/xingz/abinit-8.10.2/fallbacks/exports/include -I/tigress/xingz/abinit-8.10.2/fallbacks/exports/include   -free -module /tigress/xingz/abinit-8.10.2/src/mods -O3 -g -extend-source -noaltparam -nofpscomp   -c -o m_psp6.o m_psp6.F90
mpiifort -DHAVE_CONFIG_H -I. -I../..  -I../../src/32_util -I../../src/32_util -I../../src/28_numeric_noabirule -I../../src/28_numeric_noabirule -I../../src/44_abitypes_defs -I../../src/44_abitypes_defs -I../../src/42_libpaw -I../../src/42_libpaw -I../../src/51_manage_mpi -I../../src/51_manage_mpi -I../../src/57_iopsp_parser -I../../src/57_iopsp_parser -I../../src/16_hideleave -I../../src/16_hideleave -I../../src/43_wvl_wrappers -I../../src/43_wvl_wrappers -I../../src/27_toolbox_oop -I../../src/27_toolbox_oop -I../../src/42_parser -I../../src/42_parser -I../../src/18_timing -I../../src/18_timing -I../../src/12_hide_mpi -I../../src/12_hide_mpi -I../../src/10_defs -I../../src/10_defs -I../../src/14_hidewrite -I../../src/14_hidewrite -I../../src/57_iovars -I../../src/57_iovars -I../../src/53_ffts -I../../src/53_ffts -I../../src/incs -I../../src/incs -I/tigress/xingz/abinit-8.10.2/fallbacks/exports/include -I/tigress/xingz/abinit-8.10.2/fallbacks/exports/include   -free -module /tigress/xingz/abinit-8.10.2/src/mods -O3 -g -extend-source -noaltparam -nofpscomp   -c -o m_psp8.o m_psp8.F90
mpiifort -DHAVE_CONFIG_H -I. -I../..  -I../../src/32_util -I../../src/32_util -I../../src/28_numeric_noabirule -I../../src/28_numeric_noabirule -I../../src/44_abitypes_defs -I../../src/44_abitypes_defs -I../../src/42_libpaw -I../../src/42_libpaw -I../../src/51_manage_mpi -I../../src/51_manage_mpi -I../../src/57_iopsp_parser -I../../src/57_iopsp_parser -I../../src/16_hideleave -I../../src/16_hideleave -I../../src/43_wvl_wrappers -I../../src/43_wvl_wrappers -I../../src/27_toolbox_oop -I../../src/27_toolbox_oop -I../../src/42_parser -I../../src/42_parser -I../../src/18_timing -I../../src/18_timing -I../../src/12_hide_mpi -I../../src/12_hide_mpi -I../../src/10_defs -I../../src/10_defs -I../../src/14_hidewrite -I../../src/14_hidewrite -I../../src/57_iovars -I../../src/57_iovars -I../../src/53_ffts -I../../src/53_ffts -I../../src/incs -I../../src/incs -I/tigress/xingz/abinit-8.10.2/fallbacks/exports/include -I/tigress/xingz/abinit-8.10.2/fallbacks/exports/include   -free -module /tigress/xingz/abinit-8.10.2/src/mods -O3 -g -extend-source -noaltparam -nofpscomp   -c -o m_psp9.o m_psp9.F90
m_psp9.F90(119): warning #6843: A dummy argument with an explicit INTENT(OUT) declaration is not given an explicit value.   [MAXRAD]
&                  useylm,vlspl,xcccrc,xccc1d,zion,znucl,nctab,maxrad)
---------------------------------------------------------------^
mpiifort -DHAVE_CONFIG_H -I. -I../..  -I../../src/32_util -I../../src/32_util -I../../src/28_numeric_noabirule -I../../src/28_numeric_noabirule -I../../src/44_abitypes_defs -I../../src/44_abitypes_defs -I../../src/42_libpaw -I../../src/42_libpaw -I../../src/51_manage_mpi -I../../src/51_manage_mpi -I../../src/57_iopsp_parser -I../../src/57_iopsp_parser -I../../src/16_hideleave -I../../src/16_hideleave -I../../src/43_wvl_wrappers -I../../src/43_wvl_wrappers -I../../src/27_toolbox_oop -I../../src/27_toolbox_oop -I../../src/42_parser -I../../src/42_parser -I../../src/18_timing -I../../src/18_timing -I../../src/12_hide_mpi -I../../src/12_hide_mpi -I../../src/10_defs -I../../src/10_defs -I../../src/14_hidewrite -I../../src/14_hidewrite -I../../src/57_iovars -I../../src/57_iovars -I../../src/53_ffts -I../../src/53_ffts -I../../src/incs -I../../src/incs -I/tigress/xingz/abinit-8.10.2/fallbacks/exports/include -I/tigress/xingz/abinit-8.10.2/fallbacks/exports/include   -free -module /tigress/xingz/abinit-8.10.2/src/mods -O3 -g -extend-source -noaltparam -nofpscomp   -c -o m_psp_hgh.o m_psp_hgh.F90
mpiifort -DHAVE_CONFIG_H -I. -I../..  -I../../src/32_util -I../../src/32_util -I../../src/28_numeric_noabirule -I../../src/28_numeric_noabirule -I../../src/44_abitypes_defs -I../../src/44_abitypes_defs -I../../src/42_libpaw -I../../src/42_libpaw -I../../src/51_manage_mpi -I../../src/51_manage_mpi -I../../src/57_iopsp_parser -I../../src/57_iopsp_parser -I../../src/16_hideleave -I../../src/16_hideleave -I../../src/43_wvl_wrappers -I../../src/43_wvl_wrappers -I../../src/27_toolbox_oop -I../../src/27_toolbox_oop -I../../src/42_parser -I../../src/42_parser -I../../src/18_timing -I../../src/18_timing -I../../src/12_hide_mpi -I../../src/12_hide_mpi -I../../src/10_defs -I../../src/10_defs -I../../src/14_hidewrite -I../../src/14_hidewrite -I../../src/57_iovars -I../../src/57_iovars -I../../src/53_ffts -I../../src/53_ffts -I../../src/incs -I../../src/incs -I/tigress/xingz/abinit-8.10.2/fallbacks/exports/include -I/tigress/xingz/abinit-8.10.2/fallbacks/exports/include   -free -module /tigress/xingz/abinit-8.10.2/src/mods -O3 -g -extend-source -noaltparam -nofpscomp   -c -o m_upf2abinit.o m_upf2abinit.F90
mpiifort -DHAVE_CONFIG_H -I. -I../..  -I../../src/32_util -I../../src/32_util -I../../src/28_numeric_noabirule -I../../src/28_numeric_noabirule -I../../src/44_abitypes_defs -I../../src/44_abitypes_defs -I../../src/42_libpaw -I../../src/42_libpaw -I../../src/51_manage_mpi -I../../src/51_manage_mpi -I../../src/57_iopsp_parser -I../../src/57_iopsp_parser -I../../src/16_hideleave -I../../src/16_hideleave -I../../src/43_wvl_wrappers -I../../src/43_wvl_wrappers -I../../src/27_toolbox_oop -I../../src/27_toolbox_oop -I../../src/42_parser -I../../src/42_parser -I../../src/18_timing -I../../src/18_timing -I../../src/12_hide_mpi -I../../src/12_hide_mpi -I../../src/10_defs -I../../src/10_defs -I../../src/14_hidewrite -I../../src/14_hidewrite -I../../src/57_iovars -I../../src/57_iovars -I../../src/53_ffts -I../../src/53_ffts -I../../src/incs -I../../src/incs -I/tigress/xingz/abinit-8.10.2/fallbacks/exports/include -I/tigress/xingz/abinit-8.10.2/fallbacks/exports/include   -free -module /tigress/xingz/abinit-8.10.2/src/mods -O3 -g -extend-source -noaltparam -nofpscomp   -c -o m_pspini.o m_pspini.F90
rm -f lib64_psp.a
ar rc lib64_psp.a m_atm2fft.o m_psptk.o m_psps.o m_pspini.o m_psp1.o m_psp_hgh.o m_psp5.o m_psp6.o m_psp8.o m_psp9.o m_upf2abinit.o 
ranlib lib64_psp.a
make[3]: Leaving directory `/tigress/xingz/abinit-8.10.2/src/64_psp'
Making all in 65_paw
make[3]: Entering directory `/tigress/xingz/abinit-8.10.2/src/65_paw'
mpiifort -DHAVE_CONFIG_H -I. -I../..  -I../../src/32_util -I../../src/32_util -I../../src/44_abitools -I../../src/44_abitools -I../../src/59_ionetcdf -I../../src/59_ionetcdf -I../../src/42_parser -I../../src/42_parser -I../../src/28_numeric_noabirule -I../../src/28_numeric_noabirule -I../../src/44_abitypes_defs -I../../src/44_abitypes_defs -I../../src/42_libpaw -I../../src/42_libpaw -I../../src/51_manage_mpi -I../../src/51_manage_mpi -I../../src/41_geometry -I../../src/41_geometry -I../../src/16_hideleave -I../../src/16_hideleave -I../../src/56_io_mpi -I../../src/56_io_mpi -I../../src/56_recipspace -I../../src/56_recipspace -I../../src/61_occeig -I../../src/61_occeig -I../../src/52_fft_mpi_noabirule -I../../src/52_fft_mpi_noabirule -I../../src/56_xc -I../../src/56_xc -I../../src/27_toolbox_oop -I../../src/27_toolbox_oop -I../../src/53_ffts -I../../src/53_ffts -I../../src/62_ctqmc -I../../src/62_ctqmc -I../../src/18_timing -I../../src/18_timing -I../../src/12_hide_mpi -I../../src/12_hide_mpi -I../../src/43_wvl_wrappers -I../../src/43_wvl_wrappers -I../../src/10_defs -I../../src/10_defs -I../../src/14_hidewrite -I../../src/14_hidewrite -I../../src/64_psp -I../../src/64_psp -I../../src/incs -I../../src/incs -I/tigress/xingz/abinit-8.10.2/fallbacks/exports/include   -free -module /tigress/xingz/abinit-8.10.2/src/mods -O3 -g -extend-source -noaltparam -nofpscomp   -c -o m_pawfgr.o m_pawfgr.F90
mpiifort -DHAVE_CONFIG_H -I. -I../..  -I../../src/32_util -I../../src/32_util -I../../src/44_abitools -I../../src/44_abitools -I../../src/59_ionetcdf -I../../src/59_ionetcdf -I../../src/42_parser -I../../src/42_parser -I../../src/28_numeric_noabirule -I../../src/28_numeric_noabirule -I../../src/44_abitypes_defs -I../../src/44_abitypes_defs -I../../src/42_libpaw -I../../src/42_libpaw -I../../src/51_manage_mpi -I../../src/51_manage_mpi -I../../src/41_geometry -I../../src/41_geometry -I../../src/16_hideleave -I../../src/16_hideleave -I../../src/56_io_mpi -I../../src/56_io_mpi -I../../src/56_recipspace -I../../src/56_recipspace -I../../src/61_occeig -I../../src/61_occeig -I../../src/52_fft_mpi_noabirule -I../../src/52_fft_mpi_noabirule -I../../src/56_xc -I../../src/56_xc -I../../src/27_toolbox_oop -I../../src/27_toolbox_oop -I../../src/53_ffts -I../../src/53_ffts -I../../src/62_ctqmc -I../../src/62_ctqmc -I../../src/18_timing -I../../src/18_timing -I../../src/12_hide_mpi -I../../src/12_hide_mpi -I../../src/43_wvl_wrappers -I../../src/43_wvl_wrappers -I../../src/10_defs -I../../src/10_defs -I../../src/14_hidewrite -I../../src/14_hidewrite -I../../src/64_psp -I../../src/64_psp -I../../src/incs -I../../src/incs -I/tigress/xingz/abinit-8.10.2/fallbacks/exports/include   -free -module /tigress/xingz/abinit-8.10.2/src/mods -O3 -g -extend-source -noaltparam -nofpscomp   -c -o m_fourier_interpol.o m_fourier_interpol.F90
mpiifort -DHAVE_CONFIG_H -I. -I../..  -I../../src/32_util -I../../src/32_util -I../../src/44_abitools -I../../src/44_abitools -I../../src/59_ionetcdf -I../../src/59_ionetcdf -I../../src/42_parser -I../../src/42_parser -I../../src/28_numeric_noabirule -I../../src/28_numeric_noabirule -I../../src/44_abitypes_defs -I../../src/44_abitypes_defs -I../../src/42_libpaw -I../../src/42_libpaw -I../../src/51_manage_mpi -I../../src/51_manage_mpi -I../../src/41_geometry -I../../src/41_geometry -I../../src/16_hideleave -I../../src/16_hideleave -I../../src/56_io_mpi -I../../src/56_io_mpi -I../../src/56_recipspace -I../../src/56_recipspace -I../../src/61_occeig -I../../src/61_occeig -I../../src/52_fft_mpi_noabirule -I../../src/52_fft_mpi_noabirule -I../../src/56_xc -I../../src/56_xc -I../../src/27_toolbox_oop -I../../src/27_toolbox_oop -I../../src/53_ffts -I../../src/53_ffts -I../../src/62_ctqmc -I../../src/62_ctqmc -I../../src/18_timing -I../../src/18_timing -I../../src/12_hide_mpi -I../../src/12_hide_mpi -I../../src/43_wvl_wrappers -I../../src/43_wvl_wrappers -I../../src/10_defs -I../../src/10_defs -I../../src/14_hidewrite -I../../src/14_hidewrite -I../../src/64_psp -I../../src/64_psp -I../../src/incs -I../../src/incs -I/tigress/xingz/abinit-8.10.2/fallbacks/exports/include   -free -module /tigress/xingz/abinit-8.10.2/src/mods -O3 -g -extend-source -noaltparam -nofpscomp   -c -o m_paw_lmn.o m_paw_lmn.F90
mpiifort -DHAVE_CONFIG_H -I. -I../..  -I../../src/32_util -I../../src/32_util -I../../src/44_abitools -I../../src/44_abitools -I../../src/59_ionetcdf -I../../src/59_ionetcdf -I../../src/42_parser -I../../src/42_parser -I../../src/28_numeric_noabirule -I../../src/28_numeric_noabirule -I../../src/44_abitypes_defs -I../../src/44_abitypes_defs -I../../src/42_libpaw -I../../src/42_libpaw -I../../src/51_manage_mpi -I../../src/51_manage_mpi -I../../src/41_geometry -I../../src/41_geometry -I../../src/16_hideleave -I../../src/16_hideleave -I../../src/56_io_mpi -I../../src/56_io_mpi -I../../src/56_recipspace -I../../src/56_recipspace -I../../src/61_occeig -I../../src/61_occeig -I../../src/52_fft_mpi_noabirule -I../../src/52_fft_mpi_noabirule -I../../src/56_xc -I../../src/56_xc -I../../src/27_toolbox_oop -I../../src/27_toolbox_oop -I../../src/53_ffts -I../../src/53_ffts -I../../src/62_ctqmc -I../../src/62_ctqmc -I../../src/18_timing -I../../src/18_timing -I../../src/12_hide_mpi -I../../src/12_hide_mpi -I../../src/43_wvl_wrappers -I../../src/43_wvl_wrappers -I../../src/10_defs -I../../src/10_defs -I../../src/14_hidewrite -I../../src/14_hidewrite -I../../src/64_psp -I../../src/64_psp -I../../src/incs -I../../src/incs -I/tigress/xingz/abinit-8.10.2/fallbacks/exports/include   -free -module /tigress/xingz/abinit-8.10.2/src/mods -O3 -g -extend-source -noaltparam -nofpscomp   -c -o m_paw_atomorb.o m_paw_atomorb.F90
mpiifort -DHAVE_CONFIG_H -I. -I../..  -I../../src/32_util -I../../src/32_util -I../../src/44_abitools -I../../src/44_abitools -I../../src/59_ionetcdf -I../../src/59_ionetcdf -I../../src/42_parser -I../../src/42_parser -I../../src/28_numeric_noabirule -I../../src/28_numeric_noabirule -I../../src/44_abitypes_defs -I../../src/44_abitypes_defs -I../../src/42_libpaw -I../../src/42_libpaw -I../../src/51_manage_mpi -I../../src/51_manage_mpi -I../../src/41_geometry -I../../src/41_geometry -I../../src/16_hideleave -I../../src/16_hideleave -I../../src/56_io_mpi -I../../src/56_io_mpi -I../../src/56_recipspace -I../../src/56_recipspace -I../../src/61_occeig -I../../src/61_occeig -I../../src/52_fft_mpi_noabirule -I../../src/52_fft_mpi_noabirule -I../../src/56_xc -I../../src/56_xc -I../../src/27_toolbox_oop -I../../src/27_toolbox_oop -I../../src/53_ffts -I../../src/53_ffts -I../../src/62_ctqmc -I../../src/62_ctqmc -I../../src/18_timing -I../../src/18_timing -I../../src/12_hide_mpi -I../../src/12_hide_mpi -I../../src/43_wvl_wrappers -I../../src/43_wvl_wrappers -I../../src/10_defs -I../../src/10_defs -I../../src/14_hidewrite -I../../src/14_hidewrite -I../../src/64_psp -I../../src/64_psp -I../../src/incs -I../../src/incs -I/tigress/xingz/abinit-8.10.2/fallbacks/exports/include   -free -module /tigress/xingz/abinit-8.10.2/src/mods -O3 -g -extend-source -noaltparam -nofpscomp   -c -o m_paw_correlations.o m_paw_correlations.F90
mpiifort -DHAVE_CONFIG_H -I. -I../..  -I../../src/32_util -I../../src/32_util -I../../src/44_abitools -I../../src/44_abitools -I../../src/59_ionetcdf -I../../src/59_ionetcdf -I../../src/42_parser -I../../src/42_parser -I../../src/28_numeric_noabirule -I../../src/28_numeric_noabirule -I../../src/44_abitypes_defs -I../../src/44_abitypes_defs -I../../src/42_libpaw -I../../src/42_libpaw -I../../src/51_manage_mpi -I../../src/51_manage_mpi -I../../src/41_geometry -I../../src/41_geometry -I../../src/16_hideleave -I../../src/16_hideleave -I../../src/56_io_mpi -I../../src/56_io_mpi -I../../src/56_recipspace -I../../src/56_recipspace -I../../src/61_occeig -I../../src/61_occeig -I../../src/52_fft_mpi_noabirule -I../../src/52_fft_mpi_noabirule -I../../src/56_xc -I../../src/56_xc -I../../src/27_toolbox_oop -I../../src/27_toolbox_oop -I../../src/53_ffts -I../../src/53_ffts -I../../src/62_ctqmc -I../../src/62_ctqmc -I../../src/18_timing -I../../src/18_timing -I../../src/12_hide_mpi -I../../src/12_hide_mpi -I../../src/43_wvl_wrappers -I../../src/43_wvl_wrappers -I../../src/10_defs -I../../src/10_defs -I../../src/14_hidewrite -I../../src/14_hidewrite -I../../src/64_psp -I../../src/64_psp -I../../src/incs -I../../src/incs -I/tigress/xingz/abinit-8.10.2/fallbacks/exports/include   -free -module /tigress/xingz/abinit-8.10.2/src/mods -O3 -g -extend-source -noaltparam -nofpscomp   -c -o m_paw_denpot.o m_paw_denpot.F90
mpiifort -DHAVE_CONFIG_H -I. -I../..  -I../../src/32_util -I../../src/32_util -I../../src/44_abitools -I../../src/44_abitools -I../../src/59_ionetcdf -I../../src/59_ionetcdf -I../../src/42_parser -I../../src/42_parser -I../../src/28_numeric_noabirule -I../../src/28_numeric_noabirule -I../../src/44_abitypes_defs -I../../src/44_abitypes_defs -I../../src/42_libpaw -I../../src/42_libpaw -I../../src/51_manage_mpi -I../../src/51_manage_mpi -I../../src/41_geometry -I../../src/41_geometry -I../../src/16_hideleave -I../../src/16_hideleave -I../../src/56_io_mpi -I../../src/56_io_mpi -I../../src/56_recipspace -I../../src/56_recipspace -I../../src/61_occeig -I../../src/61_occeig -I../../src/52_fft_mpi_noabirule -I../../src/52_fft_mpi_noabirule -I../../src/56_xc -I../../src/56_xc -I../../src/27_toolbox_oop -I../../src/27_toolbox_oop -I../../src/53_ffts -I../../src/53_ffts -I../../src/62_ctqmc -I../../src/62_ctqmc -I../../src/18_timing -I../../src/18_timing -I../../src/12_hide_mpi -I../../src/12_hide_mpi -I../../src/43_wvl_wrappers -I../../src/43_wvl_wrappers -I../../src/10_defs -I../../src/10_defs -I../../src/14_hidewrite -I../../src/14_hidewrite -I../../src/64_psp -I../../src/64_psp -I../../src/incs -I../../src/incs -I/tigress/xingz/abinit-8.10.2/fallbacks/exports/include   -free -module /tigress/xingz/abinit-8.10.2/src/mods -O3 -g -extend-source -noaltparam -nofpscomp   -c -o m_paw_dfpt.o m_paw_dfpt.F90
mpiifort -DHAVE_CONFIG_H -I. -I../..  -I../../src/32_util -I../../src/32_util -I../../src/44_abitools -I../../src/44_abitools -I../../src/59_ionetcdf -I../../src/59_ionetcdf -I../../src/42_parser -I../../src/42_parser -I../../src/28_numeric_noabirule -I../../src/28_numeric_noabirule -I../../src/44_abitypes_defs -I../../src/44_abitypes_defs -I../../src/42_libpaw -I../../src/42_libpaw -I../../src/51_manage_mpi -I../../src/51_manage_mpi -I../../src/41_geometry -I../../src/41_geometry -I../../src/16_hideleave -I../../src/16_hideleave -I../../src/56_io_mpi -I../../src/56_io_mpi -I../../src/56_recipspace -I../../src/56_recipspace -I../../src/61_occeig -I../../src/61_occeig -I../../src/52_fft_mpi_noabirule -I../../src/52_fft_mpi_noabirule -I../../src/56_xc -I../../src/56_xc -I../../src/27_toolbox_oop -I../../src/27_toolbox_oop -I../../src/53_ffts -I../../src/53_ffts -I../../src/62_ctqmc -I../../src/62_ctqmc -I../../src/18_timing -I../../src/18_timing -I../../src/12_hide_mpi -I../../src/12_hide_mpi -I../../src/43_wvl_wrappers -I../../src/43_wvl_wrappers -I../../src/10_defs -I../../src/10_defs -I../../src/14_hidewrite -I../../src/14_hidewrite -I../../src/64_psp -I../../src/64_psp -I../../src/incs -I../../src/incs -I/tigress/xingz/abinit-8.10.2/fallbacks/exports/include   -free -module /tigress/xingz/abinit-8.10.2/src/mods -O3 -g -extend-source -noaltparam -nofpscomp   -c -o m_paw_dfptnl.o m_paw_dfptnl.F90
mpiifort -DHAVE_CONFIG_H -I. -I../..  -I../../src/32_util -I../../src/32_util -I../../src/44_abitools -I../../src/44_abitools -I../../src/59_ionetcdf -I../../src/59_ionetcdf -I../../src/42_parser -I../../src/42_parser -I../../src/28_numeric_noabirule -I../../src/28_numeric_noabirule -I../../src/44_abitypes_defs -I../../src/44_abitypes_defs -I../../src/42_libpaw -I../../src/42_libpaw -I../../src/51_manage_mpi -I../../src/51_manage_mpi -I../../src/41_geometry -I../../src/41_geometry -I../../src/16_hideleave -I../../src/16_hideleave -I../../src/56_io_mpi -I../../src/56_io_mpi -I../../src/56_recipspace -I../../src/56_recipspace -I../../src/61_occeig -I../../src/61_occeig -I../../src/52_fft_mpi_noabirule -I../../src/52_fft_mpi_noabirule -I../../src/56_xc -I../../src/56_xc -I../../src/27_toolbox_oop -I../../src/27_toolbox_oop -I../../src/53_ffts -I../../src/53_ffts -I../../src/62_ctqmc -I../../src/62_ctqmc -I../../src/18_timing -I../../src/18_timing -I../../src/12_hide_mpi -I../../src/12_hide_mpi -I../../src/43_wvl_wrappers -I../../src/43_wvl_wrappers -I../../src/10_defs -I../../src/10_defs -I../../src/14_hidewrite -I../../src/14_hidewrite -I../../src/64_psp -I../../src/64_psp -I../../src/incs -I../../src/incs -I/tigress/xingz/abinit-8.10.2/fallbacks/exports/include   -free -module /tigress/xingz/abinit-8.10.2/src/mods -O3 -g -extend-source -noaltparam -nofpscomp   -c -o m_paw_dmft.o m_paw_dmft.F90
mpiifort -DHAVE_CONFIG_H -I. -I../..  -I../../src/32_util -I../../src/32_util -I../../src/44_abitools -I../../src/44_abitools -I../../src/59_ionetcdf -I../../src/59_ionetcdf -I../../src/42_parser -I../../src/42_parser -I../../src/28_numeric_noabirule -I../../src/28_numeric_noabirule -I../../src/44_abitypes_defs -I../../src/44_abitypes_defs -I../../src/42_libpaw -I../../src/42_libpaw -I../../src/51_manage_mpi -I../../src/51_manage_mpi -I../../src/41_geometry -I../../src/41_geometry -I../../src/16_hideleave -I../../src/16_hideleave -I../../src/56_io_mpi -I../../src/56_io_mpi -I../../src/56_recipspace -I../../src/56_recipspace -I../../src/61_occeig -I../../src/61_occeig -I../../src/52_fft_mpi_noabirule -I../../src/52_fft_mpi_noabirule -I../../src/56_xc -I../../src/56_xc -I../../src/27_toolbox_oop -I../../src/27_toolbox_oop -I../../src/53_ffts -I../../src/53_ffts -I../../src/62_ctqmc -I../../src/62_ctqmc -I../../src/18_timing -I../../src/18_timing -I../../src/12_hide_mpi -I../../src/12_hide_mpi -I../../src/43_wvl_wrappers -I../../src/43_wvl_wrappers -I../../src/10_defs -I../../src/10_defs -I../../src/14_hidewrite -I../../src/14_hidewrite -I../../src/64_psp -I../../src/64_psp -I../../src/incs -I../../src/incs -I/tigress/xingz/abinit-8.10.2/fallbacks/exports/include   -free -module /tigress/xingz/abinit-8.10.2/src/mods -O3 -g -extend-source -noaltparam -nofpscomp   -c -o m_paw_efield.o m_paw_efield.F90
mpiifort -DHAVE_CONFIG_H -I. -I../..  -I../../src/32_util -I../../src/32_util -I../../src/44_abitools -I../../src/44_abitools -I../../src/59_ionetcdf -I../../src/59_ionetcdf -I../../src/42_parser -I../../src/42_parser -I../../src/28_numeric_noabirule -I../../src/28_numeric_noabirule -I../../src/44_abitypes_defs -I../../src/44_abitypes_defs -I../../src/42_libpaw -I../../src/42_libpaw -I../../src/51_manage_mpi -I../../src/51_manage_mpi -I../../src/41_geometry -I../../src/41_geometry -I../../src/16_hideleave -I../../src/16_hideleave -I../../src/56_io_mpi -I../../src/56_io_mpi -I../../src/56_recipspace -I../../src/56_recipspace -I../../src/61_occeig -I../../src/61_occeig -I../../src/52_fft_mpi_noabirule -I../../src/52_fft_mpi_noabirule -I../../src/56_xc -I../../src/56_xc -I../../src/27_toolbox_oop -I../../src/27_toolbox_oop -I../../src/53_ffts -I../../src/53_ffts -I../../src/62_ctqmc -I../../src/62_ctqmc -I../../src/18_timing -I../../src/18_timing -I../../src/12_hide_mpi -I../../src/12_hide_mpi -I../../src/43_wvl_wrappers -I../../src/43_wvl_wrappers -I../../src/10_defs -I../../src/10_defs -I../../src/14_hidewrite -I../../src/14_hidewrite -I../../src/64_psp -I../../src/64_psp -I../../src/incs -I../../src/incs -I/tigress/xingz/abinit-8.10.2/fallbacks/exports/include   -free -module /tigress/xingz/abinit-8.10.2/src/mods -O3 -g -extend-source -noaltparam -nofpscomp   -c -o m_paw_pwaves_lmn.o m_paw_pwaves_lmn.F90
mpiifort -DHAVE_CONFIG_H -I. -I../..  -I../../src/32_util -I../../src/32_util -I../../src/44_abitools -I../../src/44_abitools -I../../src/59_ionetcdf -I../../src/59_ionetcdf -I../../src/42_parser -I../../src/42_parser -I../../src/28_numeric_noabirule -I../../src/28_numeric_noabirule -I../../src/44_abitypes_defs -I../../src/44_abitypes_defs -I../../src/42_libpaw -I../../src/42_libpaw -I../../src/51_manage_mpi -I../../src/51_manage_mpi -I../../src/41_geometry -I../../src/41_geometry -I../../src/16_hideleave -I../../src/16_hideleave -I../../src/56_io_mpi -I../../src/56_io_mpi -I../../src/56_recipspace -I../../src/56_recipspace -I../../src/61_occeig -I../../src/61_occeig -I../../src/52_fft_mpi_noabirule -I../../src/52_fft_mpi_noabirule -I../../src/56_xc -I../../src/56_xc -I../../src/27_toolbox_oop -I../../src/27_toolbox_oop -I../../src/53_ffts -I../../src/53_ffts -I../../src/62_ctqmc -I../../src/62_ctqmc -I../../src/18_timing -I../../src/18_timing -I../../src/12_hide_mpi -I../../src/12_hide_mpi -I../../src/43_wvl_wrappers -I../../src/43_wvl_wrappers -I../../src/10_defs -I../../src/10_defs -I../../src/14_hidewrite -I../../src/14_hidewrite -I../../src/64_psp -I../../src/64_psp -I../../src/incs -I../../src/incs -I/tigress/xingz/abinit-8.10.2/fallbacks/exports/include   -free -module /tigress/xingz/abinit-8.10.2/src/mods -O3 -g -extend-source -noaltparam -nofpscomp   -c -o m_paw_hr.o m_paw_hr.F90
mpiifort -DHAVE_CONFIG_H -I. -I../..  -I../../src/32_util -I../../src/32_util -I../../src/44_abitools -I../../src/44_abitools -I../../src/59_ionetcdf -I../../src/59_ionetcdf -I../../src/42_parser -I../../src/42_parser -I../../src/28_numeric_noabirule -I../../src/28_numeric_noabirule -I../../src/44_abitypes_defs -I../../src/44_abitypes_defs -I../../src/42_libpaw -I../../src/42_libpaw -I../../src/51_manage_mpi -I../../src/51_manage_mpi -I../../src/41_geometry -I../../src/41_geometry -I../../src/16_hideleave -I../../src/16_hideleave -I../../src/56_io_mpi -I../../src/56_io_mpi -I../../src/56_recipspace -I../../src/56_recipspace -I../../src/61_occeig -I../../src/61_occeig -I../../src/52_fft_mpi_noabirule -I../../src/52_fft_mpi_noabirule -I../../src/56_xc -I../../src/56_xc -I../../src/27_toolbox_oop -I../../src/27_toolbox_oop -I../../src/53_ffts -I../../src/53_ffts -I../../src/62_ctqmc -I../../src/62_ctqmc -I../../src/18_timing -I../../src/18_timing -I../../src/12_hide_mpi -I../../src/12_hide_mpi -I../../src/43_wvl_wrappers -I../../src/43_wvl_wrappers -I../../src/10_defs -I../../src/10_defs -I../../src/14_hidewrite -I../../src/14_hidewrite -I../../src/64_psp -I../../src/64_psp -I../../src/incs -I../../src/incs -I/tigress/xingz/abinit-8.10.2/fallbacks/exports/include   -free -module /tigress/xingz/abinit-8.10.2/src/mods -O3 -g -extend-source -noaltparam -nofpscomp   -c -o m_paw_init.o m_paw_init.F90
mpiifort -DHAVE_CONFIG_H -I. -I../..  -I../../src/32_util -I../../src/32_util -I../../src/44_abitools -I../../src/44_abitools -I../../src/59_ionetcdf -I../../src/59_ionetcdf -I../../src/42_parser -I../../src/42_parser -I../../src/28_numeric_noabirule -I../../src/28_numeric_noabirule -I../../src/44_abitypes_defs -I../../src/44_abitypes_defs -I../../src/42_libpaw -I../../src/42_libpaw -I../../src/51_manage_mpi -I../../src/51_manage_mpi -I../../src/41_geometry -I../../src/41_geometry -I../../src/16_hideleave -I../../src/16_hideleave -I../../src/56_io_mpi -I../../src/56_io_mpi -I../../src/56_recipspace -I../../src/56_recipspace -I../../src/61_occeig -I../../src/61_occeig -I../../src/52_fft_mpi_noabirule -I../../src/52_fft_mpi_noabirule -I../../src/56_xc -I../../src/56_xc -I../../src/27_toolbox_oop -I../../src/27_toolbox_oop -I../../src/53_ffts -I../../src/53_ffts -I../../src/62_ctqmc -I../../src/62_ctqmc -I../../src/18_timing -I../../src/18_timing -I../../src/12_hide_mpi -I../../src/12_hide_mpi -I../../src/43_wvl_wrappers -I../../src/43_wvl_wrappers -I../../src/10_defs -I../../src/10_defs -I../../src/14_hidewrite -I../../src/14_hidewrite -I../../src/64_psp -I../../src/64_psp -I../../src/incs -I../../src/incs -I/tigress/xingz/abinit-8.10.2/fallbacks/exports/include   -free -module /tigress/xingz/abinit-8.10.2/src/mods -O3 -g -extend-source -noaltparam -nofpscomp   -c -o m_paw_nhat.o m_paw_nhat.F90
mpiifort -DHAVE_CONFIG_H -I. -I../..  -I../../src/32_util -I../../src/32_util -I../../src/44_abitools -I../../src/44_abitools -I../../src/59_ionetcdf -I../../src/59_ionetcdf -I../../src/42_parser -I../../src/42_parser -I../../src/28_numeric_noabirule -I../../src/28_numeric_noabirule -I../../src/44_abitypes_defs -I../../src/44_abitypes_defs -I../../src/42_libpaw -I../../src/42_libpaw -I../../src/51_manage_mpi -I../../src/51_manage_mpi -I../../src/41_geometry -I../../src/41_geometry -I../../src/16_hideleave -I../../src/16_hideleave -I../../src/56_io_mpi -I../../src/56_io_mpi -I../../src/56_recipspace -I../../src/56_recipspace -I../../src/61_occeig -I../../src/61_occeig -I../../src/52_fft_mpi_noabirule -I../../src/52_fft_mpi_noabirule -I../../src/56_xc -I../../src/56_xc -I../../src/27_toolbox_oop -I../../src/27_toolbox_oop -I../../src/53_ffts -I../../src/53_ffts -I../../src/62_ctqmc -I../../src/62_ctqmc -I../../src/18_timing -I../../src/18_timing -I../../src/12_hide_mpi -I../../src/12_hide_mpi -I../../src/43_wvl_wrappers -I../../src/43_wvl_wrappers -I../../src/10_defs -I../../src/10_defs -I../../src/14_hidewrite -I../../src/14_hidewrite -I../../src/64_psp -I../../src/64_psp -I../../src/incs -I../../src/incs -I/tigress/xingz/abinit-8.10.2/fallbacks/exports/include   -free -module /tigress/xingz/abinit-8.10.2/src/mods -O3 -g -extend-source -noaltparam -nofpscomp   -c -o m_paw_mkaewf.o m_paw_mkaewf.F90
mpiifort -DHAVE_CONFIG_H -I. -I../..  -I../../src/32_util -I../../src/32_util -I../../src/44_abitools -I../../src/44_abitools -I../../src/59_ionetcdf -I../../src/59_ionetcdf -I../../src/42_parser -I../../src/42_parser -I../../src/28_numeric_noabirule -I../../src/28_numeric_noabirule -I../../src/44_abitypes_defs -I../../src/44_abitypes_defs -I../../src/42_libpaw -I../../src/42_libpaw -I../../src/51_manage_mpi -I../../src/51_manage_mpi -I../../src/41_geometry -I../../src/41_geometry -I../../src/16_hideleave -I../../src/16_hideleave -I../../src/56_io_mpi -I../../src/56_io_mpi -I../../src/56_recipspace -I../../src/56_recipspace -I../../src/61_occeig -I../../src/61_occeig -I../../src/52_fft_mpi_noabirule -I../../src/52_fft_mpi_noabirule -I../../src/56_xc -I../../src/56_xc -I../../src/27_toolbox_oop -I../../src/27_toolbox_oop -I../../src/53_ffts -I../../src/53_ffts -I../../src/62_ctqmc -I../../src/62_ctqmc -I../../src/18_timing -I../../src/18_timing -I../../src/12_hide_mpi -I../../src/12_hide_mpi -I../../src/43_wvl_wrappers -I../../src/43_wvl_wrappers -I../../src/10_defs -I../../src/10_defs -I../../src/14_hidewrite -I../../src/14_hidewrite -I../../src/64_psp -I../../src/64_psp -I../../src/incs -I../../src/incs -I/tigress/xingz/abinit-8.10.2/fallbacks/exports/include   -free -module /tigress/xingz/abinit-8.10.2/src/mods -O3 -g -extend-source -noaltparam -nofpscomp   -c -o m_paw_mkrho.o m_paw_mkrho.F90
mpiifort -DHAVE_CONFIG_H -I. -I../..  -I../../src/32_util -I../../src/32_util -I../../src/44_abitools -I../../src/44_abitools -I../../src/59_ionetcdf -I../../src/59_ionetcdf -I../../src/42_parser -I../../src/42_parser -I../../src/28_numeric_noabirule -I../../src/28_numeric_noabirule -I../../src/44_abitypes_defs -I../../src/44_abitypes_defs -I../../src/42_libpaw -I../../src/42_libpaw -I../../src/51_manage_mpi -I../../src/51_manage_mpi -I../../src/41_geometry -I../../src/41_geometry -I../../src/16_hideleave -I../../src/16_hideleave -I../../src/56_io_mpi -I../../src/56_io_mpi -I../../src/56_recipspace -I../../src/56_recipspace -I../../src/61_occeig -I../../src/61_occeig -I../../src/52_fft_mpi_noabirule -I../../src/52_fft_mpi_noabirule -I../../src/56_xc -I../../src/56_xc -I../../src/27_toolbox_oop -I../../src/27_toolbox_oop -I../../src/53_ffts -I../../src/53_ffts -I../../src/62_ctqmc -I../../src/62_ctqmc -I../../src/18_timing -I../../src/18_timing -I../../src/12_hide_mpi -I../../src/12_hide_mpi -I../../src/43_wvl_wrappers -I../../src/43_wvl_wrappers -I../../src/10_defs -I../../src/10_defs -I../../src/14_hidewrite -I../../src/14_hidewrite -I../../src/64_psp -I../../src/64_psp -I../../src/incs -I../../src/incs -I/tigress/xingz/abinit-8.10.2/fallbacks/exports/include   -free -module /tigress/xingz/abinit-8.10.2/src/mods -O3 -g -extend-source -noaltparam -nofpscomp   -c -o m_paw_nmr.o m_paw_nmr.F90
mpiifort -DHAVE_CONFIG_H -I. -I../..  -I../../src/32_util -I../../src/32_util -I../../src/44_abitools -I../../src/44_abitools -I../../src/59_ionetcdf -I../../src/59_ionetcdf -I../../src/42_parser -I../../src/42_parser -I../../src/28_numeric_noabirule -I../../src/28_numeric_noabirule -I../../src/44_abitypes_defs -I../../src/44_abitypes_defs -I../../src/42_libpaw -I../../src/42_libpaw -I../../src/51_manage_mpi -I../../src/51_manage_mpi -I../../src/41_geometry -I../../src/41_geometry -I../../src/16_hideleave -I../../src/16_hideleave -I../../src/56_io_mpi -I../../src/56_io_mpi -I../../src/56_recipspace -I../../src/56_recipspace -I../../src/61_occeig -I../../src/61_occeig -I../../src/52_fft_mpi_noabirule -I../../src/52_fft_mpi_noabirule -I../../src/56_xc -I../../src/56_xc -I../../src/27_toolbox_oop -I../../src/27_toolbox_oop -I../../src/53_ffts -I../../src/53_ffts -I../../src/62_ctqmc -I../../src/62_ctqmc -I../../src/18_timing -I../../src/18_timing -I../../src/12_hide_mpi -I../../src/12_hide_mpi -I../../src/43_wvl_wrappers -I../../src/43_wvl_wrappers -I../../src/10_defs -I../../src/10_defs -I../../src/14_hidewrite -I../../src/14_hidewrite -I../../src/64_psp -I../../src/64_psp -I../../src/incs -I../../src/incs -I/tigress/xingz/abinit-8.10.2/fallbacks/exports/include   -free -module /tigress/xingz/abinit-8.10.2/src/mods -O3 -g -extend-source -noaltparam -nofpscomp   -c -o m_paw_occupancies.o m_paw_occupancies.F90
mpiifort -DHAVE_CONFIG_H -I. -I../..  -I../../src/32_util -I../../src/32_util -I../../src/44_abitools -I../../src/44_abitools -I../../src/59_ionetcdf -I../../src/59_ionetcdf -I../../src/42_parser -I../../src/42_parser -I../../src/28_numeric_noabirule -I../../src/28_numeric_noabirule -I../../src/44_abitypes_defs -I../../src/44_abitypes_defs -I../../src/42_libpaw -I../../src/42_libpaw -I../../src/51_manage_mpi -I../../src/51_manage_mpi -I../../src/41_geometry -I../../src/41_geometry -I../../src/16_hideleave -I../../src/16_hideleave -I../../src/56_io_mpi -I../../src/56_io_mpi -I../../src/56_recipspace -I../../src/56_recipspace -I../../src/61_occeig -I../../src/61_occeig -I../../src/52_fft_mpi_noabirule -I../../src/52_fft_mpi_noabirule -I../../src/56_xc -I../../src/56_xc -I../../src/27_toolbox_oop -I../../src/27_toolbox_oop -I../../src/53_ffts -I../../src/53_ffts -I../../src/62_ctqmc -I../../src/62_ctqmc -I../../src/18_timing -I../../src/18_timing -I../../src/12_hide_mpi -I../../src/12_hide_mpi -I../../src/43_wvl_wrappers -I../../src/43_wvl_wrappers -I../../src/10_defs -I../../src/10_defs -I../../src/14_hidewrite -I../../src/14_hidewrite -I../../src/64_psp -I../../src/64_psp -I../../src/incs -I../../src/incs -I/tigress/xingz/abinit-8.10.2/fallbacks/exports/include   -free -module /tigress/xingz/abinit-8.10.2/src/mods -O3 -g -extend-source -noaltparam -nofpscomp   -c -o m_paw_optics.o m_paw_optics.F90
mpiifort -DHAVE_CONFIG_H -I. -I../..  -I../../src/32_util -I../../src/32_util -I../../src/44_abitools -I../../src/44_abitools -I../../src/59_ionetcdf -I../../src/59_ionetcdf -I../../src/42_parser -I../../src/42_parser -I../../src/28_numeric_noabirule -I../../src/28_numeric_noabirule -I../../src/44_abitypes_defs -I../../src/44_abitypes_defs -I../../src/42_libpaw -I../../src/42_libpaw -I../../src/51_manage_mpi -I../../src/51_manage_mpi -I../../src/41_geometry -I../../src/41_geometry -I../../src/16_hideleave -I../../src/16_hideleave -I../../src/56_io_mpi -I../../src/56_io_mpi -I../../src/56_recipspace -I../../src/56_recipspace -I../../src/61_occeig -I../../src/61_occeig -I../../src/52_fft_mpi_noabirule -I../../src/52_fft_mpi_noabirule -I../../src/56_xc -I../../src/56_xc -I../../src/27_toolbox_oop -I../../src/27_toolbox_oop -I../../src/53_ffts -I../../src/53_ffts -I../../src/62_ctqmc -I../../src/62_ctqmc -I../../src/18_timing -I../../src/18_timing -I../../src/12_hide_mpi -I../../src/12_hide_mpi -I../../src/43_wvl_wrappers -I../../src/43_wvl_wrappers -I../../src/10_defs -I../../src/10_defs -I../../src/14_hidewrite -I../../src/14_hidewrite -I../../src/64_psp -I../../src/64_psp -I../../src/incs -I../../src/incs -I/tigress/xingz/abinit-8.10.2/fallbacks/exports/include   -free -module /tigress/xingz/abinit-8.10.2/src/mods -O3 -g -extend-source -noaltparam -nofpscomp   -c -o m_paw_overlap.o m_paw_overlap.F90
mpiifort -DHAVE_CONFIG_H -I. -I../..  -I../../src/32_util -I../../src/32_util -I../../src/44_abitools -I../../src/44_abitools -I../../src/59_ionetcdf -I../../src/59_ionetcdf -I../../src/42_parser -I../../src/42_parser -I../../src/28_numeric_noabirule -I../../src/28_numeric_noabirule -I../../src/44_abitypes_defs -I../../src/44_abitypes_defs -I../../src/42_libpaw -I../../src/42_libpaw -I../../src/51_manage_mpi -I../../src/51_manage_mpi -I../../src/41_geometry -I../../src/41_geometry -I../../src/16_hideleave -I../../src/16_hideleave -I../../src/56_io_mpi -I../../src/56_io_mpi -I../../src/56_recipspace -I../../src/56_recipspace -I../../src/61_occeig -I../../src/61_occeig -I../../src/52_fft_mpi_noabirule -I../../src/52_fft_mpi_noabirule -I../../src/56_xc -I../../src/56_xc -I../../src/27_toolbox_oop -I../../src/27_toolbox_oop -I../../src/53_ffts -I../../src/53_ffts -I../../src/62_ctqmc -I../../src/62_ctqmc -I../../src/18_timing -I../../src/18_timing -I../../src/12_hide_mpi -I../../src/12_hide_mpi -I../../src/43_wvl_wrappers -I../../src/43_wvl_wrappers -I../../src/10_defs -I../../src/10_defs -I../../src/14_hidewrite -I../../src/14_hidewrite -I../../src/64_psp -I../../src/64_psp -I../../src/incs -I../../src/incs -I/tigress/xingz/abinit-8.10.2/fallbacks/exports/include   -free -module /tigress/xingz/abinit-8.10.2/src/mods -O3 -g -extend-source -noaltparam -nofpscomp   -c -o m_paw_slater.o m_paw_slater.F90
mpiifort -DHAVE_CONFIG_H -I. -I../..  -I../../src/32_util -I../../src/32_util -I../../src/44_abitools -I../../src/44_abitools -I../../src/59_ionetcdf -I../../src/59_ionetcdf -I../../src/42_parser -I../../src/42_parser -I../../src/28_numeric_noabirule -I../../src/28_numeric_noabirule -I../../src/44_abitypes_defs -I../../src/44_abitypes_defs -I../../src/42_libpaw -I../../src/42_libpaw -I../../src/51_manage_mpi -I../../src/51_manage_mpi -I../../src/41_geometry -I../../src/41_geometry -I../../src/16_hideleave -I../../src/16_hideleave -I../../src/56_io_mpi -I../../src/56_io_mpi -I../../src/56_recipspace -I../../src/56_recipspace -I../../src/61_occeig -I../../src/61_occeig -I../../src/52_fft_mpi_noabirule -I../../src/52_fft_mpi_noabirule -I../../src/56_xc -I../../src/56_xc -I../../src/27_toolbox_oop -I../../src/27_toolbox_oop -I../../src/53_ffts -I../../src/53_ffts -I../../src/62_ctqmc -I../../src/62_ctqmc -I../../src/18_timing -I../../src/18_timing -I../../src/12_hide_mpi -I../../src/12_hide_mpi -I../../src/43_wvl_wrappers -I../../src/43_wvl_wrappers -I../../src/10_defs -I../../src/10_defs -I../../src/14_hidewrite -I../../src/14_hidewrite -I../../src/64_psp -I../../src/64_psp -I../../src/incs -I../../src/incs -I/tigress/xingz/abinit-8.10.2/fallbacks/exports/include   -free -module /tigress/xingz/abinit-8.10.2/src/mods -O3 -g -extend-source -noaltparam -nofpscomp   -c -o m_paw_sym.o m_paw_sym.F90
mpiifort -DHAVE_CONFIG_H -I. -I../..  -I../../src/32_util -I../../src/32_util -I../../src/44_abitools -I../../src/44_abitools -I../../src/59_ionetcdf -I../../src/59_ionetcdf -I../../src/42_parser -I../../src/42_parser -I../../src/28_numeric_noabirule -I../../src/28_numeric_noabirule -I../../src/44_abitypes_defs -I../../src/44_abitypes_defs -I../../src/42_libpaw -I../../src/42_libpaw -I../../src/51_manage_mpi -I../../src/51_manage_mpi -I../../src/41_geometry -I../../src/41_geometry -I../../src/16_hideleave -I../../src/16_hideleave -I../../src/56_io_mpi -I../../src/56_io_mpi -I../../src/56_recipspace -I../../src/56_recipspace -I../../src/61_occeig -I../../src/61_occeig -I../../src/52_fft_mpi_noabirule -I../../src/52_fft_mpi_noabirule -I../../src/56_xc -I../../src/56_xc -I../../src/27_toolbox_oop -I../../src/27_toolbox_oop -I../../src/53_ffts -I../../src/53_ffts -I../../src/62_ctqmc -I../../src/62_ctqmc -I../../src/18_timing -I../../src/18_timing -I../../src/12_hide_mpi -I../../src/12_hide_mpi -I../../src/43_wvl_wrappers -I../../src/43_wvl_wrappers -I../../src/10_defs -I../../src/10_defs -I../../src/14_hidewrite -I../../src/14_hidewrite -I../../src/64_psp -I../../src/64_psp -I../../src/incs -I../../src/incs -I/tigress/xingz/abinit-8.10.2/fallbacks/exports/include   -free -module /tigress/xingz/abinit-8.10.2/src/mods -O3 -g -extend-source -noaltparam -nofpscomp   -c -o m_paw_tools.o m_paw_tools.F90
mpiifort -DHAVE_CONFIG_H -I. -I../..  -I../../src/32_util -I../../src/32_util -I../../src/44_abitools -I../../src/44_abitools -I../../src/59_ionetcdf -I../../src/59_ionetcdf -I../../src/42_parser -I../../src/42_parser -I../../src/28_numeric_noabirule -I../../src/28_numeric_noabirule -I../../src/44_abitypes_defs -I../../src/44_abitypes_defs -I../../src/42_libpaw -I../../src/42_libpaw -I../../src/51_manage_mpi -I../../src/51_manage_mpi -I../../src/41_geometry -I../../src/41_geometry -I../../src/16_hideleave -I../../src/16_hideleave -I../../src/56_io_mpi -I../../src/56_io_mpi -I../../src/56_recipspace -I../../src/56_recipspace -I../../src/61_occeig -I../../src/61_occeig -I../../src/52_fft_mpi_noabirule -I../../src/52_fft_mpi_noabirule -I../../src/56_xc -I../../src/56_xc -I../../src/27_toolbox_oop -I../../src/27_toolbox_oop -I../../src/53_ffts -I../../src/53_ffts -I../../src/62_ctqmc -I../../src/62_ctqmc -I../../src/18_timing -I../../src/18_timing -I../../src/12_hide_mpi -I../../src/12_hide_mpi -I../../src/43_wvl_wrappers -I../../src/43_wvl_wrappers -I../../src/10_defs -I../../src/10_defs -I../../src/14_hidewrite -I../../src/14_hidewrite -I../../src/64_psp -I../../src/64_psp -I../../src/incs -I../../src/incs -I/tigress/xingz/abinit-8.10.2/fallbacks/exports/include   -free -module /tigress/xingz/abinit-8.10.2/src/mods -O3 -g -extend-source -noaltparam -nofpscomp   -c -o m_paw_uj.o m_paw_uj.F90
mpiifort -DHAVE_CONFIG_H -I. -I../..  -I../../src/32_util -I../../src/32_util -I../../src/44_abitools -I../../src/44_abitools -I../../src/59_ionetcdf -I../../src/59_ionetcdf -I../../src/42_parser -I../../src/42_parser -I../../src/28_numeric_noabirule -I../../src/28_numeric_noabirule -I../../src/44_abitypes_defs -I../../src/44_abitypes_defs -I../../src/42_libpaw -I../../src/42_libpaw -I../../src/51_manage_mpi -I../../src/51_manage_mpi -I../../src/41_geometry -I../../src/41_geometry -I../../src/16_hideleave -I../../src/16_hideleave -I../../src/56_io_mpi -I../../src/56_io_mpi -I../../src/56_recipspace -I../../src/56_recipspace -I../../src/61_occeig -I../../src/61_occeig -I../../src/52_fft_mpi_noabirule -I../../src/52_fft_mpi_noabirule -I../../src/56_xc -I../../src/56_xc -I../../src/27_toolbox_oop -I../../src/27_toolbox_oop -I../../src/53_ffts -I../../src/53_ffts -I../../src/62_ctqmc -I../../src/62_ctqmc -I../../src/18_timing -I../../src/18_timing -I../../src/12_hide_mpi -I../../src/12_hide_mpi -I../../src/43_wvl_wrappers -I../../src/43_wvl_wrappers -I../../src/10_defs -I../../src/10_defs -I../../src/14_hidewrite -I../../src/14_hidewrite -I../../src/64_psp -I../../src/64_psp -I../../src/incs -I../../src/incs -I/tigress/xingz/abinit-8.10.2/fallbacks/exports/include   -free -module /tigress/xingz/abinit-8.10.2/src/mods -O3 -g -extend-source -noaltparam -nofpscomp   -c -o m_pawpwij.o m_pawpwij.F90
rm -f lib65_paw.a
ar rc lib65_paw.a m_fourier_interpol.o m_paw_atomorb.o m_paw_correlations.o m_paw_denpot.o m_paw_dfpt.o m_paw_dfptnl.o m_paw_dmft.o m_paw_efield.o m_paw_hr.o m_paw_init.o m_paw_lmn.o m_paw_mkaewf.o m_paw_mkrho.o m_paw_nhat.o m_paw_nmr.o m_paw_occupancies.o m_paw_optics.o m_paw_overlap.o m_paw_pwaves_lmn.o m_paw_slater.o m_paw_sym.o m_paw_tools.o m_paw_uj.o m_pawfgr.o m_pawpwij.o 
ranlib lib65_paw.a
make[3]: Leaving directory `/tigress/xingz/abinit-8.10.2/src/65_paw'
Making all in 66_nonlocal
make[3]: Entering directory `/tigress/xingz/abinit-8.10.2/src/66_nonlocal'
mpiifort -DHAVE_CONFIG_H -I. -I../..  -I../../src/32_util -I../../src/32_util -I../../src/44_abitools -I../../src/44_abitools -I../../src/28_numeric_noabirule -I../../src/28_numeric_noabirule -I../../src/44_abitypes_defs -I../../src/44_abitypes_defs -I../../src/42_libpaw -I../../src/42_libpaw -I../../src/51_manage_mpi -I../../src/51_manage_mpi -I../../src/42_nlstrain -I../../src/42_nlstrain -I../../src/16_hideleave -I../../src/16_hideleave -I../../src/65_paw -I../../src/65_paw -I../../src/56_recipspace -I../../src/56_recipspace -I../../src/52_fft_mpi_noabirule -I../../src/52_fft_mpi_noabirule -I../../src/56_xc -I../../src/56_xc -I../../src/27_toolbox_oop -I../../src/27_toolbox_oop -I../../src/49_gw_toolbox_oop -I../../src/49_gw_toolbox_oop -I../../src/41_xc_lowlevel -I../../src/41_xc_lowlevel -I../../src/41_geometry -I../../src/41_geometry -I../../src/18_timing -I../../src/18_timing -I../../src/12_hide_mpi -I../../src/12_hide_mpi -I../../src/10_defs -I../../src/10_defs -I../../src/14_hidewrite -I../../src/14_hidewrite -I../../src/53_ffts -I../../src/53_ffts -I../../src/incs -I../../src/incs -I/tigress/xingz/abinit-8.10.2/fallbacks/exports/include   -free -module /tigress/xingz/abinit-8.10.2/src/mods -O3 -g -extend-source -noaltparam -nofpscomp   -c -o m_mkffnl.o m_mkffnl.F90
mpiifort -DHAVE_CONFIG_H -I. -I../..  -I../../src/32_util -I../../src/32_util -I../../src/44_abitools -I../../src/44_abitools -I../../src/28_numeric_noabirule -I../../src/28_numeric_noabirule -I../../src/44_abitypes_defs -I../../src/44_abitypes_defs -I../../src/42_libpaw -I../../src/42_libpaw -I../../src/51_manage_mpi -I../../src/51_manage_mpi -I../../src/42_nlstrain -I../../src/42_nlstrain -I../../src/16_hideleave -I../../src/16_hideleave -I../../src/65_paw -I../../src/65_paw -I../../src/56_recipspace -I../../src/56_recipspace -I../../src/52_fft_mpi_noabirule -I../../src/52_fft_mpi_noabirule -I../../src/56_xc -I../../src/56_xc -I../../src/27_toolbox_oop -I../../src/27_toolbox_oop -I../../src/49_gw_toolbox_oop -I../../src/49_gw_toolbox_oop -I../../src/41_xc_lowlevel -I../../src/41_xc_lowlevel -I../../src/41_geometry -I../../src/41_geometry -I../../src/18_timing -I../../src/18_timing -I../../src/12_hide_mpi -I../../src/12_hide_mpi -I../../src/10_defs -I../../src/10_defs -I../../src/14_hidewrite -I../../src/14_hidewrite -I../../src/53_ffts -I../../src/53_ffts -I../../src/incs -I../../src/incs -I/tigress/xingz/abinit-8.10.2/fallbacks/exports/include   -free -module /tigress/xingz/abinit-8.10.2/src/mods -O3 -g -extend-source -noaltparam -nofpscomp   -c -o m_opernla_ylm.o m_opernla_ylm.F90
mpiifort -DHAVE_CONFIG_H -I. -I../..  -I../../src/32_util -I../../src/32_util -I../../src/44_abitools -I../../src/44_abitools -I../../src/28_numeric_noabirule -I../../src/28_numeric_noabirule -I../../src/44_abitypes_defs -I../../src/44_abitypes_defs -I../../src/42_libpaw -I../../src/42_libpaw -I../../src/51_manage_mpi -I../../src/51_manage_mpi -I../../src/42_nlstrain -I../../src/42_nlstrain -I../../src/16_hideleave -I../../src/16_hideleave -I../../src/65_paw -I../../src/65_paw -I../../src/56_recipspace -I../../src/56_recipspace -I../../src/52_fft_mpi_noabirule -I../../src/52_fft_mpi_noabirule -I../../src/56_xc -I../../src/56_xc -I../../src/27_toolbox_oop -I../../src/27_toolbox_oop -I../../src/49_gw_toolbox_oop -I../../src/49_gw_toolbox_oop -I../../src/41_xc_lowlevel -I../../src/41_xc_lowlevel -I../../src/41_geometry -I../../src/41_geometry -I../../src/18_timing -I../../src/18_timing -I../../src/12_hide_mpi -I../../src/12_hide_mpi -I../../src/10_defs -I../../src/10_defs -I../../src/14_hidewrite -I../../src/14_hidewrite -I../../src/53_ffts -I../../src/53_ffts -I../../src/incs -I../../src/incs -I/tigress/xingz/abinit-8.10.2/fallbacks/exports/include   -free -module /tigress/xingz/abinit-8.10.2/src/mods -O3 -g -extend-source -noaltparam -nofpscomp   -c -o m_cgprj.o m_cgprj.F90
mpiifort -DHAVE_CONFIG_H -I. -I../..  -I../../src/32_util -I../../src/32_util -I../../src/44_abitools -I../../src/44_abitools -I../../src/28_numeric_noabirule -I../../src/28_numeric_noabirule -I../../src/44_abitypes_defs -I../../src/44_abitypes_defs -I../../src/42_libpaw -I../../src/42_libpaw -I../../src/51_manage_mpi -I../../src/51_manage_mpi -I../../src/42_nlstrain -I../../src/42_nlstrain -I../../src/16_hideleave -I../../src/16_hideleave -I../../src/65_paw -I../../src/65_paw -I../../src/56_recipspace -I../../src/56_recipspace -I../../src/52_fft_mpi_noabirule -I../../src/52_fft_mpi_noabirule -I../../src/56_xc -I../../src/56_xc -I../../src/27_toolbox_oop -I../../src/27_toolbox_oop -I../../src/49_gw_toolbox_oop -I../../src/49_gw_toolbox_oop -I../../src/41_xc_lowlevel -I../../src/41_xc_lowlevel -I../../src/41_geometry -I../../src/41_geometry -I../../src/18_timing -I../../src/18_timing -I../../src/12_hide_mpi -I../../src/12_hide_mpi -I../../src/10_defs -I../../src/10_defs -I../../src/14_hidewrite -I../../src/14_hidewrite -I../../src/53_ffts -I../../src/53_ffts -I../../src/incs -I../../src/incs -I/tigress/xingz/abinit-8.10.2/fallbacks/exports/include   -free -module /tigress/xingz/abinit-8.10.2/src/mods -O3 -g -extend-source -noaltparam -nofpscomp   -c -o m_contract.o m_contract.F90
mpiifort -DHAVE_CONFIG_H -I. -I../..  -I../../src/32_util -I../../src/32_util -I../../src/44_abitools -I../../src/44_abitools -I../../src/28_numeric_noabirule -I../../src/28_numeric_noabirule -I../../src/44_abitypes_defs -I../../src/44_abitypes_defs -I../../src/42_libpaw -I../../src/42_libpaw -I../../src/51_manage_mpi -I../../src/51_manage_mpi -I../../src/42_nlstrain -I../../src/42_nlstrain -I../../src/16_hideleave -I../../src/16_hideleave -I../../src/65_paw -I../../src/65_paw -I../../src/56_recipspace -I../../src/56_recipspace -I../../src/52_fft_mpi_noabirule -I../../src/52_fft_mpi_noabirule -I../../src/56_xc -I../../src/56_xc -I../../src/27_toolbox_oop -I../../src/27_toolbox_oop -I../../src/49_gw_toolbox_oop -I../../src/49_gw_toolbox_oop -I../../src/41_xc_lowlevel -I../../src/41_xc_lowlevel -I../../src/41_geometry -I../../src/41_geometry -I../../src/18_timing -I../../src/18_timing -I../../src/12_hide_mpi -I../../src/12_hide_mpi -I../../src/10_defs -I../../src/10_defs -I../../src/14_hidewrite -I../../src/14_hidewrite -I../../src/53_ffts -I../../src/53_ffts -I../../src/incs -I../../src/incs -I/tigress/xingz/abinit-8.10.2/fallbacks/exports/include   -free -module /tigress/xingz/abinit-8.10.2/src/mods -O3 -g -extend-source -noaltparam -nofpscomp   -c -o m_fock.o m_fock.F90
mpiifort -DHAVE_CONFIG_H -I. -I../..  -I../../src/32_util -I../../src/32_util -I../../src/44_abitools -I../../src/44_abitools -I../../src/28_numeric_noabirule -I../../src/28_numeric_noabirule -I../../src/44_abitypes_defs -I../../src/44_abitypes_defs -I../../src/42_libpaw -I../../src/42_libpaw -I../../src/51_manage_mpi -I../../src/51_manage_mpi -I../../src/42_nlstrain -I../../src/42_nlstrain -I../../src/16_hideleave -I../../src/16_hideleave -I../../src/65_paw -I../../src/65_paw -I../../src/56_recipspace -I../../src/56_recipspace -I../../src/52_fft_mpi_noabirule -I../../src/52_fft_mpi_noabirule -I../../src/56_xc -I../../src/56_xc -I../../src/27_toolbox_oop -I../../src/27_toolbox_oop -I../../src/49_gw_toolbox_oop -I../../src/49_gw_toolbox_oop -I../../src/41_xc_lowlevel -I../../src/41_xc_lowlevel -I../../src/41_geometry -I../../src/41_geometry -I../../src/18_timing -I../../src/18_timing -I../../src/12_hide_mpi -I../../src/12_hide_mpi -I../../src/10_defs -I../../src/10_defs -I../../src/14_hidewrite -I../../src/14_hidewrite -I../../src/53_ffts -I../../src/53_ffts -I../../src/incs -I../../src/incs -I/tigress/xingz/abinit-8.10.2/fallbacks/exports/include   -free -module /tigress/xingz/abinit-8.10.2/src/mods -O3 -g -extend-source -noaltparam -nofpscomp   -c -o m_opernlc_ylm.o m_opernlc_ylm.F90
mpiifort -DHAVE_CONFIG_H -I. -I../..  -I../../src/32_util -I../../src/32_util -I../../src/44_abitools -I../../src/44_abitools -I../../src/28_numeric_noabirule -I../../src/28_numeric_noabirule -I../../src/44_abitypes_defs -I../../src/44_abitypes_defs -I../../src/42_libpaw -I../../src/42_libpaw -I../../src/51_manage_mpi -I../../src/51_manage_mpi -I../../src/42_nlstrain -I../../src/42_nlstrain -I../../src/16_hideleave -I../../src/16_hideleave -I../../src/65_paw -I../../src/65_paw -I../../src/56_recipspace -I../../src/56_recipspace -I../../src/52_fft_mpi_noabirule -I../../src/52_fft_mpi_noabirule -I../../src/56_xc -I../../src/56_xc -I../../src/27_toolbox_oop -I../../src/27_toolbox_oop -I../../src/49_gw_toolbox_oop -I../../src/49_gw_toolbox_oop -I../../src/41_xc_lowlevel -I../../src/41_xc_lowlevel -I../../src/41_geometry -I../../src/41_geometry -I../../src/18_timing -I../../src/18_timing -I../../src/12_hide_mpi -I../../src/12_hide_mpi -I../../src/10_defs -I../../src/10_defs -I../../src/14_hidewrite -I../../src/14_hidewrite -I../../src/53_ffts -I../../src/53_ffts -I../../src/incs -I../../src/incs -I/tigress/xingz/abinit-8.10.2/fallbacks/exports/include   -free -module /tigress/xingz/abinit-8.10.2/src/mods -O3 -g -extend-source -noaltparam -nofpscomp   -c -o m_gemm_nonlop.o m_gemm_nonlop.F90
mpiifort -DHAVE_CONFIG_H -I. -I../..  -I../../src/32_util -I../../src/32_util -I../../src/44_abitools -I../../src/44_abitools -I../../src/28_numeric_noabirule -I../../src/28_numeric_noabirule -I../../src/44_abitypes_defs -I../../src/44_abitypes_defs -I../../src/42_libpaw -I../../src/42_libpaw -I../../src/51_manage_mpi -I../../src/51_manage_mpi -I../../src/42_nlstrain -I../../src/42_nlstrain -I../../src/16_hideleave -I../../src/16_hideleave -I../../src/65_paw -I../../src/65_paw -I../../src/56_recipspace -I../../src/56_recipspace -I../../src/52_fft_mpi_noabirule -I../../src/52_fft_mpi_noabirule -I../../src/56_xc -I../../src/56_xc -I../../src/27_toolbox_oop -I../../src/27_toolbox_oop -I../../src/49_gw_toolbox_oop -I../../src/49_gw_toolbox_oop -I../../src/41_xc_lowlevel -I../../src/41_xc_lowlevel -I../../src/41_geometry -I../../src/41_geometry -I../../src/18_timing -I../../src/18_timing -I../../src/12_hide_mpi -I../../src/12_hide_mpi -I../../src/10_defs -I../../src/10_defs -I../../src/14_hidewrite -I../../src/14_hidewrite -I../../src/53_ffts -I../../src/53_ffts -I../../src/incs -I../../src/incs -I/tigress/xingz/abinit-8.10.2/fallbacks/exports/include   -free -module /tigress/xingz/abinit-8.10.2/src/mods -O3 -g -extend-source -noaltparam -nofpscomp   -c -o m_hamiltonian.o m_hamiltonian.F90
mpiifort -DHAVE_CONFIG_H -I. -I../..  -I../../src/32_util -I../../src/32_util -I../../src/44_abitools -I../../src/44_abitools -I../../src/28_numeric_noabirule -I../../src/28_numeric_noabirule -I../../src/44_abitypes_defs -I../../src/44_abitypes_defs -I../../src/42_libpaw -I../../src/42_libpaw -I../../src/51_manage_mpi -I../../src/51_manage_mpi -I../../src/42_nlstrain -I../../src/42_nlstrain -I../../src/16_hideleave -I../../src/16_hideleave -I../../src/65_paw -I../../src/65_paw -I../../src/56_recipspace -I../../src/56_recipspace -I../../src/52_fft_mpi_noabirule -I../../src/52_fft_mpi_noabirule -I../../src/56_xc -I../../src/56_xc -I../../src/27_toolbox_oop -I../../src/27_toolbox_oop -I../../src/49_gw_toolbox_oop -I../../src/49_gw_toolbox_oop -I../../src/41_xc_lowlevel -I../../src/41_xc_lowlevel -I../../src/41_geometry -I../../src/41_geometry -I../../src/18_timing -I../../src/18_timing -I../../src/12_hide_mpi -I../../src/12_hide_mpi -I../../src/10_defs -I../../src/10_defs -I../../src/14_hidewrite -I../../src/14_hidewrite -I../../src/53_ffts -I../../src/53_ffts -I../../src/incs -I../../src/incs -I/tigress/xingz/abinit-8.10.2/fallbacks/exports/include   -free -module /tigress/xingz/abinit-8.10.2/src/mods -O3 -g -extend-source -noaltparam -nofpscomp   -c -o m_metstr.o m_metstr.F90
mpiifort -DHAVE_CONFIG_H -I. -I../..  -I../../src/32_util -I../../src/32_util -I../../src/44_abitools -I../../src/44_abitools -I../../src/28_numeric_noabirule -I../../src/28_numeric_noabirule -I../../src/44_abitypes_defs -I../../src/44_abitypes_defs -I../../src/42_libpaw -I../../src/42_libpaw -I../../src/51_manage_mpi -I../../src/51_manage_mpi -I../../src/42_nlstrain -I../../src/42_nlstrain -I../../src/16_hideleave -I../../src/16_hideleave -I../../src/65_paw -I../../src/65_paw -I../../src/56_recipspace -I../../src/56_recipspace -I../../src/52_fft_mpi_noabirule -I../../src/52_fft_mpi_noabirule -I../../src/56_xc -I../../src/56_xc -I../../src/27_toolbox_oop -I../../src/27_toolbox_oop -I../../src/49_gw_toolbox_oop -I../../src/49_gw_toolbox_oop -I../../src/41_xc_lowlevel -I../../src/41_xc_lowlevel -I../../src/41_geometry -I../../src/41_geometry -I../../src/18_timing -I../../src/18_timing -I../../src/12_hide_mpi -I../../src/12_hide_mpi -I../../src/10_defs -I../../src/10_defs -I../../src/14_hidewrite -I../../src/14_hidewrite -I../../src/53_ffts -I../../src/53_ffts -I../../src/incs -I../../src/incs -I/tigress/xingz/abinit-8.10.2/fallbacks/exports/include   -free -module /tigress/xingz/abinit-8.10.2/src/mods -O3 -g -extend-source -noaltparam -nofpscomp   -c -o m_mkffkg.o m_mkffkg.F90
mpiifort -DHAVE_CONFIG_H -I. -I../..  -I../../src/32_util -I../../src/32_util -I../../src/44_abitools -I../../src/44_abitools -I../../src/28_numeric_noabirule -I../../src/28_numeric_noabirule -I../../src/44_abitypes_defs -I../../src/44_abitypes_defs -I../../src/42_libpaw -I../../src/42_libpaw -I../../src/51_manage_mpi -I../../src/51_manage_mpi -I../../src/42_nlstrain -I../../src/42_nlstrain -I../../src/16_hideleave -I../../src/16_hideleave -I../../src/65_paw -I../../src/65_paw -I../../src/56_recipspace -I../../src/56_recipspace -I../../src/52_fft_mpi_noabirule -I../../src/52_fft_mpi_noabirule -I../../src/56_xc -I../../src/56_xc -I../../src/27_toolbox_oop -I../../src/27_toolbox_oop -I../../src/49_gw_toolbox_oop -I../../src/49_gw_toolbox_oop -I../../src/41_xc_lowlevel -I../../src/41_xc_lowlevel -I../../src/41_geometry -I../../src/41_geometry -I../../src/18_timing -I../../src/18_timing -I../../src/12_hide_mpi -I../../src/12_hide_mpi -I../../src/10_defs -I../../src/10_defs -I../../src/14_hidewrite -I../../src/14_hidewrite -I../../src/53_ffts -I../../src/53_ffts -I../../src/incs -I../../src/incs -I/tigress/xingz/abinit-8.10.2/fallbacks/exports/include   -free -module /tigress/xingz/abinit-8.10.2/src/mods -O3 -g -extend-source -noaltparam -nofpscomp   -c -o m_opernl.o m_opernl.F90
mpiifort -DHAVE_CONFIG_H -I. -I../..  -I../../src/32_util -I../../src/32_util -I../../src/44_abitools -I../../src/44_abitools -I../../src/28_numeric_noabirule -I../../src/28_numeric_noabirule -I../../src/44_abitypes_defs -I../../src/44_abitypes_defs -I../../src/42_libpaw -I../../src/42_libpaw -I../../src/51_manage_mpi -I../../src/51_manage_mpi -I../../src/42_nlstrain -I../../src/42_nlstrain -I../../src/16_hideleave -I../../src/16_hideleave -I../../src/65_paw -I../../src/65_paw -I../../src/56_recipspace -I../../src/56_recipspace -I../../src/52_fft_mpi_noabirule -I../../src/52_fft_mpi_noabirule -I../../src/56_xc -I../../src/56_xc -I../../src/27_toolbox_oop -I../../src/27_toolbox_oop -I../../src/49_gw_toolbox_oop -I../../src/49_gw_toolbox_oop -I../../src/41_xc_lowlevel -I../../src/41_xc_lowlevel -I../../src/41_geometry -I../../src/41_geometry -I../../src/18_timing -I../../src/18_timing -I../../src/12_hide_mpi -I../../src/12_hide_mpi -I../../src/10_defs -I../../src/10_defs -I../../src/14_hidewrite -I../../src/14_hidewrite -I../../src/53_ffts -I../../src/53_ffts -I../../src/incs -I../../src/incs -I/tigress/xingz/abinit-8.10.2/fallbacks/exports/include   -free -module /tigress/xingz/abinit-8.10.2/src/mods -O3 -g -extend-source -noaltparam -nofpscomp   -c -o m_nonlop_pl.o m_nonlop_pl.F90
mpiifort -DHAVE_CONFIG_H -I. -I../..  -I../../src/32_util -I../../src/32_util -I../../src/44_abitools -I../../src/44_abitools -I../../src/28_numeric_noabirule -I../../src/28_numeric_noabirule -I../../src/44_abitypes_defs -I../../src/44_abitypes_defs -I../../src/42_libpaw -I../../src/42_libpaw -I../../src/51_manage_mpi -I../../src/51_manage_mpi -I../../src/42_nlstrain -I../../src/42_nlstrain -I../../src/16_hideleave -I../../src/16_hideleave -I../../src/65_paw -I../../src/65_paw -I../../src/56_recipspace -I../../src/56_recipspace -I../../src/52_fft_mpi_noabirule -I../../src/52_fft_mpi_noabirule -I../../src/56_xc -I../../src/56_xc -I../../src/27_toolbox_oop -I../../src/27_toolbox_oop -I../../src/49_gw_toolbox_oop -I../../src/49_gw_toolbox_oop -I../../src/41_xc_lowlevel -I../../src/41_xc_lowlevel -I../../src/41_geometry -I../../src/41_geometry -I../../src/18_timing -I../../src/18_timing -I../../src/12_hide_mpi -I../../src/12_hide_mpi -I../../src/10_defs -I../../src/10_defs -I../../src/14_hidewrite -I../../src/14_hidewrite -I../../src/53_ffts -I../../src/53_ffts -I../../src/incs -I../../src/incs -I/tigress/xingz/abinit-8.10.2/fallbacks/exports/include   -free -module /tigress/xingz/abinit-8.10.2/src/mods -O3 -g -extend-source -noaltparam -nofpscomp   -c -o m_opernlb_ylm.o m_opernlb_ylm.F90
mpiifort -DHAVE_CONFIG_H -I. -I../..  -I../../src/32_util -I../../src/32_util -I../../src/44_abitools -I../../src/44_abitools -I../../src/28_numeric_noabirule -I../../src/28_numeric_noabirule -I../../src/44_abitypes_defs -I../../src/44_abitypes_defs -I../../src/42_libpaw -I../../src/42_libpaw -I../../src/51_manage_mpi -I../../src/51_manage_mpi -I../../src/42_nlstrain -I../../src/42_nlstrain -I../../src/16_hideleave -I../../src/16_hideleave -I../../src/65_paw -I../../src/65_paw -I../../src/56_recipspace -I../../src/56_recipspace -I../../src/52_fft_mpi_noabirule -I../../src/52_fft_mpi_noabirule -I../../src/56_xc -I../../src/56_xc -I../../src/27_toolbox_oop -I../../src/27_toolbox_oop -I../../src/49_gw_toolbox_oop -I../../src/49_gw_toolbox_oop -I../../src/41_xc_lowlevel -I../../src/41_xc_lowlevel -I../../src/41_geometry -I../../src/41_geometry -I../../src/18_timing -I../../src/18_timing -I../../src/12_hide_mpi -I../../src/12_hide_mpi -I../../src/10_defs -I../../src/10_defs -I../../src/14_hidewrite -I../../src/14_hidewrite -I../../src/53_ffts -I../../src/53_ffts -I../../src/incs -I../../src/incs -I/tigress/xingz/abinit-8.10.2/fallbacks/exports/include   -free -module /tigress/xingz/abinit-8.10.2/src/mods -O3 -g -extend-source -noaltparam -nofpscomp   -c -o m_opernld_ylm.o m_opernld_ylm.F90
mpiifort -DHAVE_CONFIG_H -I. -I../..  -I../../src/32_util -I../../src/32_util -I../../src/44_abitools -I../../src/44_abitools -I../../src/28_numeric_noabirule -I../../src/28_numeric_noabirule -I../../src/44_abitypes_defs -I../../src/44_abitypes_defs -I../../src/42_libpaw -I../../src/42_libpaw -I../../src/51_manage_mpi -I../../src/51_manage_mpi -I../../src/42_nlstrain -I../../src/42_nlstrain -I../../src/16_hideleave -I../../src/16_hideleave -I../../src/65_paw -I../../src/65_paw -I../../src/56_recipspace -I../../src/56_recipspace -I../../src/52_fft_mpi_noabirule -I../../src/52_fft_mpi_noabirule -I../../src/56_xc -I../../src/56_xc -I../../src/27_toolbox_oop -I../../src/27_toolbox_oop -I../../src/49_gw_toolbox_oop -I../../src/49_gw_toolbox_oop -I../../src/41_xc_lowlevel -I../../src/41_xc_lowlevel -I../../src/41_geometry -I../../src/41_geometry -I../../src/18_timing -I../../src/18_timing -I../../src/12_hide_mpi -I../../src/12_hide_mpi -I../../src/10_defs -I../../src/10_defs -I../../src/14_hidewrite -I../../src/14_hidewrite -I../../src/53_ffts -I../../src/53_ffts -I../../src/incs -I../../src/incs -I/tigress/xingz/abinit-8.10.2/fallbacks/exports/include   -free -module /tigress/xingz/abinit-8.10.2/src/mods -O3 -g -extend-source -noaltparam -nofpscomp   -c -o m_nonlop_ylm.o m_nonlop_ylm.F90
mpiifort -DHAVE_CONFIG_H -I. -I../..  -I../../src/32_util -I../../src/32_util -I../../src/44_abitools -I../../src/44_abitools -I../../src/28_numeric_noabirule -I../../src/28_numeric_noabirule -I../../src/44_abitypes_defs -I../../src/44_abitypes_defs -I../../src/42_libpaw -I../../src/42_libpaw -I../../src/51_manage_mpi -I../../src/51_manage_mpi -I../../src/42_nlstrain -I../../src/42_nlstrain -I../../src/16_hideleave -I../../src/16_hideleave -I../../src/65_paw -I../../src/65_paw -I../../src/56_recipspace -I../../src/56_recipspace -I../../src/52_fft_mpi_noabirule -I../../src/52_fft_mpi_noabirule -I../../src/56_xc -I../../src/56_xc -I../../src/27_toolbox_oop -I../../src/27_toolbox_oop -I../../src/49_gw_toolbox_oop -I../../src/49_gw_toolbox_oop -I../../src/41_xc_lowlevel -I../../src/41_xc_lowlevel -I../../src/41_geometry -I../../src/41_geometry -I../../src/18_timing -I../../src/18_timing -I../../src/12_hide_mpi -I../../src/12_hide_mpi -I../../src/10_defs -I../../src/10_defs -I../../src/14_hidewrite -I../../src/14_hidewrite -I../../src/53_ffts -I../../src/53_ffts -I../../src/incs -I../../src/incs -I/tigress/xingz/abinit-8.10.2/fallbacks/exports/include   -free -module /tigress/xingz/abinit-8.10.2/src/mods -O3 -g -extend-source -noaltparam -nofpscomp   -c -o m_nonlop.o m_nonlop.F90
mpiifort -DHAVE_CONFIG_H -I. -I../..  -I../../src/32_util -I../../src/32_util -I../../src/44_abitools -I../../src/44_abitools -I../../src/28_numeric_noabirule -I../../src/28_numeric_noabirule -I../../src/44_abitypes_defs -I../../src/44_abitypes_defs -I../../src/42_libpaw -I../../src/42_libpaw -I../../src/51_manage_mpi -I../../src/51_manage_mpi -I../../src/42_nlstrain -I../../src/42_nlstrain -I../../src/16_hideleave -I../../src/16_hideleave -I../../src/65_paw -I../../src/65_paw -I../../src/56_recipspace -I../../src/56_recipspace -I../../src/52_fft_mpi_noabirule -I../../src/52_fft_mpi_noabirule -I../../src/56_xc -I../../src/56_xc -I../../src/27_toolbox_oop -I../../src/27_toolbox_oop -I../../src/49_gw_toolbox_oop -I../../src/49_gw_toolbox_oop -I../../src/41_xc_lowlevel -I../../src/41_xc_lowlevel -I../../src/41_geometry -I../../src/41_geometry -I../../src/18_timing -I../../src/18_timing -I../../src/12_hide_mpi -I../../src/12_hide_mpi -I../../src/10_defs -I../../src/10_defs -I../../src/14_hidewrite -I../../src/14_hidewrite -I../../src/53_ffts -I../../src/53_ffts -I../../src/incs -I../../src/incs -I/tigress/xingz/abinit-8.10.2/fallbacks/exports/include   -free -module /tigress/xingz/abinit-8.10.2/src/mods -O3 -g -extend-source -noaltparam -nofpscomp   -c -o m_nonlop_test.o m_nonlop_test.F90
mpiifort -DHAVE_CONFIG_H -I. -I../..  -I../../src/32_util -I../../src/32_util -I../../src/44_abitools -I../../src/44_abitools -I../../src/28_numeric_noabirule -I../../src/28_numeric_noabirule -I../../src/44_abitypes_defs -I../../src/44_abitypes_defs -I../../src/42_libpaw -I../../src/42_libpaw -I../../src/51_manage_mpi -I../../src/51_manage_mpi -I../../src/42_nlstrain -I../../src/42_nlstrain -I../../src/16_hideleave -I../../src/16_hideleave -I../../src/65_paw -I../../src/65_paw -I../../src/56_recipspace -I../../src/56_recipspace -I../../src/52_fft_mpi_noabirule -I../../src/52_fft_mpi_noabirule -I../../src/56_xc -I../../src/56_xc -I../../src/27_toolbox_oop -I../../src/27_toolbox_oop -I../../src/49_gw_toolbox_oop -I../../src/49_gw_toolbox_oop -I../../src/41_xc_lowlevel -I../../src/41_xc_lowlevel -I../../src/41_geometry -I../../src/41_geometry -I../../src/18_timing -I../../src/18_timing -I../../src/12_hide_mpi -I../../src/12_hide_mpi -I../../src/10_defs -I../../src/10_defs -I../../src/14_hidewrite -I../../src/14_hidewrite -I../../src/53_ffts -I../../src/53_ffts -I../../src/incs -I../../src/incs -I/tigress/xingz/abinit-8.10.2/fallbacks/exports/include   -free -module /tigress/xingz/abinit-8.10.2/src/mods -O3 -g -extend-source -noaltparam -nofpscomp   -c -o m_vkbr.o m_vkbr.F90
rm -f lib66_nonlocal.a
ar rc lib66_nonlocal.a m_cgprj.o m_contract.o m_fock.o m_gemm_nonlop.o m_hamiltonian.o m_metstr.o m_mkffkg.o m_mkffnl.o m_nonlop.o m_nonlop_pl.o m_nonlop_test.o m_nonlop_ylm.o m_opernl.o m_vkbr.o m_opernla_ylm.o m_opernlb_ylm.o m_opernlc_ylm.o m_opernld_ylm.o 
ranlib lib66_nonlocal.a
make[3]: Leaving directory `/tigress/xingz/abinit-8.10.2/src/66_nonlocal'
Making all in 66_vdwxc
make[3]: Entering directory `/tigress/xingz/abinit-8.10.2/src/66_vdwxc'
mpiifort -DHAVE_CONFIG_H -I. -I../..  -I../../src/32_util -I../../src/32_util -I../../src/28_numeric_noabirule -I../../src/28_numeric_noabirule -I../../src/41_geometry -I../../src/41_geometry -I../../src/10_defs -I../../src/10_defs -I../../src/16_hideleave -I../../src/16_hideleave -I../../src/14_hidewrite -I../../src/14_hidewrite -I../../src/incs -I../../src/incs -I/tigress/xingz/abinit-8.10.2/fallbacks/exports/include   -free -module /tigress/xingz/abinit-8.10.2/src/mods -O3 -g -extend-source -noaltparam -nofpscomp   -c -o m_evdw_wannier.o m_evdw_wannier.F90
mpiifort -DHAVE_CONFIG_H -I. -I../..  -I../../src/32_util -I../../src/32_util -I../../src/28_numeric_noabirule -I../../src/28_numeric_noabirule -I../../src/41_geometry -I../../src/41_geometry -I../../src/10_defs -I../../src/10_defs -I../../src/16_hideleave -I../../src/16_hideleave -I../../src/14_hidewrite -I../../src/14_hidewrite -I../../src/incs -I../../src/incs -I/tigress/xingz/abinit-8.10.2/fallbacks/exports/include   -free -module /tigress/xingz/abinit-8.10.2/src/mods -O3 -g -extend-source -noaltparam -nofpscomp   -c -o m_vdw_dftd2.o m_vdw_dftd2.F90
mpiifort -DHAVE_CONFIG_H -I. -I../..  -I../../src/32_util -I../../src/32_util -I../../src/28_numeric_noabirule -I../../src/28_numeric_noabirule -I../../src/41_geometry -I../../src/41_geometry -I../../src/10_defs -I../../src/10_defs -I../../src/16_hideleave -I../../src/16_hideleave -I../../src/14_hidewrite -I../../src/14_hidewrite -I../../src/incs -I../../src/incs -I/tigress/xingz/abinit-8.10.2/fallbacks/exports/include   -free -module /tigress/xingz/abinit-8.10.2/src/mods -O3 -g -extend-source -noaltparam -nofpscomp   -c -o m_vdw_dftd3_data.o m_vdw_dftd3_data.F90
mpiifort -DHAVE_CONFIG_H -I. -I../..  -I../../src/32_util -I../../src/32_util -I../../src/28_numeric_noabirule -I../../src/28_numeric_noabirule -I../../src/41_geometry -I../../src/41_geometry -I../../src/10_defs -I../../src/10_defs -I../../src/16_hideleave -I../../src/16_hideleave -I../../src/14_hidewrite -I../../src/14_hidewrite -I../../src/incs -I../../src/incs -I/tigress/xingz/abinit-8.10.2/fallbacks/exports/include   -free -module /tigress/xingz/abinit-8.10.2/src/mods -O3 -g -extend-source -noaltparam -nofpscomp   -c -o m_vdw_dftd3.o m_vdw_dftd3.F90
rm -f lib66_vdwxc.a
ar rc lib66_vdwxc.a m_evdw_wannier.o m_vdw_dftd2.o m_vdw_dftd3.o m_vdw_dftd3_data.o 
ranlib lib66_vdwxc.a
make[3]: Leaving directory `/tigress/xingz/abinit-8.10.2/src/66_vdwxc'
Making all in 66_wfs
make[3]: Entering directory `/tigress/xingz/abinit-8.10.2/src/66_wfs'
mpiifort -DHAVE_CONFIG_H -I. -I../..  -I../../src/32_util -I../../src/32_util -I../../src/44_abitools -I../../src/44_abitools -I../../src/28_numeric_noabirule -I../../src/28_numeric_noabirule -I../../src/44_abitypes_defs -I../../src/44_abitypes_defs -I../../src/42_libpaw -I../../src/42_libpaw -I../../src/51_manage_mpi -I../../src/51_manage_mpi -I../../src/16_hideleave -I../../src/16_hideleave -I../../src/66_nonlocal -I../../src/66_nonlocal -I../../src/65_paw -I../../src/65_paw -I../../src/56_recipspace -I../../src/56_recipspace -I../../src/52_fft_mpi_noabirule -I../../src/52_fft_mpi_noabirule -I../../src/43_ptgroups -I../../src/43_ptgroups -I../../src/41_geometry -I../../src/41_geometry -I../../src/18_timing -I../../src/18_timing -I../../src/12_hide_mpi -I../../src/12_hide_mpi -I../../src/10_defs -I../../src/10_defs -I../../src/14_hidewrite -I../../src/14_hidewrite -I../../src/54_spacepar -I../../src/54_spacepar -I../../src/53_ffts -I../../src/53_ffts -I../../src/incs -I../../src/incs -I/tigress/xingz/abinit-8.10.2/fallbacks/exports/include   -free -module /tigress/xingz/abinit-8.10.2/src/mods -O3 -g -extend-source -noaltparam -nofpscomp   -c -o m_esymm.o m_esymm.F90
mpiifort -DHAVE_CONFIG_H -I. -I../..  -I../../src/32_util -I../../src/32_util -I../../src/44_abitools -I../../src/44_abitools -I../../src/28_numeric_noabirule -I../../src/28_numeric_noabirule -I../../src/44_abitypes_defs -I../../src/44_abitypes_defs -I../../src/42_libpaw -I../../src/42_libpaw -I../../src/51_manage_mpi -I../../src/51_manage_mpi -I../../src/16_hideleave -I../../src/16_hideleave -I../../src/66_nonlocal -I../../src/66_nonlocal -I../../src/65_paw -I../../src/65_paw -I../../src/56_recipspace -I../../src/56_recipspace -I../../src/52_fft_mpi_noabirule -I../../src/52_fft_mpi_noabirule -I../../src/43_ptgroups -I../../src/43_ptgroups -I../../src/41_geometry -I../../src/41_geometry -I../../src/18_timing -I../../src/18_timing -I../../src/12_hide_mpi -I../../src/12_hide_mpi -I../../src/10_defs -I../../src/10_defs -I../../src/14_hidewrite -I../../src/14_hidewrite -I../../src/54_spacepar -I../../src/54_spacepar -I../../src/53_ffts -I../../src/53_ffts -I../../src/incs -I../../src/incs -I/tigress/xingz/abinit-8.10.2/fallbacks/exports/include   -free -module /tigress/xingz/abinit-8.10.2/src/mods -O3 -g -extend-source -noaltparam -nofpscomp   -c -o m_bandfft_kpt.o m_bandfft_kpt.F90
mpiifort -DHAVE_CONFIG_H -I. -I../..  -I../../src/32_util -I../../src/32_util -I../../src/44_abitools -I../../src/44_abitools -I../../src/28_numeric_noabirule -I../../src/28_numeric_noabirule -I../../src/44_abitypes_defs -I../../src/44_abitypes_defs -I../../src/42_libpaw -I../../src/42_libpaw -I../../src/51_manage_mpi -I../../src/51_manage_mpi -I../../src/16_hideleave -I../../src/16_hideleave -I../../src/66_nonlocal -I../../src/66_nonlocal -I../../src/65_paw -I../../src/65_paw -I../../src/56_recipspace -I../../src/56_recipspace -I../../src/52_fft_mpi_noabirule -I../../src/52_fft_mpi_noabirule -I../../src/43_ptgroups -I../../src/43_ptgroups -I../../src/41_geometry -I../../src/41_geometry -I../../src/18_timing -I../../src/18_timing -I../../src/12_hide_mpi -I../../src/12_hide_mpi -I../../src/10_defs -I../../src/10_defs -I../../src/14_hidewrite -I../../src/14_hidewrite -I../../src/54_spacepar -I../../src/54_spacepar -I../../src/53_ffts -I../../src/53_ffts -I../../src/incs -I../../src/incs -I/tigress/xingz/abinit-8.10.2/fallbacks/exports/include   -free -module /tigress/xingz/abinit-8.10.2/src/mods -O3 -g -extend-source -noaltparam -nofpscomp   -c -o m_fock_getghc.o m_fock_getghc.F90
mpiifort -DHAVE_CONFIG_H -I. -I../..  -I../../src/32_util -I../../src/32_util -I../../src/44_abitools -I../../src/44_abitools -I../../src/28_numeric_noabirule -I../../src/28_numeric_noabirule -I../../src/44_abitypes_defs -I../../src/44_abitypes_defs -I../../src/42_libpaw -I../../src/42_libpaw -I../../src/51_manage_mpi -I../../src/51_manage_mpi -I../../src/16_hideleave -I../../src/16_hideleave -I../../src/66_nonlocal -I../../src/66_nonlocal -I../../src/65_paw -I../../src/65_paw -I../../src/56_recipspace -I../../src/56_recipspace -I../../src/52_fft_mpi_noabirule -I../../src/52_fft_mpi_noabirule -I../../src/43_ptgroups -I../../src/43_ptgroups -I../../src/41_geometry -I../../src/41_geometry -I../../src/18_timing -I../../src/18_timing -I../../src/12_hide_mpi -I../../src/12_hide_mpi -I../../src/10_defs -I../../src/10_defs -I../../src/14_hidewrite -I../../src/14_hidewrite -I../../src/54_spacepar -I../../src/54_spacepar -I../../src/53_ffts -I../../src/53_ffts -I../../src/incs -I../../src/incs -I/tigress/xingz/abinit-8.10.2/fallbacks/exports/include   -free -module /tigress/xingz/abinit-8.10.2/src/mods -O3 -g -extend-source -noaltparam -nofpscomp   -c -o m_getghc.o m_getghc.F90
mpiifort -DHAVE_CONFIG_H -I. -I../..  -I../../src/32_util -I../../src/32_util -I../../src/44_abitools -I../../src/44_abitools -I../../src/28_numeric_noabirule -I../../src/28_numeric_noabirule -I../../src/44_abitypes_defs -I../../src/44_abitypes_defs -I../../src/42_libpaw -I../../src/42_libpaw -I../../src/51_manage_mpi -I../../src/51_manage_mpi -I../../src/16_hideleave -I../../src/16_hideleave -I../../src/66_nonlocal -I../../src/66_nonlocal -I../../src/65_paw -I../../src/65_paw -I../../src/56_recipspace -I../../src/56_recipspace -I../../src/52_fft_mpi_noabirule -I../../src/52_fft_mpi_noabirule -I../../src/43_ptgroups -I../../src/43_ptgroups -I../../src/41_geometry -I../../src/41_geometry -I../../src/18_timing -I../../src/18_timing -I../../src/12_hide_mpi -I../../src/12_hide_mpi -I../../src/10_defs -I../../src/10_defs -I../../src/14_hidewrite -I../../src/14_hidewrite -I../../src/54_spacepar -I../../src/54_spacepar -I../../src/53_ffts -I../../src/53_ffts -I../../src/incs -I../../src/incs -I/tigress/xingz/abinit-8.10.2/fallbacks/exports/include   -free -module /tigress/xingz/abinit-8.10.2/src/mods -O3 -g -extend-source -noaltparam -nofpscomp   -c -o m_prep_kgb.o m_prep_kgb.F90
mpiifort -DHAVE_CONFIG_H -I. -I../..  -I../../src/32_util -I../../src/32_util -I../../src/44_abitools -I../../src/44_abitools -I../../src/28_numeric_noabirule -I../../src/28_numeric_noabirule -I../../src/44_abitypes_defs -I../../src/44_abitypes_defs -I../../src/42_libpaw -I../../src/42_libpaw -I../../src/51_manage_mpi -I../../src/51_manage_mpi -I../../src/16_hideleave -I../../src/16_hideleave -I../../src/66_nonlocal -I../../src/66_nonlocal -I../../src/65_paw -I../../src/65_paw -I../../src/56_recipspace -I../../src/56_recipspace -I../../src/52_fft_mpi_noabirule -I../../src/52_fft_mpi_noabirule -I../../src/43_ptgroups -I../../src/43_ptgroups -I../../src/41_geometry -I../../src/41_geometry -I../../src/18_timing -I../../src/18_timing -I../../src/12_hide_mpi -I../../src/12_hide_mpi -I../../src/10_defs -I../../src/10_defs -I../../src/14_hidewrite -I../../src/14_hidewrite -I../../src/54_spacepar -I../../src/54_spacepar -I../../src/53_ffts -I../../src/53_ffts -I../../src/incs -I../../src/incs -I/tigress/xingz/abinit-8.10.2/fallbacks/exports/include   -free -module /tigress/xingz/abinit-8.10.2/src/mods -O3 -g -extend-source -noaltparam -nofpscomp   -c -o m_invovl.o m_invovl.F90
mpiifort -DHAVE_CONFIG_H -I. -I../..  -I../../src/32_util -I../../src/32_util -I../../src/44_abitools -I../../src/44_abitools -I../../src/28_numeric_noabirule -I../../src/28_numeric_noabirule -I../../src/44_abitypes_defs -I../../src/44_abitypes_defs -I../../src/42_libpaw -I../../src/42_libpaw -I../../src/51_manage_mpi -I../../src/51_manage_mpi -I../../src/16_hideleave -I../../src/16_hideleave -I../../src/66_nonlocal -I../../src/66_nonlocal -I../../src/65_paw -I../../src/65_paw -I../../src/56_recipspace -I../../src/56_recipspace -I../../src/52_fft_mpi_noabirule -I../../src/52_fft_mpi_noabirule -I../../src/43_ptgroups -I../../src/43_ptgroups -I../../src/41_geometry -I../../src/41_geometry -I../../src/18_timing -I../../src/18_timing -I../../src/12_hide_mpi -I../../src/12_hide_mpi -I../../src/10_defs -I../../src/10_defs -I../../src/14_hidewrite -I../../src/14_hidewrite -I../../src/54_spacepar -I../../src/54_spacepar -I../../src/53_ffts -I../../src/53_ffts -I../../src/incs -I../../src/incs -I/tigress/xingz/abinit-8.10.2/fallbacks/exports/include   -free -module /tigress/xingz/abinit-8.10.2/src/mods -O3 -g -extend-source -noaltparam -nofpscomp   -c -o m_rayleigh_ritz.o m_rayleigh_ritz.F90
mpiifort -DHAVE_CONFIG_H -I. -I../..  -I../../src/32_util -I../../src/32_util -I../../src/44_abitools -I../../src/44_abitools -I../../src/28_numeric_noabirule -I../../src/28_numeric_noabirule -I../../src/44_abitypes_defs -I../../src/44_abitypes_defs -I../../src/42_libpaw -I../../src/42_libpaw -I../../src/51_manage_mpi -I../../src/51_manage_mpi -I../../src/16_hideleave -I../../src/16_hideleave -I../../src/66_nonlocal -I../../src/66_nonlocal -I../../src/65_paw -I../../src/65_paw -I../../src/56_recipspace -I../../src/56_recipspace -I../../src/52_fft_mpi_noabirule -I../../src/52_fft_mpi_noabirule -I../../src/43_ptgroups -I../../src/43_ptgroups -I../../src/41_geometry -I../../src/41_geometry -I../../src/18_timing -I../../src/18_timing -I../../src/12_hide_mpi -I../../src/12_hide_mpi -I../../src/10_defs -I../../src/10_defs -I../../src/14_hidewrite -I../../src/14_hidewrite -I../../src/54_spacepar -I../../src/54_spacepar -I../../src/53_ffts -I../../src/53_ffts -I../../src/incs -I../../src/incs -I/tigress/xingz/abinit-8.10.2/fallbacks/exports/include   -free -module /tigress/xingz/abinit-8.10.2/src/mods -O3 -g -extend-source -noaltparam -nofpscomp   -c -o m_chebfi.o m_chebfi.F90
mpiifort -DHAVE_CONFIG_H -I. -I../..  -I../../src/32_util -I../../src/32_util -I../../src/44_abitools -I../../src/44_abitools -I../../src/28_numeric_noabirule -I../../src/28_numeric_noabirule -I../../src/44_abitypes_defs -I../../src/44_abitypes_defs -I../../src/42_libpaw -I../../src/42_libpaw -I../../src/51_manage_mpi -I../../src/51_manage_mpi -I../../src/16_hideleave -I../../src/16_hideleave -I../../src/66_nonlocal -I../../src/66_nonlocal -I../../src/65_paw -I../../src/65_paw -I../../src/56_recipspace -I../../src/56_recipspace -I../../src/52_fft_mpi_noabirule -I../../src/52_fft_mpi_noabirule -I../../src/43_ptgroups -I../../src/43_ptgroups -I../../src/41_geometry -I../../src/41_geometry -I../../src/18_timing -I../../src/18_timing -I../../src/12_hide_mpi -I../../src/12_hide_mpi -I../../src/10_defs -I../../src/10_defs -I../../src/14_hidewrite -I../../src/14_hidewrite -I../../src/54_spacepar -I../../src/54_spacepar -I../../src/53_ffts -I../../src/53_ffts -I../../src/incs -I../../src/incs -I/tigress/xingz/abinit-8.10.2/fallbacks/exports/include   -free -module /tigress/xingz/abinit-8.10.2/src/mods -O3 -g -extend-source -noaltparam -nofpscomp   -c -o m_cgcprj.o m_cgcprj.F90
mpiifort -DHAVE_CONFIG_H -I. -I../..  -I../../src/32_util -I../../src/32_util -I../../src/44_abitools -I../../src/44_abitools -I../../src/28_numeric_noabirule -I../../src/28_numeric_noabirule -I../../src/44_abitypes_defs -I../../src/44_abitypes_defs -I../../src/42_libpaw -I../../src/42_libpaw -I../../src/51_manage_mpi -I../../src/51_manage_mpi -I../../src/16_hideleave -I../../src/16_hideleave -I../../src/66_nonlocal -I../../src/66_nonlocal -I../../src/65_paw -I../../src/65_paw -I../../src/56_recipspace -I../../src/56_recipspace -I../../src/52_fft_mpi_noabirule -I../../src/52_fft_mpi_noabirule -I../../src/43_ptgroups -I../../src/43_ptgroups -I../../src/41_geometry -I../../src/41_geometry -I../../src/18_timing -I../../src/18_timing -I../../src/12_hide_mpi -I../../src/12_hide_mpi -I../../src/10_defs -I../../src/10_defs -I../../src/14_hidewrite -I../../src/14_hidewrite -I../../src/54_spacepar -I../../src/54_spacepar -I../../src/53_ffts -I../../src/53_ffts -I../../src/incs -I../../src/incs -I/tigress/xingz/abinit-8.10.2/fallbacks/exports/include   -free -module /tigress/xingz/abinit-8.10.2/src/mods -O3 -g -extend-source -noaltparam -nofpscomp   -c -o m_getgh1c.o m_getgh1c.F90
mpiifort -DHAVE_CONFIG_H -I. -I../..  -I../../src/32_util -I../../src/32_util -I../../src/44_abitools -I../../src/44_abitools -I../../src/28_numeric_noabirule -I../../src/28_numeric_noabirule -I../../src/44_abitypes_defs -I../../src/44_abitypes_defs -I../../src/42_libpaw -I../../src/42_libpaw -I../../src/51_manage_mpi -I../../src/51_manage_mpi -I../../src/16_hideleave -I../../src/16_hideleave -I../../src/66_nonlocal -I../../src/66_nonlocal -I../../src/65_paw -I../../src/65_paw -I../../src/56_recipspace -I../../src/56_recipspace -I../../src/52_fft_mpi_noabirule -I../../src/52_fft_mpi_noabirule -I../../src/43_ptgroups -I../../src/43_ptgroups -I../../src/41_geometry -I../../src/41_geometry -I../../src/18_timing -I../../src/18_timing -I../../src/12_hide_mpi -I../../src/12_hide_mpi -I../../src/10_defs -I../../src/10_defs -I../../src/14_hidewrite -I../../src/14_hidewrite -I../../src/54_spacepar -I../../src/54_spacepar -I../../src/53_ffts -I../../src/53_ffts -I../../src/incs -I../../src/incs -I/tigress/xingz/abinit-8.10.2/fallbacks/exports/include   -free -module /tigress/xingz/abinit-8.10.2/src/mods -O3 -g -extend-source -noaltparam -nofpscomp   -c -o m_getgh2c.o m_getgh2c.F90
rm -f lib66_wfs.a
ar rc lib66_wfs.a m_esymm.o m_bandfft_kpt.o m_invovl.o m_chebfi.o m_cgcprj.o m_fock_getghc.o m_getghc.o m_getgh1c.o m_getgh2c.o m_prep_kgb.o m_rayleigh_ritz.o 
ranlib lib66_wfs.a
make[3]: Leaving directory `/tigress/xingz/abinit-8.10.2/src/66_wfs'
Making all in 67_common
make[3]: Entering directory `/tigress/xingz/abinit-8.10.2/src/67_common'
mpiifort -DHAVE_CONFIG_H -I. -I../..  -I../../src/66_vdwxc -I../../src/66_vdwxc -I../../src/44_abitools -I../../src/44_abitools -I../../src/59_ionetcdf -I../../src/59_ionetcdf -I../../src/27_toolbox_oop -I../../src/27_toolbox_oop -I../../src/42_libpaw -I../../src/42_libpaw -I../../src/65_paw -I../../src/65_paw -I../../src/62_wvl_wfs -I../../src/62_wvl_wfs -I../../src/66_nonlocal -I../../src/66_nonlocal -I../../src/45_geomoptim -I../../src/45_geomoptim -I../../src/17_libtetra_ext -I../../src/17_libtetra_ext -I../../src/55_abiutil -I../../src/55_abiutil -I../../src/49_gw_toolbox_oop -I../../src/49_gw_toolbox_oop -I../../src/62_iowfdenpot -I../../src/62_iowfdenpot -I../../src/18_timing -I../../src/18_timing -I../../src/12_hide_mpi -I../../src/12_hide_mpi -I../../src/56_mixing -I../../src/56_mixing -I../../src/56_io_mpi -I../../src/56_io_mpi -I../../src/14_hidewrite -I../../src/14_hidewrite -I../../src/54_spacepar -I../../src/54_spacepar -I../../src/64_psp -I../../src/64_psp -I../../src/32_util -I../../src/32_util -I../../src/28_numeric_noabirule -I../../src/28_numeric_noabirule -I../../src/44_abitypes_defs -I../../src/44_abitypes_defs -I../../src/51_manage_mpi -I../../src/51_manage_mpi -I../../src/43_wvl_wrappers -I../../src/43_wvl_wrappers -I../../src/62_poisson -I../../src/62_poisson -I../../src/16_hideleave -I../../src/16_hideleave -I../../src/56_recipspace -I../../src/56_recipspace -I../../src/61_occeig -I../../src/61_occeig -I../../src/52_fft_mpi_noabirule -I../../src/52_fft_mpi_noabirule -I../../src/56_xc -I../../src/56_xc -I../../src/66_wfs -I../../src/66_wfs -I../../src/41_xc_lowlevel -I../../src/41_xc_lowlevel -I../../src/41_geometry -I../../src/41_geometry -I../../src/10_defs -I../../src/10_defs -I../../src/53_ffts -I../../src/53_ffts -I../../src/incs -I../../src/incs -I/tigress/xingz/abinit-8.10.2/fallbacks/exports/include   -free -module /tigress/xingz/abinit-8.10.2/src/mods -O3 -g -extend-source -noaltparam -nofpscomp   -c -o m_berryphase.o m_berryphase.F90
mpiifort -DHAVE_CONFIG_H -I. -I../..  -I../../src/66_vdwxc -I../../src/66_vdwxc -I../../src/44_abitools -I../../src/44_abitools -I../../src/59_ionetcdf -I../../src/59_ionetcdf -I../../src/27_toolbox_oop -I../../src/27_toolbox_oop -I../../src/42_libpaw -I../../src/42_libpaw -I../../src/65_paw -I../../src/65_paw -I../../src/62_wvl_wfs -I../../src/62_wvl_wfs -I../../src/66_nonlocal -I../../src/66_nonlocal -I../../src/45_geomoptim -I../../src/45_geomoptim -I../../src/17_libtetra_ext -I../../src/17_libtetra_ext -I../../src/55_abiutil -I../../src/55_abiutil -I../../src/49_gw_toolbox_oop -I../../src/49_gw_toolbox_oop -I../../src/62_iowfdenpot -I../../src/62_iowfdenpot -I../../src/18_timing -I../../src/18_timing -I../../src/12_hide_mpi -I../../src/12_hide_mpi -I../../src/56_mixing -I../../src/56_mixing -I../../src/56_io_mpi -I../../src/56_io_mpi -I../../src/14_hidewrite -I../../src/14_hidewrite -I../../src/54_spacepar -I../../src/54_spacepar -I../../src/64_psp -I../../src/64_psp -I../../src/32_util -I../../src/32_util -I../../src/28_numeric_noabirule -I../../src/28_numeric_noabirule -I../../src/44_abitypes_defs -I../../src/44_abitypes_defs -I../../src/51_manage_mpi -I../../src/51_manage_mpi -I../../src/43_wvl_wrappers -I../../src/43_wvl_wrappers -I../../src/62_poisson -I../../src/62_poisson -I../../src/16_hideleave -I../../src/16_hideleave -I../../src/56_recipspace -I../../src/56_recipspace -I../../src/61_occeig -I../../src/61_occeig -I../../src/52_fft_mpi_noabirule -I../../src/52_fft_mpi_noabirule -I../../src/56_xc -I../../src/56_xc -I../../src/66_wfs -I../../src/66_wfs -I../../src/41_xc_lowlevel -I../../src/41_xc_lowlevel -I../../src/41_geometry -I../../src/41_geometry -I../../src/10_defs -I../../src/10_defs -I../../src/53_ffts -I../../src/53_ffts -I../../src/incs -I../../src/incs -I/tigress/xingz/abinit-8.10.2/fallbacks/exports/include   -free -module /tigress/xingz/abinit-8.10.2/src/mods -O3 -g -extend-source -noaltparam -nofpscomp   -c -o m_iowf.o m_iowf.F90
mpiifort -DHAVE_CONFIG_H -I. -I../..  -I../../src/66_vdwxc -I../../src/66_vdwxc -I../../src/44_abitools -I../../src/44_abitools -I../../src/59_ionetcdf -I../../src/59_ionetcdf -I../../src/27_toolbox_oop -I../../src/27_toolbox_oop -I../../src/42_libpaw -I../../src/42_libpaw -I../../src/65_paw -I../../src/65_paw -I../../src/62_wvl_wfs -I../../src/62_wvl_wfs -I../../src/66_nonlocal -I../../src/66_nonlocal -I../../src/45_geomoptim -I../../src/45_geomoptim -I../../src/17_libtetra_ext -I../../src/17_libtetra_ext -I../../src/55_abiutil -I../../src/55_abiutil -I../../src/49_gw_toolbox_oop -I../../src/49_gw_toolbox_oop -I../../src/62_iowfdenpot -I../../src/62_iowfdenpot -I../../src/18_timing -I../../src/18_timing -I../../src/12_hide_mpi -I../../src/12_hide_mpi -I../../src/56_mixing -I../../src/56_mixing -I../../src/56_io_mpi -I../../src/56_io_mpi -I../../src/14_hidewrite -I../../src/14_hidewrite -I../../src/54_spacepar -I../../src/54_spacepar -I../../src/64_psp -I../../src/64_psp -I../../src/32_util -I../../src/32_util -I../../src/28_numeric_noabirule -I../../src/28_numeric_noabirule -I../../src/44_abitypes_defs -I../../src/44_abitypes_defs -I../../src/51_manage_mpi -I../../src/51_manage_mpi -I../../src/43_wvl_wrappers -I../../src/43_wvl_wrappers -I../../src/62_poisson -I../../src/62_poisson -I../../src/16_hideleave -I../../src/16_hideleave -I../../src/56_recipspace -I../../src/56_recipspace -I../../src/61_occeig -I../../src/61_occeig -I../../src/52_fft_mpi_noabirule -I../../src/52_fft_mpi_noabirule -I../../src/56_xc -I../../src/56_xc -I../../src/66_wfs -I../../src/66_wfs -I../../src/41_xc_lowlevel -I../../src/41_xc_lowlevel -I../../src/41_geometry -I../../src/41_geometry -I../../src/10_defs -I../../src/10_defs -I../../src/53_ffts -I../../src/53_ffts -I../../src/incs -I../../src/incs -I/tigress/xingz/abinit-8.10.2/fallbacks/exports/include   -free -module /tigress/xingz/abinit-8.10.2/src/mods -O3 -g -extend-source -noaltparam -nofpscomp   -c -o m_berryphase_new.o m_berryphase_new.F90
mpiifort -DHAVE_CONFIG_H -I. -I../..  -I../../src/66_vdwxc -I../../src/66_vdwxc -I../../src/44_abitools -I../../src/44_abitools -I../../src/59_ionetcdf -I../../src/59_ionetcdf -I../../src/27_toolbox_oop -I../../src/27_toolbox_oop -I../../src/42_libpaw -I../../src/42_libpaw -I../../src/65_paw -I../../src/65_paw -I../../src/62_wvl_wfs -I../../src/62_wvl_wfs -I../../src/66_nonlocal -I../../src/66_nonlocal -I../../src/45_geomoptim -I../../src/45_geomoptim -I../../src/17_libtetra_ext -I../../src/17_libtetra_ext -I../../src/55_abiutil -I../../src/55_abiutil -I../../src/49_gw_toolbox_oop -I../../src/49_gw_toolbox_oop -I../../src/62_iowfdenpot -I../../src/62_iowfdenpot -I../../src/18_timing -I../../src/18_timing -I../../src/12_hide_mpi -I../../src/12_hide_mpi -I../../src/56_mixing -I../../src/56_mixing -I../../src/56_io_mpi -I../../src/56_io_mpi -I../../src/14_hidewrite -I../../src/14_hidewrite -I../../src/54_spacepar -I../../src/54_spacepar -I../../src/64_psp -I../../src/64_psp -I../../src/32_util -I../../src/32_util -I../../src/28_numeric_noabirule -I../../src/28_numeric_noabirule -I../../src/44_abitypes_defs -I../../src/44_abitypes_defs -I../../src/51_manage_mpi -I../../src/51_manage_mpi -I../../src/43_wvl_wrappers -I../../src/43_wvl_wrappers -I../../src/62_poisson -I../../src/62_poisson -I../../src/16_hideleave -I../../src/16_hideleave -I../../src/56_recipspace -I../../src/56_recipspace -I../../src/61_occeig -I../../src/61_occeig -I../../src/52_fft_mpi_noabirule -I../../src/52_fft_mpi_noabirule -I../../src/56_xc -I../../src/56_xc -I../../src/66_wfs -I../../src/66_wfs -I../../src/41_xc_lowlevel -I../../src/41_xc_lowlevel -I../../src/41_geometry -I../../src/41_geometry -I../../src/10_defs -I../../src/10_defs -I../../src/53_ffts -I../../src/53_ffts -I../../src/incs -I../../src/incs -I/tigress/xingz/abinit-8.10.2/fallbacks/exports/include   -free -module /tigress/xingz/abinit-8.10.2/src/mods -O3 -g -extend-source -noaltparam -nofpscomp   -c -o m_conducti.o m_conducti.F90
m_conducti.F90(807): remark #8291: Recommended relationship between field width 'W' and the number of fractional digits 'D' in this edit descriptor is 'W>=D+7'.
   write(sigx_unt,'(9(1x,e14.8))') &
--------------------------^
mpiifort -DHAVE_CONFIG_H -I. -I../..  -I../../src/66_vdwxc -I../../src/66_vdwxc -I../../src/44_abitools -I../../src/44_abitools -I../../src/59_ionetcdf -I../../src/59_ionetcdf -I../../src/27_toolbox_oop -I../../src/27_toolbox_oop -I../../src/42_libpaw -I../../src/42_libpaw -I../../src/65_paw -I../../src/65_paw -I../../src/62_wvl_wfs -I../../src/62_wvl_wfs -I../../src/66_nonlocal -I../../src/66_nonlocal -I../../src/45_geomoptim -I../../src/45_geomoptim -I../../src/17_libtetra_ext -I../../src/17_libtetra_ext -I../../src/55_abiutil -I../../src/55_abiutil -I../../src/49_gw_toolbox_oop -I../../src/49_gw_toolbox_oop -I../../src/62_iowfdenpot -I../../src/62_iowfdenpot -I../../src/18_timing -I../../src/18_timing -I../../src/12_hide_mpi -I../../src/12_hide_mpi -I../../src/56_mixing -I../../src/56_mixing -I../../src/56_io_mpi -I../../src/56_io_mpi -I../../src/14_hidewrite -I../../src/14_hidewrite -I../../src/54_spacepar -I../../src/54_spacepar -I../../src/64_psp -I../../src/64_psp -I../../src/32_util -I../../src/32_util -I../../src/28_numeric_noabirule -I../../src/28_numeric_noabirule -I../../src/44_abitypes_defs -I../../src/44_abitypes_defs -I../../src/51_manage_mpi -I../../src/51_manage_mpi -I../../src/43_wvl_wrappers -I../../src/43_wvl_wrappers -I../../src/62_poisson -I../../src/62_poisson -I../../src/16_hideleave -I../../src/16_hideleave -I../../src/56_recipspace -I../../src/56_recipspace -I../../src/61_occeig -I../../src/61_occeig -I../../src/52_fft_mpi_noabirule -I../../src/52_fft_mpi_noabirule -I../../src/56_xc -I../../src/56_xc -I../../src/66_wfs -I../../src/66_wfs -I../../src/41_xc_lowlevel -I../../src/41_xc_lowlevel -I../../src/41_geometry -I../../src/41_geometry -I../../src/10_defs -I../../src/10_defs -I../../src/53_ffts -I../../src/53_ffts -I../../src/incs -I../../src/incs -I/tigress/xingz/abinit-8.10.2/fallbacks/exports/include   -free -module /tigress/xingz/abinit-8.10.2/src/mods -O3 -g -extend-source -noaltparam -nofpscomp   -c -o m_wvl_rho.o m_wvl_rho.F90
mpiifort -DHAVE_CONFIG_H -I. -I../..  -I../../src/66_vdwxc -I../../src/66_vdwxc -I../../src/44_abitools -I../../src/44_abitools -I../../src/59_ionetcdf -I../../src/59_ionetcdf -I../../src/27_toolbox_oop -I../../src/27_toolbox_oop -I../../src/42_libpaw -I../../src/42_libpaw -I../../src/65_paw -I../../src/65_paw -I../../src/62_wvl_wfs -I../../src/62_wvl_wfs -I../../src/66_nonlocal -I../../src/66_nonlocal -I../../src/45_geomoptim -I../../src/45_geomoptim -I../../src/17_libtetra_ext -I../../src/17_libtetra_ext -I../../src/55_abiutil -I../../src/55_abiutil -I../../src/49_gw_toolbox_oop -I../../src/49_gw_toolbox_oop -I../../src/62_iowfdenpot -I../../src/62_iowfdenpot -I../../src/18_timing -I../../src/18_timing -I../../src/12_hide_mpi -I../../src/12_hide_mpi -I../../src/56_mixing -I../../src/56_mixing -I../../src/56_io_mpi -I../../src/56_io_mpi -I../../src/14_hidewrite -I../../src/14_hidewrite -I../../src/54_spacepar -I../../src/54_spacepar -I../../src/64_psp -I../../src/64_psp -I../../src/32_util -I../../src/32_util -I../../src/28_numeric_noabirule -I../../src/28_numeric_noabirule -I../../src/44_abitypes_defs -I../../src/44_abitypes_defs -I../../src/51_manage_mpi -I../../src/51_manage_mpi -I../../src/43_wvl_wrappers -I../../src/43_wvl_wrappers -I../../src/62_poisson -I../../src/62_poisson -I../../src/16_hideleave -I../../src/16_hideleave -I../../src/56_recipspace -I../../src/56_recipspace -I../../src/61_occeig -I../../src/61_occeig -I../../src/52_fft_mpi_noabirule -I../../src/52_fft_mpi_noabirule -I../../src/56_xc -I../../src/56_xc -I../../src/66_wfs -I../../src/66_wfs -I../../src/41_xc_lowlevel -I../../src/41_xc_lowlevel -I../../src/41_geometry -I../../src/41_geometry -I../../src/10_defs -I../../src/10_defs -I../../src/53_ffts -I../../src/53_ffts -I../../src/incs -I../../src/incs -I/tigress/xingz/abinit-8.10.2/fallbacks/exports/include   -free -module /tigress/xingz/abinit-8.10.2/src/mods -O3 -g -extend-source -noaltparam -nofpscomp   -c -o m_mkrho.o m_mkrho.F90
mpiifort -DHAVE_CONFIG_H -I. -I../..  -I../../src/66_vdwxc -I../../src/66_vdwxc -I../../src/44_abitools -I../../src/44_abitools -I../../src/59_ionetcdf -I../../src/59_ionetcdf -I../../src/27_toolbox_oop -I../../src/27_toolbox_oop -I../../src/42_libpaw -I../../src/42_libpaw -I../../src/65_paw -I../../src/65_paw -I../../src/62_wvl_wfs -I../../src/62_wvl_wfs -I../../src/66_nonlocal -I../../src/66_nonlocal -I../../src/45_geomoptim -I../../src/45_geomoptim -I../../src/17_libtetra_ext -I../../src/17_libtetra_ext -I../../src/55_abiutil -I../../src/55_abiutil -I../../src/49_gw_toolbox_oop -I../../src/49_gw_toolbox_oop -I../../src/62_iowfdenpot -I../../src/62_iowfdenpot -I../../src/18_timing -I../../src/18_timing -I../../src/12_hide_mpi -I../../src/12_hide_mpi -I../../src/56_mixing -I../../src/56_mixing -I../../src/56_io_mpi -I../../src/56_io_mpi -I../../src/14_hidewrite -I../../src/14_hidewrite -I../../src/54_spacepar -I../../src/54_spacepar -I../../src/64_psp -I../../src/64_psp -I../../src/32_util -I../../src/32_util -I../../src/28_numeric_noabirule -I../../src/28_numeric_noabirule -I../../src/44_abitypes_defs -I../../src/44_abitypes_defs -I../../src/51_manage_mpi -I../../src/51_manage_mpi -I../../src/43_wvl_wrappers -I../../src/43_wvl_wrappers -I../../src/62_poisson -I../../src/62_poisson -I../../src/16_hideleave -I../../src/16_hideleave -I../../src/56_recipspace -I../../src/56_recipspace -I../../src/61_occeig -I../../src/61_occeig -I../../src/52_fft_mpi_noabirule -I../../src/52_fft_mpi_noabirule -I../../src/56_xc -I../../src/56_xc -I../../src/66_wfs -I../../src/66_wfs -I../../src/41_xc_lowlevel -I../../src/41_xc_lowlevel -I../../src/41_geometry -I../../src/41_geometry -I../../src/10_defs -I../../src/10_defs -I../../src/53_ffts -I../../src/53_ffts -I../../src/incs -I../../src/incs -I/tigress/xingz/abinit-8.10.2/fallbacks/exports/include   -free -module /tigress/xingz/abinit-8.10.2/src/mods -O3 -g -extend-source -noaltparam -nofpscomp   -c -o m_dft_energy.o m_dft_energy.F90
mpiifort -DHAVE_CONFIG_H -I. -I../..  -I../../src/66_vdwxc -I../../src/66_vdwxc -I../../src/44_abitools -I../../src/44_abitools -I../../src/59_ionetcdf -I../../src/59_ionetcdf -I../../src/27_toolbox_oop -I../../src/27_toolbox_oop -I../../src/42_libpaw -I../../src/42_libpaw -I../../src/65_paw -I../../src/65_paw -I../../src/62_wvl_wfs -I../../src/62_wvl_wfs -I../../src/66_nonlocal -I../../src/66_nonlocal -I../../src/45_geomoptim -I../../src/45_geomoptim -I../../src/17_libtetra_ext -I../../src/17_libtetra_ext -I../../src/55_abiutil -I../../src/55_abiutil -I../../src/49_gw_toolbox_oop -I../../src/49_gw_toolbox_oop -I../../src/62_iowfdenpot -I../../src/62_iowfdenpot -I../../src/18_timing -I../../src/18_timing -I../../src/12_hide_mpi -I../../src/12_hide_mpi -I../../src/56_mixing -I../../src/56_mixing -I../../src/56_io_mpi -I../../src/56_io_mpi -I../../src/14_hidewrite -I../../src/14_hidewrite -I../../src/54_spacepar -I../../src/54_spacepar -I../../src/64_psp -I../../src/64_psp -I../../src/32_util -I../../src/32_util -I../../src/28_numeric_noabirule -I../../src/28_numeric_noabirule -I../../src/44_abitypes_defs -I../../src/44_abitypes_defs -I../../src/51_manage_mpi -I../../src/51_manage_mpi -I../../src/43_wvl_wrappers -I../../src/43_wvl_wrappers -I../../src/62_poisson -I../../src/62_poisson -I../../src/16_hideleave -I../../src/16_hideleave -I../../src/56_recipspace -I../../src/56_recipspace -I../../src/61_occeig -I../../src/61_occeig -I../../src/52_fft_mpi_noabirule -I../../src/52_fft_mpi_noabirule -I../../src/56_xc -I../../src/56_xc -I../../src/66_wfs -I../../src/66_wfs -I../../src/41_xc_lowlevel -I../../src/41_xc_lowlevel -I../../src/41_geometry -I../../src/41_geometry -I../../src/10_defs -I../../src/10_defs -I../../src/53_ffts -I../../src/53_ffts -I../../src/incs -I../../src/incs -I/tigress/xingz/abinit-8.10.2/fallbacks/exports/include   -free -module /tigress/xingz/abinit-8.10.2/src/mods -O3 -g -extend-source -noaltparam -nofpscomp   -c -o m_extraprho.o m_extraprho.F90
m_extraprho.F90(29): remark #6536: All symbols from this module are already visible due to another USE; the ONLY clause will have no effect. Rename clauses, if any, will be honored.   [DEFS_DATATYPES]
 use defs_datatypes
-----^
mpiifort -DHAVE_CONFIG_H -I. -I../..  -I../../src/66_vdwxc -I../../src/66_vdwxc -I../../src/44_abitools -I../../src/44_abitools -I../../src/59_ionetcdf -I../../src/59_ionetcdf -I../../src/27_toolbox_oop -I../../src/27_toolbox_oop -I../../src/42_libpaw -I../../src/42_libpaw -I../../src/65_paw -I../../src/65_paw -I../../src/62_wvl_wfs -I../../src/62_wvl_wfs -I../../src/66_nonlocal -I../../src/66_nonlocal -I../../src/45_geomoptim -I../../src/45_geomoptim -I../../src/17_libtetra_ext -I../../src/17_libtetra_ext -I../../src/55_abiutil -I../../src/55_abiutil -I../../src/49_gw_toolbox_oop -I../../src/49_gw_toolbox_oop -I../../src/62_iowfdenpot -I../../src/62_iowfdenpot -I../../src/18_timing -I../../src/18_timing -I../../src/12_hide_mpi -I../../src/12_hide_mpi -I../../src/56_mixing -I../../src/56_mixing -I../../src/56_io_mpi -I../../src/56_io_mpi -I../../src/14_hidewrite -I../../src/14_hidewrite -I../../src/54_spacepar -I../../src/54_spacepar -I../../src/64_psp -I../../src/64_psp -I../../src/32_util -I../../src/32_util -I../../src/28_numeric_noabirule -I../../src/28_numeric_noabirule -I../../src/44_abitypes_defs -I../../src/44_abitypes_defs -I../../src/51_manage_mpi -I../../src/51_manage_mpi -I../../src/43_wvl_wrappers -I../../src/43_wvl_wrappers -I../../src/62_poisson -I../../src/62_poisson -I../../src/16_hideleave -I../../src/16_hideleave -I../../src/56_recipspace -I../../src/56_recipspace -I../../src/61_occeig -I../../src/61_occeig -I../../src/52_fft_mpi_noabirule -I../../src/52_fft_mpi_noabirule -I../../src/56_xc -I../../src/56_xc -I../../src/66_wfs -I../../src/66_wfs -I../../src/41_xc_lowlevel -I../../src/41_xc_lowlevel -I../../src/41_geometry -I../../src/41_geometry -I../../src/10_defs -I../../src/10_defs -I../../src/53_ffts -I../../src/53_ffts -I../../src/incs -I../../src/incs -I/tigress/xingz/abinit-8.10.2/fallbacks/exports/include   -free -module /tigress/xingz/abinit-8.10.2/src/mods -O3 -g -extend-source -noaltparam -nofpscomp   -c -o m_mklocl_realspace.o m_mklocl_realspace.F90
m_mklocl_realspace.F90(1683): warning #6843: A dummy argument with an explicit INTENT(OUT) declaration is not given an explicit value.   [FLOC]
&                           rho,pot,floc,wvl)
------------------------------------^
mpiifort -DHAVE_CONFIG_H -I. -I../..  -I../../src/66_vdwxc -I../../src/66_vdwxc -I../../src/44_abitools -I../../src/44_abitools -I../../src/59_ionetcdf -I../../src/59_ionetcdf -I../../src/27_toolbox_oop -I../../src/27_toolbox_oop -I../../src/42_libpaw -I../../src/42_libpaw -I../../src/65_paw -I../../src/65_paw -I../../src/62_wvl_wfs -I../../src/62_wvl_wfs -I../../src/66_nonlocal -I../../src/66_nonlocal -I../../src/45_geomoptim -I../../src/45_geomoptim -I../../src/17_libtetra_ext -I../../src/17_libtetra_ext -I../../src/55_abiutil -I../../src/55_abiutil -I../../src/49_gw_toolbox_oop -I../../src/49_gw_toolbox_oop -I../../src/62_iowfdenpot -I../../src/62_iowfdenpot -I../../src/18_timing -I../../src/18_timing -I../../src/12_hide_mpi -I../../src/12_hide_mpi -I../../src/56_mixing -I../../src/56_mixing -I../../src/56_io_mpi -I../../src/56_io_mpi -I../../src/14_hidewrite -I../../src/14_hidewrite -I../../src/54_spacepar -I../../src/54_spacepar -I../../src/64_psp -I../../src/64_psp -I../../src/32_util -I../../src/32_util -I../../src/28_numeric_noabirule -I../../src/28_numeric_noabirule -I../../src/44_abitypes_defs -I../../src/44_abitypes_defs -I../../src/51_manage_mpi -I../../src/51_manage_mpi -I../../src/43_wvl_wrappers -I../../src/43_wvl_wrappers -I../../src/62_poisson -I../../src/62_poisson -I../../src/16_hideleave -I../../src/16_hideleave -I../../src/56_recipspace -I../../src/56_recipspace -I../../src/61_occeig -I../../src/61_occeig -I../../src/52_fft_mpi_noabirule -I../../src/52_fft_mpi_noabirule -I../../src/56_xc -I../../src/56_xc -I../../src/66_wfs -I../../src/66_wfs -I../../src/41_xc_lowlevel -I../../src/41_xc_lowlevel -I../../src/41_geometry -I../../src/41_geometry -I../../src/10_defs -I../../src/10_defs -I../../src/53_ffts -I../../src/53_ffts -I../../src/incs -I../../src/incs -I/tigress/xingz/abinit-8.10.2/fallbacks/exports/include   -free -module /tigress/xingz/abinit-8.10.2/src/mods -O3 -g -extend-source -noaltparam -nofpscomp   -c -o m_mklocl.o m_mklocl.F90
mpiifort -DHAVE_CONFIG_H -I. -I../..  -I../../src/66_vdwxc -I../../src/66_vdwxc -I../../src/44_abitools -I../../src/44_abitools -I../../src/59_ionetcdf -I../../src/59_ionetcdf -I../../src/27_toolbox_oop -I../../src/27_toolbox_oop -I../../src/42_libpaw -I../../src/42_libpaw -I../../src/65_paw -I../../src/65_paw -I../../src/62_wvl_wfs -I../../src/62_wvl_wfs -I../../src/66_nonlocal -I../../src/66_nonlocal -I../../src/45_geomoptim -I../../src/45_geomoptim -I../../src/17_libtetra_ext -I../../src/17_libtetra_ext -I../../src/55_abiutil -I../../src/55_abiutil -I../../src/49_gw_toolbox_oop -I../../src/49_gw_toolbox_oop -I../../src/62_iowfdenpot -I../../src/62_iowfdenpot -I../../src/18_timing -I../../src/18_timing -I../../src/12_hide_mpi -I../../src/12_hide_mpi -I../../src/56_mixing -I../../src/56_mixing -I../../src/56_io_mpi -I../../src/56_io_mpi -I../../src/14_hidewrite -I../../src/14_hidewrite -I../../src/54_spacepar -I../../src/54_spacepar -I../../src/64_psp -I../../src/64_psp -I../../src/32_util -I../../src/32_util -I../../src/28_numeric_noabirule -I../../src/28_numeric_noabirule -I../../src/44_abitypes_defs -I../../src/44_abitypes_defs -I../../src/51_manage_mpi -I../../src/51_manage_mpi -I../../src/43_wvl_wrappers -I../../src/43_wvl_wrappers -I../../src/62_poisson -I../../src/62_poisson -I../../src/16_hideleave -I../../src/16_hideleave -I../../src/56_recipspace -I../../src/56_recipspace -I../../src/61_occeig -I../../src/61_occeig -I../../src/52_fft_mpi_noabirule -I../../src/52_fft_mpi_noabirule -I../../src/56_xc -I../../src/56_xc -I../../src/66_wfs -I../../src/66_wfs -I../../src/41_xc_lowlevel -I../../src/41_xc_lowlevel -I../../src/41_geometry -I../../src/41_geometry -I../../src/10_defs -I../../src/10_defs -I../../src/53_ffts -I../../src/53_ffts -I../../src/incs -I../../src/incs -I/tigress/xingz/abinit-8.10.2/fallbacks/exports/include   -free -module /tigress/xingz/abinit-8.10.2/src/mods -O3 -g -extend-source -noaltparam -nofpscomp   -c -o mkcore_wvl.o mkcore_wvl.F90
mkcore_wvl.F90(560): warning #6843: A dummy argument with an explicit INTENT(OUT) declaration is not given an explicit value.   [CORSTR]
subroutine mkcore_wvl_old(atindx1,corstr,dyfrx2,geocode,grxc,h,natom,&
----------------------------------^
mkcore_wvl.F90(115): warning #6843: A dummy argument with an explicit INTENT(OUT) declaration is not given an explicit value.   [CORSTR]
subroutine mkcore_wvl(atindx1,corstr,grxc,natom,nattyp,nfft,nspden,ntypat,n1xccc,n3xccc,option,&
------------------------------^
mkcore_wvl.F90(560): warning #6843: A dummy argument with an explicit INTENT(OUT) declaration is not given an explicit value.   [GRXC]
subroutine mkcore_wvl_old(atindx1,corstr,dyfrx2,geocode,grxc,h,natom,&
--------------------------------------------------------^
mkcore_wvl.F90(115): warning #6843: A dummy argument with an explicit INTENT(OUT) declaration is not given an explicit value.   [GRXC]
subroutine mkcore_wvl(atindx1,corstr,grxc,natom,nattyp,nfft,nspden,ntypat,n1xccc,n3xccc,option,&
-------------------------------------^
mkcore_wvl.F90(563): warning #6843: A dummy argument with an explicit INTENT(OUT) declaration is not given an explicit value.   [XCCC3D]
& vxc,xccc3d,xred,mpi_comm_wvl)
------^
mkcore_wvl.F90(560): warning #6843: A dummy argument with an explicit INTENT(OUT) declaration is not given an explicit value.   [DYFRX2]
subroutine mkcore_wvl_old(atindx1,corstr,dyfrx2,geocode,grxc,h,natom,&
-----------------------------------------^
mpiifort -DHAVE_CONFIG_H -I. -I../..  -I../../src/66_vdwxc -I../../src/66_vdwxc -I../../src/44_abitools -I../../src/44_abitools -I../../src/59_ionetcdf -I../../src/59_ionetcdf -I../../src/27_toolbox_oop -I../../src/27_toolbox_oop -I../../src/42_libpaw -I../../src/42_libpaw -I../../src/65_paw -I../../src/65_paw -I../../src/62_wvl_wfs -I../../src/62_wvl_wfs -I../../src/66_nonlocal -I../../src/66_nonlocal -I../../src/45_geomoptim -I../../src/45_geomoptim -I../../src/17_libtetra_ext -I../../src/17_libtetra_ext -I../../src/55_abiutil -I../../src/55_abiutil -I../../src/49_gw_toolbox_oop -I../../src/49_gw_toolbox_oop -I../../src/62_iowfdenpot -I../../src/62_iowfdenpot -I../../src/18_timing -I../../src/18_timing -I../../src/12_hide_mpi -I../../src/12_hide_mpi -I../../src/56_mixing -I../../src/56_mixing -I../../src/56_io_mpi -I../../src/56_io_mpi -I../../src/14_hidewrite -I../../src/14_hidewrite -I../../src/54_spacepar -I../../src/54_spacepar -I../../src/64_psp -I../../src/64_psp -I../../src/32_util -I../../src/32_util -I../../src/28_numeric_noabirule -I../../src/28_numeric_noabirule -I../../src/44_abitypes_defs -I../../src/44_abitypes_defs -I../../src/51_manage_mpi -I../../src/51_manage_mpi -I../../src/43_wvl_wrappers -I../../src/43_wvl_wrappers -I../../src/62_poisson -I../../src/62_poisson -I../../src/16_hideleave -I../../src/16_hideleave -I../../src/56_recipspace -I../../src/56_recipspace -I../../src/61_occeig -I../../src/61_occeig -I../../src/52_fft_mpi_noabirule -I../../src/52_fft_mpi_noabirule -I../../src/56_xc -I../../src/56_xc -I../../src/66_wfs -I../../src/66_wfs -I../../src/41_xc_lowlevel -I../../src/41_xc_lowlevel -I../../src/41_geometry -I../../src/41_geometry -I../../src/10_defs -I../../src/10_defs -I../../src/53_ffts -I../../src/53_ffts -I../../src/incs -I../../src/incs -I/tigress/xingz/abinit-8.10.2/fallbacks/exports/include   -free -module /tigress/xingz/abinit-8.10.2/src/mods -O3 -g -extend-source -noaltparam -nofpscomp   -c -o m_forces.o m_forces.F90
mpiifort -DHAVE_CONFIG_H -I. -I../..  -I../../src/66_vdwxc -I../../src/66_vdwxc -I../../src/44_abitools -I../../src/44_abitools -I../../src/59_ionetcdf -I../../src/59_ionetcdf -I../../src/27_toolbox_oop -I../../src/27_toolbox_oop -I../../src/42_libpaw -I../../src/42_libpaw -I../../src/65_paw -I../../src/65_paw -I../../src/62_wvl_wfs -I../../src/62_wvl_wfs -I../../src/66_nonlocal -I../../src/66_nonlocal -I../../src/45_geomoptim -I../../src/45_geomoptim -I../../src/17_libtetra_ext -I../../src/17_libtetra_ext -I../../src/55_abiutil -I../../src/55_abiutil -I../../src/49_gw_toolbox_oop -I../../src/49_gw_toolbox_oop -I../../src/62_iowfdenpot -I../../src/62_iowfdenpot -I../../src/18_timing -I../../src/18_timing -I../../src/12_hide_mpi -I../../src/12_hide_mpi -I../../src/56_mixing -I../../src/56_mixing -I../../src/56_io_mpi -I../../src/56_io_mpi -I../../src/14_hidewrite -I../../src/14_hidewrite -I../../src/54_spacepar -I../../src/54_spacepar -I../../src/64_psp -I../../src/64_psp -I../../src/32_util -I../../src/32_util -I../../src/28_numeric_noabirule -I../../src/28_numeric_noabirule -I../../src/44_abitypes_defs -I../../src/44_abitypes_defs -I../../src/51_manage_mpi -I../../src/51_manage_mpi -I../../src/43_wvl_wrappers -I../../src/43_wvl_wrappers -I../../src/62_poisson -I../../src/62_poisson -I../../src/16_hideleave -I../../src/16_hideleave -I../../src/56_recipspace -I../../src/56_recipspace -I../../src/61_occeig -I../../src/61_occeig -I../../src/52_fft_mpi_noabirule -I../../src/52_fft_mpi_noabirule -I../../src/56_xc -I../../src/56_xc -I../../src/66_wfs -I../../src/66_wfs -I../../src/41_xc_lowlevel -I../../src/41_xc_lowlevel -I../../src/41_geometry -I../../src/41_geometry -I../../src/10_defs -I../../src/10_defs -I../../src/53_ffts -I../../src/53_ffts -I../../src/incs -I../../src/incs -I/tigress/xingz/abinit-8.10.2/fallbacks/exports/include   -free -module /tigress/xingz/abinit-8.10.2/src/mods -O3 -g -extend-source -noaltparam -nofpscomp   -c -o m_stress.o m_stress.F90
mpiifort -DHAVE_CONFIG_H -I. -I../..  -I../../src/66_vdwxc -I../../src/66_vdwxc -I../../src/44_abitools -I../../src/44_abitools -I../../src/59_ionetcdf -I../../src/59_ionetcdf -I../../src/27_toolbox_oop -I../../src/27_toolbox_oop -I../../src/42_libpaw -I../../src/42_libpaw -I../../src/65_paw -I../../src/65_paw -I../../src/62_wvl_wfs -I../../src/62_wvl_wfs -I../../src/66_nonlocal -I../../src/66_nonlocal -I../../src/45_geomoptim -I../../src/45_geomoptim -I../../src/17_libtetra_ext -I../../src/17_libtetra_ext -I../../src/55_abiutil -I../../src/55_abiutil -I../../src/49_gw_toolbox_oop -I../../src/49_gw_toolbox_oop -I../../src/62_iowfdenpot -I../../src/62_iowfdenpot -I../../src/18_timing -I../../src/18_timing -I../../src/12_hide_mpi -I../../src/12_hide_mpi -I../../src/56_mixing -I../../src/56_mixing -I../../src/56_io_mpi -I../../src/56_io_mpi -I../../src/14_hidewrite -I../../src/14_hidewrite -I../../src/54_spacepar -I../../src/54_spacepar -I../../src/64_psp -I../../src/64_psp -I../../src/32_util -I../../src/32_util -I../../src/28_numeric_noabirule -I../../src/28_numeric_noabirule -I../../src/44_abitypes_defs -I../../src/44_abitypes_defs -I../../src/51_manage_mpi -I../../src/51_manage_mpi -I../../src/43_wvl_wrappers -I../../src/43_wvl_wrappers -I../../src/62_poisson -I../../src/62_poisson -I../../src/16_hideleave -I../../src/16_hideleave -I../../src/56_recipspace -I../../src/56_recipspace -I../../src/61_occeig -I../../src/61_occeig -I../../src/52_fft_mpi_noabirule -I../../src/52_fft_mpi_noabirule -I../../src/56_xc -I../../src/56_xc -I../../src/66_wfs -I../../src/66_wfs -I../../src/41_xc_lowlevel -I../../src/41_xc_lowlevel -I../../src/41_geometry -I../../src/41_geometry -I../../src/10_defs -I../../src/10_defs -I../../src/53_ffts -I../../src/53_ffts -I../../src/incs -I../../src/incs -I/tigress/xingz/abinit-8.10.2/fallbacks/exports/include   -free -module /tigress/xingz/abinit-8.10.2/src/mods -O3 -g -extend-source -noaltparam -nofpscomp   -c -o m_forstr.o m_forstr.F90
mpiifort -DHAVE_CONFIG_H -I. -I../..  -I../../src/66_vdwxc -I../../src/66_vdwxc -I../../src/44_abitools -I../../src/44_abitools -I../../src/59_ionetcdf -I../../src/59_ionetcdf -I../../src/27_toolbox_oop -I../../src/27_toolbox_oop -I../../src/42_libpaw -I../../src/42_libpaw -I../../src/65_paw -I../../src/65_paw -I../../src/62_wvl_wfs -I../../src/62_wvl_wfs -I../../src/66_nonlocal -I../../src/66_nonlocal -I../../src/45_geomoptim -I../../src/45_geomoptim -I../../src/17_libtetra_ext -I../../src/17_libtetra_ext -I../../src/55_abiutil -I../../src/55_abiutil -I../../src/49_gw_toolbox_oop -I../../src/49_gw_toolbox_oop -I../../src/62_iowfdenpot -I../../src/62_iowfdenpot -I../../src/18_timing -I../../src/18_timing -I../../src/12_hide_mpi -I../../src/12_hide_mpi -I../../src/56_mixing -I../../src/56_mixing -I../../src/56_io_mpi -I../../src/56_io_mpi -I../../src/14_hidewrite -I../../src/14_hidewrite -I../../src/54_spacepar -I../../src/54_spacepar -I../../src/64_psp -I../../src/64_psp -I../../src/32_util -I../../src/32_util -I../../src/28_numeric_noabirule -I../../src/28_numeric_noabirule -I../../src/44_abitypes_defs -I../../src/44_abitypes_defs -I../../src/51_manage_mpi -I../../src/51_manage_mpi -I../../src/43_wvl_wrappers -I../../src/43_wvl_wrappers -I../../src/62_poisson -I../../src/62_poisson -I../../src/16_hideleave -I../../src/16_hideleave -I../../src/56_recipspace -I../../src/56_recipspace -I../../src/61_occeig -I../../src/61_occeig -I../../src/52_fft_mpi_noabirule -I../../src/52_fft_mpi_noabirule -I../../src/56_xc -I../../src/56_xc -I../../src/66_wfs -I../../src/66_wfs -I../../src/41_xc_lowlevel -I../../src/41_xc_lowlevel -I../../src/41_geometry -I../../src/41_geometry -I../../src/10_defs -I../../src/10_defs -I../../src/53_ffts -I../../src/53_ffts -I../../src/incs -I../../src/incs -I/tigress/xingz/abinit-8.10.2/fallbacks/exports/include   -free -module /tigress/xingz/abinit-8.10.2/src/mods -O3 -g -extend-source -noaltparam -nofpscomp   -c -o m_cgwf.o m_cgwf.F90
mpiifort -DHAVE_CONFIG_H -I. -I../..  -I../../src/66_vdwxc -I../../src/66_vdwxc -I../../src/44_abitools -I../../src/44_abitools -I../../src/59_ionetcdf -I../../src/59_ionetcdf -I../../src/27_toolbox_oop -I../../src/27_toolbox_oop -I../../src/42_libpaw -I../../src/42_libpaw -I../../src/65_paw -I../../src/65_paw -I../../src/62_wvl_wfs -I../../src/62_wvl_wfs -I../../src/66_nonlocal -I../../src/66_nonlocal -I../../src/45_geomoptim -I../../src/45_geomoptim -I../../src/17_libtetra_ext -I../../src/17_libtetra_ext -I../../src/55_abiutil -I../../src/55_abiutil -I../../src/49_gw_toolbox_oop -I../../src/49_gw_toolbox_oop -I../../src/62_iowfdenpot -I../../src/62_iowfdenpot -I../../src/18_timing -I../../src/18_timing -I../../src/12_hide_mpi -I../../src/12_hide_mpi -I../../src/56_mixing -I../../src/56_mixing -I../../src/56_io_mpi -I../../src/56_io_mpi -I../../src/14_hidewrite -I../../src/14_hidewrite -I../../src/54_spacepar -I../../src/54_spacepar -I../../src/64_psp -I../../src/64_psp -I../../src/32_util -I../../src/32_util -I../../src/28_numeric_noabirule -I../../src/28_numeric_noabirule -I../../src/44_abitypes_defs -I../../src/44_abitypes_defs -I../../src/51_manage_mpi -I../../src/51_manage_mpi -I../../src/43_wvl_wrappers -I../../src/43_wvl_wrappers -I../../src/62_poisson -I../../src/62_poisson -I../../src/16_hideleave -I../../src/16_hideleave -I../../src/56_recipspace -I../../src/56_recipspace -I../../src/61_occeig -I../../src/61_occeig -I../../src/52_fft_mpi_noabirule -I../../src/52_fft_mpi_noabirule -I../../src/56_xc -I../../src/56_xc -I../../src/66_wfs -I../../src/66_wfs -I../../src/41_xc_lowlevel -I../../src/41_xc_lowlevel -I../../src/41_geometry -I../../src/41_geometry -I../../src/10_defs -I../../src/10_defs -I../../src/53_ffts -I../../src/53_ffts -I../../src/incs -I../../src/incs -I/tigress/xingz/abinit-8.10.2/fallbacks/exports/include   -free -module /tigress/xingz/abinit-8.10.2/src/mods -O3 -g -extend-source -noaltparam -nofpscomp   -c -o m_epjdos.o m_epjdos.F90
mpiifort -DHAVE_CONFIG_H -I. -I../..  -I../../src/66_vdwxc -I../../src/66_vdwxc -I../../src/44_abitools -I../../src/44_abitools -I../../src/59_ionetcdf -I../../src/59_ionetcdf -I../../src/27_toolbox_oop -I../../src/27_toolbox_oop -I../../src/42_libpaw -I../../src/42_libpaw -I../../src/65_paw -I../../src/65_paw -I../../src/62_wvl_wfs -I../../src/62_wvl_wfs -I../../src/66_nonlocal -I../../src/66_nonlocal -I../../src/45_geomoptim -I../../src/45_geomoptim -I../../src/17_libtetra_ext -I../../src/17_libtetra_ext -I../../src/55_abiutil -I../../src/55_abiutil -I../../src/49_gw_toolbox_oop -I../../src/49_gw_toolbox_oop -I../../src/62_iowfdenpot -I../../src/62_iowfdenpot -I../../src/18_timing -I../../src/18_timing -I../../src/12_hide_mpi -I../../src/12_hide_mpi -I../../src/56_mixing -I../../src/56_mixing -I../../src/56_io_mpi -I../../src/56_io_mpi -I../../src/14_hidewrite -I../../src/14_hidewrite -I../../src/54_spacepar -I../../src/54_spacepar -I../../src/64_psp -I../../src/64_psp -I../../src/32_util -I../../src/32_util -I../../src/28_numeric_noabirule -I../../src/28_numeric_noabirule -I../../src/44_abitypes_defs -I../../src/44_abitypes_defs -I../../src/51_manage_mpi -I../../src/51_manage_mpi -I../../src/43_wvl_wrappers -I../../src/43_wvl_wrappers -I../../src/62_poisson -I../../src/62_poisson -I../../src/16_hideleave -I../../src/16_hideleave -I../../src/56_recipspace -I../../src/56_recipspace -I../../src/61_occeig -I../../src/61_occeig -I../../src/52_fft_mpi_noabirule -I../../src/52_fft_mpi_noabirule -I../../src/56_xc -I../../src/56_xc -I../../src/66_wfs -I../../src/66_wfs -I../../src/41_xc_lowlevel -I../../src/41_xc_lowlevel -I../../src/41_geometry -I../../src/41_geometry -I../../src/10_defs -I../../src/10_defs -I../../src/53_ffts -I../../src/53_ffts -I../../src/incs -I../../src/incs -I/tigress/xingz/abinit-8.10.2/fallbacks/exports/include   -free -module /tigress/xingz/abinit-8.10.2/src/mods -O3 -g -extend-source -noaltparam -nofpscomp   -c -o m_ksdiago.o m_ksdiago.F90
mpiifort -DHAVE_CONFIG_H -I. -I../..  -I../../src/66_vdwxc -I../../src/66_vdwxc -I../../src/44_abitools -I../../src/44_abitools -I../../src/59_ionetcdf -I../../src/59_ionetcdf -I../../src/27_toolbox_oop -I../../src/27_toolbox_oop -I../../src/42_libpaw -I../../src/42_libpaw -I../../src/65_paw -I../../src/65_paw -I../../src/62_wvl_wfs -I../../src/62_wvl_wfs -I../../src/66_nonlocal -I../../src/66_nonlocal -I../../src/45_geomoptim -I../../src/45_geomoptim -I../../src/17_libtetra_ext -I../../src/17_libtetra_ext -I../../src/55_abiutil -I../../src/55_abiutil -I../../src/49_gw_toolbox_oop -I../../src/49_gw_toolbox_oop -I../../src/62_iowfdenpot -I../../src/62_iowfdenpot -I../../src/18_timing -I../../src/18_timing -I../../src/12_hide_mpi -I../../src/12_hide_mpi -I../../src/56_mixing -I../../src/56_mixing -I../../src/56_io_mpi -I../../src/56_io_mpi -I../../src/14_hidewrite -I../../src/14_hidewrite -I../../src/54_spacepar -I../../src/54_spacepar -I../../src/64_psp -I../../src/64_psp -I../../src/32_util -I../../src/32_util -I../../src/28_numeric_noabirule -I../../src/28_numeric_noabirule -I../../src/44_abitypes_defs -I../../src/44_abitypes_defs -I../../src/51_manage_mpi -I../../src/51_manage_mpi -I../../src/43_wvl_wrappers -I../../src/43_wvl_wrappers -I../../src/62_poisson -I../../src/62_poisson -I../../src/16_hideleave -I../../src/16_hideleave -I../../src/56_recipspace -I../../src/56_recipspace -I../../src/61_occeig -I../../src/61_occeig -I../../src/52_fft_mpi_noabirule -I../../src/52_fft_mpi_noabirule -I../../src/56_xc -I../../src/56_xc -I../../src/66_wfs -I../../src/66_wfs -I../../src/41_xc_lowlevel -I../../src/41_xc_lowlevel -I../../src/41_geometry -I../../src/41_geometry -I../../src/10_defs -I../../src/10_defs -I../../src/53_ffts -I../../src/53_ffts -I../../src/incs -I../../src/incs -I/tigress/xingz/abinit-8.10.2/fallbacks/exports/include   -free -module /tigress/xingz/abinit-8.10.2/src/mods -O3 -g -extend-source -noaltparam -nofpscomp   -c -o m_nucprop.o m_nucprop.F90
mpiifort -DHAVE_CONFIG_H -I. -I../..  -I../../src/66_vdwxc -I../../src/66_vdwxc -I../../src/44_abitools -I../../src/44_abitools -I../../src/59_ionetcdf -I../../src/59_ionetcdf -I../../src/27_toolbox_oop -I../../src/27_toolbox_oop -I../../src/42_libpaw -I../../src/42_libpaw -I../../src/65_paw -I../../src/65_paw -I../../src/62_wvl_wfs -I../../src/62_wvl_wfs -I../../src/66_nonlocal -I../../src/66_nonlocal -I../../src/45_geomoptim -I../../src/45_geomoptim -I../../src/17_libtetra_ext -I../../src/17_libtetra_ext -I../../src/55_abiutil -I../../src/55_abiutil -I../../src/49_gw_toolbox_oop -I../../src/49_gw_toolbox_oop -I../../src/62_iowfdenpot -I../../src/62_iowfdenpot -I../../src/18_timing -I../../src/18_timing -I../../src/12_hide_mpi -I../../src/12_hide_mpi -I../../src/56_mixing -I../../src/56_mixing -I../../src/56_io_mpi -I../../src/56_io_mpi -I../../src/14_hidewrite -I../../src/14_hidewrite -I../../src/54_spacepar -I../../src/54_spacepar -I../../src/64_psp -I../../src/64_psp -I../../src/32_util -I../../src/32_util -I../../src/28_numeric_noabirule -I../../src/28_numeric_noabirule -I../../src/44_abitypes_defs -I../../src/44_abitypes_defs -I../../src/51_manage_mpi -I../../src/51_manage_mpi -I../../src/43_wvl_wrappers -I../../src/43_wvl_wrappers -I../../src/62_poisson -I../../src/62_poisson -I../../src/16_hideleave -I../../src/16_hideleave -I../../src/56_recipspace -I../../src/56_recipspace -I../../src/61_occeig -I../../src/61_occeig -I../../src/52_fft_mpi_noabirule -I../../src/52_fft_mpi_noabirule -I../../src/56_xc -I../../src/56_xc -I../../src/66_wfs -I../../src/66_wfs -I../../src/41_xc_lowlevel -I../../src/41_xc_lowlevel -I../../src/41_geometry -I../../src/41_geometry -I../../src/10_defs -I../../src/10_defs -I../../src/53_ffts -I../../src/53_ffts -I../../src/incs -I../../src/incs -I/tigress/xingz/abinit-8.10.2/fallbacks/exports/include   -free -module /tigress/xingz/abinit-8.10.2/src/mods -O3 -g -extend-source -noaltparam -nofpscomp   -c -o m_ioarr.o m_ioarr.F90
mpiifort -DHAVE_CONFIG_H -I. -I../..  -I../../src/66_vdwxc -I../../src/66_vdwxc -I../../src/44_abitools -I../../src/44_abitools -I../../src/59_ionetcdf -I../../src/59_ionetcdf -I../../src/27_toolbox_oop -I../../src/27_toolbox_oop -I../../src/42_libpaw -I../../src/42_libpaw -I../../src/65_paw -I../../src/65_paw -I../../src/62_wvl_wfs -I../../src/62_wvl_wfs -I../../src/66_nonlocal -I../../src/66_nonlocal -I../../src/45_geomoptim -I../../src/45_geomoptim -I../../src/17_libtetra_ext -I../../src/17_libtetra_ext -I../../src/55_abiutil -I../../src/55_abiutil -I../../src/49_gw_toolbox_oop -I../../src/49_gw_toolbox_oop -I../../src/62_iowfdenpot -I../../src/62_iowfdenpot -I../../src/18_timing -I../../src/18_timing -I../../src/12_hide_mpi -I../../src/12_hide_mpi -I../../src/56_mixing -I../../src/56_mixing -I../../src/56_io_mpi -I../../src/56_io_mpi -I../../src/14_hidewrite -I../../src/14_hidewrite -I../../src/54_spacepar -I../../src/54_spacepar -I../../src/64_psp -I../../src/64_psp -I../../src/32_util -I../../src/32_util -I../../src/28_numeric_noabirule -I../../src/28_numeric_noabirule -I../../src/44_abitypes_defs -I../../src/44_abitypes_defs -I../../src/51_manage_mpi -I../../src/51_manage_mpi -I../../src/43_wvl_wrappers -I../../src/43_wvl_wrappers -I../../src/62_poisson -I../../src/62_poisson -I../../src/16_hideleave -I../../src/16_hideleave -I../../src/56_recipspace -I../../src/56_recipspace -I../../src/61_occeig -I../../src/61_occeig -I../../src/52_fft_mpi_noabirule -I../../src/52_fft_mpi_noabirule -I../../src/56_xc -I../../src/56_xc -I../../src/66_wfs -I../../src/66_wfs -I../../src/41_xc_lowlevel -I../../src/41_xc_lowlevel -I../../src/41_geometry -I../../src/41_geometry -I../../src/10_defs -I../../src/10_defs -I../../src/53_ffts -I../../src/53_ffts -I../../src/incs -I../../src/incs -I/tigress/xingz/abinit-8.10.2/fallbacks/exports/include   -free -module /tigress/xingz/abinit-8.10.2/src/mods -O3 -g -extend-source -noaltparam -nofpscomp   -c -o m_eprenorms.o m_eprenorms.F90
mpiifort -DHAVE_CONFIG_H -I. -I../..  -I../../src/66_vdwxc -I../../src/66_vdwxc -I../../src/44_abitools -I../../src/44_abitools -I../../src/59_ionetcdf -I../../src/59_ionetcdf -I../../src/27_toolbox_oop -I../../src/27_toolbox_oop -I../../src/42_libpaw -I../../src/42_libpaw -I../../src/65_paw -I../../src/65_paw -I../../src/62_wvl_wfs -I../../src/62_wvl_wfs -I../../src/66_nonlocal -I../../src/66_nonlocal -I../../src/45_geomoptim -I../../src/45_geomoptim -I../../src/17_libtetra_ext -I../../src/17_libtetra_ext -I../../src/55_abiutil -I../../src/55_abiutil -I../../src/49_gw_toolbox_oop -I../../src/49_gw_toolbox_oop -I../../src/62_iowfdenpot -I../../src/62_iowfdenpot -I../../src/18_timing -I../../src/18_timing -I../../src/12_hide_mpi -I../../src/12_hide_mpi -I../../src/56_mixing -I../../src/56_mixing -I../../src/56_io_mpi -I../../src/56_io_mpi -I../../src/14_hidewrite -I../../src/14_hidewrite -I../../src/54_spacepar -I../../src/54_spacepar -I../../src/64_psp -I../../src/64_psp -I../../src/32_util -I../../src/32_util -I../../src/28_numeric_noabirule -I../../src/28_numeric_noabirule -I../../src/44_abitypes_defs -I../../src/44_abitypes_defs -I../../src/51_manage_mpi -I../../src/51_manage_mpi -I../../src/43_wvl_wrappers -I../../src/43_wvl_wrappers -I../../src/62_poisson -I../../src/62_poisson -I../../src/16_hideleave -I../../src/16_hideleave -I../../src/56_recipspace -I../../src/56_recipspace -I../../src/61_occeig -I../../src/61_occeig -I../../src/52_fft_mpi_noabirule -I../../src/52_fft_mpi_noabirule -I../../src/56_xc -I../../src/56_xc -I../../src/66_wfs -I../../src/66_wfs -I../../src/41_xc_lowlevel -I../../src/41_xc_lowlevel -I../../src/41_geometry -I../../src/41_geometry -I../../src/10_defs -I../../src/10_defs -I../../src/53_ffts -I../../src/53_ffts -I../../src/incs -I../../src/incs -I/tigress/xingz/abinit-8.10.2/fallbacks/exports/include   -free -module /tigress/xingz/abinit-8.10.2/src/mods -O3 -g -extend-source -noaltparam -nofpscomp   -c -o m_vcoul.o m_vcoul.F90
mpiifort -DHAVE_CONFIG_H -I. -I../..  -I../../src/66_vdwxc -I../../src/66_vdwxc -I../../src/44_abitools -I../../src/44_abitools -I../../src/59_ionetcdf -I../../src/59_ionetcdf -I../../src/27_toolbox_oop -I../../src/27_toolbox_oop -I../../src/42_libpaw -I../../src/42_libpaw -I../../src/65_paw -I../../src/65_paw -I../../src/62_wvl_wfs -I../../src/62_wvl_wfs -I../../src/66_nonlocal -I../../src/66_nonlocal -I../../src/45_geomoptim -I../../src/45_geomoptim -I../../src/17_libtetra_ext -I../../src/17_libtetra_ext -I../../src/55_abiutil -I../../src/55_abiutil -I../../src/49_gw_toolbox_oop -I../../src/49_gw_toolbox_oop -I../../src/62_iowfdenpot -I../../src/62_iowfdenpot -I../../src/18_timing -I../../src/18_timing -I../../src/12_hide_mpi -I../../src/12_hide_mpi -I../../src/56_mixing -I../../src/56_mixing -I../../src/56_io_mpi -I../../src/56_io_mpi -I../../src/14_hidewrite -I../../src/14_hidewrite -I../../src/54_spacepar -I../../src/54_spacepar -I../../src/64_psp -I../../src/64_psp -I../../src/32_util -I../../src/32_util -I../../src/28_numeric_noabirule -I../../src/28_numeric_noabirule -I../../src/44_abitypes_defs -I../../src/44_abitypes_defs -I../../src/51_manage_mpi -I../../src/51_manage_mpi -I../../src/43_wvl_wrappers -I../../src/43_wvl_wrappers -I../../src/62_poisson -I../../src/62_poisson -I../../src/16_hideleave -I../../src/16_hideleave -I../../src/56_recipspace -I../../src/56_recipspace -I../../src/61_occeig -I../../src/61_occeig -I../../src/52_fft_mpi_noabirule -I../../src/52_fft_mpi_noabirule -I../../src/56_xc -I../../src/56_xc -I../../src/66_wfs -I../../src/66_wfs -I../../src/41_xc_lowlevel -I../../src/41_xc_lowlevel -I../../src/41_geometry -I../../src/41_geometry -I../../src/10_defs -I../../src/10_defs -I../../src/53_ffts -I../../src/53_ffts -I../../src/incs -I../../src/incs -I/tigress/xingz/abinit-8.10.2/fallbacks/exports/include   -free -module /tigress/xingz/abinit-8.10.2/src/mods -O3 -g -extend-source -noaltparam -nofpscomp   -c -o m_odamix.o m_odamix.F90
mpiifort -DHAVE_CONFIG_H -I. -I../..  -I../../src/66_vdwxc -I../../src/66_vdwxc -I../../src/44_abitools -I../../src/44_abitools -I../../src/59_ionetcdf -I../../src/59_ionetcdf -I../../src/27_toolbox_oop -I../../src/27_toolbox_oop -I../../src/42_libpaw -I../../src/42_libpaw -I../../src/65_paw -I../../src/65_paw -I../../src/62_wvl_wfs -I../../src/62_wvl_wfs -I../../src/66_nonlocal -I../../src/66_nonlocal -I../../src/45_geomoptim -I../../src/45_geomoptim -I../../src/17_libtetra_ext -I../../src/17_libtetra_ext -I../../src/55_abiutil -I../../src/55_abiutil -I../../src/49_gw_toolbox_oop -I../../src/49_gw_toolbox_oop -I../../src/62_iowfdenpot -I../../src/62_iowfdenpot -I../../src/18_timing -I../../src/18_timing -I../../src/12_hide_mpi -I../../src/12_hide_mpi -I../../src/56_mixing -I../../src/56_mixing -I../../src/56_io_mpi -I../../src/56_io_mpi -I../../src/14_hidewrite -I../../src/14_hidewrite -I../../src/54_spacepar -I../../src/54_spacepar -I../../src/64_psp -I../../src/64_psp -I../../src/32_util -I../../src/32_util -I../../src/28_numeric_noabirule -I../../src/28_numeric_noabirule -I../../src/44_abitypes_defs -I../../src/44_abitypes_defs -I../../src/51_manage_mpi -I../../src/51_manage_mpi -I../../src/43_wvl_wrappers -I../../src/43_wvl_wrappers -I../../src/62_poisson -I../../src/62_poisson -I../../src/16_hideleave -I../../src/16_hideleave -I../../src/56_recipspace -I../../src/56_recipspace -I../../src/61_occeig -I../../src/61_occeig -I../../src/52_fft_mpi_noabirule -I../../src/52_fft_mpi_noabirule -I../../src/56_xc -I../../src/56_xc -I../../src/66_wfs -I../../src/66_wfs -I../../src/41_xc_lowlevel -I../../src/41_xc_lowlevel -I../../src/41_geometry -I../../src/41_geometry -I../../src/10_defs -I../../src/10_defs -I../../src/53_ffts -I../../src/53_ffts -I../../src/incs -I../../src/incs -I/tigress/xingz/abinit-8.10.2/fallbacks/exports/include   -free -module /tigress/xingz/abinit-8.10.2/src/mods -O3 -g -extend-source -noaltparam -nofpscomp   -c -o m_optics_vloc.o m_optics_vloc.F90
mpiifort -DHAVE_CONFIG_H -I. -I../..  -I../../src/66_vdwxc -I../../src/66_vdwxc -I../../src/44_abitools -I../../src/44_abitools -I../../src/59_ionetcdf -I../../src/59_ionetcdf -I../../src/27_toolbox_oop -I../../src/27_toolbox_oop -I../../src/42_libpaw -I../../src/42_libpaw -I../../src/65_paw -I../../src/65_paw -I../../src/62_wvl_wfs -I../../src/62_wvl_wfs -I../../src/66_nonlocal -I../../src/66_nonlocal -I../../src/45_geomoptim -I../../src/45_geomoptim -I../../src/17_libtetra_ext -I../../src/17_libtetra_ext -I../../src/55_abiutil -I../../src/55_abiutil -I../../src/49_gw_toolbox_oop -I../../src/49_gw_toolbox_oop -I../../src/62_iowfdenpot -I../../src/62_iowfdenpot -I../../src/18_timing -I../../src/18_timing -I../../src/12_hide_mpi -I../../src/12_hide_mpi -I../../src/56_mixing -I../../src/56_mixing -I../../src/56_io_mpi -I../../src/56_io_mpi -I../../src/14_hidewrite -I../../src/14_hidewrite -I../../src/54_spacepar -I../../src/54_spacepar -I../../src/64_psp -I../../src/64_psp -I../../src/32_util -I../../src/32_util -I../../src/28_numeric_noabirule -I../../src/28_numeric_noabirule -I../../src/44_abitypes_defs -I../../src/44_abitypes_defs -I../../src/51_manage_mpi -I../../src/51_manage_mpi -I../../src/43_wvl_wrappers -I../../src/43_wvl_wrappers -I../../src/62_poisson -I../../src/62_poisson -I../../src/16_hideleave -I../../src/16_hideleave -I../../src/56_recipspace -I../../src/56_recipspace -I../../src/61_occeig -I../../src/61_occeig -I../../src/52_fft_mpi_noabirule -I../../src/52_fft_mpi_noabirule -I../../src/56_xc -I../../src/56_xc -I../../src/66_wfs -I../../src/66_wfs -I../../src/41_xc_lowlevel -I../../src/41_xc_lowlevel -I../../src/41_geometry -I../../src/41_geometry -I../../src/10_defs -I../../src/10_defs -I../../src/53_ffts -I../../src/53_ffts -I../../src/incs -I../../src/incs -I/tigress/xingz/abinit-8.10.2/fallbacks/exports/include   -free -module /tigress/xingz/abinit-8.10.2/src/mods -O3 -g -extend-source -noaltparam -nofpscomp   -c -o m_orbmag.o m_orbmag.F90
mpiifort -DHAVE_CONFIG_H -I. -I../..  -I../../src/66_vdwxc -I../../src/66_vdwxc -I../../src/44_abitools -I../../src/44_abitools -I../../src/59_ionetcdf -I../../src/59_ionetcdf -I../../src/27_toolbox_oop -I../../src/27_toolbox_oop -I../../src/42_libpaw -I../../src/42_libpaw -I../../src/65_paw -I../../src/65_paw -I../../src/62_wvl_wfs -I../../src/62_wvl_wfs -I../../src/66_nonlocal -I../../src/66_nonlocal -I../../src/45_geomoptim -I../../src/45_geomoptim -I../../src/17_libtetra_ext -I../../src/17_libtetra_ext -I../../src/55_abiutil -I../../src/55_abiutil -I../../src/49_gw_toolbox_oop -I../../src/49_gw_toolbox_oop -I../../src/62_iowfdenpot -I../../src/62_iowfdenpot -I../../src/18_timing -I../../src/18_timing -I../../src/12_hide_mpi -I../../src/12_hide_mpi -I../../src/56_mixing -I../../src/56_mixing -I../../src/56_io_mpi -I../../src/56_io_mpi -I../../src/14_hidewrite -I../../src/14_hidewrite -I../../src/54_spacepar -I../../src/54_spacepar -I../../src/64_psp -I../../src/64_psp -I../../src/32_util -I../../src/32_util -I../../src/28_numeric_noabirule -I../../src/28_numeric_noabirule -I../../src/44_abitypes_defs -I../../src/44_abitypes_defs -I../../src/51_manage_mpi -I../../src/51_manage_mpi -I../../src/43_wvl_wrappers -I../../src/43_wvl_wrappers -I../../src/62_poisson -I../../src/62_poisson -I../../src/16_hideleave -I../../src/16_hideleave -I../../src/56_recipspace -I../../src/56_recipspace -I../../src/61_occeig -I../../src/61_occeig -I../../src/52_fft_mpi_noabirule -I../../src/52_fft_mpi_noabirule -I../../src/56_xc -I../../src/56_xc -I../../src/66_wfs -I../../src/66_wfs -I../../src/41_xc_lowlevel -I../../src/41_xc_lowlevel -I../../src/41_geometry -I../../src/41_geometry -I../../src/10_defs -I../../src/10_defs -I../../src/53_ffts -I../../src/53_ffts -I../../src/incs -I../../src/incs -I/tigress/xingz/abinit-8.10.2/fallbacks/exports/include   -free -module /tigress/xingz/abinit-8.10.2/src/mods -O3 -g -extend-source -noaltparam -nofpscomp   -c -o m_rhotov.o m_rhotov.F90
mpiifort -DHAVE_CONFIG_H -I. -I../..  -I../../src/66_vdwxc -I../../src/66_vdwxc -I../../src/44_abitools -I../../src/44_abitools -I../../src/59_ionetcdf -I../../src/59_ionetcdf -I../../src/27_toolbox_oop -I../../src/27_toolbox_oop -I../../src/42_libpaw -I../../src/42_libpaw -I../../src/65_paw -I../../src/65_paw -I../../src/62_wvl_wfs -I../../src/62_wvl_wfs -I../../src/66_nonlocal -I../../src/66_nonlocal -I../../src/45_geomoptim -I../../src/45_geomoptim -I../../src/17_libtetra_ext -I../../src/17_libtetra_ext -I../../src/55_abiutil -I../../src/55_abiutil -I../../src/49_gw_toolbox_oop -I../../src/49_gw_toolbox_oop -I../../src/62_iowfdenpot -I../../src/62_iowfdenpot -I../../src/18_timing -I../../src/18_timing -I../../src/12_hide_mpi -I../../src/12_hide_mpi -I../../src/56_mixing -I../../src/56_mixing -I../../src/56_io_mpi -I../../src/56_io_mpi -I../../src/14_hidewrite -I../../src/14_hidewrite -I../../src/54_spacepar -I../../src/54_spacepar -I../../src/64_psp -I../../src/64_psp -I../../src/32_util -I../../src/32_util -I../../src/28_numeric_noabirule -I../../src/28_numeric_noabirule -I../../src/44_abitypes_defs -I../../src/44_abitypes_defs -I../../src/51_manage_mpi -I../../src/51_manage_mpi -I../../src/43_wvl_wrappers -I../../src/43_wvl_wrappers -I../../src/62_poisson -I../../src/62_poisson -I../../src/16_hideleave -I../../src/16_hideleave -I../../src/56_recipspace -I../../src/56_recipspace -I../../src/61_occeig -I../../src/61_occeig -I../../src/52_fft_mpi_noabirule -I../../src/52_fft_mpi_noabirule -I../../src/56_xc -I../../src/56_xc -I../../src/66_wfs -I../../src/66_wfs -I../../src/41_xc_lowlevel -I../../src/41_xc_lowlevel -I../../src/41_geometry -I../../src/41_geometry -I../../src/10_defs -I../../src/10_defs -I../../src/53_ffts -I../../src/53_ffts -I../../src/incs -I../../src/incs -I/tigress/xingz/abinit-8.10.2/fallbacks/exports/include   -free -module /tigress/xingz/abinit-8.10.2/src/mods -O3 -g -extend-source -noaltparam -nofpscomp   -c -o m_common.o m_common.F90
mpiifort -DHAVE_CONFIG_H -I. -I../..  -I../../src/66_vdwxc -I../../src/66_vdwxc -I../../src/44_abitools -I../../src/44_abitools -I../../src/59_ionetcdf -I../../src/59_ionetcdf -I../../src/27_toolbox_oop -I../../src/27_toolbox_oop -I../../src/42_libpaw -I../../src/42_libpaw -I../../src/65_paw -I../../src/65_paw -I../../src/62_wvl_wfs -I../../src/62_wvl_wfs -I../../src/66_nonlocal -I../../src/66_nonlocal -I../../src/45_geomoptim -I../../src/45_geomoptim -I../../src/17_libtetra_ext -I../../src/17_libtetra_ext -I../../src/55_abiutil -I../../src/55_abiutil -I../../src/49_gw_toolbox_oop -I../../src/49_gw_toolbox_oop -I../../src/62_iowfdenpot -I../../src/62_iowfdenpot -I../../src/18_timing -I../../src/18_timing -I../../src/12_hide_mpi -I../../src/12_hide_mpi -I../../src/56_mixing -I../../src/56_mixing -I../../src/56_io_mpi -I../../src/56_io_mpi -I../../src/14_hidewrite -I../../src/14_hidewrite -I../../src/54_spacepar -I../../src/54_spacepar -I../../src/64_psp -I../../src/64_psp -I../../src/32_util -I../../src/32_util -I../../src/28_numeric_noabirule -I../../src/28_numeric_noabirule -I../../src/44_abitypes_defs -I../../src/44_abitypes_defs -I../../src/51_manage_mpi -I../../src/51_manage_mpi -I../../src/43_wvl_wrappers -I../../src/43_wvl_wrappers -I../../src/62_poisson -I../../src/62_poisson -I../../src/16_hideleave -I../../src/16_hideleave -I../../src/56_recipspace -I../../src/56_recipspace -I../../src/61_occeig -I../../src/61_occeig -I../../src/52_fft_mpi_noabirule -I../../src/52_fft_mpi_noabirule -I../../src/56_xc -I../../src/56_xc -I../../src/66_wfs -I../../src/66_wfs -I../../src/41_xc_lowlevel -I../../src/41_xc_lowlevel -I../../src/41_geometry -I../../src/41_geometry -I../../src/10_defs -I../../src/10_defs -I../../src/53_ffts -I../../src/53_ffts -I../../src/incs -I../../src/incs -I/tigress/xingz/abinit-8.10.2/fallbacks/exports/include   -free -module /tigress/xingz/abinit-8.10.2/src/mods -O3 -g -extend-source -noaltparam -nofpscomp   -c -o m_positron.o m_positron.F90
mpiifort -DHAVE_CONFIG_H -I. -I../..  -I../../src/66_vdwxc -I../../src/66_vdwxc -I../../src/44_abitools -I../../src/44_abitools -I../../src/59_ionetcdf -I../../src/59_ionetcdf -I../../src/27_toolbox_oop -I../../src/27_toolbox_oop -I../../src/42_libpaw -I../../src/42_libpaw -I../../src/65_paw -I../../src/65_paw -I../../src/62_wvl_wfs -I../../src/62_wvl_wfs -I../../src/66_nonlocal -I../../src/66_nonlocal -I../../src/45_geomoptim -I../../src/45_geomoptim -I../../src/17_libtetra_ext -I../../src/17_libtetra_ext -I../../src/55_abiutil -I../../src/55_abiutil -I../../src/49_gw_toolbox_oop -I../../src/49_gw_toolbox_oop -I../../src/62_iowfdenpot -I../../src/62_iowfdenpot -I../../src/18_timing -I../../src/18_timing -I../../src/12_hide_mpi -I../../src/12_hide_mpi -I../../src/56_mixing -I../../src/56_mixing -I../../src/56_io_mpi -I../../src/56_io_mpi -I../../src/14_hidewrite -I../../src/14_hidewrite -I../../src/54_spacepar -I../../src/54_spacepar -I../../src/64_psp -I../../src/64_psp -I../../src/32_util -I../../src/32_util -I../../src/28_numeric_noabirule -I../../src/28_numeric_noabirule -I../../src/44_abitypes_defs -I../../src/44_abitypes_defs -I../../src/51_manage_mpi -I../../src/51_manage_mpi -I../../src/43_wvl_wrappers -I../../src/43_wvl_wrappers -I../../src/62_poisson -I../../src/62_poisson -I../../src/16_hideleave -I../../src/16_hideleave -I../../src/56_recipspace -I../../src/56_recipspace -I../../src/61_occeig -I../../src/61_occeig -I../../src/52_fft_mpi_noabirule -I../../src/52_fft_mpi_noabirule -I../../src/56_xc -I../../src/56_xc -I../../src/66_wfs -I../../src/66_wfs -I../../src/41_xc_lowlevel -I../../src/41_xc_lowlevel -I../../src/41_geometry -I../../src/41_geometry -I../../src/10_defs -I../../src/10_defs -I../../src/53_ffts -I../../src/53_ffts -I../../src/incs -I../../src/incs -I/tigress/xingz/abinit-8.10.2/fallbacks/exports/include   -free -module /tigress/xingz/abinit-8.10.2/src/mods -O3 -g -extend-source -noaltparam -nofpscomp   -c -o m_setvtr.o m_setvtr.F90
m_setvtr.F90(1061): warning #6843: A dummy argument with an explicit INTENT(OUT) declaration is not given an explicit value.   [EEW]
subroutine ionion_surface(dtset, eew, grewtn, me, nproc, rprimd, wvl, wvl_den, xred)
---------------------------------^
mpiifort -DHAVE_CONFIG_H -I. -I../..  -I../../src/66_vdwxc -I../../src/66_vdwxc -I../../src/44_abitools -I../../src/44_abitools -I../../src/59_ionetcdf -I../../src/59_ionetcdf -I../../src/27_toolbox_oop -I../../src/27_toolbox_oop -I../../src/42_libpaw -I../../src/42_libpaw -I../../src/65_paw -I../../src/65_paw -I../../src/62_wvl_wfs -I../../src/62_wvl_wfs -I../../src/66_nonlocal -I../../src/66_nonlocal -I../../src/45_geomoptim -I../../src/45_geomoptim -I../../src/17_libtetra_ext -I../../src/17_libtetra_ext -I../../src/55_abiutil -I../../src/55_abiutil -I../../src/49_gw_toolbox_oop -I../../src/49_gw_toolbox_oop -I../../src/62_iowfdenpot -I../../src/62_iowfdenpot -I../../src/18_timing -I../../src/18_timing -I../../src/12_hide_mpi -I../../src/12_hide_mpi -I../../src/56_mixing -I../../src/56_mixing -I../../src/56_io_mpi -I../../src/56_io_mpi -I../../src/14_hidewrite -I../../src/14_hidewrite -I../../src/54_spacepar -I../../src/54_spacepar -I../../src/64_psp -I../../src/64_psp -I../../src/32_util -I../../src/32_util -I../../src/28_numeric_noabirule -I../../src/28_numeric_noabirule -I../../src/44_abitypes_defs -I../../src/44_abitypes_defs -I../../src/51_manage_mpi -I../../src/51_manage_mpi -I../../src/43_wvl_wrappers -I../../src/43_wvl_wrappers -I../../src/62_poisson -I../../src/62_poisson -I../../src/16_hideleave -I../../src/16_hideleave -I../../src/56_recipspace -I../../src/56_recipspace -I../../src/61_occeig -I../../src/61_occeig -I../../src/52_fft_mpi_noabirule -I../../src/52_fft_mpi_noabirule -I../../src/56_xc -I../../src/56_xc -I../../src/66_wfs -I../../src/66_wfs -I../../src/41_xc_lowlevel -I../../src/41_xc_lowlevel -I../../src/41_geometry -I../../src/41_geometry -I../../src/10_defs -I../../src/10_defs -I../../src/53_ffts -I../../src/53_ffts -I../../src/incs -I../../src/incs -I/tigress/xingz/abinit-8.10.2/fallbacks/exports/include   -free -module /tigress/xingz/abinit-8.10.2/src/mods -O3 -g -extend-source -noaltparam -nofpscomp   -c -o m_spin_current.o m_spin_current.F90
mpiifort -DHAVE_CONFIG_H -I. -I../..  -I../../src/66_vdwxc -I../../src/66_vdwxc -I../../src/44_abitools -I../../src/44_abitools -I../../src/59_ionetcdf -I../../src/59_ionetcdf -I../../src/27_toolbox_oop -I../../src/27_toolbox_oop -I../../src/42_libpaw -I../../src/42_libpaw -I../../src/65_paw -I../../src/65_paw -I../../src/62_wvl_wfs -I../../src/62_wvl_wfs -I../../src/66_nonlocal -I../../src/66_nonlocal -I../../src/45_geomoptim -I../../src/45_geomoptim -I../../src/17_libtetra_ext -I../../src/17_libtetra_ext -I../../src/55_abiutil -I../../src/55_abiutil -I../../src/49_gw_toolbox_oop -I../../src/49_gw_toolbox_oop -I../../src/62_iowfdenpot -I../../src/62_iowfdenpot -I../../src/18_timing -I../../src/18_timing -I../../src/12_hide_mpi -I../../src/12_hide_mpi -I../../src/56_mixing -I../../src/56_mixing -I../../src/56_io_mpi -I../../src/56_io_mpi -I../../src/14_hidewrite -I../../src/14_hidewrite -I../../src/54_spacepar -I../../src/54_spacepar -I../../src/64_psp -I../../src/64_psp -I../../src/32_util -I../../src/32_util -I../../src/28_numeric_noabirule -I../../src/28_numeric_noabirule -I../../src/44_abitypes_defs -I../../src/44_abitypes_defs -I../../src/51_manage_mpi -I../../src/51_manage_mpi -I../../src/43_wvl_wrappers -I../../src/43_wvl_wrappers -I../../src/62_poisson -I../../src/62_poisson -I../../src/16_hideleave -I../../src/16_hideleave -I../../src/56_recipspace -I../../src/56_recipspace -I../../src/61_occeig -I../../src/61_occeig -I../../src/52_fft_mpi_noabirule -I../../src/52_fft_mpi_noabirule -I../../src/56_xc -I../../src/56_xc -I../../src/66_wfs -I../../src/66_wfs -I../../src/41_xc_lowlevel -I../../src/41_xc_lowlevel -I../../src/41_geometry -I../../src/41_geometry -I../../src/10_defs -I../../src/10_defs -I../../src/53_ffts -I../../src/53_ffts -I../../src/incs -I../../src/incs -I/tigress/xingz/abinit-8.10.2/fallbacks/exports/include   -free -module /tigress/xingz/abinit-8.10.2/src/mods -O3 -g -extend-source -noaltparam -nofpscomp   -c -o m_vtorhotf.o m_vtorhotf.F90
rm -f lib67_common.a
ar rc lib67_common.a m_berryphase.o m_berryphase_new.o m_conducti.o m_dft_energy.o m_extraprho.o m_forces.o m_forstr.o m_cgwf.o m_epjdos.o m_ksdiago.o mkcore_wvl.o m_mklocl_realspace.o m_mklocl.o m_mkrho.o m_nucprop.o m_ioarr.o m_iowf.o m_eprenorms.o m_vcoul.o m_odamix.o m_optics_vloc.o m_orbmag.o m_rhotov.o m_common.o m_positron.o m_setvtr.o m_spin_current.o m_stress.o m_vtorhotf.o m_wvl_rho.o 
ranlib lib67_common.a
make[3]: Leaving directory `/tigress/xingz/abinit-8.10.2/src/67_common'
Making all in 68_dmft
make[3]: Entering directory `/tigress/xingz/abinit-8.10.2/src/68_dmft'
mpiifort -DHAVE_CONFIG_H -I. -I../..  -I../../src/32_util -I../../src/32_util -I../../src/28_numeric_noabirule -I../../src/28_numeric_noabirule -I../../src/44_abitypes_defs -I../../src/44_abitypes_defs -I../../src/42_libpaw -I../../src/42_libpaw -I../../src/51_manage_mpi -I../../src/51_manage_mpi -I../../src/41_geometry -I../../src/41_geometry -I../../src/16_hideleave -I../../src/16_hideleave -I../../src/65_paw -I../../src/65_paw -I../../src/43_wvl_wrappers -I../../src/43_wvl_wrappers -I../../src/67_triqs_ext -I../../src/67_triqs_ext -I../../src/62_ctqmc -I../../src/62_ctqmc -I../../src/18_timing -I../../src/18_timing -I../../src/12_hide_mpi -I../../src/12_hide_mpi -I../../src/10_defs -I../../src/10_defs -I../../src/14_hidewrite -I../../src/14_hidewrite -I../../src/incs -I../../src/incs -I/tigress/xingz/abinit-8.10.2/fallbacks/exports/include   -free -module /tigress/xingz/abinit-8.10.2/src/mods -O3 -g -extend-source -noaltparam -nofpscomp   -c -o m_matlu.o m_matlu.F90
m_matlu.F90(1626): remark #8291: Recommended relationship between field width 'W' and the number of fractional digits 'D' in this edit descriptor is 'W>=D+7'.
           write(message,'(a,2x,a,e9.3,a)') ch10,"Imaginary part of Local Hamiltonian is lower than ",&
-----------------------------------^
mpiifort -DHAVE_CONFIG_H -I. -I../..  -I../../src/32_util -I../../src/32_util -I../../src/28_numeric_noabirule -I../../src/28_numeric_noabirule -I../../src/44_abitypes_defs -I../../src/44_abitypes_defs -I../../src/42_libpaw -I../../src/42_libpaw -I../../src/51_manage_mpi -I../../src/51_manage_mpi -I../../src/41_geometry -I../../src/41_geometry -I../../src/16_hideleave -I../../src/16_hideleave -I../../src/65_paw -I../../src/65_paw -I../../src/43_wvl_wrappers -I../../src/43_wvl_wrappers -I../../src/67_triqs_ext -I../../src/67_triqs_ext -I../../src/62_ctqmc -I../../src/62_ctqmc -I../../src/18_timing -I../../src/18_timing -I../../src/12_hide_mpi -I../../src/12_hide_mpi -I../../src/10_defs -I../../src/10_defs -I../../src/14_hidewrite -I../../src/14_hidewrite -I../../src/incs -I../../src/incs -I/tigress/xingz/abinit-8.10.2/fallbacks/exports/include   -free -module /tigress/xingz/abinit-8.10.2/src/mods -O3 -g -extend-source -noaltparam -nofpscomp   -c -o m_oper.o m_oper.F90
mpiifort -DHAVE_CONFIG_H -I. -I../..  -I../../src/32_util -I../../src/32_util -I../../src/28_numeric_noabirule -I../../src/28_numeric_noabirule -I../../src/44_abitypes_defs -I../../src/44_abitypes_defs -I../../src/42_libpaw -I../../src/42_libpaw -I../../src/51_manage_mpi -I../../src/51_manage_mpi -I../../src/41_geometry -I../../src/41_geometry -I../../src/16_hideleave -I../../src/16_hideleave -I../../src/65_paw -I../../src/65_paw -I../../src/43_wvl_wrappers -I../../src/43_wvl_wrappers -I../../src/67_triqs_ext -I../../src/67_triqs_ext -I../../src/62_ctqmc -I../../src/62_ctqmc -I../../src/18_timing -I../../src/18_timing -I../../src/12_hide_mpi -I../../src/12_hide_mpi -I../../src/10_defs -I../../src/10_defs -I../../src/14_hidewrite -I../../src/14_hidewrite -I../../src/incs -I../../src/incs -I/tigress/xingz/abinit-8.10.2/fallbacks/exports/include   -free -module /tigress/xingz/abinit-8.10.2/src/mods -O3 -g -extend-source -noaltparam -nofpscomp   -c -o m_datafordmft.o m_datafordmft.F90
mpiifort -DHAVE_CONFIG_H -I. -I../..  -I../../src/32_util -I../../src/32_util -I../../src/28_numeric_noabirule -I../../src/28_numeric_noabirule -I../../src/44_abitypes_defs -I../../src/44_abitypes_defs -I../../src/42_libpaw -I../../src/42_libpaw -I../../src/51_manage_mpi -I../../src/51_manage_mpi -I../../src/41_geometry -I../../src/41_geometry -I../../src/16_hideleave -I../../src/16_hideleave -I../../src/65_paw -I../../src/65_paw -I../../src/43_wvl_wrappers -I../../src/43_wvl_wrappers -I../../src/67_triqs_ext -I../../src/67_triqs_ext -I../../src/62_ctqmc -I../../src/62_ctqmc -I../../src/18_timing -I../../src/18_timing -I../../src/12_hide_mpi -I../../src/12_hide_mpi -I../../src/10_defs -I../../src/10_defs -I../../src/14_hidewrite -I../../src/14_hidewrite -I../../src/incs -I../../src/incs -I/tigress/xingz/abinit-8.10.2/fallbacks/exports/include   -free -module /tigress/xingz/abinit-8.10.2/src/mods -O3 -g -extend-source -noaltparam -nofpscomp   -c -o m_hu.o m_hu.F90
mpiifort -DHAVE_CONFIG_H -I. -I../..  -I../../src/32_util -I../../src/32_util -I../../src/28_numeric_noabirule -I../../src/28_numeric_noabirule -I../../src/44_abitypes_defs -I../../src/44_abitypes_defs -I../../src/42_libpaw -I../../src/42_libpaw -I../../src/51_manage_mpi -I../../src/51_manage_mpi -I../../src/41_geometry -I../../src/41_geometry -I../../src/16_hideleave -I../../src/16_hideleave -I../../src/65_paw -I../../src/65_paw -I../../src/43_wvl_wrappers -I../../src/43_wvl_wrappers -I../../src/67_triqs_ext -I../../src/67_triqs_ext -I../../src/62_ctqmc -I../../src/62_ctqmc -I../../src/18_timing -I../../src/18_timing -I../../src/12_hide_mpi -I../../src/12_hide_mpi -I../../src/10_defs -I../../src/10_defs -I../../src/14_hidewrite -I../../src/14_hidewrite -I../../src/incs -I../../src/incs -I/tigress/xingz/abinit-8.10.2/fallbacks/exports/include   -free -module /tigress/xingz/abinit-8.10.2/src/mods -O3 -g -extend-source -noaltparam -nofpscomp   -c -o m_self.o m_self.F90
mpiifort -DHAVE_CONFIG_H -I. -I../..  -I../../src/32_util -I../../src/32_util -I../../src/28_numeric_noabirule -I../../src/28_numeric_noabirule -I../../src/44_abitypes_defs -I../../src/44_abitypes_defs -I../../src/42_libpaw -I../../src/42_libpaw -I../../src/51_manage_mpi -I../../src/51_manage_mpi -I../../src/41_geometry -I../../src/41_geometry -I../../src/16_hideleave -I../../src/16_hideleave -I../../src/65_paw -I../../src/65_paw -I../../src/43_wvl_wrappers -I../../src/43_wvl_wrappers -I../../src/67_triqs_ext -I../../src/67_triqs_ext -I../../src/62_ctqmc -I../../src/62_ctqmc -I../../src/18_timing -I../../src/18_timing -I../../src/12_hide_mpi -I../../src/12_hide_mpi -I../../src/10_defs -I../../src/10_defs -I../../src/14_hidewrite -I../../src/14_hidewrite -I../../src/incs -I../../src/incs -I/tigress/xingz/abinit-8.10.2/fallbacks/exports/include   -free -module /tigress/xingz/abinit-8.10.2/src/mods -O3 -g -extend-source -noaltparam -nofpscomp   -c -o m_green.o m_green.F90
mpiifort -DHAVE_CONFIG_H -I. -I../..  -I../../src/32_util -I../../src/32_util -I../../src/28_numeric_noabirule -I../../src/28_numeric_noabirule -I../../src/44_abitypes_defs -I../../src/44_abitypes_defs -I../../src/42_libpaw -I../../src/42_libpaw -I../../src/51_manage_mpi -I../../src/51_manage_mpi -I../../src/41_geometry -I../../src/41_geometry -I../../src/16_hideleave -I../../src/16_hideleave -I../../src/65_paw -I../../src/65_paw -I../../src/43_wvl_wrappers -I../../src/43_wvl_wrappers -I../../src/67_triqs_ext -I../../src/67_triqs_ext -I../../src/62_ctqmc -I../../src/62_ctqmc -I../../src/18_timing -I../../src/18_timing -I../../src/12_hide_mpi -I../../src/12_hide_mpi -I../../src/10_defs -I../../src/10_defs -I../../src/14_hidewrite -I../../src/14_hidewrite -I../../src/incs -I../../src/incs -I/tigress/xingz/abinit-8.10.2/fallbacks/exports/include   -free -module /tigress/xingz/abinit-8.10.2/src/mods -O3 -g -extend-source -noaltparam -nofpscomp   -c -o m_energy.o m_energy.F90
mpiifort -DHAVE_CONFIG_H -I. -I../..  -I../../src/32_util -I../../src/32_util -I../../src/28_numeric_noabirule -I../../src/28_numeric_noabirule -I../../src/44_abitypes_defs -I../../src/44_abitypes_defs -I../../src/42_libpaw -I../../src/42_libpaw -I../../src/51_manage_mpi -I../../src/51_manage_mpi -I../../src/41_geometry -I../../src/41_geometry -I../../src/16_hideleave -I../../src/16_hideleave -I../../src/65_paw -I../../src/65_paw -I../../src/43_wvl_wrappers -I../../src/43_wvl_wrappers -I../../src/67_triqs_ext -I../../src/67_triqs_ext -I../../src/62_ctqmc -I../../src/62_ctqmc -I../../src/18_timing -I../../src/18_timing -I../../src/12_hide_mpi -I../../src/12_hide_mpi -I../../src/10_defs -I../../src/10_defs -I../../src/14_hidewrite -I../../src/14_hidewrite -I../../src/incs -I../../src/incs -I/tigress/xingz/abinit-8.10.2/fallbacks/exports/include   -free -module /tigress/xingz/abinit-8.10.2/src/mods -O3 -g -extend-source -noaltparam -nofpscomp   -c -o m_forctqmc.o m_forctqmc.F90
mpiifort -DHAVE_CONFIG_H -I. -I../..  -I../../src/32_util -I../../src/32_util -I../../src/28_numeric_noabirule -I../../src/28_numeric_noabirule -I../../src/44_abitypes_defs -I../../src/44_abitypes_defs -I../../src/42_libpaw -I../../src/42_libpaw -I../../src/51_manage_mpi -I../../src/51_manage_mpi -I../../src/41_geometry -I../../src/41_geometry -I../../src/16_hideleave -I../../src/16_hideleave -I../../src/65_paw -I../../src/65_paw -I../../src/43_wvl_wrappers -I../../src/43_wvl_wrappers -I../../src/67_triqs_ext -I../../src/67_triqs_ext -I../../src/62_ctqmc -I../../src/62_ctqmc -I../../src/18_timing -I../../src/18_timing -I../../src/12_hide_mpi -I../../src/12_hide_mpi -I../../src/10_defs -I../../src/10_defs -I../../src/14_hidewrite -I../../src/14_hidewrite -I../../src/incs -I../../src/incs -I/tigress/xingz/abinit-8.10.2/fallbacks/exports/include   -free -module /tigress/xingz/abinit-8.10.2/src/mods -O3 -g -extend-source -noaltparam -nofpscomp   -c -o m_hubbard_one.o m_hubbard_one.F90
mpiifort -DHAVE_CONFIG_H -I. -I../..  -I../../src/32_util -I../../src/32_util -I../../src/28_numeric_noabirule -I../../src/28_numeric_noabirule -I../../src/44_abitypes_defs -I../../src/44_abitypes_defs -I../../src/42_libpaw -I../../src/42_libpaw -I../../src/51_manage_mpi -I../../src/51_manage_mpi -I../../src/41_geometry -I../../src/41_geometry -I../../src/16_hideleave -I../../src/16_hideleave -I../../src/65_paw -I../../src/65_paw -I../../src/43_wvl_wrappers -I../../src/43_wvl_wrappers -I../../src/67_triqs_ext -I../../src/67_triqs_ext -I../../src/62_ctqmc -I../../src/62_ctqmc -I../../src/18_timing -I../../src/18_timing -I../../src/12_hide_mpi -I../../src/12_hide_mpi -I../../src/10_defs -I../../src/10_defs -I../../src/14_hidewrite -I../../src/14_hidewrite -I../../src/incs -I../../src/incs -I/tigress/xingz/abinit-8.10.2/fallbacks/exports/include   -free -module /tigress/xingz/abinit-8.10.2/src/mods -O3 -g -extend-source -noaltparam -nofpscomp   -c -o m_ldau_self.o m_ldau_self.F90
mpiifort -DHAVE_CONFIG_H -I. -I../..  -I../../src/32_util -I../../src/32_util -I../../src/28_numeric_noabirule -I../../src/28_numeric_noabirule -I../../src/44_abitypes_defs -I../../src/44_abitypes_defs -I../../src/42_libpaw -I../../src/42_libpaw -I../../src/51_manage_mpi -I../../src/51_manage_mpi -I../../src/41_geometry -I../../src/41_geometry -I../../src/16_hideleave -I../../src/16_hideleave -I../../src/65_paw -I../../src/65_paw -I../../src/43_wvl_wrappers -I../../src/43_wvl_wrappers -I../../src/67_triqs_ext -I../../src/67_triqs_ext -I../../src/62_ctqmc -I../../src/62_ctqmc -I../../src/18_timing -I../../src/18_timing -I../../src/12_hide_mpi -I../../src/12_hide_mpi -I../../src/10_defs -I../../src/10_defs -I../../src/14_hidewrite -I../../src/14_hidewrite -I../../src/incs -I../../src/incs -I/tigress/xingz/abinit-8.10.2/fallbacks/exports/include   -free -module /tigress/xingz/abinit-8.10.2/src/mods -O3 -g -extend-source -noaltparam -nofpscomp   -c -o m_dmft.o m_dmft.F90
mpiifort -DHAVE_CONFIG_H -I. -I../..  -I../../src/32_util -I../../src/32_util -I../../src/28_numeric_noabirule -I../../src/28_numeric_noabirule -I../../src/44_abitypes_defs -I../../src/44_abitypes_defs -I../../src/42_libpaw -I../../src/42_libpaw -I../../src/51_manage_mpi -I../../src/51_manage_mpi -I../../src/41_geometry -I../../src/41_geometry -I../../src/16_hideleave -I../../src/16_hideleave -I../../src/65_paw -I../../src/65_paw -I../../src/43_wvl_wrappers -I../../src/43_wvl_wrappers -I../../src/67_triqs_ext -I../../src/67_triqs_ext -I../../src/62_ctqmc -I../../src/62_ctqmc -I../../src/18_timing -I../../src/18_timing -I../../src/12_hide_mpi -I../../src/12_hide_mpi -I../../src/10_defs -I../../src/10_defs -I../../src/14_hidewrite -I../../src/14_hidewrite -I../../src/incs -I../../src/incs -I/tigress/xingz/abinit-8.10.2/fallbacks/exports/include   -free -module /tigress/xingz/abinit-8.10.2/src/mods -O3 -g -extend-source -noaltparam -nofpscomp   -c -o m_entropyDMFT.o m_entropyDMFT.F90
rm -f lib68_dmft.a
ar rc lib68_dmft.a m_datafordmft.o m_dmft.o m_energy.o m_entropyDMFT.o m_forctqmc.o m_green.o m_hu.o m_hubbard_one.o m_ldau_self.o m_matlu.o m_oper.o m_self.o 
ranlib lib68_dmft.a
make[3]: Leaving directory `/tigress/xingz/abinit-8.10.2/src/68_dmft'
Making all in 68_recursion
make[3]: Entering directory `/tigress/xingz/abinit-8.10.2/src/68_recursion'
mpiifort -DHAVE_CONFIG_H -I. -I../..  -I../../src/32_util -I../../src/32_util -I../../src/28_numeric_noabirule -I../../src/28_numeric_noabirule -I../../src/44_abitypes_defs -I../../src/44_abitypes_defs -I../../src/42_libpaw -I../../src/42_libpaw -I../../src/65_paw -I../../src/65_paw -I../../src/16_hideleave -I../../src/16_hideleave -I../../src/51_manage_mpi -I../../src/51_manage_mpi -I../../src/15_gpu_toolbox -I../../src/15_gpu_toolbox -I../../src/18_timing -I../../src/18_timing -I../../src/12_hide_mpi -I../../src/12_hide_mpi -I../../src/10_defs -I../../src/10_defs -I../../src/14_hidewrite -I../../src/14_hidewrite -I../../src/54_spacepar -I../../src/54_spacepar -I../../src/53_ffts -I../../src/53_ffts -I../../src/incs -I../../src/incs -I/tigress/xingz/abinit-8.10.2/fallbacks/exports/include   -free -module /tigress/xingz/abinit-8.10.2/src/mods -O3 -g -extend-source -noaltparam -nofpscomp   -c -o defs_rectypes.o defs_rectypes.F90
mpiifort -DHAVE_CONFIG_H -I. -I../..  -I../../src/32_util -I../../src/32_util -I../../src/28_numeric_noabirule -I../../src/28_numeric_noabirule -I../../src/44_abitypes_defs -I../../src/44_abitypes_defs -I../../src/42_libpaw -I../../src/42_libpaw -I../../src/65_paw -I../../src/65_paw -I../../src/16_hideleave -I../../src/16_hideleave -I../../src/51_manage_mpi -I../../src/51_manage_mpi -I../../src/15_gpu_toolbox -I../../src/15_gpu_toolbox -I../../src/18_timing -I../../src/18_timing -I../../src/12_hide_mpi -I../../src/12_hide_mpi -I../../src/10_defs -I../../src/10_defs -I../../src/14_hidewrite -I../../src/14_hidewrite -I../../src/54_spacepar -I../../src/54_spacepar -I../../src/53_ffts -I../../src/53_ffts -I../../src/incs -I../../src/incs -I/tigress/xingz/abinit-8.10.2/fallbacks/exports/include   -free -module /tigress/xingz/abinit-8.10.2/src/mods -O3 -g -extend-source -noaltparam -nofpscomp   -c -o m_hidecudarec.o m_hidecudarec.F90
mpiifort -DHAVE_CONFIG_H -I. -I../..  -I../../src/32_util -I../../src/32_util -I../../src/28_numeric_noabirule -I../../src/28_numeric_noabirule -I../../src/44_abitypes_defs -I../../src/44_abitypes_defs -I../../src/42_libpaw -I../../src/42_libpaw -I../../src/65_paw -I../../src/65_paw -I../../src/16_hideleave -I../../src/16_hideleave -I../../src/51_manage_mpi -I../../src/51_manage_mpi -I../../src/15_gpu_toolbox -I../../src/15_gpu_toolbox -I../../src/18_timing -I../../src/18_timing -I../../src/12_hide_mpi -I../../src/12_hide_mpi -I../../src/10_defs -I../../src/10_defs -I../../src/14_hidewrite -I../../src/14_hidewrite -I../../src/54_spacepar -I../../src/54_spacepar -I../../src/53_ffts -I../../src/53_ffts -I../../src/incs -I../../src/incs -I/tigress/xingz/abinit-8.10.2/fallbacks/exports/include   -free -module /tigress/xingz/abinit-8.10.2/src/mods -O3 -g -extend-source -noaltparam -nofpscomp   -c -o m_pretty_rec.o m_pretty_rec.F90
mpiifort -DHAVE_CONFIG_H -I. -I../..  -I../../src/32_util -I../../src/32_util -I../../src/28_numeric_noabirule -I../../src/28_numeric_noabirule -I../../src/44_abitypes_defs -I../../src/44_abitypes_defs -I../../src/42_libpaw -I../../src/42_libpaw -I../../src/65_paw -I../../src/65_paw -I../../src/16_hideleave -I../../src/16_hideleave -I../../src/51_manage_mpi -I../../src/51_manage_mpi -I../../src/15_gpu_toolbox -I../../src/15_gpu_toolbox -I../../src/18_timing -I../../src/18_timing -I../../src/12_hide_mpi -I../../src/12_hide_mpi -I../../src/10_defs -I../../src/10_defs -I../../src/14_hidewrite -I../../src/14_hidewrite -I../../src/54_spacepar -I../../src/54_spacepar -I../../src/53_ffts -I../../src/53_ffts -I../../src/incs -I../../src/incs -I/tigress/xingz/abinit-8.10.2/fallbacks/exports/include   -free -module /tigress/xingz/abinit-8.10.2/src/mods -O3 -g -extend-source -noaltparam -nofpscomp   -c -o m_rec_tools.o m_rec_tools.F90
mpiifort -DHAVE_CONFIG_H -I. -I../..  -I../../src/32_util -I../../src/32_util -I../../src/28_numeric_noabirule -I../../src/28_numeric_noabirule -I../../src/44_abitypes_defs -I../../src/44_abitypes_defs -I../../src/42_libpaw -I../../src/42_libpaw -I../../src/65_paw -I../../src/65_paw -I../../src/16_hideleave -I../../src/16_hideleave -I../../src/51_manage_mpi -I../../src/51_manage_mpi -I../../src/15_gpu_toolbox -I../../src/15_gpu_toolbox -I../../src/18_timing -I../../src/18_timing -I../../src/12_hide_mpi -I../../src/12_hide_mpi -I../../src/10_defs -I../../src/10_defs -I../../src/14_hidewrite -I../../src/14_hidewrite -I../../src/54_spacepar -I../../src/54_spacepar -I../../src/53_ffts -I../../src/53_ffts -I../../src/incs -I../../src/incs -I/tigress/xingz/abinit-8.10.2/fallbacks/exports/include   -free -module /tigress/xingz/abinit-8.10.2/src/mods -O3 -g -extend-source -noaltparam -nofpscomp   -c -o m_rec.o m_rec.F90
mpiifort -DHAVE_CONFIG_H -I. -I../..  -I../../src/32_util -I../../src/32_util -I../../src/28_numeric_noabirule -I../../src/28_numeric_noabirule -I../../src/44_abitypes_defs -I../../src/44_abitypes_defs -I../../src/42_libpaw -I../../src/42_libpaw -I../../src/65_paw -I../../src/65_paw -I../../src/16_hideleave -I../../src/16_hideleave -I../../src/51_manage_mpi -I../../src/51_manage_mpi -I../../src/15_gpu_toolbox -I../../src/15_gpu_toolbox -I../../src/18_timing -I../../src/18_timing -I../../src/12_hide_mpi -I../../src/12_hide_mpi -I../../src/10_defs -I../../src/10_defs -I../../src/14_hidewrite -I../../src/14_hidewrite -I../../src/54_spacepar -I../../src/54_spacepar -I../../src/53_ffts -I../../src/53_ffts -I../../src/incs -I../../src/incs -I/tigress/xingz/abinit-8.10.2/fallbacks/exports/include   -free -module /tigress/xingz/abinit-8.10.2/src/mods -O3 -g -extend-source -noaltparam -nofpscomp   -c -o m_vtorhorec.o m_vtorhorec.F90
rm -f lib68_recursion.a
ar rc lib68_recursion.a defs_rectypes.o m_hidecudarec.o m_pretty_rec.o m_rec.o m_rec_tools.o m_vtorhorec.o 
ranlib lib68_recursion.a
make[3]: Leaving directory `/tigress/xingz/abinit-8.10.2/src/68_recursion'
Making all in 68_rsprc
make[3]: Entering directory `/tigress/xingz/abinit-8.10.2/src/68_rsprc'
mpiifort -DHAVE_CONFIG_H -I. -I../..  -I../../src/44_abitools -I../../src/44_abitools -I../../src/67_common -I../../src/67_common -I../../src/28_numeric_noabirule -I../../src/28_numeric_noabirule -I../../src/44_abitypes_defs -I../../src/44_abitypes_defs -I../../src/42_libpaw -I../../src/42_libpaw -I../../src/51_manage_mpi -I../../src/51_manage_mpi -I../../src/43_wvl_wrappers -I../../src/43_wvl_wrappers -I../../src/16_hideleave -I../../src/16_hideleave -I../../src/62_cg_noabirule -I../../src/62_cg_noabirule -I../../src/56_recipspace -I../../src/56_recipspace -I../../src/52_fft_mpi_noabirule -I../../src/52_fft_mpi_noabirule -I../../src/56_xc -I../../src/56_xc -I../../src/64_psp -I../../src/64_psp -I../../src/41_geometry -I../../src/41_geometry -I../../src/18_timing -I../../src/18_timing -I../../src/12_hide_mpi -I../../src/12_hide_mpi -I../../src/56_mixing -I../../src/56_mixing -I../../src/10_defs -I../../src/10_defs -I../../src/14_hidewrite -I../../src/14_hidewrite -I../../src/54_spacepar -I../../src/54_spacepar -I../../src/53_ffts -I../../src/53_ffts -I../../src/incs -I../../src/incs -I/tigress/xingz/abinit-8.10.2/fallbacks/exports/include   -free -module /tigress/xingz/abinit-8.10.2/src/mods -O3 -g -extend-source -noaltparam -nofpscomp   -c -o mod_prc_memory.o mod_prc_memory.F90
mpiifort -DHAVE_CONFIG_H -I. -I../..  -I../../src/44_abitools -I../../src/44_abitools -I../../src/67_common -I../../src/67_common -I../../src/28_numeric_noabirule -I../../src/28_numeric_noabirule -I../../src/44_abitypes_defs -I../../src/44_abitypes_defs -I../../src/42_libpaw -I../../src/42_libpaw -I../../src/51_manage_mpi -I../../src/51_manage_mpi -I../../src/43_wvl_wrappers -I../../src/43_wvl_wrappers -I../../src/16_hideleave -I../../src/16_hideleave -I../../src/62_cg_noabirule -I../../src/62_cg_noabirule -I../../src/56_recipspace -I../../src/56_recipspace -I../../src/52_fft_mpi_noabirule -I../../src/52_fft_mpi_noabirule -I../../src/56_xc -I../../src/56_xc -I../../src/64_psp -I../../src/64_psp -I../../src/41_geometry -I../../src/41_geometry -I../../src/18_timing -I../../src/18_timing -I../../src/12_hide_mpi -I../../src/12_hide_mpi -I../../src/56_mixing -I../../src/56_mixing -I../../src/10_defs -I../../src/10_defs -I../../src/14_hidewrite -I../../src/14_hidewrite -I../../src/54_spacepar -I../../src/54_spacepar -I../../src/53_ffts -I../../src/53_ffts -I../../src/incs -I../../src/incs -I/tigress/xingz/abinit-8.10.2/fallbacks/exports/include   -free -module /tigress/xingz/abinit-8.10.2/src/mods -O3 -g -extend-source -noaltparam -nofpscomp   -c -o m_prcref.o m_prcref.F90
mpiifort -DHAVE_CONFIG_H -I. -I../..  -I../../src/44_abitools -I../../src/44_abitools -I../../src/67_common -I../../src/67_common -I../../src/28_numeric_noabirule -I../../src/28_numeric_noabirule -I../../src/44_abitypes_defs -I../../src/44_abitypes_defs -I../../src/42_libpaw -I../../src/42_libpaw -I../../src/51_manage_mpi -I../../src/51_manage_mpi -I../../src/43_wvl_wrappers -I../../src/43_wvl_wrappers -I../../src/16_hideleave -I../../src/16_hideleave -I../../src/62_cg_noabirule -I../../src/62_cg_noabirule -I../../src/56_recipspace -I../../src/56_recipspace -I../../src/52_fft_mpi_noabirule -I../../src/52_fft_mpi_noabirule -I../../src/56_xc -I../../src/56_xc -I../../src/64_psp -I../../src/64_psp -I../../src/41_geometry -I../../src/41_geometry -I../../src/18_timing -I../../src/18_timing -I../../src/12_hide_mpi -I../../src/12_hide_mpi -I../../src/56_mixing -I../../src/56_mixing -I../../src/10_defs -I../../src/10_defs -I../../src/14_hidewrite -I../../src/14_hidewrite -I../../src/54_spacepar -I../../src/54_spacepar -I../../src/53_ffts -I../../src/53_ffts -I../../src/incs -I../../src/incs -I/tigress/xingz/abinit-8.10.2/fallbacks/exports/include   -free -module /tigress/xingz/abinit-8.10.2/src/mods -O3 -g -extend-source -noaltparam -nofpscomp   -c -o m_newrho.o m_newrho.F90
mpiifort -DHAVE_CONFIG_H -I. -I../..  -I../../src/44_abitools -I../../src/44_abitools -I../../src/67_common -I../../src/67_common -I../../src/28_numeric_noabirule -I../../src/28_numeric_noabirule -I../../src/44_abitypes_defs -I../../src/44_abitypes_defs -I../../src/42_libpaw -I../../src/42_libpaw -I../../src/51_manage_mpi -I../../src/51_manage_mpi -I../../src/43_wvl_wrappers -I../../src/43_wvl_wrappers -I../../src/16_hideleave -I../../src/16_hideleave -I../../src/62_cg_noabirule -I../../src/62_cg_noabirule -I../../src/56_recipspace -I../../src/56_recipspace -I../../src/52_fft_mpi_noabirule -I../../src/52_fft_mpi_noabirule -I../../src/56_xc -I../../src/56_xc -I../../src/64_psp -I../../src/64_psp -I../../src/41_geometry -I../../src/41_geometry -I../../src/18_timing -I../../src/18_timing -I../../src/12_hide_mpi -I../../src/12_hide_mpi -I../../src/56_mixing -I../../src/56_mixing -I../../src/10_defs -I../../src/10_defs -I../../src/14_hidewrite -I../../src/14_hidewrite -I../../src/54_spacepar -I../../src/54_spacepar -I../../src/53_ffts -I../../src/53_ffts -I../../src/incs -I../../src/incs -I/tigress/xingz/abinit-8.10.2/fallbacks/exports/include   -free -module /tigress/xingz/abinit-8.10.2/src/mods -O3 -g -extend-source -noaltparam -nofpscomp   -c -o m_newvtr.o m_newvtr.F90
rm -f lib68_rsprc.a
ar rc lib68_rsprc.a mod_prc_memory.o m_newrho.o m_newvtr.o m_prcref.o 
ranlib lib68_rsprc.a
make[3]: Leaving directory `/tigress/xingz/abinit-8.10.2/src/68_rsprc'
Making all in 69_wfdesc
make[3]: Entering directory `/tigress/xingz/abinit-8.10.2/src/69_wfdesc'
mpiifort -DHAVE_CONFIG_H -I. -I../..  -I../../src/44_abitools -I../../src/44_abitools -I../../src/59_ionetcdf -I../../src/59_ionetcdf -I../../src/27_toolbox_oop -I../../src/27_toolbox_oop -I../../src/42_libpaw -I../../src/42_libpaw -I../../src/65_paw -I../../src/65_paw -I../../src/66_nonlocal -I../../src/66_nonlocal -I../../src/49_gw_toolbox_oop -I../../src/49_gw_toolbox_oop -I../../src/62_iowfdenpot -I../../src/62_iowfdenpot -I../../src/18_timing -I../../src/18_timing -I../../src/12_hide_mpi -I../../src/12_hide_mpi -I../../src/56_io_mpi -I../../src/56_io_mpi -I../../src/14_hidewrite -I../../src/14_hidewrite -I../../src/54_spacepar -I../../src/54_spacepar -I../../src/32_util -I../../src/32_util -I../../src/67_common -I../../src/67_common -I../../src/28_numeric_noabirule -I../../src/28_numeric_noabirule -I../../src/44_abitypes_defs -I../../src/44_abitypes_defs -I../../src/51_manage_mpi -I../../src/51_manage_mpi -I../../src/16_hideleave -I../../src/16_hideleave -I../../src/56_recipspace -I../../src/56_recipspace -I../../src/52_fft_mpi_noabirule -I../../src/52_fft_mpi_noabirule -I../../src/56_xc -I../../src/56_xc -I../../src/66_wfs -I../../src/66_wfs -I../../src/41_geometry -I../../src/41_geometry -I../../src/10_defs -I../../src/10_defs -I../../src/53_ffts -I../../src/53_ffts -I../../src/incs -I../../src/incs -I/tigress/xingz/abinit-8.10.2/fallbacks/exports/include   -free -module /tigress/xingz/abinit-8.10.2/src/mods -O3 -g -extend-source -noaltparam -nofpscomp   -c -o m_wfd.o m_wfd.F90
mpiifort -DHAVE_CONFIG_H -I. -I../..  -I../../src/44_abitools -I../../src/44_abitools -I../../src/59_ionetcdf -I../../src/59_ionetcdf -I../../src/27_toolbox_oop -I../../src/27_toolbox_oop -I../../src/42_libpaw -I../../src/42_libpaw -I../../src/65_paw -I../../src/65_paw -I../../src/66_nonlocal -I../../src/66_nonlocal -I../../src/49_gw_toolbox_oop -I../../src/49_gw_toolbox_oop -I../../src/62_iowfdenpot -I../../src/62_iowfdenpot -I../../src/18_timing -I../../src/18_timing -I../../src/12_hide_mpi -I../../src/12_hide_mpi -I../../src/56_io_mpi -I../../src/56_io_mpi -I../../src/14_hidewrite -I../../src/14_hidewrite -I../../src/54_spacepar -I../../src/54_spacepar -I../../src/32_util -I../../src/32_util -I../../src/67_common -I../../src/67_common -I../../src/28_numeric_noabirule -I../../src/28_numeric_noabirule -I../../src/44_abitypes_defs -I../../src/44_abitypes_defs -I../../src/51_manage_mpi -I../../src/51_manage_mpi -I../../src/16_hideleave -I../../src/16_hideleave -I../../src/56_recipspace -I../../src/56_recipspace -I../../src/52_fft_mpi_noabirule -I../../src/52_fft_mpi_noabirule -I../../src/56_xc -I../../src/56_xc -I../../src/66_wfs -I../../src/66_wfs -I../../src/41_geometry -I../../src/41_geometry -I../../src/10_defs -I../../src/10_defs -I../../src/53_ffts -I../../src/53_ffts -I../../src/incs -I../../src/incs -I/tigress/xingz/abinit-8.10.2/fallbacks/exports/include   -free -module /tigress/xingz/abinit-8.10.2/src/mods -O3 -g -extend-source -noaltparam -nofpscomp   -c -o m_wfd_optic.o m_wfd_optic.F90
mpiifort -DHAVE_CONFIG_H -I. -I../..  -I../../src/44_abitools -I../../src/44_abitools -I../../src/59_ionetcdf -I../../src/59_ionetcdf -I../../src/27_toolbox_oop -I../../src/27_toolbox_oop -I../../src/42_libpaw -I../../src/42_libpaw -I../../src/65_paw -I../../src/65_paw -I../../src/66_nonlocal -I../../src/66_nonlocal -I../../src/49_gw_toolbox_oop -I../../src/49_gw_toolbox_oop -I../../src/62_iowfdenpot -I../../src/62_iowfdenpot -I../../src/18_timing -I../../src/18_timing -I../../src/12_hide_mpi -I../../src/12_hide_mpi -I../../src/56_io_mpi -I../../src/56_io_mpi -I../../src/14_hidewrite -I../../src/14_hidewrite -I../../src/54_spacepar -I../../src/54_spacepar -I../../src/32_util -I../../src/32_util -I../../src/67_common -I../../src/67_common -I../../src/28_numeric_noabirule -I../../src/28_numeric_noabirule -I../../src/44_abitypes_defs -I../../src/44_abitypes_defs -I../../src/51_manage_mpi -I../../src/51_manage_mpi -I../../src/16_hideleave -I../../src/16_hideleave -I../../src/56_recipspace -I../../src/56_recipspace -I../../src/52_fft_mpi_noabirule -I../../src/52_fft_mpi_noabirule -I../../src/56_xc -I../../src/56_xc -I../../src/66_wfs -I../../src/66_wfs -I../../src/41_geometry -I../../src/41_geometry -I../../src/10_defs -I../../src/10_defs -I../../src/53_ffts -I../../src/53_ffts -I../../src/incs -I../../src/incs -I/tigress/xingz/abinit-8.10.2/fallbacks/exports/include   -free -module /tigress/xingz/abinit-8.10.2/src/mods -O3 -g -extend-source -noaltparam -nofpscomp   -c -o m_io_kss.o m_io_kss.F90
mpiifort -DHAVE_CONFIG_H -I. -I../..  -I../../src/44_abitools -I../../src/44_abitools -I../../src/59_ionetcdf -I../../src/59_ionetcdf -I../../src/27_toolbox_oop -I../../src/27_toolbox_oop -I../../src/42_libpaw -I../../src/42_libpaw -I../../src/65_paw -I../../src/65_paw -I../../src/66_nonlocal -I../../src/66_nonlocal -I../../src/49_gw_toolbox_oop -I../../src/49_gw_toolbox_oop -I../../src/62_iowfdenpot -I../../src/62_iowfdenpot -I../../src/18_timing -I../../src/18_timing -I../../src/12_hide_mpi -I../../src/12_hide_mpi -I../../src/56_io_mpi -I../../src/56_io_mpi -I../../src/14_hidewrite -I../../src/14_hidewrite -I../../src/54_spacepar -I../../src/54_spacepar -I../../src/32_util -I../../src/32_util -I../../src/67_common -I../../src/67_common -I../../src/28_numeric_noabirule -I../../src/28_numeric_noabirule -I../../src/44_abitypes_defs -I../../src/44_abitypes_defs -I../../src/51_manage_mpi -I../../src/51_manage_mpi -I../../src/16_hideleave -I../../src/16_hideleave -I../../src/56_recipspace -I../../src/56_recipspace -I../../src/52_fft_mpi_noabirule -I../../src/52_fft_mpi_noabirule -I../../src/56_xc -I../../src/56_xc -I../../src/66_wfs -I../../src/66_wfs -I../../src/41_geometry -I../../src/41_geometry -I../../src/10_defs -I../../src/10_defs -I../../src/53_ffts -I../../src/53_ffts -I../../src/incs -I../../src/incs -I/tigress/xingz/abinit-8.10.2/fallbacks/exports/include   -free -module /tigress/xingz/abinit-8.10.2/src/mods -O3 -g -extend-source -noaltparam -nofpscomp   -c -o m_oscillators.o m_oscillators.F90
rm -f lib69_wfdesc.a
ar rc lib69_wfdesc.a m_wfd_optic.o m_io_kss.o m_oscillators.o m_wfd.o 
ranlib lib69_wfdesc.a
make[3]: Leaving directory `/tigress/xingz/abinit-8.10.2/src/69_wfdesc'
Making all in 70_gw
make[3]: Entering directory `/tigress/xingz/abinit-8.10.2/src/70_gw'
mpiifort -DHAVE_CONFIG_H -I. -I../..  -I../../src/44_abitools -I../../src/44_abitools -I../../src/59_ionetcdf -I../../src/59_ionetcdf -I../../src/27_toolbox_oop -I../../src/27_toolbox_oop -I../../src/42_libpaw -I../../src/42_libpaw -I../../src/65_paw -I../../src/65_paw -I../../src/66_nonlocal -I../../src/66_nonlocal -I../../src/49_gw_toolbox_oop -I../../src/49_gw_toolbox_oop -I../../src/62_iowfdenpot -I../../src/62_iowfdenpot -I../../src/43_ptgroups -I../../src/43_ptgroups -I../../src/18_timing -I../../src/18_timing -I../../src/12_hide_mpi -I../../src/12_hide_mpi -I../../src/56_mixing -I../../src/56_mixing -I../../src/56_io_mpi -I../../src/56_io_mpi -I../../src/14_hidewrite -I../../src/14_hidewrite -I../../src/69_wfdesc -I../../src/69_wfdesc -I../../src/32_util -I../../src/32_util -I../../src/67_common -I../../src/67_common -I../../src/28_numeric_noabirule -I../../src/28_numeric_noabirule -I../../src/44_abitypes_defs -I../../src/44_abitypes_defs -I../../src/51_manage_mpi -I../../src/51_manage_mpi -I../../src/61_occeig -I../../src/61_occeig -I../../src/16_hideleave -I../../src/16_hideleave -I../../src/56_recipspace -I../../src/56_recipspace -I../../src/43_wvl_wrappers -I../../src/43_wvl_wrappers -I../../src/52_fft_mpi_noabirule -I../../src/52_fft_mpi_noabirule -I../../src/56_xc -I../../src/56_xc -I../../src/66_wfs -I../../src/66_wfs -I../../src/41_xc_lowlevel -I../../src/41_xc_lowlevel -I../../src/41_geometry -I../../src/41_geometry -I../../src/10_defs -I../../src/10_defs -I../../src/53_ffts -I../../src/53_ffts -I../../src/incs -I../../src/incs -I/tigress/xingz/abinit-8.10.2/fallbacks/exports/include -I/tigress/xingz/abinit-8.10.2/fallbacks/exports/include   -free -module /tigress/xingz/abinit-8.10.2/src/mods -O3 -g -extend-source -noaltparam -nofpscomp   -c -o m_calc_ucrpa.o m_calc_ucrpa.F90
mpiifort -DHAVE_CONFIG_H -I. -I../..  -I../../src/44_abitools -I../../src/44_abitools -I../../src/59_ionetcdf -I../../src/59_ionetcdf -I../../src/27_toolbox_oop -I../../src/27_toolbox_oop -I../../src/42_libpaw -I../../src/42_libpaw -I../../src/65_paw -I../../src/65_paw -I../../src/66_nonlocal -I../../src/66_nonlocal -I../../src/49_gw_toolbox_oop -I../../src/49_gw_toolbox_oop -I../../src/62_iowfdenpot -I../../src/62_iowfdenpot -I../../src/43_ptgroups -I../../src/43_ptgroups -I../../src/18_timing -I../../src/18_timing -I../../src/12_hide_mpi -I../../src/12_hide_mpi -I../../src/56_mixing -I../../src/56_mixing -I../../src/56_io_mpi -I../../src/56_io_mpi -I../../src/14_hidewrite -I../../src/14_hidewrite -I../../src/69_wfdesc -I../../src/69_wfdesc -I../../src/32_util -I../../src/32_util -I../../src/67_common -I../../src/67_common -I../../src/28_numeric_noabirule -I../../src/28_numeric_noabirule -I../../src/44_abitypes_defs -I../../src/44_abitypes_defs -I../../src/51_manage_mpi -I../../src/51_manage_mpi -I../../src/61_occeig -I../../src/61_occeig -I../../src/16_hideleave -I../../src/16_hideleave -I../../src/56_recipspace -I../../src/56_recipspace -I../../src/43_wvl_wrappers -I../../src/43_wvl_wrappers -I../../src/52_fft_mpi_noabirule -I../../src/52_fft_mpi_noabirule -I../../src/56_xc -I../../src/56_xc -I../../src/66_wfs -I../../src/66_wfs -I../../src/41_xc_lowlevel -I../../src/41_xc_lowlevel -I../../src/41_geometry -I../../src/41_geometry -I../../src/10_defs -I../../src/10_defs -I../../src/53_ffts -I../../src/53_ffts -I../../src/incs -I../../src/incs -I/tigress/xingz/abinit-8.10.2/fallbacks/exports/include -I/tigress/xingz/abinit-8.10.2/fallbacks/exports/include   -free -module /tigress/xingz/abinit-8.10.2/src/mods -O3 -g -extend-source -noaltparam -nofpscomp   -c -o m_ppmodel.o m_ppmodel.F90
mpiifort -DHAVE_CONFIG_H -I. -I../..  -I../../src/44_abitools -I../../src/44_abitools -I../../src/59_ionetcdf -I../../src/59_ionetcdf -I../../src/27_toolbox_oop -I../../src/27_toolbox_oop -I../../src/42_libpaw -I../../src/42_libpaw -I../../src/65_paw -I../../src/65_paw -I../../src/66_nonlocal -I../../src/66_nonlocal -I../../src/49_gw_toolbox_oop -I../../src/49_gw_toolbox_oop -I../../src/62_iowfdenpot -I../../src/62_iowfdenpot -I../../src/43_ptgroups -I../../src/43_ptgroups -I../../src/18_timing -I../../src/18_timing -I../../src/12_hide_mpi -I../../src/12_hide_mpi -I../../src/56_mixing -I../../src/56_mixing -I../../src/56_io_mpi -I../../src/56_io_mpi -I../../src/14_hidewrite -I../../src/14_hidewrite -I../../src/69_wfdesc -I../../src/69_wfdesc -I../../src/32_util -I../../src/32_util -I../../src/67_common -I../../src/67_common -I../../src/28_numeric_noabirule -I../../src/28_numeric_noabirule -I../../src/44_abitypes_defs -I../../src/44_abitypes_defs -I../../src/51_manage_mpi -I../../src/51_manage_mpi -I../../src/61_occeig -I../../src/61_occeig -I../../src/16_hideleave -I../../src/16_hideleave -I../../src/56_recipspace -I../../src/56_recipspace -I../../src/43_wvl_wrappers -I../../src/43_wvl_wrappers -I../../src/52_fft_mpi_noabirule -I../../src/52_fft_mpi_noabirule -I../../src/56_xc -I../../src/56_xc -I../../src/66_wfs -I../../src/66_wfs -I../../src/41_xc_lowlevel -I../../src/41_xc_lowlevel -I../../src/41_geometry -I../../src/41_geometry -I../../src/10_defs -I../../src/10_defs -I../../src/53_ffts -I../../src/53_ffts -I../../src/incs -I../../src/incs -I/tigress/xingz/abinit-8.10.2/fallbacks/exports/include -I/tigress/xingz/abinit-8.10.2/fallbacks/exports/include   -free -module /tigress/xingz/abinit-8.10.2/src/mods -O3 -g -extend-source -noaltparam -nofpscomp   -c -o m_screening.o m_screening.F90
mpiifort -DHAVE_CONFIG_H -I. -I../..  -I../../src/44_abitools -I../../src/44_abitools -I../../src/59_ionetcdf -I../../src/59_ionetcdf -I../../src/27_toolbox_oop -I../../src/27_toolbox_oop -I../../src/42_libpaw -I../../src/42_libpaw -I../../src/65_paw -I../../src/65_paw -I../../src/66_nonlocal -I../../src/66_nonlocal -I../../src/49_gw_toolbox_oop -I../../src/49_gw_toolbox_oop -I../../src/62_iowfdenpot -I../../src/62_iowfdenpot -I../../src/43_ptgroups -I../../src/43_ptgroups -I../../src/18_timing -I../../src/18_timing -I../../src/12_hide_mpi -I../../src/12_hide_mpi -I../../src/56_mixing -I../../src/56_mixing -I../../src/56_io_mpi -I../../src/56_io_mpi -I../../src/14_hidewrite -I../../src/14_hidewrite -I../../src/69_wfdesc -I../../src/69_wfdesc -I../../src/32_util -I../../src/32_util -I../../src/67_common -I../../src/67_common -I../../src/28_numeric_noabirule -I../../src/28_numeric_noabirule -I../../src/44_abitypes_defs -I../../src/44_abitypes_defs -I../../src/51_manage_mpi -I../../src/51_manage_mpi -I../../src/61_occeig -I../../src/61_occeig -I../../src/16_hideleave -I../../src/16_hideleave -I../../src/56_recipspace -I../../src/56_recipspace -I../../src/43_wvl_wrappers -I../../src/43_wvl_wrappers -I../../src/52_fft_mpi_noabirule -I../../src/52_fft_mpi_noabirule -I../../src/56_xc -I../../src/56_xc -I../../src/66_wfs -I../../src/66_wfs -I../../src/41_xc_lowlevel -I../../src/41_xc_lowlevel -I../../src/41_geometry -I../../src/41_geometry -I../../src/10_defs -I../../src/10_defs -I../../src/53_ffts -I../../src/53_ffts -I../../src/incs -I../../src/incs -I/tigress/xingz/abinit-8.10.2/fallbacks/exports/include -I/tigress/xingz/abinit-8.10.2/fallbacks/exports/include   -free -module /tigress/xingz/abinit-8.10.2/src/mods -O3 -g -extend-source -noaltparam -nofpscomp   -c -o m_sigma.o m_sigma.F90
mpiifort -DHAVE_CONFIG_H -I. -I../..  -I../../src/44_abitools -I../../src/44_abitools -I../../src/59_ionetcdf -I../../src/59_ionetcdf -I../../src/27_toolbox_oop -I../../src/27_toolbox_oop -I../../src/42_libpaw -I../../src/42_libpaw -I../../src/65_paw -I../../src/65_paw -I../../src/66_nonlocal -I../../src/66_nonlocal -I../../src/49_gw_toolbox_oop -I../../src/49_gw_toolbox_oop -I../../src/62_iowfdenpot -I../../src/62_iowfdenpot -I../../src/43_ptgroups -I../../src/43_ptgroups -I../../src/18_timing -I../../src/18_timing -I../../src/12_hide_mpi -I../../src/12_hide_mpi -I../../src/56_mixing -I../../src/56_mixing -I../../src/56_io_mpi -I../../src/56_io_mpi -I../../src/14_hidewrite -I../../src/14_hidewrite -I../../src/69_wfdesc -I../../src/69_wfdesc -I../../src/32_util -I../../src/32_util -I../../src/67_common -I../../src/67_common -I../../src/28_numeric_noabirule -I../../src/28_numeric_noabirule -I../../src/44_abitypes_defs -I../../src/44_abitypes_defs -I../../src/51_manage_mpi -I../../src/51_manage_mpi -I../../src/61_occeig -I../../src/61_occeig -I../../src/16_hideleave -I../../src/16_hideleave -I../../src/56_recipspace -I../../src/56_recipspace -I../../src/43_wvl_wrappers -I../../src/43_wvl_wrappers -I../../src/52_fft_mpi_noabirule -I../../src/52_fft_mpi_noabirule -I../../src/56_xc -I../../src/56_xc -I../../src/66_wfs -I../../src/66_wfs -I../../src/41_xc_lowlevel -I../../src/41_xc_lowlevel -I../../src/41_geometry -I../../src/41_geometry -I../../src/10_defs -I../../src/10_defs -I../../src/53_ffts -I../../src/53_ffts -I../../src/incs -I../../src/incs -I/tigress/xingz/abinit-8.10.2/fallbacks/exports/include -I/tigress/xingz/abinit-8.10.2/fallbacks/exports/include   -free -module /tigress/xingz/abinit-8.10.2/src/mods -O3 -g -extend-source -noaltparam -nofpscomp   -c -o m_sigc.o m_sigc.F90
mpiifort -DHAVE_CONFIG_H -I. -I../..  -I../../src/44_abitools -I../../src/44_abitools -I../../src/59_ionetcdf -I../../src/59_ionetcdf -I../../src/27_toolbox_oop -I../../src/27_toolbox_oop -I../../src/42_libpaw -I../../src/42_libpaw -I../../src/65_paw -I../../src/65_paw -I../../src/66_nonlocal -I../../src/66_nonlocal -I../../src/49_gw_toolbox_oop -I../../src/49_gw_toolbox_oop -I../../src/62_iowfdenpot -I../../src/62_iowfdenpot -I../../src/43_ptgroups -I../../src/43_ptgroups -I../../src/18_timing -I../../src/18_timing -I../../src/12_hide_mpi -I../../src/12_hide_mpi -I../../src/56_mixing -I../../src/56_mixing -I../../src/56_io_mpi -I../../src/56_io_mpi -I../../src/14_hidewrite -I../../src/14_hidewrite -I../../src/69_wfdesc -I../../src/69_wfdesc -I../../src/32_util -I../../src/32_util -I../../src/67_common -I../../src/67_common -I../../src/28_numeric_noabirule -I../../src/28_numeric_noabirule -I../../src/44_abitypes_defs -I../../src/44_abitypes_defs -I../../src/51_manage_mpi -I../../src/51_manage_mpi -I../../src/61_occeig -I../../src/61_occeig -I../../src/16_hideleave -I../../src/16_hideleave -I../../src/56_recipspace -I../../src/56_recipspace -I../../src/43_wvl_wrappers -I../../src/43_wvl_wrappers -I../../src/52_fft_mpi_noabirule -I../../src/52_fft_mpi_noabirule -I../../src/56_xc -I../../src/56_xc -I../../src/66_wfs -I../../src/66_wfs -I../../src/41_xc_lowlevel -I../../src/41_xc_lowlevel -I../../src/41_geometry -I../../src/41_geometry -I../../src/10_defs -I../../src/10_defs -I../../src/53_ffts -I../../src/53_ffts -I../../src/incs -I../../src/incs -I/tigress/xingz/abinit-8.10.2/fallbacks/exports/include -I/tigress/xingz/abinit-8.10.2/fallbacks/exports/include   -free -module /tigress/xingz/abinit-8.10.2/src/mods -O3 -g -extend-source -noaltparam -nofpscomp   -c -o m_sigx.o m_sigx.F90
mpiifort -DHAVE_CONFIG_H -I. -I../..  -I../../src/44_abitools -I../../src/44_abitools -I../../src/59_ionetcdf -I../../src/59_ionetcdf -I../../src/27_toolbox_oop -I../../src/27_toolbox_oop -I../../src/42_libpaw -I../../src/42_libpaw -I../../src/65_paw -I../../src/65_paw -I../../src/66_nonlocal -I../../src/66_nonlocal -I../../src/49_gw_toolbox_oop -I../../src/49_gw_toolbox_oop -I../../src/62_iowfdenpot -I../../src/62_iowfdenpot -I../../src/43_ptgroups -I../../src/43_ptgroups -I../../src/18_timing -I../../src/18_timing -I../../src/12_hide_mpi -I../../src/12_hide_mpi -I../../src/56_mixing -I../../src/56_mixing -I../../src/56_io_mpi -I../../src/56_io_mpi -I../../src/14_hidewrite -I../../src/14_hidewrite -I../../src/69_wfdesc -I../../src/69_wfdesc -I../../src/32_util -I../../src/32_util -I../../src/67_common -I../../src/67_common -I../../src/28_numeric_noabirule -I../../src/28_numeric_noabirule -I../../src/44_abitypes_defs -I../../src/44_abitypes_defs -I../../src/51_manage_mpi -I../../src/51_manage_mpi -I../../src/61_occeig -I../../src/61_occeig -I../../src/16_hideleave -I../../src/16_hideleave -I../../src/56_recipspace -I../../src/56_recipspace -I../../src/43_wvl_wrappers -I../../src/43_wvl_wrappers -I../../src/52_fft_mpi_noabirule -I../../src/52_fft_mpi_noabirule -I../../src/56_xc -I../../src/56_xc -I../../src/66_wfs -I../../src/66_wfs -I../../src/41_xc_lowlevel -I../../src/41_xc_lowlevel -I../../src/41_geometry -I../../src/41_geometry -I../../src/10_defs -I../../src/10_defs -I../../src/53_ffts -I../../src/53_ffts -I../../src/incs -I../../src/incs -I/tigress/xingz/abinit-8.10.2/fallbacks/exports/include -I/tigress/xingz/abinit-8.10.2/fallbacks/exports/include   -free -module /tigress/xingz/abinit-8.10.2/src/mods -O3 -g -extend-source -noaltparam -nofpscomp   -c -o m_vhxc_me.o m_vhxc_me.F90
mpiifort -DHAVE_CONFIG_H -I. -I../..  -I../../src/44_abitools -I../../src/44_abitools -I../../src/59_ionetcdf -I../../src/59_ionetcdf -I../../src/27_toolbox_oop -I../../src/27_toolbox_oop -I../../src/42_libpaw -I../../src/42_libpaw -I../../src/65_paw -I../../src/65_paw -I../../src/66_nonlocal -I../../src/66_nonlocal -I../../src/49_gw_toolbox_oop -I../../src/49_gw_toolbox_oop -I../../src/62_iowfdenpot -I../../src/62_iowfdenpot -I../../src/43_ptgroups -I../../src/43_ptgroups -I../../src/18_timing -I../../src/18_timing -I../../src/12_hide_mpi -I../../src/12_hide_mpi -I../../src/56_mixing -I../../src/56_mixing -I../../src/56_io_mpi -I../../src/56_io_mpi -I../../src/14_hidewrite -I../../src/14_hidewrite -I../../src/69_wfdesc -I../../src/69_wfdesc -I../../src/32_util -I../../src/32_util -I../../src/67_common -I../../src/67_common -I../../src/28_numeric_noabirule -I../../src/28_numeric_noabirule -I../../src/44_abitypes_defs -I../../src/44_abitypes_defs -I../../src/51_manage_mpi -I../../src/51_manage_mpi -I../../src/61_occeig -I../../src/61_occeig -I../../src/16_hideleave -I../../src/16_hideleave -I../../src/56_recipspace -I../../src/56_recipspace -I../../src/43_wvl_wrappers -I../../src/43_wvl_wrappers -I../../src/52_fft_mpi_noabirule -I../../src/52_fft_mpi_noabirule -I../../src/56_xc -I../../src/56_xc -I../../src/66_wfs -I../../src/66_wfs -I../../src/41_xc_lowlevel -I../../src/41_xc_lowlevel -I../../src/41_geometry -I../../src/41_geometry -I../../src/10_defs -I../../src/10_defs -I../../src/53_ffts -I../../src/53_ffts -I../../src/incs -I../../src/incs -I/tigress/xingz/abinit-8.10.2/fallbacks/exports/include -I/tigress/xingz/abinit-8.10.2/fallbacks/exports/include   -free -module /tigress/xingz/abinit-8.10.2/src/mods -O3 -g -extend-source -noaltparam -nofpscomp   -c -o m_chi0tk.o m_chi0tk.F90
mpiifort -DHAVE_CONFIG_H -I. -I../..  -I../../src/44_abitools -I../../src/44_abitools -I../../src/59_ionetcdf -I../../src/59_ionetcdf -I../../src/27_toolbox_oop -I../../src/27_toolbox_oop -I../../src/42_libpaw -I../../src/42_libpaw -I../../src/65_paw -I../../src/65_paw -I../../src/66_nonlocal -I../../src/66_nonlocal -I../../src/49_gw_toolbox_oop -I../../src/49_gw_toolbox_oop -I../../src/62_iowfdenpot -I../../src/62_iowfdenpot -I../../src/43_ptgroups -I../../src/43_ptgroups -I../../src/18_timing -I../../src/18_timing -I../../src/12_hide_mpi -I../../src/12_hide_mpi -I../../src/56_mixing -I../../src/56_mixing -I../../src/56_io_mpi -I../../src/56_io_mpi -I../../src/14_hidewrite -I../../src/14_hidewrite -I../../src/69_wfdesc -I../../src/69_wfdesc -I../../src/32_util -I../../src/32_util -I../../src/67_common -I../../src/67_common -I../../src/28_numeric_noabirule -I../../src/28_numeric_noabirule -I../../src/44_abitypes_defs -I../../src/44_abitypes_defs -I../../src/51_manage_mpi -I../../src/51_manage_mpi -I../../src/61_occeig -I../../src/61_occeig -I../../src/16_hideleave -I../../src/16_hideleave -I../../src/56_recipspace -I../../src/56_recipspace -I../../src/43_wvl_wrappers -I../../src/43_wvl_wrappers -I../../src/52_fft_mpi_noabirule -I../../src/52_fft_mpi_noabirule -I../../src/56_xc -I../../src/56_xc -I../../src/66_wfs -I../../src/66_wfs -I../../src/41_xc_lowlevel -I../../src/41_xc_lowlevel -I../../src/41_geometry -I../../src/41_geometry -I../../src/10_defs -I../../src/10_defs -I../../src/53_ffts -I../../src/53_ffts -I../../src/incs -I../../src/incs -I/tigress/xingz/abinit-8.10.2/fallbacks/exports/include -I/tigress/xingz/abinit-8.10.2/fallbacks/exports/include   -free -module /tigress/xingz/abinit-8.10.2/src/mods -O3 -g -extend-source -noaltparam -nofpscomp   -c -o m_read_plowannier.o m_read_plowannier.F90
mpiifort -DHAVE_CONFIG_H -I. -I../..  -I../../src/44_abitools -I../../src/44_abitools -I../../src/59_ionetcdf -I../../src/59_ionetcdf -I../../src/27_toolbox_oop -I../../src/27_toolbox_oop -I../../src/42_libpaw -I../../src/42_libpaw -I../../src/65_paw -I../../src/65_paw -I../../src/66_nonlocal -I../../src/66_nonlocal -I../../src/49_gw_toolbox_oop -I../../src/49_gw_toolbox_oop -I../../src/62_iowfdenpot -I../../src/62_iowfdenpot -I../../src/43_ptgroups -I../../src/43_ptgroups -I../../src/18_timing -I../../src/18_timing -I../../src/12_hide_mpi -I../../src/12_hide_mpi -I../../src/56_mixing -I../../src/56_mixing -I../../src/56_io_mpi -I../../src/56_io_mpi -I../../src/14_hidewrite -I../../src/14_hidewrite -I../../src/69_wfdesc -I../../src/69_wfdesc -I../../src/32_util -I../../src/32_util -I../../src/67_common -I../../src/67_common -I../../src/28_numeric_noabirule -I../../src/28_numeric_noabirule -I../../src/44_abitypes_defs -I../../src/44_abitypes_defs -I../../src/51_manage_mpi -I../../src/51_manage_mpi -I../../src/61_occeig -I../../src/61_occeig -I../../src/16_hideleave -I../../src/16_hideleave -I../../src/56_recipspace -I../../src/56_recipspace -I../../src/43_wvl_wrappers -I../../src/43_wvl_wrappers -I../../src/52_fft_mpi_noabirule -I../../src/52_fft_mpi_noabirule -I../../src/56_xc -I../../src/56_xc -I../../src/66_wfs -I../../src/66_wfs -I../../src/41_xc_lowlevel -I../../src/41_xc_lowlevel -I../../src/41_geometry -I../../src/41_geometry -I../../src/10_defs -I../../src/10_defs -I../../src/53_ffts -I../../src/53_ffts -I../../src/incs -I../../src/incs -I/tigress/xingz/abinit-8.10.2/fallbacks/exports/include -I/tigress/xingz/abinit-8.10.2/fallbacks/exports/include   -free -module /tigress/xingz/abinit-8.10.2/src/mods -O3 -g -extend-source -noaltparam -nofpscomp   -c -o m_chi0.o m_chi0.F90
mpiifort -DHAVE_CONFIG_H -I. -I../..  -I../../src/44_abitools -I../../src/44_abitools -I../../src/59_ionetcdf -I../../src/59_ionetcdf -I../../src/27_toolbox_oop -I../../src/27_toolbox_oop -I../../src/42_libpaw -I../../src/42_libpaw -I../../src/65_paw -I../../src/65_paw -I../../src/66_nonlocal -I../../src/66_nonlocal -I../../src/49_gw_toolbox_oop -I../../src/49_gw_toolbox_oop -I../../src/62_iowfdenpot -I../../src/62_iowfdenpot -I../../src/43_ptgroups -I../../src/43_ptgroups -I../../src/18_timing -I../../src/18_timing -I../../src/12_hide_mpi -I../../src/12_hide_mpi -I../../src/56_mixing -I../../src/56_mixing -I../../src/56_io_mpi -I../../src/56_io_mpi -I../../src/14_hidewrite -I../../src/14_hidewrite -I../../src/69_wfdesc -I../../src/69_wfdesc -I../../src/32_util -I../../src/32_util -I../../src/67_common -I../../src/67_common -I../../src/28_numeric_noabirule -I../../src/28_numeric_noabirule -I../../src/44_abitypes_defs -I../../src/44_abitypes_defs -I../../src/51_manage_mpi -I../../src/51_manage_mpi -I../../src/61_occeig -I../../src/61_occeig -I../../src/16_hideleave -I../../src/16_hideleave -I../../src/56_recipspace -I../../src/56_recipspace -I../../src/43_wvl_wrappers -I../../src/43_wvl_wrappers -I../../src/52_fft_mpi_noabirule -I../../src/52_fft_mpi_noabirule -I../../src/56_xc -I../../src/56_xc -I../../src/66_wfs -I../../src/66_wfs -I../../src/41_xc_lowlevel -I../../src/41_xc_lowlevel -I../../src/41_geometry -I../../src/41_geometry -I../../src/10_defs -I../../src/10_defs -I../../src/53_ffts -I../../src/53_ffts -I../../src/incs -I../../src/incs -I/tigress/xingz/abinit-8.10.2/fallbacks/exports/include -I/tigress/xingz/abinit-8.10.2/fallbacks/exports/include   -free -module /tigress/xingz/abinit-8.10.2/src/mods -O3 -g -extend-source -noaltparam -nofpscomp   -c -o m_cohsex.o m_cohsex.F90
mpiifort -DHAVE_CONFIG_H -I. -I../..  -I../../src/44_abitools -I../../src/44_abitools -I../../src/59_ionetcdf -I../../src/59_ionetcdf -I../../src/27_toolbox_oop -I../../src/27_toolbox_oop -I../../src/42_libpaw -I../../src/42_libpaw -I../../src/65_paw -I../../src/65_paw -I../../src/66_nonlocal -I../../src/66_nonlocal -I../../src/49_gw_toolbox_oop -I../../src/49_gw_toolbox_oop -I../../src/62_iowfdenpot -I../../src/62_iowfdenpot -I../../src/43_ptgroups -I../../src/43_ptgroups -I../../src/18_timing -I../../src/18_timing -I../../src/12_hide_mpi -I../../src/12_hide_mpi -I../../src/56_mixing -I../../src/56_mixing -I../../src/56_io_mpi -I../../src/56_io_mpi -I../../src/14_hidewrite -I../../src/14_hidewrite -I../../src/69_wfdesc -I../../src/69_wfdesc -I../../src/32_util -I../../src/32_util -I../../src/67_common -I../../src/67_common -I../../src/28_numeric_noabirule -I../../src/28_numeric_noabirule -I../../src/44_abitypes_defs -I../../src/44_abitypes_defs -I../../src/51_manage_mpi -I../../src/51_manage_mpi -I../../src/61_occeig -I../../src/61_occeig -I../../src/16_hideleave -I../../src/16_hideleave -I../../src/56_recipspace -I../../src/56_recipspace -I../../src/43_wvl_wrappers -I../../src/43_wvl_wrappers -I../../src/52_fft_mpi_noabirule -I../../src/52_fft_mpi_noabirule -I../../src/56_xc -I../../src/56_xc -I../../src/66_wfs -I../../src/66_wfs -I../../src/41_xc_lowlevel -I../../src/41_xc_lowlevel -I../../src/41_geometry -I../../src/41_geometry -I../../src/10_defs -I../../src/10_defs -I../../src/53_ffts -I../../src/53_ffts -I../../src/incs -I../../src/incs -I/tigress/xingz/abinit-8.10.2/fallbacks/exports/include -I/tigress/xingz/abinit-8.10.2/fallbacks/exports/include   -free -module /tigress/xingz/abinit-8.10.2/src/mods -O3 -g -extend-source -noaltparam -nofpscomp   -c -o m_classify_bands.o m_classify_bands.F90
mpiifort -DHAVE_CONFIG_H -I. -I../..  -I../../src/44_abitools -I../../src/44_abitools -I../../src/59_ionetcdf -I../../src/59_ionetcdf -I../../src/27_toolbox_oop -I../../src/27_toolbox_oop -I../../src/42_libpaw -I../../src/42_libpaw -I../../src/65_paw -I../../src/65_paw -I../../src/66_nonlocal -I../../src/66_nonlocal -I../../src/49_gw_toolbox_oop -I../../src/49_gw_toolbox_oop -I../../src/62_iowfdenpot -I../../src/62_iowfdenpot -I../../src/43_ptgroups -I../../src/43_ptgroups -I../../src/18_timing -I../../src/18_timing -I../../src/12_hide_mpi -I../../src/12_hide_mpi -I../../src/56_mixing -I../../src/56_mixing -I../../src/56_io_mpi -I../../src/56_io_mpi -I../../src/14_hidewrite -I../../src/14_hidewrite -I../../src/69_wfdesc -I../../src/69_wfdesc -I../../src/32_util -I../../src/32_util -I../../src/67_common -I../../src/67_common -I../../src/28_numeric_noabirule -I../../src/28_numeric_noabirule -I../../src/44_abitypes_defs -I../../src/44_abitypes_defs -I../../src/51_manage_mpi -I../../src/51_manage_mpi -I../../src/61_occeig -I../../src/61_occeig -I../../src/16_hideleave -I../../src/16_hideleave -I../../src/56_recipspace -I../../src/56_recipspace -I../../src/43_wvl_wrappers -I../../src/43_wvl_wrappers -I../../src/52_fft_mpi_noabirule -I../../src/52_fft_mpi_noabirule -I../../src/56_xc -I../../src/56_xc -I../../src/66_wfs -I../../src/66_wfs -I../../src/41_xc_lowlevel -I../../src/41_xc_lowlevel -I../../src/41_geometry -I../../src/41_geometry -I../../src/10_defs -I../../src/10_defs -I../../src/53_ffts -I../../src/53_ffts -I../../src/incs -I../../src/incs -I/tigress/xingz/abinit-8.10.2/fallbacks/exports/include -I/tigress/xingz/abinit-8.10.2/fallbacks/exports/include   -free -module /tigress/xingz/abinit-8.10.2/src/mods -O3 -g -extend-source -noaltparam -nofpscomp   -c -o m_gwls_utility.o m_gwls_utility.F90
mpiifort -DHAVE_CONFIG_H -I. -I../..  -I../../src/44_abitools -I../../src/44_abitools -I../../src/59_ionetcdf -I../../src/59_ionetcdf -I../../src/27_toolbox_oop -I../../src/27_toolbox_oop -I../../src/42_libpaw -I../../src/42_libpaw -I../../src/65_paw -I../../src/65_paw -I../../src/66_nonlocal -I../../src/66_nonlocal -I../../src/49_gw_toolbox_oop -I../../src/49_gw_toolbox_oop -I../../src/62_iowfdenpot -I../../src/62_iowfdenpot -I../../src/43_ptgroups -I../../src/43_ptgroups -I../../src/18_timing -I../../src/18_timing -I../../src/12_hide_mpi -I../../src/12_hide_mpi -I../../src/56_mixing -I../../src/56_mixing -I../../src/56_io_mpi -I../../src/56_io_mpi -I../../src/14_hidewrite -I../../src/14_hidewrite -I../../src/69_wfdesc -I../../src/69_wfdesc -I../../src/32_util -I../../src/32_util -I../../src/67_common -I../../src/67_common -I../../src/28_numeric_noabirule -I../../src/28_numeric_noabirule -I../../src/44_abitypes_defs -I../../src/44_abitypes_defs -I../../src/51_manage_mpi -I../../src/51_manage_mpi -I../../src/61_occeig -I../../src/61_occeig -I../../src/16_hideleave -I../../src/16_hideleave -I../../src/56_recipspace -I../../src/56_recipspace -I../../src/43_wvl_wrappers -I../../src/43_wvl_wrappers -I../../src/52_fft_mpi_noabirule -I../../src/52_fft_mpi_noabirule -I../../src/56_xc -I../../src/56_xc -I../../src/66_wfs -I../../src/66_wfs -I../../src/41_xc_lowlevel -I../../src/41_xc_lowlevel -I../../src/41_geometry -I../../src/41_geometry -I../../src/10_defs -I../../src/10_defs -I../../src/53_ffts -I../../src/53_ffts -I../../src/incs -I../../src/incs -I/tigress/xingz/abinit-8.10.2/fallbacks/exports/include -I/tigress/xingz/abinit-8.10.2/fallbacks/exports/include   -free -module /tigress/xingz/abinit-8.10.2/src/mods -O3 -g -extend-source -noaltparam -nofpscomp   -c -o m_gwls_wf.o m_gwls_wf.F90
mpiifort -DHAVE_CONFIG_H -I. -I../..  -I../../src/44_abitools -I../../src/44_abitools -I../../src/59_ionetcdf -I../../src/59_ionetcdf -I../../src/27_toolbox_oop -I../../src/27_toolbox_oop -I../../src/42_libpaw -I../../src/42_libpaw -I../../src/65_paw -I../../src/65_paw -I../../src/66_nonlocal -I../../src/66_nonlocal -I../../src/49_gw_toolbox_oop -I../../src/49_gw_toolbox_oop -I../../src/62_iowfdenpot -I../../src/62_iowfdenpot -I../../src/43_ptgroups -I../../src/43_ptgroups -I../../src/18_timing -I../../src/18_timing -I../../src/12_hide_mpi -I../../src/12_hide_mpi -I../../src/56_mixing -I../../src/56_mixing -I../../src/56_io_mpi -I../../src/56_io_mpi -I../../src/14_hidewrite -I../../src/14_hidewrite -I../../src/69_wfdesc -I../../src/69_wfdesc -I../../src/32_util -I../../src/32_util -I../../src/67_common -I../../src/67_common -I../../src/28_numeric_noabirule -I../../src/28_numeric_noabirule -I../../src/44_abitypes_defs -I../../src/44_abitypes_defs -I../../src/51_manage_mpi -I../../src/51_manage_mpi -I../../src/61_occeig -I../../src/61_occeig -I../../src/16_hideleave -I../../src/16_hideleave -I../../src/56_recipspace -I../../src/56_recipspace -I../../src/43_wvl_wrappers -I../../src/43_wvl_wrappers -I../../src/52_fft_mpi_noabirule -I../../src/52_fft_mpi_noabirule -I../../src/56_xc -I../../src/56_xc -I../../src/66_wfs -I../../src/66_wfs -I../../src/41_xc_lowlevel -I../../src/41_xc_lowlevel -I../../src/41_geometry -I../../src/41_geometry -I../../src/10_defs -I../../src/10_defs -I../../src/53_ffts -I../../src/53_ffts -I../../src/incs -I../../src/incs -I/tigress/xingz/abinit-8.10.2/fallbacks/exports/include -I/tigress/xingz/abinit-8.10.2/fallbacks/exports/include   -free -module /tigress/xingz/abinit-8.10.2/src/mods -O3 -g -extend-source -noaltparam -nofpscomp   -c -o m_gwls_hamiltonian.o m_gwls_hamiltonian.F90
mpiifort -DHAVE_CONFIG_H -I. -I../..  -I../../src/44_abitools -I../../src/44_abitools -I../../src/59_ionetcdf -I../../src/59_ionetcdf -I../../src/27_toolbox_oop -I../../src/27_toolbox_oop -I../../src/42_libpaw -I../../src/42_libpaw -I../../src/65_paw -I../../src/65_paw -I../../src/66_nonlocal -I../../src/66_nonlocal -I../../src/49_gw_toolbox_oop -I../../src/49_gw_toolbox_oop -I../../src/62_iowfdenpot -I../../src/62_iowfdenpot -I../../src/43_ptgroups -I../../src/43_ptgroups -I../../src/18_timing -I../../src/18_timing -I../../src/12_hide_mpi -I../../src/12_hide_mpi -I../../src/56_mixing -I../../src/56_mixing -I../../src/56_io_mpi -I../../src/56_io_mpi -I../../src/14_hidewrite -I../../src/14_hidewrite -I../../src/69_wfdesc -I../../src/69_wfdesc -I../../src/32_util -I../../src/32_util -I../../src/67_common -I../../src/67_common -I../../src/28_numeric_noabirule -I../../src/28_numeric_noabirule -I../../src/44_abitypes_defs -I../../src/44_abitypes_defs -I../../src/51_manage_mpi -I../../src/51_manage_mpi -I../../src/61_occeig -I../../src/61_occeig -I../../src/16_hideleave -I../../src/16_hideleave -I../../src/56_recipspace -I../../src/56_recipspace -I../../src/43_wvl_wrappers -I../../src/43_wvl_wrappers -I../../src/52_fft_mpi_noabirule -I../../src/52_fft_mpi_noabirule -I../../src/56_xc -I../../src/56_xc -I../../src/66_wfs -I../../src/66_wfs -I../../src/41_xc_lowlevel -I../../src/41_xc_lowlevel -I../../src/41_geometry -I../../src/41_geometry -I../../src/10_defs -I../../src/10_defs -I../../src/53_ffts -I../../src/53_ffts -I../../src/incs -I../../src/incs -I/tigress/xingz/abinit-8.10.2/fallbacks/exports/include -I/tigress/xingz/abinit-8.10.2/fallbacks/exports/include   -free -module /tigress/xingz/abinit-8.10.2/src/mods -O3 -g -extend-source -noaltparam -nofpscomp   -c -o m_gwls_valenceWavefunctions.o m_gwls_valenceWavefunctions.F90
mpiifort -DHAVE_CONFIG_H -I. -I../..  -I../../src/44_abitools -I../../src/44_abitools -I../../src/59_ionetcdf -I../../src/59_ionetcdf -I../../src/27_toolbox_oop -I../../src/27_toolbox_oop -I../../src/42_libpaw -I../../src/42_libpaw -I../../src/65_paw -I../../src/65_paw -I../../src/66_nonlocal -I../../src/66_nonlocal -I../../src/49_gw_toolbox_oop -I../../src/49_gw_toolbox_oop -I../../src/62_iowfdenpot -I../../src/62_iowfdenpot -I../../src/43_ptgroups -I../../src/43_ptgroups -I../../src/18_timing -I../../src/18_timing -I../../src/12_hide_mpi -I../../src/12_hide_mpi -I../../src/56_mixing -I../../src/56_mixing -I../../src/56_io_mpi -I../../src/56_io_mpi -I../../src/14_hidewrite -I../../src/14_hidewrite -I../../src/69_wfdesc -I../../src/69_wfdesc -I../../src/32_util -I../../src/32_util -I../../src/67_common -I../../src/67_common -I../../src/28_numeric_noabirule -I../../src/28_numeric_noabirule -I../../src/44_abitypes_defs -I../../src/44_abitypes_defs -I../../src/51_manage_mpi -I../../src/51_manage_mpi -I../../src/61_occeig -I../../src/61_occeig -I../../src/16_hideleave -I../../src/16_hideleave -I../../src/56_recipspace -I../../src/56_recipspace -I../../src/43_wvl_wrappers -I../../src/43_wvl_wrappers -I../../src/52_fft_mpi_noabirule -I../../src/52_fft_mpi_noabirule -I../../src/56_xc -I../../src/56_xc -I../../src/66_wfs -I../../src/66_wfs -I../../src/41_xc_lowlevel -I../../src/41_xc_lowlevel -I../../src/41_geometry -I../../src/41_geometry -I../../src/10_defs -I../../src/10_defs -I../../src/53_ffts -I../../src/53_ffts -I../../src/incs -I../../src/incs -I/tigress/xingz/abinit-8.10.2/fallbacks/exports/include -I/tigress/xingz/abinit-8.10.2/fallbacks/exports/include   -free -module /tigress/xingz/abinit-8.10.2/src/mods -O3 -g -extend-source -noaltparam -nofpscomp   -c -o m_gwls_lineqsolver.o m_gwls_lineqsolver.F90
mpiifort -DHAVE_CONFIG_H -I. -I../..  -I../../src/44_abitools -I../../src/44_abitools -I../../src/59_ionetcdf -I../../src/59_ionetcdf -I../../src/27_toolbox_oop -I../../src/27_toolbox_oop -I../../src/42_libpaw -I../../src/42_libpaw -I../../src/65_paw -I../../src/65_paw -I../../src/66_nonlocal -I../../src/66_nonlocal -I../../src/49_gw_toolbox_oop -I../../src/49_gw_toolbox_oop -I../../src/62_iowfdenpot -I../../src/62_iowfdenpot -I../../src/43_ptgroups -I../../src/43_ptgroups -I../../src/18_timing -I../../src/18_timing -I../../src/12_hide_mpi -I../../src/12_hide_mpi -I../../src/56_mixing -I../../src/56_mixing -I../../src/56_io_mpi -I../../src/56_io_mpi -I../../src/14_hidewrite -I../../src/14_hidewrite -I../../src/69_wfdesc -I../../src/69_wfdesc -I../../src/32_util -I../../src/32_util -I../../src/67_common -I../../src/67_common -I../../src/28_numeric_noabirule -I../../src/28_numeric_noabirule -I../../src/44_abitypes_defs -I../../src/44_abitypes_defs -I../../src/51_manage_mpi -I../../src/51_manage_mpi -I../../src/61_occeig -I../../src/61_occeig -I../../src/16_hideleave -I../../src/16_hideleave -I../../src/56_recipspace -I../../src/56_recipspace -I../../src/43_wvl_wrappers -I../../src/43_wvl_wrappers -I../../src/52_fft_mpi_noabirule -I../../src/52_fft_mpi_noabirule -I../../src/56_xc -I../../src/56_xc -I../../src/66_wfs -I../../src/66_wfs -I../../src/41_xc_lowlevel -I../../src/41_xc_lowlevel -I../../src/41_geometry -I../../src/41_geometry -I../../src/10_defs -I../../src/10_defs -I../../src/53_ffts -I../../src/53_ffts -I../../src/incs -I../../src/incs -I/tigress/xingz/abinit-8.10.2/fallbacks/exports/include -I/tigress/xingz/abinit-8.10.2/fallbacks/exports/include   -free -module /tigress/xingz/abinit-8.10.2/src/mods -O3 -g -extend-source -noaltparam -nofpscomp   -c -o m_gwls_polarisability.o m_gwls_polarisability.F90
mpiifort -DHAVE_CONFIG_H -I. -I../..  -I../../src/44_abitools -I../../src/44_abitools -I../../src/59_ionetcdf -I../../src/59_ionetcdf -I../../src/27_toolbox_oop -I../../src/27_toolbox_oop -I../../src/42_libpaw -I../../src/42_libpaw -I../../src/65_paw -I../../src/65_paw -I../../src/66_nonlocal -I../../src/66_nonlocal -I../../src/49_gw_toolbox_oop -I../../src/49_gw_toolbox_oop -I../../src/62_iowfdenpot -I../../src/62_iowfdenpot -I../../src/43_ptgroups -I../../src/43_ptgroups -I../../src/18_timing -I../../src/18_timing -I../../src/12_hide_mpi -I../../src/12_hide_mpi -I../../src/56_mixing -I../../src/56_mixing -I../../src/56_io_mpi -I../../src/56_io_mpi -I../../src/14_hidewrite -I../../src/14_hidewrite -I../../src/69_wfdesc -I../../src/69_wfdesc -I../../src/32_util -I../../src/32_util -I../../src/67_common -I../../src/67_common -I../../src/28_numeric_noabirule -I../../src/28_numeric_noabirule -I../../src/44_abitypes_defs -I../../src/44_abitypes_defs -I../../src/51_manage_mpi -I../../src/51_manage_mpi -I../../src/61_occeig -I../../src/61_occeig -I../../src/16_hideleave -I../../src/16_hideleave -I../../src/56_recipspace -I../../src/56_recipspace -I../../src/43_wvl_wrappers -I../../src/43_wvl_wrappers -I../../src/52_fft_mpi_noabirule -I../../src/52_fft_mpi_noabirule -I../../src/56_xc -I../../src/56_xc -I../../src/66_wfs -I../../src/66_wfs -I../../src/41_xc_lowlevel -I../../src/41_xc_lowlevel -I../../src/41_geometry -I../../src/41_geometry -I../../src/10_defs -I../../src/10_defs -I../../src/53_ffts -I../../src/53_ffts -I../../src/incs -I../../src/incs -I/tigress/xingz/abinit-8.10.2/fallbacks/exports/include -I/tigress/xingz/abinit-8.10.2/fallbacks/exports/include   -free -module /tigress/xingz/abinit-8.10.2/src/mods -O3 -g -extend-source -noaltparam -nofpscomp   -c -o m_gwls_TimingLog.o m_gwls_TimingLog.F90
mpiifort -DHAVE_CONFIG_H -I. -I../..  -I../../src/44_abitools -I../../src/44_abitools -I../../src/59_ionetcdf -I../../src/59_ionetcdf -I../../src/27_toolbox_oop -I../../src/27_toolbox_oop -I../../src/42_libpaw -I../../src/42_libpaw -I../../src/65_paw -I../../src/65_paw -I../../src/66_nonlocal -I../../src/66_nonlocal -I../../src/49_gw_toolbox_oop -I../../src/49_gw_toolbox_oop -I../../src/62_iowfdenpot -I../../src/62_iowfdenpot -I../../src/43_ptgroups -I../../src/43_ptgroups -I../../src/18_timing -I../../src/18_timing -I../../src/12_hide_mpi -I../../src/12_hide_mpi -I../../src/56_mixing -I../../src/56_mixing -I../../src/56_io_mpi -I../../src/56_io_mpi -I../../src/14_hidewrite -I../../src/14_hidewrite -I../../src/69_wfdesc -I../../src/69_wfdesc -I../../src/32_util -I../../src/32_util -I../../src/67_common -I../../src/67_common -I../../src/28_numeric_noabirule -I../../src/28_numeric_noabirule -I../../src/44_abitypes_defs -I../../src/44_abitypes_defs -I../../src/51_manage_mpi -I../../src/51_manage_mpi -I../../src/61_occeig -I../../src/61_occeig -I../../src/16_hideleave -I../../src/16_hideleave -I../../src/56_recipspace -I../../src/56_recipspace -I../../src/43_wvl_wrappers -I../../src/43_wvl_wrappers -I../../src/52_fft_mpi_noabirule -I../../src/52_fft_mpi_noabirule -I../../src/56_xc -I../../src/56_xc -I../../src/66_wfs -I../../src/66_wfs -I../../src/41_xc_lowlevel -I../../src/41_xc_lowlevel -I../../src/41_geometry -I../../src/41_geometry -I../../src/10_defs -I../../src/10_defs -I../../src/53_ffts -I../../src/53_ffts -I../../src/incs -I../../src/incs -I/tigress/xingz/abinit-8.10.2/fallbacks/exports/include -I/tigress/xingz/abinit-8.10.2/fallbacks/exports/include   -free -module /tigress/xingz/abinit-8.10.2/src/mods -O3 -g -extend-source -noaltparam -nofpscomp   -c -o m_gwls_model_polarisability.o m_gwls_model_polarisability.F90
mpiifort -DHAVE_CONFIG_H -I. -I../..  -I../../src/44_abitools -I../../src/44_abitools -I../../src/59_ionetcdf -I../../src/59_ionetcdf -I../../src/27_toolbox_oop -I../../src/27_toolbox_oop -I../../src/42_libpaw -I../../src/42_libpaw -I../../src/65_paw -I../../src/65_paw -I../../src/66_nonlocal -I../../src/66_nonlocal -I../../src/49_gw_toolbox_oop -I../../src/49_gw_toolbox_oop -I../../src/62_iowfdenpot -I../../src/62_iowfdenpot -I../../src/43_ptgroups -I../../src/43_ptgroups -I../../src/18_timing -I../../src/18_timing -I../../src/12_hide_mpi -I../../src/12_hide_mpi -I../../src/56_mixing -I../../src/56_mixing -I../../src/56_io_mpi -I../../src/56_io_mpi -I../../src/14_hidewrite -I../../src/14_hidewrite -I../../src/69_wfdesc -I../../src/69_wfdesc -I../../src/32_util -I../../src/32_util -I../../src/67_common -I../../src/67_common -I../../src/28_numeric_noabirule -I../../src/28_numeric_noabirule -I../../src/44_abitypes_defs -I../../src/44_abitypes_defs -I../../src/51_manage_mpi -I../../src/51_manage_mpi -I../../src/61_occeig -I../../src/61_occeig -I../../src/16_hideleave -I../../src/16_hideleave -I../../src/56_recipspace -I../../src/56_recipspace -I../../src/43_wvl_wrappers -I../../src/43_wvl_wrappers -I../../src/52_fft_mpi_noabirule -I../../src/52_fft_mpi_noabirule -I../../src/56_xc -I../../src/56_xc -I../../src/66_wfs -I../../src/66_wfs -I../../src/41_xc_lowlevel -I../../src/41_xc_lowlevel -I../../src/41_geometry -I../../src/41_geometry -I../../src/10_defs -I../../src/10_defs -I../../src/53_ffts -I../../src/53_ffts -I../../src/incs -I../../src/incs -I/tigress/xingz/abinit-8.10.2/fallbacks/exports/include -I/tigress/xingz/abinit-8.10.2/fallbacks/exports/include   -free -module /tigress/xingz/abinit-8.10.2/src/mods -O3 -g -extend-source -noaltparam -nofpscomp   -c -o m_gwls_QR_factorization.o m_gwls_QR_factorization.F90
mpiifort -DHAVE_CONFIG_H -I. -I../..  -I../../src/44_abitools -I../../src/44_abitools -I../../src/59_ionetcdf -I../../src/59_ionetcdf -I../../src/27_toolbox_oop -I../../src/27_toolbox_oop -I../../src/42_libpaw -I../../src/42_libpaw -I../../src/65_paw -I../../src/65_paw -I../../src/66_nonlocal -I../../src/66_nonlocal -I../../src/49_gw_toolbox_oop -I../../src/49_gw_toolbox_oop -I../../src/62_iowfdenpot -I../../src/62_iowfdenpot -I../../src/43_ptgroups -I../../src/43_ptgroups -I../../src/18_timing -I../../src/18_timing -I../../src/12_hide_mpi -I../../src/12_hide_mpi -I../../src/56_mixing -I../../src/56_mixing -I../../src/56_io_mpi -I../../src/56_io_mpi -I../../src/14_hidewrite -I../../src/14_hidewrite -I../../src/69_wfdesc -I../../src/69_wfdesc -I../../src/32_util -I../../src/32_util -I../../src/67_common -I../../src/67_common -I../../src/28_numeric_noabirule -I../../src/28_numeric_noabirule -I../../src/44_abitypes_defs -I../../src/44_abitypes_defs -I../../src/51_manage_mpi -I../../src/51_manage_mpi -I../../src/61_occeig -I../../src/61_occeig -I../../src/16_hideleave -I../../src/16_hideleave -I../../src/56_recipspace -I../../src/56_recipspace -I../../src/43_wvl_wrappers -I../../src/43_wvl_wrappers -I../../src/52_fft_mpi_noabirule -I../../src/52_fft_mpi_noabirule -I../../src/56_xc -I../../src/56_xc -I../../src/66_wfs -I../../src/66_wfs -I../../src/41_xc_lowlevel -I../../src/41_xc_lowlevel -I../../src/41_geometry -I../../src/41_geometry -I../../src/10_defs -I../../src/10_defs -I../../src/53_ffts -I../../src/53_ffts -I../../src/incs -I../../src/incs -I/tigress/xingz/abinit-8.10.2/fallbacks/exports/include -I/tigress/xingz/abinit-8.10.2/fallbacks/exports/include   -free -module /tigress/xingz/abinit-8.10.2/src/mods -O3 -g -extend-source -noaltparam -nofpscomp   -c -o m_gwls_GWlanczos.o m_gwls_GWlanczos.F90
mpiifort -DHAVE_CONFIG_H -I. -I../..  -I../../src/44_abitools -I../../src/44_abitools -I../../src/59_ionetcdf -I../../src/59_ionetcdf -I../../src/27_toolbox_oop -I../../src/27_toolbox_oop -I../../src/42_libpaw -I../../src/42_libpaw -I../../src/65_paw -I../../src/65_paw -I../../src/66_nonlocal -I../../src/66_nonlocal -I../../src/49_gw_toolbox_oop -I../../src/49_gw_toolbox_oop -I../../src/62_iowfdenpot -I../../src/62_iowfdenpot -I../../src/43_ptgroups -I../../src/43_ptgroups -I../../src/18_timing -I../../src/18_timing -I../../src/12_hide_mpi -I../../src/12_hide_mpi -I../../src/56_mixing -I../../src/56_mixing -I../../src/56_io_mpi -I../../src/56_io_mpi -I../../src/14_hidewrite -I../../src/14_hidewrite -I../../src/69_wfdesc -I../../src/69_wfdesc -I../../src/32_util -I../../src/32_util -I../../src/67_common -I../../src/67_common -I../../src/28_numeric_noabirule -I../../src/28_numeric_noabirule -I../../src/44_abitypes_defs -I../../src/44_abitypes_defs -I../../src/51_manage_mpi -I../../src/51_manage_mpi -I../../src/61_occeig -I../../src/61_occeig -I../../src/16_hideleave -I../../src/16_hideleave -I../../src/56_recipspace -I../../src/56_recipspace -I../../src/43_wvl_wrappers -I../../src/43_wvl_wrappers -I../../src/52_fft_mpi_noabirule -I../../src/52_fft_mpi_noabirule -I../../src/56_xc -I../../src/56_xc -I../../src/66_wfs -I../../src/66_wfs -I../../src/41_xc_lowlevel -I../../src/41_xc_lowlevel -I../../src/41_geometry -I../../src/41_geometry -I../../src/10_defs -I../../src/10_defs -I../../src/53_ffts -I../../src/53_ffts -I../../src/incs -I../../src/incs -I/tigress/xingz/abinit-8.10.2/fallbacks/exports/include -I/tigress/xingz/abinit-8.10.2/fallbacks/exports/include   -free -module /tigress/xingz/abinit-8.10.2/src/mods -O3 -g -extend-source -noaltparam -nofpscomp   -c -o m_gwls_GenerateEpsilon.o m_gwls_GenerateEpsilon.F90
mpiifort -DHAVE_CONFIG_H -I. -I../..  -I../../src/44_abitools -I../../src/44_abitools -I../../src/59_ionetcdf -I../../src/59_ionetcdf -I../../src/27_toolbox_oop -I../../src/27_toolbox_oop -I../../src/42_libpaw -I../../src/42_libpaw -I../../src/65_paw -I../../src/65_paw -I../../src/66_nonlocal -I../../src/66_nonlocal -I../../src/49_gw_toolbox_oop -I../../src/49_gw_toolbox_oop -I../../src/62_iowfdenpot -I../../src/62_iowfdenpot -I../../src/43_ptgroups -I../../src/43_ptgroups -I../../src/18_timing -I../../src/18_timing -I../../src/12_hide_mpi -I../../src/12_hide_mpi -I../../src/56_mixing -I../../src/56_mixing -I../../src/56_io_mpi -I../../src/56_io_mpi -I../../src/14_hidewrite -I../../src/14_hidewrite -I../../src/69_wfdesc -I../../src/69_wfdesc -I../../src/32_util -I../../src/32_util -I../../src/67_common -I../../src/67_common -I../../src/28_numeric_noabirule -I../../src/28_numeric_noabirule -I../../src/44_abitypes_defs -I../../src/44_abitypes_defs -I../../src/51_manage_mpi -I../../src/51_manage_mpi -I../../src/61_occeig -I../../src/61_occeig -I../../src/16_hideleave -I../../src/16_hideleave -I../../src/56_recipspace -I../../src/56_recipspace -I../../src/43_wvl_wrappers -I../../src/43_wvl_wrappers -I../../src/52_fft_mpi_noabirule -I../../src/52_fft_mpi_noabirule -I../../src/56_xc -I../../src/56_xc -I../../src/66_wfs -I../../src/66_wfs -I../../src/41_xc_lowlevel -I../../src/41_xc_lowlevel -I../../src/41_geometry -I../../src/41_geometry -I../../src/10_defs -I../../src/10_defs -I../../src/53_ffts -I../../src/53_ffts -I../../src/incs -I../../src/incs -I/tigress/xingz/abinit-8.10.2/fallbacks/exports/include -I/tigress/xingz/abinit-8.10.2/fallbacks/exports/include   -free -module /tigress/xingz/abinit-8.10.2/src/mods -O3 -g -extend-source -noaltparam -nofpscomp   -c -o m_gwls_LanczosBasis.o m_gwls_LanczosBasis.F90
mpiifort -DHAVE_CONFIG_H -I. -I../..  -I../../src/44_abitools -I../../src/44_abitools -I../../src/59_ionetcdf -I../../src/59_ionetcdf -I../../src/27_toolbox_oop -I../../src/27_toolbox_oop -I../../src/42_libpaw -I../../src/42_libpaw -I../../src/65_paw -I../../src/65_paw -I../../src/66_nonlocal -I../../src/66_nonlocal -I../../src/49_gw_toolbox_oop -I../../src/49_gw_toolbox_oop -I../../src/62_iowfdenpot -I../../src/62_iowfdenpot -I../../src/43_ptgroups -I../../src/43_ptgroups -I../../src/18_timing -I../../src/18_timing -I../../src/12_hide_mpi -I../../src/12_hide_mpi -I../../src/56_mixing -I../../src/56_mixing -I../../src/56_io_mpi -I../../src/56_io_mpi -I../../src/14_hidewrite -I../../src/14_hidewrite -I../../src/69_wfdesc -I../../src/69_wfdesc -I../../src/32_util -I../../src/32_util -I../../src/67_common -I../../src/67_common -I../../src/28_numeric_noabirule -I../../src/28_numeric_noabirule -I../../src/44_abitypes_defs -I../../src/44_abitypes_defs -I../../src/51_manage_mpi -I../../src/51_manage_mpi -I../../src/61_occeig -I../../src/61_occeig -I../../src/16_hideleave -I../../src/16_hideleave -I../../src/56_recipspace -I../../src/56_recipspace -I../../src/43_wvl_wrappers -I../../src/43_wvl_wrappers -I../../src/52_fft_mpi_noabirule -I../../src/52_fft_mpi_noabirule -I../../src/56_xc -I../../src/56_xc -I../../src/66_wfs -I../../src/66_wfs -I../../src/41_xc_lowlevel -I../../src/41_xc_lowlevel -I../../src/41_geometry -I../../src/41_geometry -I../../src/10_defs -I../../src/10_defs -I../../src/53_ffts -I../../src/53_ffts -I../../src/incs -I../../src/incs -I/tigress/xingz/abinit-8.10.2/fallbacks/exports/include -I/tigress/xingz/abinit-8.10.2/fallbacks/exports/include   -free -module /tigress/xingz/abinit-8.10.2/src/mods -O3 -g -extend-source -noaltparam -nofpscomp   -c -o m_gwls_DielectricArray.o m_gwls_DielectricArray.F90
mpiifort -DHAVE_CONFIG_H -I. -I../..  -I../../src/44_abitools -I../../src/44_abitools -I../../src/59_ionetcdf -I../../src/59_ionetcdf -I../../src/27_toolbox_oop -I../../src/27_toolbox_oop -I../../src/42_libpaw -I../../src/42_libpaw -I../../src/65_paw -I../../src/65_paw -I../../src/66_nonlocal -I../../src/66_nonlocal -I../../src/49_gw_toolbox_oop -I../../src/49_gw_toolbox_oop -I../../src/62_iowfdenpot -I../../src/62_iowfdenpot -I../../src/43_ptgroups -I../../src/43_ptgroups -I../../src/18_timing -I../../src/18_timing -I../../src/12_hide_mpi -I../../src/12_hide_mpi -I../../src/56_mixing -I../../src/56_mixing -I../../src/56_io_mpi -I../../src/56_io_mpi -I../../src/14_hidewrite -I../../src/14_hidewrite -I../../src/69_wfdesc -I../../src/69_wfdesc -I../../src/32_util -I../../src/32_util -I../../src/67_common -I../../src/67_common -I../../src/28_numeric_noabirule -I../../src/28_numeric_noabirule -I../../src/44_abitypes_defs -I../../src/44_abitypes_defs -I../../src/51_manage_mpi -I../../src/51_manage_mpi -I../../src/61_occeig -I../../src/61_occeig -I../../src/16_hideleave -I../../src/16_hideleave -I../../src/56_recipspace -I../../src/56_recipspace -I../../src/43_wvl_wrappers -I../../src/43_wvl_wrappers -I../../src/52_fft_mpi_noabirule -I../../src/52_fft_mpi_noabirule -I../../src/56_xc -I../../src/56_xc -I../../src/66_wfs -I../../src/66_wfs -I../../src/41_xc_lowlevel -I../../src/41_xc_lowlevel -I../../src/41_geometry -I../../src/41_geometry -I../../src/10_defs -I../../src/10_defs -I../../src/53_ffts -I../../src/53_ffts -I../../src/incs -I../../src/incs -I/tigress/xingz/abinit-8.10.2/fallbacks/exports/include -I/tigress/xingz/abinit-8.10.2/fallbacks/exports/include   -free -module /tigress/xingz/abinit-8.10.2/src/mods -O3 -g -extend-source -noaltparam -nofpscomp   -c -o m_gwls_GWanalyticPart.o m_gwls_GWanalyticPart.F90
mpiifort -DHAVE_CONFIG_H -I. -I../..  -I../../src/44_abitools -I../../src/44_abitools -I../../src/59_ionetcdf -I../../src/59_ionetcdf -I../../src/27_toolbox_oop -I../../src/27_toolbox_oop -I../../src/42_libpaw -I../../src/42_libpaw -I../../src/65_paw -I../../src/65_paw -I../../src/66_nonlocal -I../../src/66_nonlocal -I../../src/49_gw_toolbox_oop -I../../src/49_gw_toolbox_oop -I../../src/62_iowfdenpot -I../../src/62_iowfdenpot -I../../src/43_ptgroups -I../../src/43_ptgroups -I../../src/18_timing -I../../src/18_timing -I../../src/12_hide_mpi -I../../src/12_hide_mpi -I../../src/56_mixing -I../../src/56_mixing -I../../src/56_io_mpi -I../../src/56_io_mpi -I../../src/14_hidewrite -I../../src/14_hidewrite -I../../src/69_wfdesc -I../../src/69_wfdesc -I../../src/32_util -I../../src/32_util -I../../src/67_common -I../../src/67_common -I../../src/28_numeric_noabirule -I../../src/28_numeric_noabirule -I../../src/44_abitypes_defs -I../../src/44_abitypes_defs -I../../src/51_manage_mpi -I../../src/51_manage_mpi -I../../src/61_occeig -I../../src/61_occeig -I../../src/16_hideleave -I../../src/16_hideleave -I../../src/56_recipspace -I../../src/56_recipspace -I../../src/43_wvl_wrappers -I../../src/43_wvl_wrappers -I../../src/52_fft_mpi_noabirule -I../../src/52_fft_mpi_noabirule -I../../src/56_xc -I../../src/56_xc -I../../src/66_wfs -I../../src/66_wfs -I../../src/41_xc_lowlevel -I../../src/41_xc_lowlevel -I../../src/41_geometry -I../../src/41_geometry -I../../src/10_defs -I../../src/10_defs -I../../src/53_ffts -I../../src/53_ffts -I../../src/incs -I../../src/incs -I/tigress/xingz/abinit-8.10.2/fallbacks/exports/include -I/tigress/xingz/abinit-8.10.2/fallbacks/exports/include   -free -module /tigress/xingz/abinit-8.10.2/src/mods -O3 -g -extend-source -noaltparam -nofpscomp   -c -o m_gwls_LanczosResolvents.o m_gwls_LanczosResolvents.F90
mpiifort -DHAVE_CONFIG_H -I. -I../..  -I../../src/44_abitools -I../../src/44_abitools -I../../src/59_ionetcdf -I../../src/59_ionetcdf -I../../src/27_toolbox_oop -I../../src/27_toolbox_oop -I../../src/42_libpaw -I../../src/42_libpaw -I../../src/65_paw -I../../src/65_paw -I../../src/66_nonlocal -I../../src/66_nonlocal -I../../src/49_gw_toolbox_oop -I../../src/49_gw_toolbox_oop -I../../src/62_iowfdenpot -I../../src/62_iowfdenpot -I../../src/43_ptgroups -I../../src/43_ptgroups -I../../src/18_timing -I../../src/18_timing -I../../src/12_hide_mpi -I../../src/12_hide_mpi -I../../src/56_mixing -I../../src/56_mixing -I../../src/56_io_mpi -I../../src/56_io_mpi -I../../src/14_hidewrite -I../../src/14_hidewrite -I../../src/69_wfdesc -I../../src/69_wfdesc -I../../src/32_util -I../../src/32_util -I../../src/67_common -I../../src/67_common -I../../src/28_numeric_noabirule -I../../src/28_numeric_noabirule -I../../src/44_abitypes_defs -I../../src/44_abitypes_defs -I../../src/51_manage_mpi -I../../src/51_manage_mpi -I../../src/61_occeig -I../../src/61_occeig -I../../src/16_hideleave -I../../src/16_hideleave -I../../src/56_recipspace -I../../src/56_recipspace -I../../src/43_wvl_wrappers -I../../src/43_wvl_wrappers -I../../src/52_fft_mpi_noabirule -I../../src/52_fft_mpi_noabirule -I../../src/56_xc -I../../src/56_xc -I../../src/66_wfs -I../../src/66_wfs -I../../src/41_xc_lowlevel -I../../src/41_xc_lowlevel -I../../src/41_geometry -I../../src/41_geometry -I../../src/10_defs -I../../src/10_defs -I../../src/53_ffts -I../../src/53_ffts -I../../src/incs -I../../src/incs -I/tigress/xingz/abinit-8.10.2/fallbacks/exports/include -I/tigress/xingz/abinit-8.10.2/fallbacks/exports/include   -free -module /tigress/xingz/abinit-8.10.2/src/mods -O3 -g -extend-source -noaltparam -nofpscomp   -c -o m_gwls_Projected_AT.o m_gwls_Projected_AT.F90
mpiifort -DHAVE_CONFIG_H -I. -I../..  -I../../src/44_abitools -I../../src/44_abitools -I../../src/59_ionetcdf -I../../src/59_ionetcdf -I../../src/27_toolbox_oop -I../../src/27_toolbox_oop -I../../src/42_libpaw -I../../src/42_libpaw -I../../src/65_paw -I../../src/65_paw -I../../src/66_nonlocal -I../../src/66_nonlocal -I../../src/49_gw_toolbox_oop -I../../src/49_gw_toolbox_oop -I../../src/62_iowfdenpot -I../../src/62_iowfdenpot -I../../src/43_ptgroups -I../../src/43_ptgroups -I../../src/18_timing -I../../src/18_timing -I../../src/12_hide_mpi -I../../src/12_hide_mpi -I../../src/56_mixing -I../../src/56_mixing -I../../src/56_io_mpi -I../../src/56_io_mpi -I../../src/14_hidewrite -I../../src/14_hidewrite -I../../src/69_wfdesc -I../../src/69_wfdesc -I../../src/32_util -I../../src/32_util -I../../src/67_common -I../../src/67_common -I../../src/28_numeric_noabirule -I../../src/28_numeric_noabirule -I../../src/44_abitypes_defs -I../../src/44_abitypes_defs -I../../src/51_manage_mpi -I../../src/51_manage_mpi -I../../src/61_occeig -I../../src/61_occeig -I../../src/16_hideleave -I../../src/16_hideleave -I../../src/56_recipspace -I../../src/56_recipspace -I../../src/43_wvl_wrappers -I../../src/43_wvl_wrappers -I../../src/52_fft_mpi_noabirule -I../../src/52_fft_mpi_noabirule -I../../src/56_xc -I../../src/56_xc -I../../src/66_wfs -I../../src/66_wfs -I../../src/41_xc_lowlevel -I../../src/41_xc_lowlevel -I../../src/41_geometry -I../../src/41_geometry -I../../src/10_defs -I../../src/10_defs -I../../src/53_ffts -I../../src/53_ffts -I../../src/incs -I../../src/incs -I/tigress/xingz/abinit-8.10.2/fallbacks/exports/include -I/tigress/xingz/abinit-8.10.2/fallbacks/exports/include   -free -module /tigress/xingz/abinit-8.10.2/src/mods -O3 -g -extend-source -noaltparam -nofpscomp   -c -o m_gwls_Projected_BT.o m_gwls_Projected_BT.F90
mpiifort -DHAVE_CONFIG_H -I. -I../..  -I../../src/44_abitools -I../../src/44_abitools -I../../src/59_ionetcdf -I../../src/59_ionetcdf -I../../src/27_toolbox_oop -I../../src/27_toolbox_oop -I../../src/42_libpaw -I../../src/42_libpaw -I../../src/65_paw -I../../src/65_paw -I../../src/66_nonlocal -I../../src/66_nonlocal -I../../src/49_gw_toolbox_oop -I../../src/49_gw_toolbox_oop -I../../src/62_iowfdenpot -I../../src/62_iowfdenpot -I../../src/43_ptgroups -I../../src/43_ptgroups -I../../src/18_timing -I../../src/18_timing -I../../src/12_hide_mpi -I../../src/12_hide_mpi -I../../src/56_mixing -I../../src/56_mixing -I../../src/56_io_mpi -I../../src/56_io_mpi -I../../src/14_hidewrite -I../../src/14_hidewrite -I../../src/69_wfdesc -I../../src/69_wfdesc -I../../src/32_util -I../../src/32_util -I../../src/67_common -I../../src/67_common -I../../src/28_numeric_noabirule -I../../src/28_numeric_noabirule -I../../src/44_abitypes_defs -I../../src/44_abitypes_defs -I../../src/51_manage_mpi -I../../src/51_manage_mpi -I../../src/61_occeig -I../../src/61_occeig -I../../src/16_hideleave -I../../src/16_hideleave -I../../src/56_recipspace -I../../src/56_recipspace -I../../src/43_wvl_wrappers -I../../src/43_wvl_wrappers -I../../src/52_fft_mpi_noabirule -I../../src/52_fft_mpi_noabirule -I../../src/56_xc -I../../src/56_xc -I../../src/66_wfs -I../../src/66_wfs -I../../src/41_xc_lowlevel -I../../src/41_xc_lowlevel -I../../src/41_geometry -I../../src/41_geometry -I../../src/10_defs -I../../src/10_defs -I../../src/53_ffts -I../../src/53_ffts -I../../src/incs -I../../src/incs -I/tigress/xingz/abinit-8.10.2/fallbacks/exports/include -I/tigress/xingz/abinit-8.10.2/fallbacks/exports/include   -free -module /tigress/xingz/abinit-8.10.2/src/mods -O3 -g -extend-source -noaltparam -nofpscomp   -c -o m_gwls_ComputePoles.o m_gwls_ComputePoles.F90
mpiifort -DHAVE_CONFIG_H -I. -I../..  -I../../src/44_abitools -I../../src/44_abitools -I../../src/59_ionetcdf -I../../src/59_ionetcdf -I../../src/27_toolbox_oop -I../../src/27_toolbox_oop -I../../src/42_libpaw -I../../src/42_libpaw -I../../src/65_paw -I../../src/65_paw -I../../src/66_nonlocal -I../../src/66_nonlocal -I../../src/49_gw_toolbox_oop -I../../src/49_gw_toolbox_oop -I../../src/62_iowfdenpot -I../../src/62_iowfdenpot -I../../src/43_ptgroups -I../../src/43_ptgroups -I../../src/18_timing -I../../src/18_timing -I../../src/12_hide_mpi -I../../src/12_hide_mpi -I../../src/56_mixing -I../../src/56_mixing -I../../src/56_io_mpi -I../../src/56_io_mpi -I../../src/14_hidewrite -I../../src/14_hidewrite -I../../src/69_wfdesc -I../../src/69_wfdesc -I../../src/32_util -I../../src/32_util -I../../src/67_common -I../../src/67_common -I../../src/28_numeric_noabirule -I../../src/28_numeric_noabirule -I../../src/44_abitypes_defs -I../../src/44_abitypes_defs -I../../src/51_manage_mpi -I../../src/51_manage_mpi -I../../src/61_occeig -I../../src/61_occeig -I../../src/16_hideleave -I../../src/16_hideleave -I../../src/56_recipspace -I../../src/56_recipspace -I../../src/43_wvl_wrappers -I../../src/43_wvl_wrappers -I../../src/52_fft_mpi_noabirule -I../../src/52_fft_mpi_noabirule -I../../src/56_xc -I../../src/56_xc -I../../src/66_wfs -I../../src/66_wfs -I../../src/41_xc_lowlevel -I../../src/41_xc_lowlevel -I../../src/41_geometry -I../../src/41_geometry -I../../src/10_defs -I../../src/10_defs -I../../src/53_ffts -I../../src/53_ffts -I../../src/incs -I../../src/incs -I/tigress/xingz/abinit-8.10.2/fallbacks/exports/include -I/tigress/xingz/abinit-8.10.2/fallbacks/exports/include   -free -module /tigress/xingz/abinit-8.10.2/src/mods -O3 -g -extend-source -noaltparam -nofpscomp   -c -o m_gwls_ComputeCorrelationEnergy.o m_gwls_ComputeCorrelationEnergy.F90
mpiifort -DHAVE_CONFIG_H -I. -I../..  -I../../src/44_abitools -I../../src/44_abitools -I../../src/59_ionetcdf -I../../src/59_ionetcdf -I../../src/27_toolbox_oop -I../../src/27_toolbox_oop -I../../src/42_libpaw -I../../src/42_libpaw -I../../src/65_paw -I../../src/65_paw -I../../src/66_nonlocal -I../../src/66_nonlocal -I../../src/49_gw_toolbox_oop -I../../src/49_gw_toolbox_oop -I../../src/62_iowfdenpot -I../../src/62_iowfdenpot -I../../src/43_ptgroups -I../../src/43_ptgroups -I../../src/18_timing -I../../src/18_timing -I../../src/12_hide_mpi -I../../src/12_hide_mpi -I../../src/56_mixing -I../../src/56_mixing -I../../src/56_io_mpi -I../../src/56_io_mpi -I../../src/14_hidewrite -I../../src/14_hidewrite -I../../src/69_wfdesc -I../../src/69_wfdesc -I../../src/32_util -I../../src/32_util -I../../src/67_common -I../../src/67_common -I../../src/28_numeric_noabirule -I../../src/28_numeric_noabirule -I../../src/44_abitypes_defs -I../../src/44_abitypes_defs -I../../src/51_manage_mpi -I../../src/51_manage_mpi -I../../src/61_occeig -I../../src/61_occeig -I../../src/16_hideleave -I../../src/16_hideleave -I../../src/56_recipspace -I../../src/56_recipspace -I../../src/43_wvl_wrappers -I../../src/43_wvl_wrappers -I../../src/52_fft_mpi_noabirule -I../../src/52_fft_mpi_noabirule -I../../src/56_xc -I../../src/56_xc -I../../src/66_wfs -I../../src/66_wfs -I../../src/41_xc_lowlevel -I../../src/41_xc_lowlevel -I../../src/41_geometry -I../../src/41_geometry -I../../src/10_defs -I../../src/10_defs -I../../src/53_ffts -I../../src/53_ffts -I../../src/incs -I../../src/incs -I/tigress/xingz/abinit-8.10.2/fallbacks/exports/include -I/tigress/xingz/abinit-8.10.2/fallbacks/exports/include   -free -module /tigress/xingz/abinit-8.10.2/src/mods -O3 -g -extend-source -noaltparam -nofpscomp   -c -o m_dyson_solver.o m_dyson_solver.F90
mpiifort -DHAVE_CONFIG_H -I. -I../..  -I../../src/44_abitools -I../../src/44_abitools -I../../src/59_ionetcdf -I../../src/59_ionetcdf -I../../src/27_toolbox_oop -I../../src/27_toolbox_oop -I../../src/42_libpaw -I../../src/42_libpaw -I../../src/65_paw -I../../src/65_paw -I../../src/66_nonlocal -I../../src/66_nonlocal -I../../src/49_gw_toolbox_oop -I../../src/49_gw_toolbox_oop -I../../src/62_iowfdenpot -I../../src/62_iowfdenpot -I../../src/43_ptgroups -I../../src/43_ptgroups -I../../src/18_timing -I../../src/18_timing -I../../src/12_hide_mpi -I../../src/12_hide_mpi -I../../src/56_mixing -I../../src/56_mixing -I../../src/56_io_mpi -I../../src/56_io_mpi -I../../src/14_hidewrite -I../../src/14_hidewrite -I../../src/69_wfdesc -I../../src/69_wfdesc -I../../src/32_util -I../../src/32_util -I../../src/67_common -I../../src/67_common -I../../src/28_numeric_noabirule -I../../src/28_numeric_noabirule -I../../src/44_abitypes_defs -I../../src/44_abitypes_defs -I../../src/51_manage_mpi -I../../src/51_manage_mpi -I../../src/61_occeig -I../../src/61_occeig -I../../src/16_hideleave -I../../src/16_hideleave -I../../src/56_recipspace -I../../src/56_recipspace -I../../src/43_wvl_wrappers -I../../src/43_wvl_wrappers -I../../src/52_fft_mpi_noabirule -I../../src/52_fft_mpi_noabirule -I../../src/56_xc -I../../src/56_xc -I../../src/66_wfs -I../../src/66_wfs -I../../src/41_xc_lowlevel -I../../src/41_xc_lowlevel -I../../src/41_geometry -I../../src/41_geometry -I../../src/10_defs -I../../src/10_defs -I../../src/53_ffts -I../../src/53_ffts -I../../src/incs -I../../src/incs -I/tigress/xingz/abinit-8.10.2/fallbacks/exports/include -I/tigress/xingz/abinit-8.10.2/fallbacks/exports/include   -free -module /tigress/xingz/abinit-8.10.2/src/mods -O3 -g -extend-source -noaltparam -nofpscomp   -c -o m_fft_prof.o m_fft_prof.F90
mpiifort -DHAVE_CONFIG_H -I. -I../..  -I../../src/44_abitools -I../../src/44_abitools -I../../src/59_ionetcdf -I../../src/59_ionetcdf -I../../src/27_toolbox_oop -I../../src/27_toolbox_oop -I../../src/42_libpaw -I../../src/42_libpaw -I../../src/65_paw -I../../src/65_paw -I../../src/66_nonlocal -I../../src/66_nonlocal -I../../src/49_gw_toolbox_oop -I../../src/49_gw_toolbox_oop -I../../src/62_iowfdenpot -I../../src/62_iowfdenpot -I../../src/43_ptgroups -I../../src/43_ptgroups -I../../src/18_timing -I../../src/18_timing -I../../src/12_hide_mpi -I../../src/12_hide_mpi -I../../src/56_mixing -I../../src/56_mixing -I../../src/56_io_mpi -I../../src/56_io_mpi -I../../src/14_hidewrite -I../../src/14_hidewrite -I../../src/69_wfdesc -I../../src/69_wfdesc -I../../src/32_util -I../../src/32_util -I../../src/67_common -I../../src/67_common -I../../src/28_numeric_noabirule -I../../src/28_numeric_noabirule -I../../src/44_abitypes_defs -I../../src/44_abitypes_defs -I../../src/51_manage_mpi -I../../src/51_manage_mpi -I../../src/61_occeig -I../../src/61_occeig -I../../src/16_hideleave -I../../src/16_hideleave -I../../src/56_recipspace -I../../src/56_recipspace -I../../src/43_wvl_wrappers -I../../src/43_wvl_wrappers -I../../src/52_fft_mpi_noabirule -I../../src/52_fft_mpi_noabirule -I../../src/56_xc -I../../src/56_xc -I../../src/66_wfs -I../../src/66_wfs -I../../src/41_xc_lowlevel -I../../src/41_xc_lowlevel -I../../src/41_geometry -I../../src/41_geometry -I../../src/10_defs -I../../src/10_defs -I../../src/53_ffts -I../../src/53_ffts -I../../src/incs -I../../src/incs -I/tigress/xingz/abinit-8.10.2/fallbacks/exports/include -I/tigress/xingz/abinit-8.10.2/fallbacks/exports/include   -free -module /tigress/xingz/abinit-8.10.2/src/mods -O3 -g -extend-source -noaltparam -nofpscomp   -c -o m_model_screening.o m_model_screening.F90
mpiifort -DHAVE_CONFIG_H -I. -I../..  -I../../src/44_abitools -I../../src/44_abitools -I../../src/59_ionetcdf -I../../src/59_ionetcdf -I../../src/27_toolbox_oop -I../../src/27_toolbox_oop -I../../src/42_libpaw -I../../src/42_libpaw -I../../src/65_paw -I../../src/65_paw -I../../src/66_nonlocal -I../../src/66_nonlocal -I../../src/49_gw_toolbox_oop -I../../src/49_gw_toolbox_oop -I../../src/62_iowfdenpot -I../../src/62_iowfdenpot -I../../src/43_ptgroups -I../../src/43_ptgroups -I../../src/18_timing -I../../src/18_timing -I../../src/12_hide_mpi -I../../src/12_hide_mpi -I../../src/56_mixing -I../../src/56_mixing -I../../src/56_io_mpi -I../../src/56_io_mpi -I../../src/14_hidewrite -I../../src/14_hidewrite -I../../src/69_wfdesc -I../../src/69_wfdesc -I../../src/32_util -I../../src/32_util -I../../src/67_common -I../../src/67_common -I../../src/28_numeric_noabirule -I../../src/28_numeric_noabirule -I../../src/44_abitypes_defs -I../../src/44_abitypes_defs -I../../src/51_manage_mpi -I../../src/51_manage_mpi -I../../src/61_occeig -I../../src/61_occeig -I../../src/16_hideleave -I../../src/16_hideleave -I../../src/56_recipspace -I../../src/56_recipspace -I../../src/43_wvl_wrappers -I../../src/43_wvl_wrappers -I../../src/52_fft_mpi_noabirule -I../../src/52_fft_mpi_noabirule -I../../src/56_xc -I../../src/56_xc -I../../src/66_wfs -I../../src/66_wfs -I../../src/41_xc_lowlevel -I../../src/41_xc_lowlevel -I../../src/41_geometry -I../../src/41_geometry -I../../src/10_defs -I../../src/10_defs -I../../src/53_ffts -I../../src/53_ffts -I../../src/incs -I../../src/incs -I/tigress/xingz/abinit-8.10.2/fallbacks/exports/include -I/tigress/xingz/abinit-8.10.2/fallbacks/exports/include   -free -module /tigress/xingz/abinit-8.10.2/src/mods -O3 -g -extend-source -noaltparam -nofpscomp   -c -o m_prep_calc_ucrpa.o m_prep_calc_ucrpa.F90
mpiifort -DHAVE_CONFIG_H -I. -I../..  -I../../src/44_abitools -I../../src/44_abitools -I../../src/59_ionetcdf -I../../src/59_ionetcdf -I../../src/27_toolbox_oop -I../../src/27_toolbox_oop -I../../src/42_libpaw -I../../src/42_libpaw -I../../src/65_paw -I../../src/65_paw -I../../src/66_nonlocal -I../../src/66_nonlocal -I../../src/49_gw_toolbox_oop -I../../src/49_gw_toolbox_oop -I../../src/62_iowfdenpot -I../../src/62_iowfdenpot -I../../src/43_ptgroups -I../../src/43_ptgroups -I../../src/18_timing -I../../src/18_timing -I../../src/12_hide_mpi -I../../src/12_hide_mpi -I../../src/56_mixing -I../../src/56_mixing -I../../src/56_io_mpi -I../../src/56_io_mpi -I../../src/14_hidewrite -I../../src/14_hidewrite -I../../src/69_wfdesc -I../../src/69_wfdesc -I../../src/32_util -I../../src/32_util -I../../src/67_common -I../../src/67_common -I../../src/28_numeric_noabirule -I../../src/28_numeric_noabirule -I../../src/44_abitypes_defs -I../../src/44_abitypes_defs -I../../src/51_manage_mpi -I../../src/51_manage_mpi -I../../src/61_occeig -I../../src/61_occeig -I../../src/16_hideleave -I../../src/16_hideleave -I../../src/56_recipspace -I../../src/56_recipspace -I../../src/43_wvl_wrappers -I../../src/43_wvl_wrappers -I../../src/52_fft_mpi_noabirule -I../../src/52_fft_mpi_noabirule -I../../src/56_xc -I../../src/56_xc -I../../src/66_wfs -I../../src/66_wfs -I../../src/41_xc_lowlevel -I../../src/41_xc_lowlevel -I../../src/41_geometry -I../../src/41_geometry -I../../src/10_defs -I../../src/10_defs -I../../src/53_ffts -I../../src/53_ffts -I../../src/incs -I../../src/incs -I/tigress/xingz/abinit-8.10.2/fallbacks/exports/include -I/tigress/xingz/abinit-8.10.2/fallbacks/exports/include   -free -module /tigress/xingz/abinit-8.10.2/src/mods -O3 -g -extend-source -noaltparam -nofpscomp   -c -o m_qparticles.o m_qparticles.F90
mpiifort -DHAVE_CONFIG_H -I. -I../..  -I../../src/44_abitools -I../../src/44_abitools -I../../src/59_ionetcdf -I../../src/59_ionetcdf -I../../src/27_toolbox_oop -I../../src/27_toolbox_oop -I../../src/42_libpaw -I../../src/42_libpaw -I../../src/65_paw -I../../src/65_paw -I../../src/66_nonlocal -I../../src/66_nonlocal -I../../src/49_gw_toolbox_oop -I../../src/49_gw_toolbox_oop -I../../src/62_iowfdenpot -I../../src/62_iowfdenpot -I../../src/43_ptgroups -I../../src/43_ptgroups -I../../src/18_timing -I../../src/18_timing -I../../src/12_hide_mpi -I../../src/12_hide_mpi -I../../src/56_mixing -I../../src/56_mixing -I../../src/56_io_mpi -I../../src/56_io_mpi -I../../src/14_hidewrite -I../../src/14_hidewrite -I../../src/69_wfdesc -I../../src/69_wfdesc -I../../src/32_util -I../../src/32_util -I../../src/67_common -I../../src/67_common -I../../src/28_numeric_noabirule -I../../src/28_numeric_noabirule -I../../src/44_abitypes_defs -I../../src/44_abitypes_defs -I../../src/51_manage_mpi -I../../src/51_manage_mpi -I../../src/61_occeig -I../../src/61_occeig -I../../src/16_hideleave -I../../src/16_hideleave -I../../src/56_recipspace -I../../src/56_recipspace -I../../src/43_wvl_wrappers -I../../src/43_wvl_wrappers -I../../src/52_fft_mpi_noabirule -I../../src/52_fft_mpi_noabirule -I../../src/56_xc -I../../src/56_xc -I../../src/66_wfs -I../../src/66_wfs -I../../src/41_xc_lowlevel -I../../src/41_xc_lowlevel -I../../src/41_geometry -I../../src/41_geometry -I../../src/10_defs -I../../src/10_defs -I../../src/53_ffts -I../../src/53_ffts -I../../src/incs -I../../src/incs -I/tigress/xingz/abinit-8.10.2/fallbacks/exports/include -I/tigress/xingz/abinit-8.10.2/fallbacks/exports/include   -free -module /tigress/xingz/abinit-8.10.2/src/mods -O3 -g -extend-source -noaltparam -nofpscomp   -c -o m_screen.o m_screen.F90
rm -f lib70_gw.a
ar rc lib70_gw.a m_calc_ucrpa.o m_sigc.o m_sigx.o m_vhxc_me.o m_chi0.o m_cohsex.o m_classify_bands.o m_gwls_hamiltonian.o m_gwls_wf.o m_gwls_valenceWavefunctions.o m_gwls_lineqsolver.o m_gwls_polarisability.o m_gwls_TimingLog.o m_gwls_model_polarisability.o m_gwls_QR_factorization.o m_gwls_GWlanczos.o m_gwls_GenerateEpsilon.o m_gwls_LanczosBasis.o m_gwls_DielectricArray.o m_gwls_GWanalyticPart.o m_gwls_LanczosResolvents.o m_gwls_Projected_AT.o m_gwls_Projected_BT.o m_gwls_ComputePoles.o m_gwls_ComputeCorrelationEnergy.o m_gwls_utility.o m_chi0tk.o m_dyson_solver.o m_fft_prof.o m_model_screening.o m_ppmodel.o m_prep_calc_ucrpa.o m_qparticles.o m_read_plowannier.o m_screening.o m_screen.o m_sigma.o 
ranlib lib70_gw.a
make[3]: Leaving directory `/tigress/xingz/abinit-8.10.2/src/70_gw'
Making all in 71_bse
make[3]: Entering directory `/tigress/xingz/abinit-8.10.2/src/71_bse'
mpiifort -DHAVE_CONFIG_H -I. -I../..  -I../../src/69_wfdesc -I../../src/69_wfdesc -I../../src/32_util -I../../src/32_util -I../../src/59_ionetcdf -I../../src/59_ionetcdf -I../../src/67_common -I../../src/67_common -I../../src/28_numeric_noabirule -I../../src/28_numeric_noabirule -I../../src/44_abitypes_defs -I../../src/44_abitypes_defs -I../../src/42_libpaw -I../../src/42_libpaw -I../../src/65_paw -I../../src/65_paw -I../../src/70_gw -I../../src/70_gw -I../../src/16_hideleave -I../../src/16_hideleave -I../../src/56_recipspace -I../../src/56_recipspace -I../../src/61_occeig -I../../src/61_occeig -I../../src/52_fft_mpi_noabirule -I../../src/52_fft_mpi_noabirule -I../../src/49_gw_toolbox_oop -I../../src/49_gw_toolbox_oop -I../../src/41_geometry -I../../src/41_geometry -I../../src/18_timing -I../../src/18_timing -I../../src/12_hide_mpi -I../../src/12_hide_mpi -I../../src/56_io_mpi -I../../src/56_io_mpi -I../../src/10_defs -I../../src/10_defs -I../../src/14_hidewrite -I../../src/14_hidewrite -I../../src/27_toolbox_oop -I../../src/27_toolbox_oop -I../../src/incs -I../../src/incs -I/tigress/xingz/abinit-8.10.2/fallbacks/exports/include   -free -module /tigress/xingz/abinit-8.10.2/src/mods -O3 -g -extend-source -noaltparam -nofpscomp   -c -o m_bse_io.o m_bse_io.F90
mpiifort -DHAVE_CONFIG_H -I. -I../..  -I../../src/69_wfdesc -I../../src/69_wfdesc -I../../src/32_util -I../../src/32_util -I../../src/59_ionetcdf -I../../src/59_ionetcdf -I../../src/67_common -I../../src/67_common -I../../src/28_numeric_noabirule -I../../src/28_numeric_noabirule -I../../src/44_abitypes_defs -I../../src/44_abitypes_defs -I../../src/42_libpaw -I../../src/42_libpaw -I../../src/65_paw -I../../src/65_paw -I../../src/70_gw -I../../src/70_gw -I../../src/16_hideleave -I../../src/16_hideleave -I../../src/56_recipspace -I../../src/56_recipspace -I../../src/61_occeig -I../../src/61_occeig -I../../src/52_fft_mpi_noabirule -I../../src/52_fft_mpi_noabirule -I../../src/49_gw_toolbox_oop -I../../src/49_gw_toolbox_oop -I../../src/41_geometry -I../../src/41_geometry -I../../src/18_timing -I../../src/18_timing -I../../src/12_hide_mpi -I../../src/12_hide_mpi -I../../src/56_io_mpi -I../../src/56_io_mpi -I../../src/10_defs -I../../src/10_defs -I../../src/14_hidewrite -I../../src/14_hidewrite -I../../src/27_toolbox_oop -I../../src/27_toolbox_oop -I../../src/incs -I../../src/incs -I/tigress/xingz/abinit-8.10.2/fallbacks/exports/include   -free -module /tigress/xingz/abinit-8.10.2/src/mods -O3 -g -extend-source -noaltparam -nofpscomp   -c -o m_exc_build.o m_exc_build.F90
mpiifort -DHAVE_CONFIG_H -I. -I../..  -I../../src/69_wfdesc -I../../src/69_wfdesc -I../../src/32_util -I../../src/32_util -I../../src/59_ionetcdf -I../../src/59_ionetcdf -I../../src/67_common -I../../src/67_common -I../../src/28_numeric_noabirule -I../../src/28_numeric_noabirule -I../../src/44_abitypes_defs -I../../src/44_abitypes_defs -I../../src/42_libpaw -I../../src/42_libpaw -I../../src/65_paw -I../../src/65_paw -I../../src/70_gw -I../../src/70_gw -I../../src/16_hideleave -I../../src/16_hideleave -I../../src/56_recipspace -I../../src/56_recipspace -I../../src/61_occeig -I../../src/61_occeig -I../../src/52_fft_mpi_noabirule -I../../src/52_fft_mpi_noabirule -I../../src/49_gw_toolbox_oop -I../../src/49_gw_toolbox_oop -I../../src/41_geometry -I../../src/41_geometry -I../../src/18_timing -I../../src/18_timing -I../../src/12_hide_mpi -I../../src/12_hide_mpi -I../../src/56_io_mpi -I../../src/56_io_mpi -I../../src/10_defs -I../../src/10_defs -I../../src/14_hidewrite -I../../src/14_hidewrite -I../../src/27_toolbox_oop -I../../src/27_toolbox_oop -I../../src/incs -I../../src/incs -I/tigress/xingz/abinit-8.10.2/fallbacks/exports/include   -free -module /tigress/xingz/abinit-8.10.2/src/mods -O3 -g -extend-source -noaltparam -nofpscomp   -c -o m_exc_analyze.o m_exc_analyze.F90
mpiifort -DHAVE_CONFIG_H -I. -I../..  -I../../src/69_wfdesc -I../../src/69_wfdesc -I../../src/32_util -I../../src/32_util -I../../src/59_ionetcdf -I../../src/59_ionetcdf -I../../src/67_common -I../../src/67_common -I../../src/28_numeric_noabirule -I../../src/28_numeric_noabirule -I../../src/44_abitypes_defs -I../../src/44_abitypes_defs -I../../src/42_libpaw -I../../src/42_libpaw -I../../src/65_paw -I../../src/65_paw -I../../src/70_gw -I../../src/70_gw -I../../src/16_hideleave -I../../src/16_hideleave -I../../src/56_recipspace -I../../src/56_recipspace -I../../src/61_occeig -I../../src/61_occeig -I../../src/52_fft_mpi_noabirule -I../../src/52_fft_mpi_noabirule -I../../src/49_gw_toolbox_oop -I../../src/49_gw_toolbox_oop -I../../src/41_geometry -I../../src/41_geometry -I../../src/18_timing -I../../src/18_timing -I../../src/12_hide_mpi -I../../src/12_hide_mpi -I../../src/56_io_mpi -I../../src/56_io_mpi -I../../src/10_defs -I../../src/10_defs -I../../src/14_hidewrite -I../../src/14_hidewrite -I../../src/27_toolbox_oop -I../../src/27_toolbox_oop -I../../src/incs -I../../src/incs -I/tigress/xingz/abinit-8.10.2/fallbacks/exports/include   -free -module /tigress/xingz/abinit-8.10.2/src/mods -O3 -g -extend-source -noaltparam -nofpscomp   -c -o m_exc_itdiago.o m_exc_itdiago.F90
mpiifort -DHAVE_CONFIG_H -I. -I../..  -I../../src/69_wfdesc -I../../src/69_wfdesc -I../../src/32_util -I../../src/32_util -I../../src/59_ionetcdf -I../../src/59_ionetcdf -I../../src/67_common -I../../src/67_common -I../../src/28_numeric_noabirule -I../../src/28_numeric_noabirule -I../../src/44_abitypes_defs -I../../src/44_abitypes_defs -I../../src/42_libpaw -I../../src/42_libpaw -I../../src/65_paw -I../../src/65_paw -I../../src/70_gw -I../../src/70_gw -I../../src/16_hideleave -I../../src/16_hideleave -I../../src/56_recipspace -I../../src/56_recipspace -I../../src/61_occeig -I../../src/61_occeig -I../../src/52_fft_mpi_noabirule -I../../src/52_fft_mpi_noabirule -I../../src/49_gw_toolbox_oop -I../../src/49_gw_toolbox_oop -I../../src/41_geometry -I../../src/41_geometry -I../../src/18_timing -I../../src/18_timing -I../../src/12_hide_mpi -I../../src/12_hide_mpi -I../../src/56_io_mpi -I../../src/56_io_mpi -I../../src/10_defs -I../../src/10_defs -I../../src/14_hidewrite -I../../src/14_hidewrite -I../../src/27_toolbox_oop -I../../src/27_toolbox_oop -I../../src/incs -I../../src/incs -I/tigress/xingz/abinit-8.10.2/fallbacks/exports/include   -free -module /tigress/xingz/abinit-8.10.2/src/mods -O3 -g -extend-source -noaltparam -nofpscomp   -c -o m_exc_spectra.o m_exc_spectra.F90
mpiifort -DHAVE_CONFIG_H -I. -I../..  -I../../src/69_wfdesc -I../../src/69_wfdesc -I../../src/32_util -I../../src/32_util -I../../src/59_ionetcdf -I../../src/59_ionetcdf -I../../src/67_common -I../../src/67_common -I../../src/28_numeric_noabirule -I../../src/28_numeric_noabirule -I../../src/44_abitypes_defs -I../../src/44_abitypes_defs -I../../src/42_libpaw -I../../src/42_libpaw -I../../src/65_paw -I../../src/65_paw -I../../src/70_gw -I../../src/70_gw -I../../src/16_hideleave -I../../src/16_hideleave -I../../src/56_recipspace -I../../src/56_recipspace -I../../src/61_occeig -I../../src/61_occeig -I../../src/52_fft_mpi_noabirule -I../../src/52_fft_mpi_noabirule -I../../src/49_gw_toolbox_oop -I../../src/49_gw_toolbox_oop -I../../src/41_geometry -I../../src/41_geometry -I../../src/18_timing -I../../src/18_timing -I../../src/12_hide_mpi -I../../src/12_hide_mpi -I../../src/56_io_mpi -I../../src/56_io_mpi -I../../src/10_defs -I../../src/10_defs -I../../src/14_hidewrite -I../../src/14_hidewrite -I../../src/27_toolbox_oop -I../../src/27_toolbox_oop -I../../src/incs -I../../src/incs -I/tigress/xingz/abinit-8.10.2/fallbacks/exports/include   -free -module /tigress/xingz/abinit-8.10.2/src/mods -O3 -g -extend-source -noaltparam -nofpscomp   -c -o m_exc_diago.o m_exc_diago.F90
mpiifort -DHAVE_CONFIG_H -I. -I../..  -I../../src/69_wfdesc -I../../src/69_wfdesc -I../../src/32_util -I../../src/32_util -I../../src/59_ionetcdf -I../../src/59_ionetcdf -I../../src/67_common -I../../src/67_common -I../../src/28_numeric_noabirule -I../../src/28_numeric_noabirule -I../../src/44_abitypes_defs -I../../src/44_abitypes_defs -I../../src/42_libpaw -I../../src/42_libpaw -I../../src/65_paw -I../../src/65_paw -I../../src/70_gw -I../../src/70_gw -I../../src/16_hideleave -I../../src/16_hideleave -I../../src/56_recipspace -I../../src/56_recipspace -I../../src/61_occeig -I../../src/61_occeig -I../../src/52_fft_mpi_noabirule -I../../src/52_fft_mpi_noabirule -I../../src/49_gw_toolbox_oop -I../../src/49_gw_toolbox_oop -I../../src/41_geometry -I../../src/41_geometry -I../../src/18_timing -I../../src/18_timing -I../../src/12_hide_mpi -I../../src/12_hide_mpi -I../../src/56_io_mpi -I../../src/56_io_mpi -I../../src/10_defs -I../../src/10_defs -I../../src/14_hidewrite -I../../src/14_hidewrite -I../../src/27_toolbox_oop -I../../src/27_toolbox_oop -I../../src/incs -I../../src/incs -I/tigress/xingz/abinit-8.10.2/fallbacks/exports/include   -free -module /tigress/xingz/abinit-8.10.2/src/mods -O3 -g -extend-source -noaltparam -nofpscomp   -c -o m_haydock_io.o m_haydock_io.F90
mpiifort -DHAVE_CONFIG_H -I. -I../..  -I../../src/69_wfdesc -I../../src/69_wfdesc -I../../src/32_util -I../../src/32_util -I../../src/59_ionetcdf -I../../src/59_ionetcdf -I../../src/67_common -I../../src/67_common -I../../src/28_numeric_noabirule -I../../src/28_numeric_noabirule -I../../src/44_abitypes_defs -I../../src/44_abitypes_defs -I../../src/42_libpaw -I../../src/42_libpaw -I../../src/65_paw -I../../src/65_paw -I../../src/70_gw -I../../src/70_gw -I../../src/16_hideleave -I../../src/16_hideleave -I../../src/56_recipspace -I../../src/56_recipspace -I../../src/61_occeig -I../../src/61_occeig -I../../src/52_fft_mpi_noabirule -I../../src/52_fft_mpi_noabirule -I../../src/49_gw_toolbox_oop -I../../src/49_gw_toolbox_oop -I../../src/41_geometry -I../../src/41_geometry -I../../src/18_timing -I../../src/18_timing -I../../src/12_hide_mpi -I../../src/12_hide_mpi -I../../src/56_io_mpi -I../../src/56_io_mpi -I../../src/10_defs -I../../src/10_defs -I../../src/14_hidewrite -I../../src/14_hidewrite -I../../src/27_toolbox_oop -I../../src/27_toolbox_oop -I../../src/incs -I../../src/incs -I/tigress/xingz/abinit-8.10.2/fallbacks/exports/include   -free -module /tigress/xingz/abinit-8.10.2/src/mods -O3 -g -extend-source -noaltparam -nofpscomp   -c -o m_bseinterp.o m_bseinterp.F90
mpiifort -DHAVE_CONFIG_H -I. -I../..  -I../../src/69_wfdesc -I../../src/69_wfdesc -I../../src/32_util -I../../src/32_util -I../../src/59_ionetcdf -I../../src/59_ionetcdf -I../../src/67_common -I../../src/67_common -I../../src/28_numeric_noabirule -I../../src/28_numeric_noabirule -I../../src/44_abitypes_defs -I../../src/44_abitypes_defs -I../../src/42_libpaw -I../../src/42_libpaw -I../../src/65_paw -I../../src/65_paw -I../../src/70_gw -I../../src/70_gw -I../../src/16_hideleave -I../../src/16_hideleave -I../../src/56_recipspace -I../../src/56_recipspace -I../../src/61_occeig -I../../src/61_occeig -I../../src/52_fft_mpi_noabirule -I../../src/52_fft_mpi_noabirule -I../../src/49_gw_toolbox_oop -I../../src/49_gw_toolbox_oop -I../../src/41_geometry -I../../src/41_geometry -I../../src/18_timing -I../../src/18_timing -I../../src/12_hide_mpi -I../../src/12_hide_mpi -I../../src/56_io_mpi -I../../src/56_io_mpi -I../../src/10_defs -I../../src/10_defs -I../../src/14_hidewrite -I../../src/14_hidewrite -I../../src/27_toolbox_oop -I../../src/27_toolbox_oop -I../../src/incs -I../../src/incs -I/tigress/xingz/abinit-8.10.2/fallbacks/exports/include   -free -module /tigress/xingz/abinit-8.10.2/src/mods -O3 -g -extend-source -noaltparam -nofpscomp   -c -o m_hexc.o m_hexc.F90
mpiifort -DHAVE_CONFIG_H -I. -I../..  -I../../src/69_wfdesc -I../../src/69_wfdesc -I../../src/32_util -I../../src/32_util -I../../src/59_ionetcdf -I../../src/59_ionetcdf -I../../src/67_common -I../../src/67_common -I../../src/28_numeric_noabirule -I../../src/28_numeric_noabirule -I../../src/44_abitypes_defs -I../../src/44_abitypes_defs -I../../src/42_libpaw -I../../src/42_libpaw -I../../src/65_paw -I../../src/65_paw -I../../src/70_gw -I../../src/70_gw -I../../src/16_hideleave -I../../src/16_hideleave -I../../src/56_recipspace -I../../src/56_recipspace -I../../src/61_occeig -I../../src/61_occeig -I../../src/52_fft_mpi_noabirule -I../../src/52_fft_mpi_noabirule -I../../src/49_gw_toolbox_oop -I../../src/49_gw_toolbox_oop -I../../src/41_geometry -I../../src/41_geometry -I../../src/18_timing -I../../src/18_timing -I../../src/12_hide_mpi -I../../src/12_hide_mpi -I../../src/56_io_mpi -I../../src/56_io_mpi -I../../src/10_defs -I../../src/10_defs -I../../src/14_hidewrite -I../../src/14_hidewrite -I../../src/27_toolbox_oop -I../../src/27_toolbox_oop -I../../src/incs -I../../src/incs -I/tigress/xingz/abinit-8.10.2/fallbacks/exports/include   -free -module /tigress/xingz/abinit-8.10.2/src/mods -O3 -g -extend-source -noaltparam -nofpscomp   -c -o m_haydock.o m_haydock.F90
rm -f lib71_bse.a
ar rc lib71_bse.a m_exc_build.o m_exc_analyze.o m_bse_io.o m_exc_diago.o m_bseinterp.o m_exc_itdiago.o m_exc_spectra.o m_haydock.o m_haydock_io.o m_hexc.o 
ranlib lib71_bse.a
make[3]: Leaving directory `/tigress/xingz/abinit-8.10.2/src/71_bse'
Making all in 71_wannier
make[3]: Entering directory `/tigress/xingz/abinit-8.10.2/src/71_wannier'
mpiifort -DHAVE_CONFIG_H -I. -I../..  -I../../src/32_util -I../../src/32_util -I../../src/70_gw -I../../src/70_gw -I../../src/59_ionetcdf -I../../src/59_ionetcdf -I../../src/27_toolbox_oop -I../../src/27_toolbox_oop -I../../src/44_abitypes_defs -I../../src/44_abitypes_defs -I../../src/66_vdwxc -I../../src/66_vdwxc -I../../src/65_paw -I../../src/65_paw -I../../src/61_occeig -I../../src/61_occeig -I../../src/16_hideleave -I../../src/16_hideleave -I../../src/51_manage_mpi -I../../src/51_manage_mpi -I../../src/56_recipspace -I../../src/56_recipspace -I../../src/43_wvl_wrappers -I../../src/43_wvl_wrappers -I../../src/52_fft_mpi_noabirule -I../../src/52_fft_mpi_noabirule -I../../src/28_numeric_noabirule -I../../src/28_numeric_noabirule -I../../src/41_geometry -I../../src/41_geometry -I../../src/12_hide_mpi -I../../src/12_hide_mpi -I../../src/56_io_mpi -I../../src/56_io_mpi -I../../src/10_defs -I../../src/10_defs -I../../src/42_libpaw -I../../src/42_libpaw -I../../src/14_hidewrite -I../../src/14_hidewrite -I../../src/53_ffts -I../../src/53_ffts -I../../src/incs -I../../src/incs -I/tigress/xingz/abinit-8.10.2/fallbacks/exports/include   -free -module /tigress/xingz/abinit-8.10.2/src/mods -O3 -g -extend-source -noaltparam -nofpscomp   -c -o defs_wannier90.o defs_wannier90.F90
mpiifort -DHAVE_CONFIG_H -I. -I../..  -I../../src/32_util -I../../src/32_util -I../../src/70_gw -I../../src/70_gw -I../../src/59_ionetcdf -I../../src/59_ionetcdf -I../../src/27_toolbox_oop -I../../src/27_toolbox_oop -I../../src/44_abitypes_defs -I../../src/44_abitypes_defs -I../../src/66_vdwxc -I../../src/66_vdwxc -I../../src/65_paw -I../../src/65_paw -I../../src/61_occeig -I../../src/61_occeig -I../../src/16_hideleave -I../../src/16_hideleave -I../../src/51_manage_mpi -I../../src/51_manage_mpi -I../../src/56_recipspace -I../../src/56_recipspace -I../../src/43_wvl_wrappers -I../../src/43_wvl_wrappers -I../../src/52_fft_mpi_noabirule -I../../src/52_fft_mpi_noabirule -I../../src/28_numeric_noabirule -I../../src/28_numeric_noabirule -I../../src/41_geometry -I../../src/41_geometry -I../../src/12_hide_mpi -I../../src/12_hide_mpi -I../../src/56_io_mpi -I../../src/56_io_mpi -I../../src/10_defs -I../../src/10_defs -I../../src/42_libpaw -I../../src/42_libpaw -I../../src/14_hidewrite -I../../src/14_hidewrite -I../../src/53_ffts -I../../src/53_ffts -I../../src/incs -I../../src/incs -I/tigress/xingz/abinit-8.10.2/fallbacks/exports/include   -free -module /tigress/xingz/abinit-8.10.2/src/mods -O3 -g -extend-source -noaltparam -nofpscomp   -c -o m_mlwfovlp.o m_mlwfovlp.F90
m_mlwfovlp.F90(1685): warning #6843: A dummy argument with an explicit INTENT(OUT) declaration is not given an explicit value.   [PROJ_L]
& proj_l,proj_m,proj_radial,proj_site,proj_s_loc,proj_s_qaxis_loc,proj_x,proj_z,proj_zona,&
--^
m_mlwfovlp.F90(1685): warning #6843: A dummy argument with an explicit INTENT(OUT) declaration is not given an explicit value.   [PROJ_M]
& proj_l,proj_m,proj_radial,proj_site,proj_s_loc,proj_s_qaxis_loc,proj_x,proj_z,proj_zona,&
---------^
m_mlwfovlp.F90(1685): warning #6843: A dummy argument with an explicit INTENT(OUT) declaration is not given an explicit value.   [PROJ_RADIAL]
& proj_l,proj_m,proj_radial,proj_site,proj_s_loc,proj_s_qaxis_loc,proj_x,proj_z,proj_zona,&
----------------^
m_mlwfovlp.F90(1685): warning #6843: A dummy argument with an explicit INTENT(OUT) declaration is not given an explicit value.   [PROJ_SITE]
& proj_l,proj_m,proj_radial,proj_site,proj_s_loc,proj_s_qaxis_loc,proj_x,proj_z,proj_zona,&
----------------------------^
m_mlwfovlp.F90(1685): warning #6843: A dummy argument with an explicit INTENT(OUT) declaration is not given an explicit value.   [PROJ_X]
& proj_l,proj_m,proj_radial,proj_site,proj_s_loc,proj_s_qaxis_loc,proj_x,proj_z,proj_zona,&
------------------------------------------------------------------^
m_mlwfovlp.F90(1685): warning #6843: A dummy argument with an explicit INTENT(OUT) declaration is not given an explicit value.   [PROJ_Z]
& proj_l,proj_m,proj_radial,proj_site,proj_s_loc,proj_s_qaxis_loc,proj_x,proj_z,proj_zona,&
-------------------------------------------------------------------------^
m_mlwfovlp.F90(1685): warning #6843: A dummy argument with an explicit INTENT(OUT) declaration is not given an explicit value.   [PROJ_ZONA]
& proj_l,proj_m,proj_radial,proj_site,proj_s_loc,proj_s_qaxis_loc,proj_x,proj_z,proj_zona,&
--------------------------------------------------------------------------------^
mpiifort -DHAVE_CONFIG_H -I. -I../..  -I../../src/32_util -I../../src/32_util -I../../src/70_gw -I../../src/70_gw -I../../src/59_ionetcdf -I../../src/59_ionetcdf -I../../src/27_toolbox_oop -I../../src/27_toolbox_oop -I../../src/44_abitypes_defs -I../../src/44_abitypes_defs -I../../src/66_vdwxc -I../../src/66_vdwxc -I../../src/65_paw -I../../src/65_paw -I../../src/61_occeig -I../../src/61_occeig -I../../src/16_hideleave -I../../src/16_hideleave -I../../src/51_manage_mpi -I../../src/51_manage_mpi -I../../src/56_recipspace -I../../src/56_recipspace -I../../src/43_wvl_wrappers -I../../src/43_wvl_wrappers -I../../src/52_fft_mpi_noabirule -I../../src/52_fft_mpi_noabirule -I../../src/28_numeric_noabirule -I../../src/28_numeric_noabirule -I../../src/41_geometry -I../../src/41_geometry -I../../src/12_hide_mpi -I../../src/12_hide_mpi -I../../src/56_io_mpi -I../../src/56_io_mpi -I../../src/10_defs -I../../src/10_defs -I../../src/42_libpaw -I../../src/42_libpaw -I../../src/14_hidewrite -I../../src/14_hidewrite -I../../src/53_ffts -I../../src/53_ffts -I../../src/incs -I../../src/incs -I/tigress/xingz/abinit-8.10.2/fallbacks/exports/include   -free -module /tigress/xingz/abinit-8.10.2/src/mods -O3 -g -extend-source -noaltparam -nofpscomp   -c -o m_plowannier.o m_plowannier.F90
mpiifort -DHAVE_CONFIG_H -I. -I../..  -I../../src/32_util -I../../src/32_util -I../../src/70_gw -I../../src/70_gw -I../../src/59_ionetcdf -I../../src/59_ionetcdf -I../../src/27_toolbox_oop -I../../src/27_toolbox_oop -I../../src/44_abitypes_defs -I../../src/44_abitypes_defs -I../../src/66_vdwxc -I../../src/66_vdwxc -I../../src/65_paw -I../../src/65_paw -I../../src/61_occeig -I../../src/61_occeig -I../../src/16_hideleave -I../../src/16_hideleave -I../../src/51_manage_mpi -I../../src/51_manage_mpi -I../../src/56_recipspace -I../../src/56_recipspace -I../../src/43_wvl_wrappers -I../../src/43_wvl_wrappers -I../../src/52_fft_mpi_noabirule -I../../src/52_fft_mpi_noabirule -I../../src/28_numeric_noabirule -I../../src/28_numeric_noabirule -I../../src/41_geometry -I../../src/41_geometry -I../../src/12_hide_mpi -I../../src/12_hide_mpi -I../../src/56_io_mpi -I../../src/56_io_mpi -I../../src/10_defs -I../../src/10_defs -I../../src/42_libpaw -I../../src/42_libpaw -I../../src/14_hidewrite -I../../src/14_hidewrite -I../../src/53_ffts -I../../src/53_ffts -I../../src/incs -I../../src/incs -I/tigress/xingz/abinit-8.10.2/fallbacks/exports/include   -free -module /tigress/xingz/abinit-8.10.2/src/mods -O3 -g -extend-source -noaltparam -nofpscomp   -c -o m_mlwfovlp_qp.o m_mlwfovlp_qp.F90
rm -f lib71_wannier.a
ar rc lib71_wannier.a defs_wannier90.o m_mlwfovlp.o m_plowannier.o m_mlwfovlp_qp.o 
ranlib lib71_wannier.a
make[3]: Leaving directory `/tigress/xingz/abinit-8.10.2/src/71_wannier'
Making all in 72_response
make[3]: Entering directory `/tigress/xingz/abinit-8.10.2/src/72_response'
mpiifort -DHAVE_CONFIG_H -I. -I../..  -I../../src/44_abitools -I../../src/44_abitools -I../../src/59_ionetcdf -I../../src/59_ionetcdf -I../../src/27_toolbox_oop -I../../src/27_toolbox_oop -I../../src/42_libpaw -I../../src/42_libpaw -I../../src/65_paw -I../../src/65_paw -I../../src/66_nonlocal -I../../src/66_nonlocal -I../../src/17_libtetra_ext -I../../src/17_libtetra_ext -I../../src/55_abiutil -I../../src/55_abiutil -I../../src/62_iowfdenpot -I../../src/62_iowfdenpot -I../../src/18_timing -I../../src/18_timing -I../../src/12_hide_mpi -I../../src/12_hide_mpi -I../../src/56_mixing -I../../src/56_mixing -I../../src/56_io_mpi -I../../src/56_io_mpi -I../../src/14_hidewrite -I../../src/14_hidewrite -I../../src/54_spacepar -I../../src/54_spacepar -I../../src/28_numeric_noabirule -I../../src/28_numeric_noabirule -I../../src/69_wfdesc -I../../src/69_wfdesc -I../../src/32_util -I../../src/32_util -I../../src/67_common -I../../src/67_common -I../../src/64_psp -I../../src/64_psp -I../../src/44_abitypes_defs -I../../src/44_abitypes_defs -I../../src/51_manage_mpi -I../../src/51_manage_mpi -I../../src/61_occeig -I../../src/61_occeig -I../../src/16_hideleave -I../../src/16_hideleave -I../../src/56_recipspace -I../../src/56_recipspace -I../../src/52_fft_mpi_noabirule -I../../src/52_fft_mpi_noabirule -I../../src/56_xc -I../../src/56_xc -I../../src/66_wfs -I../../src/66_wfs -I../../src/41_geometry -I../../src/41_geometry -I../../src/11_memory_mpi -I../../src/11_memory_mpi -I../../src/10_defs -I../../src/10_defs -I../../src/53_ffts -I../../src/53_ffts -I../../src/68_rsprc -I../../src/68_rsprc -I../../src/incs -I../../src/incs -I/tigress/xingz/abinit-8.10.2/fallbacks/exports/include   -free -module /tigress/xingz/abinit-8.10.2/src/mods -O3 -g -extend-source -noaltparam -nofpscomp   -c -o m_dfpt_fef.o m_dfpt_fef.F90
mpiifort -DHAVE_CONFIG_H -I. -I../..  -I../../src/44_abitools -I../../src/44_abitools -I../../src/59_ionetcdf -I../../src/59_ionetcdf -I../../src/27_toolbox_oop -I../../src/27_toolbox_oop -I../../src/42_libpaw -I../../src/42_libpaw -I../../src/65_paw -I../../src/65_paw -I../../src/66_nonlocal -I../../src/66_nonlocal -I../../src/17_libtetra_ext -I../../src/17_libtetra_ext -I../../src/55_abiutil -I../../src/55_abiutil -I../../src/62_iowfdenpot -I../../src/62_iowfdenpot -I../../src/18_timing -I../../src/18_timing -I../../src/12_hide_mpi -I../../src/12_hide_mpi -I../../src/56_mixing -I../../src/56_mixing -I../../src/56_io_mpi -I../../src/56_io_mpi -I../../src/14_hidewrite -I../../src/14_hidewrite -I../../src/54_spacepar -I../../src/54_spacepar -I../../src/28_numeric_noabirule -I../../src/28_numeric_noabirule -I../../src/69_wfdesc -I../../src/69_wfdesc -I../../src/32_util -I../../src/32_util -I../../src/67_common -I../../src/67_common -I../../src/64_psp -I../../src/64_psp -I../../src/44_abitypes_defs -I../../src/44_abitypes_defs -I../../src/51_manage_mpi -I../../src/51_manage_mpi -I../../src/61_occeig -I../../src/61_occeig -I../../src/16_hideleave -I../../src/16_hideleave -I../../src/56_recipspace -I../../src/56_recipspace -I../../src/52_fft_mpi_noabirule -I../../src/52_fft_mpi_noabirule -I../../src/56_xc -I../../src/56_xc -I../../src/66_wfs -I../../src/66_wfs -I../../src/41_geometry -I../../src/41_geometry -I../../src/11_memory_mpi -I../../src/11_memory_mpi -I../../src/10_defs -I../../src/10_defs -I../../src/53_ffts -I../../src/53_ffts -I../../src/68_rsprc -I../../src/68_rsprc -I../../src/incs -I../../src/incs -I/tigress/xingz/abinit-8.10.2/fallbacks/exports/include   -free -module /tigress/xingz/abinit-8.10.2/src/mods -O3 -g -extend-source -noaltparam -nofpscomp   -c -o m_rf2.o m_rf2.F90
mpiifort -DHAVE_CONFIG_H -I. -I../..  -I../../src/44_abitools -I../../src/44_abitools -I../../src/59_ionetcdf -I../../src/59_ionetcdf -I../../src/27_toolbox_oop -I../../src/27_toolbox_oop -I../../src/42_libpaw -I../../src/42_libpaw -I../../src/65_paw -I../../src/65_paw -I../../src/66_nonlocal -I../../src/66_nonlocal -I../../src/17_libtetra_ext -I../../src/17_libtetra_ext -I../../src/55_abiutil -I../../src/55_abiutil -I../../src/62_iowfdenpot -I../../src/62_iowfdenpot -I../../src/18_timing -I../../src/18_timing -I../../src/12_hide_mpi -I../../src/12_hide_mpi -I../../src/56_mixing -I../../src/56_mixing -I../../src/56_io_mpi -I../../src/56_io_mpi -I../../src/14_hidewrite -I../../src/14_hidewrite -I../../src/54_spacepar -I../../src/54_spacepar -I../../src/28_numeric_noabirule -I../../src/28_numeric_noabirule -I../../src/69_wfdesc -I../../src/69_wfdesc -I../../src/32_util -I../../src/32_util -I../../src/67_common -I../../src/67_common -I../../src/64_psp -I../../src/64_psp -I../../src/44_abitypes_defs -I../../src/44_abitypes_defs -I../../src/51_manage_mpi -I../../src/51_manage_mpi -I../../src/61_occeig -I../../src/61_occeig -I../../src/16_hideleave -I../../src/16_hideleave -I../../src/56_recipspace -I../../src/56_recipspace -I../../src/52_fft_mpi_noabirule -I../../src/52_fft_mpi_noabirule -I../../src/56_xc -I../../src/56_xc -I../../src/66_wfs -I../../src/66_wfs -I../../src/41_geometry -I../../src/41_geometry -I../../src/11_memory_mpi -I../../src/11_memory_mpi -I../../src/10_defs -I../../src/10_defs -I../../src/53_ffts -I../../src/53_ffts -I../../src/68_rsprc -I../../src/68_rsprc -I../../src/incs -I../../src/incs -I/tigress/xingz/abinit-8.10.2/fallbacks/exports/include   -free -module /tigress/xingz/abinit-8.10.2/src/mods -O3 -g -extend-source -noaltparam -nofpscomp   -c -o m_dfptnl_pert.o m_dfptnl_pert.F90
mpiifort -DHAVE_CONFIG_H -I. -I../..  -I../../src/44_abitools -I../../src/44_abitools -I../../src/59_ionetcdf -I../../src/59_ionetcdf -I../../src/27_toolbox_oop -I../../src/27_toolbox_oop -I../../src/42_libpaw -I../../src/42_libpaw -I../../src/65_paw -I../../src/65_paw -I../../src/66_nonlocal -I../../src/66_nonlocal -I../../src/17_libtetra_ext -I../../src/17_libtetra_ext -I../../src/55_abiutil -I../../src/55_abiutil -I../../src/62_iowfdenpot -I../../src/62_iowfdenpot -I../../src/18_timing -I../../src/18_timing -I../../src/12_hide_mpi -I../../src/12_hide_mpi -I../../src/56_mixing -I../../src/56_mixing -I../../src/56_io_mpi -I../../src/56_io_mpi -I../../src/14_hidewrite -I../../src/14_hidewrite -I../../src/54_spacepar -I../../src/54_spacepar -I../../src/28_numeric_noabirule -I../../src/28_numeric_noabirule -I../../src/69_wfdesc -I../../src/69_wfdesc -I../../src/32_util -I../../src/32_util -I../../src/67_common -I../../src/67_common -I../../src/64_psp -I../../src/64_psp -I../../src/44_abitypes_defs -I../../src/44_abitypes_defs -I../../src/51_manage_mpi -I../../src/51_manage_mpi -I../../src/61_occeig -I../../src/61_occeig -I../../src/16_hideleave -I../../src/16_hideleave -I../../src/56_recipspace -I../../src/56_recipspace -I../../src/52_fft_mpi_noabirule -I../../src/52_fft_mpi_noabirule -I../../src/56_xc -I../../src/56_xc -I../../src/66_wfs -I../../src/66_wfs -I../../src/41_geometry -I../../src/41_geometry -I../../src/11_memory_mpi -I../../src/11_memory_mpi -I../../src/10_defs -I../../src/10_defs -I../../src/53_ffts -I../../src/53_ffts -I../../src/68_rsprc -I../../src/68_rsprc -I../../src/incs -I../../src/incs -I/tigress/xingz/abinit-8.10.2/fallbacks/exports/include   -free -module /tigress/xingz/abinit-8.10.2/src/mods -O3 -g -extend-source -noaltparam -nofpscomp   -c -o m_dfpt_cgwf.o m_dfpt_cgwf.F90
mpiifort -DHAVE_CONFIG_H -I. -I../..  -I../../src/44_abitools -I../../src/44_abitools -I../../src/59_ionetcdf -I../../src/59_ionetcdf -I../../src/27_toolbox_oop -I../../src/27_toolbox_oop -I../../src/42_libpaw -I../../src/42_libpaw -I../../src/65_paw -I../../src/65_paw -I../../src/66_nonlocal -I../../src/66_nonlocal -I../../src/17_libtetra_ext -I../../src/17_libtetra_ext -I../../src/55_abiutil -I../../src/55_abiutil -I../../src/62_iowfdenpot -I../../src/62_iowfdenpot -I../../src/18_timing -I../../src/18_timing -I../../src/12_hide_mpi -I../../src/12_hide_mpi -I../../src/56_mixing -I../../src/56_mixing -I../../src/56_io_mpi -I../../src/56_io_mpi -I../../src/14_hidewrite -I../../src/14_hidewrite -I../../src/54_spacepar -I../../src/54_spacepar -I../../src/28_numeric_noabirule -I../../src/28_numeric_noabirule -I../../src/69_wfdesc -I../../src/69_wfdesc -I../../src/32_util -I../../src/32_util -I../../src/67_common -I../../src/67_common -I../../src/64_psp -I../../src/64_psp -I../../src/44_abitypes_defs -I../../src/44_abitypes_defs -I../../src/51_manage_mpi -I../../src/51_manage_mpi -I../../src/61_occeig -I../../src/61_occeig -I../../src/16_hideleave -I../../src/16_hideleave -I../../src/56_recipspace -I../../src/56_recipspace -I../../src/52_fft_mpi_noabirule -I../../src/52_fft_mpi_noabirule -I../../src/56_xc -I../../src/56_xc -I../../src/66_wfs -I../../src/66_wfs -I../../src/41_geometry -I../../src/41_geometry -I../../src/11_memory_mpi -I../../src/11_memory_mpi -I../../src/10_defs -I../../src/10_defs -I../../src/53_ffts -I../../src/53_ffts -I../../src/68_rsprc -I../../src/68_rsprc -I../../src/incs -I../../src/incs -I/tigress/xingz/abinit-8.10.2/fallbacks/exports/include   -free -module /tigress/xingz/abinit-8.10.2/src/mods -O3 -g -extend-source -noaltparam -nofpscomp   -c -o m_dfpt_mkvxcstr.o m_dfpt_mkvxcstr.F90
mpiifort -DHAVE_CONFIG_H -I. -I../..  -I../../src/44_abitools -I../../src/44_abitools -I../../src/59_ionetcdf -I../../src/59_ionetcdf -I../../src/27_toolbox_oop -I../../src/27_toolbox_oop -I../../src/42_libpaw -I../../src/42_libpaw -I../../src/65_paw -I../../src/65_paw -I../../src/66_nonlocal -I../../src/66_nonlocal -I../../src/17_libtetra_ext -I../../src/17_libtetra_ext -I../../src/55_abiutil -I../../src/55_abiutil -I../../src/62_iowfdenpot -I../../src/62_iowfdenpot -I../../src/18_timing -I../../src/18_timing -I../../src/12_hide_mpi -I../../src/12_hide_mpi -I../../src/56_mixing -I../../src/56_mixing -I../../src/56_io_mpi -I../../src/56_io_mpi -I../../src/14_hidewrite -I../../src/14_hidewrite -I../../src/54_spacepar -I../../src/54_spacepar -I../../src/28_numeric_noabirule -I../../src/28_numeric_noabirule -I../../src/69_wfdesc -I../../src/69_wfdesc -I../../src/32_util -I../../src/32_util -I../../src/67_common -I../../src/67_common -I../../src/64_psp -I../../src/64_psp -I../../src/44_abitypes_defs -I../../src/44_abitypes_defs -I../../src/51_manage_mpi -I../../src/51_manage_mpi -I../../src/61_occeig -I../../src/61_occeig -I../../src/16_hideleave -I../../src/16_hideleave -I../../src/56_recipspace -I../../src/56_recipspace -I../../src/52_fft_mpi_noabirule -I../../src/52_fft_mpi_noabirule -I../../src/56_xc -I../../src/56_xc -I../../src/66_wfs -I../../src/66_wfs -I../../src/41_geometry -I../../src/41_geometry -I../../src/11_memory_mpi -I../../src/11_memory_mpi -I../../src/10_defs -I../../src/10_defs -I../../src/53_ffts -I../../src/53_ffts -I../../src/68_rsprc -I../../src/68_rsprc -I../../src/incs -I../../src/incs -I/tigress/xingz/abinit-8.10.2/fallbacks/exports/include   -free -module /tigress/xingz/abinit-8.10.2/src/mods -O3 -g -extend-source -noaltparam -nofpscomp   -c -o m_dfpt_elt.o m_dfpt_elt.F90
mpiifort -DHAVE_CONFIG_H -I. -I../..  -I../../src/44_abitools -I../../src/44_abitools -I../../src/59_ionetcdf -I../../src/59_ionetcdf -I../../src/27_toolbox_oop -I../../src/27_toolbox_oop -I../../src/42_libpaw -I../../src/42_libpaw -I../../src/65_paw -I../../src/65_paw -I../../src/66_nonlocal -I../../src/66_nonlocal -I../../src/17_libtetra_ext -I../../src/17_libtetra_ext -I../../src/55_abiutil -I../../src/55_abiutil -I../../src/62_iowfdenpot -I../../src/62_iowfdenpot -I../../src/18_timing -I../../src/18_timing -I../../src/12_hide_mpi -I../../src/12_hide_mpi -I../../src/56_mixing -I../../src/56_mixing -I../../src/56_io_mpi -I../../src/56_io_mpi -I../../src/14_hidewrite -I../../src/14_hidewrite -I../../src/54_spacepar -I../../src/54_spacepar -I../../src/28_numeric_noabirule -I../../src/28_numeric_noabirule -I../../src/69_wfdesc -I../../src/69_wfdesc -I../../src/32_util -I../../src/32_util -I../../src/67_common -I../../src/67_common -I../../src/64_psp -I../../src/64_psp -I../../src/44_abitypes_defs -I../../src/44_abitypes_defs -I../../src/51_manage_mpi -I../../src/51_manage_mpi -I../../src/61_occeig -I../../src/61_occeig -I../../src/16_hideleave -I../../src/16_hideleave -I../../src/56_recipspace -I../../src/56_recipspace -I../../src/52_fft_mpi_noabirule -I../../src/52_fft_mpi_noabirule -I../../src/56_xc -I../../src/56_xc -I../../src/66_wfs -I../../src/66_wfs -I../../src/41_geometry -I../../src/41_geometry -I../../src/11_memory_mpi -I../../src/11_memory_mpi -I../../src/10_defs -I../../src/10_defs -I../../src/53_ffts -I../../src/53_ffts -I../../src/68_rsprc -I../../src/68_rsprc -I../../src/incs -I../../src/incs -I/tigress/xingz/abinit-8.10.2/fallbacks/exports/include   -free -module /tigress/xingz/abinit-8.10.2/src/mods -O3 -g -extend-source -noaltparam -nofpscomp   -c -o m_dfpt_mkrho.o m_dfpt_mkrho.F90
mpiifort -DHAVE_CONFIG_H -I. -I../..  -I../../src/44_abitools -I../../src/44_abitools -I../../src/59_ionetcdf -I../../src/59_ionetcdf -I../../src/27_toolbox_oop -I../../src/27_toolbox_oop -I../../src/42_libpaw -I../../src/42_libpaw -I../../src/65_paw -I../../src/65_paw -I../../src/66_nonlocal -I../../src/66_nonlocal -I../../src/17_libtetra_ext -I../../src/17_libtetra_ext -I../../src/55_abiutil -I../../src/55_abiutil -I../../src/62_iowfdenpot -I../../src/62_iowfdenpot -I../../src/18_timing -I../../src/18_timing -I../../src/12_hide_mpi -I../../src/12_hide_mpi -I../../src/56_mixing -I../../src/56_mixing -I../../src/56_io_mpi -I../../src/56_io_mpi -I../../src/14_hidewrite -I../../src/14_hidewrite -I../../src/54_spacepar -I../../src/54_spacepar -I../../src/28_numeric_noabirule -I../../src/28_numeric_noabirule -I../../src/69_wfdesc -I../../src/69_wfdesc -I../../src/32_util -I../../src/32_util -I../../src/67_common -I../../src/67_common -I../../src/64_psp -I../../src/64_psp -I../../src/44_abitypes_defs -I../../src/44_abitypes_defs -I../../src/51_manage_mpi -I../../src/51_manage_mpi -I../../src/61_occeig -I../../src/61_occeig -I../../src/16_hideleave -I../../src/16_hideleave -I../../src/56_recipspace -I../../src/56_recipspace -I../../src/52_fft_mpi_noabirule -I../../src/52_fft_mpi_noabirule -I../../src/56_xc -I../../src/56_xc -I../../src/66_wfs -I../../src/66_wfs -I../../src/41_geometry -I../../src/41_geometry -I../../src/11_memory_mpi -I../../src/11_memory_mpi -I../../src/10_defs -I../../src/10_defs -I../../src/53_ffts -I../../src/53_ffts -I../../src/68_rsprc -I../../src/68_rsprc -I../../src/incs -I../../src/incs -I/tigress/xingz/abinit-8.10.2/fallbacks/exports/include   -free -module /tigress/xingz/abinit-8.10.2/src/mods -O3 -g -extend-source -noaltparam -nofpscomp   -c -o m_dfpt_nstwf.o m_dfpt_nstwf.F90
mpiifort -DHAVE_CONFIG_H -I. -I../..  -I../../src/44_abitools -I../../src/44_abitools -I../../src/59_ionetcdf -I../../src/59_ionetcdf -I../../src/27_toolbox_oop -I../../src/27_toolbox_oop -I../../src/42_libpaw -I../../src/42_libpaw -I../../src/65_paw -I../../src/65_paw -I../../src/66_nonlocal -I../../src/66_nonlocal -I../../src/17_libtetra_ext -I../../src/17_libtetra_ext -I../../src/55_abiutil -I../../src/55_abiutil -I../../src/62_iowfdenpot -I../../src/62_iowfdenpot -I../../src/18_timing -I../../src/18_timing -I../../src/12_hide_mpi -I../../src/12_hide_mpi -I../../src/56_mixing -I../../src/56_mixing -I../../src/56_io_mpi -I../../src/56_io_mpi -I../../src/14_hidewrite -I../../src/14_hidewrite -I../../src/54_spacepar -I../../src/54_spacepar -I../../src/28_numeric_noabirule -I../../src/28_numeric_noabirule -I../../src/69_wfdesc -I../../src/69_wfdesc -I../../src/32_util -I../../src/32_util -I../../src/67_common -I../../src/67_common -I../../src/64_psp -I../../src/64_psp -I../../src/44_abitypes_defs -I../../src/44_abitypes_defs -I../../src/51_manage_mpi -I../../src/51_manage_mpi -I../../src/61_occeig -I../../src/61_occeig -I../../src/16_hideleave -I../../src/16_hideleave -I../../src/56_recipspace -I../../src/56_recipspace -I../../src/52_fft_mpi_noabirule -I../../src/52_fft_mpi_noabirule -I../../src/56_xc -I../../src/56_xc -I../../src/66_wfs -I../../src/66_wfs -I../../src/41_geometry -I../../src/41_geometry -I../../src/11_memory_mpi -I../../src/11_memory_mpi -I../../src/10_defs -I../../src/10_defs -I../../src/53_ffts -I../../src/53_ffts -I../../src/68_rsprc -I../../src/68_rsprc -I../../src/incs -I../../src/incs -I/tigress/xingz/abinit-8.10.2/fallbacks/exports/include   -free -module /tigress/xingz/abinit-8.10.2/src/mods -O3 -g -extend-source -noaltparam -nofpscomp   -c -o m_dfpt_rhotov.o m_dfpt_rhotov.F90
mpiifort -DHAVE_CONFIG_H -I. -I../..  -I../../src/44_abitools -I../../src/44_abitools -I../../src/59_ionetcdf -I../../src/59_ionetcdf -I../../src/27_toolbox_oop -I../../src/27_toolbox_oop -I../../src/42_libpaw -I../../src/42_libpaw -I../../src/65_paw -I../../src/65_paw -I../../src/66_nonlocal -I../../src/66_nonlocal -I../../src/17_libtetra_ext -I../../src/17_libtetra_ext -I../../src/55_abiutil -I../../src/55_abiutil -I../../src/62_iowfdenpot -I../../src/62_iowfdenpot -I../../src/18_timing -I../../src/18_timing -I../../src/12_hide_mpi -I../../src/12_hide_mpi -I../../src/56_mixing -I../../src/56_mixing -I../../src/56_io_mpi -I../../src/56_io_mpi -I../../src/14_hidewrite -I../../src/14_hidewrite -I../../src/54_spacepar -I../../src/54_spacepar -I../../src/28_numeric_noabirule -I../../src/28_numeric_noabirule -I../../src/69_wfdesc -I../../src/69_wfdesc -I../../src/32_util -I../../src/32_util -I../../src/67_common -I../../src/67_common -I../../src/64_psp -I../../src/64_psp -I../../src/44_abitypes_defs -I../../src/44_abitypes_defs -I../../src/51_manage_mpi -I../../src/51_manage_mpi -I../../src/61_occeig -I../../src/61_occeig -I../../src/16_hideleave -I../../src/16_hideleave -I../../src/56_recipspace -I../../src/56_recipspace -I../../src/52_fft_mpi_noabirule -I../../src/52_fft_mpi_noabirule -I../../src/56_xc -I../../src/56_xc -I../../src/66_wfs -I../../src/66_wfs -I../../src/41_geometry -I../../src/41_geometry -I../../src/11_memory_mpi -I../../src/11_memory_mpi -I../../src/10_defs -I../../src/10_defs -I../../src/53_ffts -I../../src/53_ffts -I../../src/68_rsprc -I../../src/68_rsprc -I../../src/incs -I../../src/incs -I/tigress/xingz/abinit-8.10.2/fallbacks/exports/include   -free -module /tigress/xingz/abinit-8.10.2/src/mods -O3 -g -extend-source -noaltparam -nofpscomp   -c -o m_rf2_init.o m_rf2_init.F90
m_rf2_init.F90(925): remark #8293: Recommended relationship between field width 'W', the number of fractional digits 'D' and the number of exponential digits 'E' in this edit descriptor is 'W>=D+E+5'.
         write(msg,'(a,i2,a,es22.13E3,a,es7.1E2)') &
------------------------------------------^
mpiifort -DHAVE_CONFIG_H -I. -I../..  -I../../src/44_abitools -I../../src/44_abitools -I../../src/59_ionetcdf -I../../src/59_ionetcdf -I../../src/27_toolbox_oop -I../../src/27_toolbox_oop -I../../src/42_libpaw -I../../src/42_libpaw -I../../src/65_paw -I../../src/65_paw -I../../src/66_nonlocal -I../../src/66_nonlocal -I../../src/17_libtetra_ext -I../../src/17_libtetra_ext -I../../src/55_abiutil -I../../src/55_abiutil -I../../src/62_iowfdenpot -I../../src/62_iowfdenpot -I../../src/18_timing -I../../src/18_timing -I../../src/12_hide_mpi -I../../src/12_hide_mpi -I../../src/56_mixing -I../../src/56_mixing -I../../src/56_io_mpi -I../../src/56_io_mpi -I../../src/14_hidewrite -I../../src/14_hidewrite -I../../src/54_spacepar -I../../src/54_spacepar -I../../src/28_numeric_noabirule -I../../src/28_numeric_noabirule -I../../src/69_wfdesc -I../../src/69_wfdesc -I../../src/32_util -I../../src/32_util -I../../src/67_common -I../../src/67_common -I../../src/64_psp -I../../src/64_psp -I../../src/44_abitypes_defs -I../../src/44_abitypes_defs -I../../src/51_manage_mpi -I../../src/51_manage_mpi -I../../src/61_occeig -I../../src/61_occeig -I../../src/16_hideleave -I../../src/16_hideleave -I../../src/56_recipspace -I../../src/56_recipspace -I../../src/52_fft_mpi_noabirule -I../../src/52_fft_mpi_noabirule -I../../src/56_xc -I../../src/56_xc -I../../src/66_wfs -I../../src/66_wfs -I../../src/41_geometry -I../../src/41_geometry -I../../src/11_memory_mpi -I../../src/11_memory_mpi -I../../src/10_defs -I../../src/10_defs -I../../src/53_ffts -I../../src/53_ffts -I../../src/68_rsprc -I../../src/68_rsprc -I../../src/incs -I../../src/incs -I/tigress/xingz/abinit-8.10.2/fallbacks/exports/include   -free -module /tigress/xingz/abinit-8.10.2/src/mods -O3 -g -extend-source -noaltparam -nofpscomp   -c -o m_dfpt_vtowfk.o m_dfpt_vtowfk.F90
mpiifort -DHAVE_CONFIG_H -I. -I../..  -I../../src/44_abitools -I../../src/44_abitools -I../../src/59_ionetcdf -I../../src/59_ionetcdf -I../../src/27_toolbox_oop -I../../src/27_toolbox_oop -I../../src/42_libpaw -I../../src/42_libpaw -I../../src/65_paw -I../../src/65_paw -I../../src/66_nonlocal -I../../src/66_nonlocal -I../../src/17_libtetra_ext -I../../src/17_libtetra_ext -I../../src/55_abiutil -I../../src/55_abiutil -I../../src/62_iowfdenpot -I../../src/62_iowfdenpot -I../../src/18_timing -I../../src/18_timing -I../../src/12_hide_mpi -I../../src/12_hide_mpi -I../../src/56_mixing -I../../src/56_mixing -I../../src/56_io_mpi -I../../src/56_io_mpi -I../../src/14_hidewrite -I../../src/14_hidewrite -I../../src/54_spacepar -I../../src/54_spacepar -I../../src/28_numeric_noabirule -I../../src/28_numeric_noabirule -I../../src/69_wfdesc -I../../src/69_wfdesc -I../../src/32_util -I../../src/32_util -I../../src/67_common -I../../src/67_common -I../../src/64_psp -I../../src/64_psp -I../../src/44_abitypes_defs -I../../src/44_abitypes_defs -I../../src/51_manage_mpi -I../../src/51_manage_mpi -I../../src/61_occeig -I../../src/61_occeig -I../../src/16_hideleave -I../../src/16_hideleave -I../../src/56_recipspace -I../../src/56_recipspace -I../../src/52_fft_mpi_noabirule -I../../src/52_fft_mpi_noabirule -I../../src/56_xc -I../../src/56_xc -I../../src/66_wfs -I../../src/66_wfs -I../../src/41_geometry -I../../src/41_geometry -I../../src/11_memory_mpi -I../../src/11_memory_mpi -I../../src/10_defs -I../../src/10_defs -I../../src/53_ffts -I../../src/53_ffts -I../../src/68_rsprc -I../../src/68_rsprc -I../../src/incs -I../../src/incs -I/tigress/xingz/abinit-8.10.2/fallbacks/exports/include   -free -module /tigress/xingz/abinit-8.10.2/src/mods -O3 -g -extend-source -noaltparam -nofpscomp   -c -o m_dfpt_vtorho.o m_dfpt_vtorho.F90
mpiifort -DHAVE_CONFIG_H -I. -I../..  -I../../src/44_abitools -I../../src/44_abitools -I../../src/59_ionetcdf -I../../src/59_ionetcdf -I../../src/27_toolbox_oop -I../../src/27_toolbox_oop -I../../src/42_libpaw -I../../src/42_libpaw -I../../src/65_paw -I../../src/65_paw -I../../src/66_nonlocal -I../../src/66_nonlocal -I../../src/17_libtetra_ext -I../../src/17_libtetra_ext -I../../src/55_abiutil -I../../src/55_abiutil -I../../src/62_iowfdenpot -I../../src/62_iowfdenpot -I../../src/18_timing -I../../src/18_timing -I../../src/12_hide_mpi -I../../src/12_hide_mpi -I../../src/56_mixing -I../../src/56_mixing -I../../src/56_io_mpi -I../../src/56_io_mpi -I../../src/14_hidewrite -I../../src/14_hidewrite -I../../src/54_spacepar -I../../src/54_spacepar -I../../src/28_numeric_noabirule -I../../src/28_numeric_noabirule -I../../src/69_wfdesc -I../../src/69_wfdesc -I../../src/32_util -I../../src/32_util -I../../src/67_common -I../../src/67_common -I../../src/64_psp -I../../src/64_psp -I../../src/44_abitypes_defs -I../../src/44_abitypes_defs -I../../src/51_manage_mpi -I../../src/51_manage_mpi -I../../src/61_occeig -I../../src/61_occeig -I../../src/16_hideleave -I../../src/16_hideleave -I../../src/56_recipspace -I../../src/56_recipspace -I../../src/52_fft_mpi_noabirule -I../../src/52_fft_mpi_noabirule -I../../src/56_xc -I../../src/56_xc -I../../src/66_wfs -I../../src/66_wfs -I../../src/41_geometry -I../../src/41_geometry -I../../src/11_memory_mpi -I../../src/11_memory_mpi -I../../src/10_defs -I../../src/10_defs -I../../src/53_ffts -I../../src/53_ffts -I../../src/68_rsprc -I../../src/68_rsprc -I../../src/incs -I../../src/incs -I/tigress/xingz/abinit-8.10.2/fallbacks/exports/include   -free -module /tigress/xingz/abinit-8.10.2/src/mods -O3 -g -extend-source -noaltparam -nofpscomp   -c -o m_dfpt_scfcv.o m_dfpt_scfcv.F90
m_dfpt_scfcv.F90(267): warning #6843: A dummy argument with an explicit INTENT(OUT) declaration is not given an explicit value.   [EVDW]
&  enl0,enl1,eovl1,epaw1,etotal,evdw,exc1,fermie,gh0c1_set,gh1c_set,hdr,idir,indkpt1,&
--------------------------------^
mpiifort -DHAVE_CONFIG_H -I. -I../..  -I../../src/44_abitools -I../../src/44_abitools -I../../src/59_ionetcdf -I../../src/59_ionetcdf -I../../src/27_toolbox_oop -I../../src/27_toolbox_oop -I../../src/42_libpaw -I../../src/42_libpaw -I../../src/65_paw -I../../src/65_paw -I../../src/66_nonlocal -I../../src/66_nonlocal -I../../src/17_libtetra_ext -I../../src/17_libtetra_ext -I../../src/55_abiutil -I../../src/55_abiutil -I../../src/62_iowfdenpot -I../../src/62_iowfdenpot -I../../src/18_timing -I../../src/18_timing -I../../src/12_hide_mpi -I../../src/12_hide_mpi -I../../src/56_mixing -I../../src/56_mixing -I../../src/56_io_mpi -I../../src/56_io_mpi -I../../src/14_hidewrite -I../../src/14_hidewrite -I../../src/54_spacepar -I../../src/54_spacepar -I../../src/28_numeric_noabirule -I../../src/28_numeric_noabirule -I../../src/69_wfdesc -I../../src/69_wfdesc -I../../src/32_util -I../../src/32_util -I../../src/67_common -I../../src/67_common -I../../src/64_psp -I../../src/64_psp -I../../src/44_abitypes_defs -I../../src/44_abitypes_defs -I../../src/51_manage_mpi -I../../src/51_manage_mpi -I../../src/61_occeig -I../../src/61_occeig -I../../src/16_hideleave -I../../src/16_hideleave -I../../src/56_recipspace -I../../src/56_recipspace -I../../src/52_fft_mpi_noabirule -I../../src/52_fft_mpi_noabirule -I../../src/56_xc -I../../src/56_xc -I../../src/66_wfs -I../../src/66_wfs -I../../src/41_geometry -I../../src/41_geometry -I../../src/11_memory_mpi -I../../src/11_memory_mpi -I../../src/10_defs -I../../src/10_defs -I../../src/53_ffts -I../../src/53_ffts -I../../src/68_rsprc -I../../src/68_rsprc -I../../src/incs -I../../src/incs -I/tigress/xingz/abinit-8.10.2/fallbacks/exports/include   -free -module /tigress/xingz/abinit-8.10.2/src/mods -O3 -g -extend-source -noaltparam -nofpscomp   -c -o m_efmas.o m_efmas.F90
mpiifort -DHAVE_CONFIG_H -I. -I../..  -I../../src/44_abitools -I../../src/44_abitools -I../../src/59_ionetcdf -I../../src/59_ionetcdf -I../../src/27_toolbox_oop -I../../src/27_toolbox_oop -I../../src/42_libpaw -I../../src/42_libpaw -I../../src/65_paw -I../../src/65_paw -I../../src/66_nonlocal -I../../src/66_nonlocal -I../../src/17_libtetra_ext -I../../src/17_libtetra_ext -I../../src/55_abiutil -I../../src/55_abiutil -I../../src/62_iowfdenpot -I../../src/62_iowfdenpot -I../../src/18_timing -I../../src/18_timing -I../../src/12_hide_mpi -I../../src/12_hide_mpi -I../../src/56_mixing -I../../src/56_mixing -I../../src/56_io_mpi -I../../src/56_io_mpi -I../../src/14_hidewrite -I../../src/14_hidewrite -I../../src/54_spacepar -I../../src/54_spacepar -I../../src/28_numeric_noabirule -I../../src/28_numeric_noabirule -I../../src/69_wfdesc -I../../src/69_wfdesc -I../../src/32_util -I../../src/32_util -I../../src/67_common -I../../src/67_common -I../../src/64_psp -I../../src/64_psp -I../../src/44_abitypes_defs -I../../src/44_abitypes_defs -I../../src/51_manage_mpi -I../../src/51_manage_mpi -I../../src/61_occeig -I../../src/61_occeig -I../../src/16_hideleave -I../../src/16_hideleave -I../../src/56_recipspace -I../../src/56_recipspace -I../../src/52_fft_mpi_noabirule -I../../src/52_fft_mpi_noabirule -I../../src/56_xc -I../../src/56_xc -I../../src/66_wfs -I../../src/66_wfs -I../../src/41_geometry -I../../src/41_geometry -I../../src/11_memory_mpi -I../../src/11_memory_mpi -I../../src/10_defs -I../../src/10_defs -I../../src/53_ffts -I../../src/53_ffts -I../../src/68_rsprc -I../../src/68_rsprc -I../../src/incs -I../../src/incs -I/tigress/xingz/abinit-8.10.2/fallbacks/exports/include   -free -module /tigress/xingz/abinit-8.10.2/src/mods -O3 -g -extend-source -noaltparam -nofpscomp   -c -o m_d2frnl.o m_d2frnl.F90
mpiifort -DHAVE_CONFIG_H -I. -I../..  -I../../src/44_abitools -I../../src/44_abitools -I../../src/59_ionetcdf -I../../src/59_ionetcdf -I../../src/27_toolbox_oop -I../../src/27_toolbox_oop -I../../src/42_libpaw -I../../src/42_libpaw -I../../src/65_paw -I../../src/65_paw -I../../src/66_nonlocal -I../../src/66_nonlocal -I../../src/17_libtetra_ext -I../../src/17_libtetra_ext -I../../src/55_abiutil -I../../src/55_abiutil -I../../src/62_iowfdenpot -I../../src/62_iowfdenpot -I../../src/18_timing -I../../src/18_timing -I../../src/12_hide_mpi -I../../src/12_hide_mpi -I../../src/56_mixing -I../../src/56_mixing -I../../src/56_io_mpi -I../../src/56_io_mpi -I../../src/14_hidewrite -I../../src/14_hidewrite -I../../src/54_spacepar -I../../src/54_spacepar -I../../src/28_numeric_noabirule -I../../src/28_numeric_noabirule -I../../src/69_wfdesc -I../../src/69_wfdesc -I../../src/32_util -I../../src/32_util -I../../src/67_common -I../../src/67_common -I../../src/64_psp -I../../src/64_psp -I../../src/44_abitypes_defs -I../../src/44_abitypes_defs -I../../src/51_manage_mpi -I../../src/51_manage_mpi -I../../src/61_occeig -I../../src/61_occeig -I../../src/16_hideleave -I../../src/16_hideleave -I../../src/56_recipspace -I../../src/56_recipspace -I../../src/52_fft_mpi_noabirule -I../../src/52_fft_mpi_noabirule -I../../src/56_xc -I../../src/56_xc -I../../src/66_wfs -I../../src/66_wfs -I../../src/41_geometry -I../../src/41_geometry -I../../src/11_memory_mpi -I../../src/11_memory_mpi -I../../src/10_defs -I../../src/10_defs -I../../src/53_ffts -I../../src/53_ffts -I../../src/68_rsprc -I../../src/68_rsprc -I../../src/incs -I../../src/incs -I/tigress/xingz/abinit-8.10.2/fallbacks/exports/include   -free -module /tigress/xingz/abinit-8.10.2/src/mods -O3 -g -extend-source -noaltparam -nofpscomp   -c -o m_ddb_hdr.o m_ddb_hdr.F90
mpiifort -DHAVE_CONFIG_H -I. -I../..  -I../../src/44_abitools -I../../src/44_abitools -I../../src/59_ionetcdf -I../../src/59_ionetcdf -I../../src/27_toolbox_oop -I../../src/27_toolbox_oop -I../../src/42_libpaw -I../../src/42_libpaw -I../../src/65_paw -I../../src/65_paw -I../../src/66_nonlocal -I../../src/66_nonlocal -I../../src/17_libtetra_ext -I../../src/17_libtetra_ext -I../../src/55_abiutil -I../../src/55_abiutil -I../../src/62_iowfdenpot -I../../src/62_iowfdenpot -I../../src/18_timing -I../../src/18_timing -I../../src/12_hide_mpi -I../../src/12_hide_mpi -I../../src/56_mixing -I../../src/56_mixing -I../../src/56_io_mpi -I../../src/56_io_mpi -I../../src/14_hidewrite -I../../src/14_hidewrite -I../../src/54_spacepar -I../../src/54_spacepar -I../../src/28_numeric_noabirule -I../../src/28_numeric_noabirule -I../../src/69_wfdesc -I../../src/69_wfdesc -I../../src/32_util -I../../src/32_util -I../../src/67_common -I../../src/67_common -I../../src/64_psp -I../../src/64_psp -I../../src/44_abitypes_defs -I../../src/44_abitypes_defs -I../../src/51_manage_mpi -I../../src/51_manage_mpi -I../../src/61_occeig -I../../src/61_occeig -I../../src/16_hideleave -I../../src/16_hideleave -I../../src/56_recipspace -I../../src/56_recipspace -I../../src/52_fft_mpi_noabirule -I../../src/52_fft_mpi_noabirule -I../../src/56_xc -I../../src/56_xc -I../../src/66_wfs -I../../src/66_wfs -I../../src/41_geometry -I../../src/41_geometry -I../../src/11_memory_mpi -I../../src/11_memory_mpi -I../../src/10_defs -I../../src/10_defs -I../../src/53_ffts -I../../src/53_ffts -I../../src/68_rsprc -I../../src/68_rsprc -I../../src/incs -I../../src/incs -I/tigress/xingz/abinit-8.10.2/fallbacks/exports/include   -free -module /tigress/xingz/abinit-8.10.2/src/mods -O3 -g -extend-source -noaltparam -nofpscomp   -c -o m_ddb.o m_ddb.F90
mpiifort -DHAVE_CONFIG_H -I. -I../..  -I../../src/44_abitools -I../../src/44_abitools -I../../src/59_ionetcdf -I../../src/59_ionetcdf -I../../src/27_toolbox_oop -I../../src/27_toolbox_oop -I../../src/42_libpaw -I../../src/42_libpaw -I../../src/65_paw -I../../src/65_paw -I../../src/66_nonlocal -I../../src/66_nonlocal -I../../src/17_libtetra_ext -I../../src/17_libtetra_ext -I../../src/55_abiutil -I../../src/55_abiutil -I../../src/62_iowfdenpot -I../../src/62_iowfdenpot -I../../src/18_timing -I../../src/18_timing -I../../src/12_hide_mpi -I../../src/12_hide_mpi -I../../src/56_mixing -I../../src/56_mixing -I../../src/56_io_mpi -I../../src/56_io_mpi -I../../src/14_hidewrite -I../../src/14_hidewrite -I../../src/54_spacepar -I../../src/54_spacepar -I../../src/28_numeric_noabirule -I../../src/28_numeric_noabirule -I../../src/69_wfdesc -I../../src/69_wfdesc -I../../src/32_util -I../../src/32_util -I../../src/67_common -I../../src/67_common -I../../src/64_psp -I../../src/64_psp -I../../src/44_abitypes_defs -I../../src/44_abitypes_defs -I../../src/51_manage_mpi -I../../src/51_manage_mpi -I../../src/61_occeig -I../../src/61_occeig -I../../src/16_hideleave -I../../src/16_hideleave -I../../src/56_recipspace -I../../src/56_recipspace -I../../src/52_fft_mpi_noabirule -I../../src/52_fft_mpi_noabirule -I../../src/56_xc -I../../src/56_xc -I../../src/66_wfs -I../../src/66_wfs -I../../src/41_geometry -I../../src/41_geometry -I../../src/11_memory_mpi -I../../src/11_memory_mpi -I../../src/10_defs -I../../src/10_defs -I../../src/53_ffts -I../../src/53_ffts -I../../src/68_rsprc -I../../src/68_rsprc -I../../src/incs -I../../src/incs -I/tigress/xingz/abinit-8.10.2/fallbacks/exports/include   -free -module /tigress/xingz/abinit-8.10.2/src/mods -O3 -g -extend-source -noaltparam -nofpscomp   -c -o m_ddk.o m_ddk.F90
mpiifort -DHAVE_CONFIG_H -I. -I../..  -I../../src/44_abitools -I../../src/44_abitools -I../../src/59_ionetcdf -I../../src/59_ionetcdf -I../../src/27_toolbox_oop -I../../src/27_toolbox_oop -I../../src/42_libpaw -I../../src/42_libpaw -I../../src/65_paw -I../../src/65_paw -I../../src/66_nonlocal -I../../src/66_nonlocal -I../../src/17_libtetra_ext -I../../src/17_libtetra_ext -I../../src/55_abiutil -I../../src/55_abiutil -I../../src/62_iowfdenpot -I../../src/62_iowfdenpot -I../../src/18_timing -I../../src/18_timing -I../../src/12_hide_mpi -I../../src/12_hide_mpi -I../../src/56_mixing -I../../src/56_mixing -I../../src/56_io_mpi -I../../src/56_io_mpi -I../../src/14_hidewrite -I../../src/14_hidewrite -I../../src/54_spacepar -I../../src/54_spacepar -I../../src/28_numeric_noabirule -I../../src/28_numeric_noabirule -I../../src/69_wfdesc -I../../src/69_wfdesc -I../../src/32_util -I../../src/32_util -I../../src/67_common -I../../src/67_common -I../../src/64_psp -I../../src/64_psp -I../../src/44_abitypes_defs -I../../src/44_abitypes_defs -I../../src/51_manage_mpi -I../../src/51_manage_mpi -I../../src/61_occeig -I../../src/61_occeig -I../../src/16_hideleave -I../../src/16_hideleave -I../../src/56_recipspace -I../../src/56_recipspace -I../../src/52_fft_mpi_noabirule -I../../src/52_fft_mpi_noabirule -I../../src/56_xc -I../../src/56_xc -I../../src/66_wfs -I../../src/66_wfs -I../../src/41_geometry -I../../src/41_geometry -I../../src/11_memory_mpi -I../../src/11_memory_mpi -I../../src/10_defs -I../../src/10_defs -I../../src/53_ffts -I../../src/53_ffts -I../../src/68_rsprc -I../../src/68_rsprc -I../../src/incs -I../../src/incs -I/tigress/xingz/abinit-8.10.2/fallbacks/exports/include   -free -module /tigress/xingz/abinit-8.10.2/src/mods -O3 -g -extend-source -noaltparam -nofpscomp   -c -o m_dvdb.o m_dvdb.F90
mpiifort -DHAVE_CONFIG_H -I. -I../..  -I../../src/44_abitools -I../../src/44_abitools -I../../src/59_ionetcdf -I../../src/59_ionetcdf -I../../src/27_toolbox_oop -I../../src/27_toolbox_oop -I../../src/42_libpaw -I../../src/42_libpaw -I../../src/65_paw -I../../src/65_paw -I../../src/66_nonlocal -I../../src/66_nonlocal -I../../src/17_libtetra_ext -I../../src/17_libtetra_ext -I../../src/55_abiutil -I../../src/55_abiutil -I../../src/62_iowfdenpot -I../../src/62_iowfdenpot -I../../src/18_timing -I../../src/18_timing -I../../src/12_hide_mpi -I../../src/12_hide_mpi -I../../src/56_mixing -I../../src/56_mixing -I../../src/56_io_mpi -I../../src/56_io_mpi -I../../src/14_hidewrite -I../../src/14_hidewrite -I../../src/54_spacepar -I../../src/54_spacepar -I../../src/28_numeric_noabirule -I../../src/28_numeric_noabirule -I../../src/69_wfdesc -I../../src/69_wfdesc -I../../src/32_util -I../../src/32_util -I../../src/67_common -I../../src/67_common -I../../src/64_psp -I../../src/64_psp -I../../src/44_abitypes_defs -I../../src/44_abitypes_defs -I../../src/51_manage_mpi -I../../src/51_manage_mpi -I../../src/61_occeig -I../../src/61_occeig -I../../src/16_hideleave -I../../src/16_hideleave -I../../src/56_recipspace -I../../src/56_recipspace -I../../src/52_fft_mpi_noabirule -I../../src/52_fft_mpi_noabirule -I../../src/56_xc -I../../src/56_xc -I../../src/66_wfs -I../../src/66_wfs -I../../src/41_geometry -I../../src/41_geometry -I../../src/11_memory_mpi -I../../src/11_memory_mpi -I../../src/10_defs -I../../src/10_defs -I../../src/53_ffts -I../../src/53_ffts -I../../src/68_rsprc -I../../src/68_rsprc -I../../src/incs -I../../src/incs -I/tigress/xingz/abinit-8.10.2/fallbacks/exports/include   -free -module /tigress/xingz/abinit-8.10.2/src/mods -O3 -g -extend-source -noaltparam -nofpscomp   -c -o m_eig2d.o m_eig2d.F90
mpiifort -DHAVE_CONFIG_H -I. -I../..  -I../../src/44_abitools -I../../src/44_abitools -I../../src/59_ionetcdf -I../../src/59_ionetcdf -I../../src/27_toolbox_oop -I../../src/27_toolbox_oop -I../../src/42_libpaw -I../../src/42_libpaw -I../../src/65_paw -I../../src/65_paw -I../../src/66_nonlocal -I../../src/66_nonlocal -I../../src/17_libtetra_ext -I../../src/17_libtetra_ext -I../../src/55_abiutil -I../../src/55_abiutil -I../../src/62_iowfdenpot -I../../src/62_iowfdenpot -I../../src/18_timing -I../../src/18_timing -I../../src/12_hide_mpi -I../../src/12_hide_mpi -I../../src/56_mixing -I../../src/56_mixing -I../../src/56_io_mpi -I../../src/56_io_mpi -I../../src/14_hidewrite -I../../src/14_hidewrite -I../../src/54_spacepar -I../../src/54_spacepar -I../../src/28_numeric_noabirule -I../../src/28_numeric_noabirule -I../../src/69_wfdesc -I../../src/69_wfdesc -I../../src/32_util -I../../src/32_util -I../../src/67_common -I../../src/67_common -I../../src/64_psp -I../../src/64_psp -I../../src/44_abitypes_defs -I../../src/44_abitypes_defs -I../../src/51_manage_mpi -I../../src/51_manage_mpi -I../../src/61_occeig -I../../src/61_occeig -I../../src/16_hideleave -I../../src/16_hideleave -I../../src/56_recipspace -I../../src/56_recipspace -I../../src/52_fft_mpi_noabirule -I../../src/52_fft_mpi_noabirule -I../../src/56_xc -I../../src/56_xc -I../../src/66_wfs -I../../src/66_wfs -I../../src/41_geometry -I../../src/41_geometry -I../../src/11_memory_mpi -I../../src/11_memory_mpi -I../../src/10_defs -I../../src/10_defs -I../../src/53_ffts -I../../src/53_ffts -I../../src/68_rsprc -I../../src/68_rsprc -I../../src/incs -I../../src/incs -I/tigress/xingz/abinit-8.10.2/fallbacks/exports/include   -free -module /tigress/xingz/abinit-8.10.2/src/mods -O3 -g -extend-source -noaltparam -nofpscomp   -c -o m_paral_pert.o m_paral_pert.F90
mpiifort -DHAVE_CONFIG_H -I. -I../..  -I../../src/44_abitools -I../../src/44_abitools -I../../src/59_ionetcdf -I../../src/59_ionetcdf -I../../src/27_toolbox_oop -I../../src/27_toolbox_oop -I../../src/42_libpaw -I../../src/42_libpaw -I../../src/65_paw -I../../src/65_paw -I../../src/66_nonlocal -I../../src/66_nonlocal -I../../src/17_libtetra_ext -I../../src/17_libtetra_ext -I../../src/55_abiutil -I../../src/55_abiutil -I../../src/62_iowfdenpot -I../../src/62_iowfdenpot -I../../src/18_timing -I../../src/18_timing -I../../src/12_hide_mpi -I../../src/12_hide_mpi -I../../src/56_mixing -I../../src/56_mixing -I../../src/56_io_mpi -I../../src/56_io_mpi -I../../src/14_hidewrite -I../../src/14_hidewrite -I../../src/54_spacepar -I../../src/54_spacepar -I../../src/28_numeric_noabirule -I../../src/28_numeric_noabirule -I../../src/69_wfdesc -I../../src/69_wfdesc -I../../src/32_util -I../../src/32_util -I../../src/67_common -I../../src/67_common -I../../src/64_psp -I../../src/64_psp -I../../src/44_abitypes_defs -I../../src/44_abitypes_defs -I../../src/51_manage_mpi -I../../src/51_manage_mpi -I../../src/61_occeig -I../../src/61_occeig -I../../src/16_hideleave -I../../src/16_hideleave -I../../src/56_recipspace -I../../src/56_recipspace -I../../src/52_fft_mpi_noabirule -I../../src/52_fft_mpi_noabirule -I../../src/56_xc -I../../src/56_xc -I../../src/66_wfs -I../../src/66_wfs -I../../src/41_geometry -I../../src/41_geometry -I../../src/11_memory_mpi -I../../src/11_memory_mpi -I../../src/10_defs -I../../src/10_defs -I../../src/53_ffts -I../../src/53_ffts -I../../src/68_rsprc -I../../src/68_rsprc -I../../src/incs -I../../src/incs -I/tigress/xingz/abinit-8.10.2/fallbacks/exports/include   -free -module /tigress/xingz/abinit-8.10.2/src/mods -O3 -g -extend-source -noaltparam -nofpscomp   -c -o m_strain.o m_strain.F90
rm -f lib72_response.a
ar rc lib72_response.a m_dfpt_fef.o m_dfptnl_pert.o m_dfpt_cgwf.o m_dfpt_elt.o m_dfpt_mkrho.o m_dfpt_mkvxcstr.o m_dfpt_nstwf.o m_dfpt_rhotov.o m_dfpt_scfcv.o m_dfpt_vtorho.o m_dfpt_vtowfk.o m_d2frnl.o m_ddb.o m_ddb_hdr.o m_ddk.o m_dvdb.o m_efmas.o m_eig2d.o m_rf2.o m_paral_pert.o m_strain.o m_rf2_init.o 
ranlib lib72_response.a
make[3]: Leaving directory `/tigress/xingz/abinit-8.10.2/src/72_response'
Making all in 77_ddb
make[3]: Entering directory `/tigress/xingz/abinit-8.10.2/src/77_ddb'
mpiifort -DHAVE_CONFIG_H -I. -I../..  -I../../src/32_util -I../../src/32_util -I../../src/44_abitools -I../../src/44_abitools -I../../src/59_ionetcdf -I../../src/59_ionetcdf -I../../src/28_numeric_noabirule -I../../src/28_numeric_noabirule -I../../src/44_abitypes_defs -I../../src/44_abitypes_defs -I../../src/42_libpaw -I../../src/42_libpaw -I../../src/72_response -I../../src/72_response -I../../src/61_occeig -I../../src/61_occeig -I../../src/16_hideleave -I../../src/16_hideleave -I../../src/56_recipspace -I../../src/56_recipspace -I../../src/17_libtetra_ext -I../../src/17_libtetra_ext -I../../src/42_parser -I../../src/42_parser -I../../src/41_geometry -I../../src/41_geometry -I../../src/18_timing -I../../src/18_timing -I../../src/12_hide_mpi -I../../src/12_hide_mpi -I../../src/56_io_mpi -I../../src/56_io_mpi -I../../src/10_defs -I../../src/10_defs -I../../src/14_hidewrite -I../../src/14_hidewrite -I../../src/29_kpoints -I../../src/29_kpoints -I../../src/27_toolbox_oop -I../../src/27_toolbox_oop -I../../src/incs -I../../src/incs -I/tigress/xingz/abinit-8.10.2/fallbacks/exports/include   -free -module /tigress/xingz/abinit-8.10.2/src/mods -O3 -g -extend-source -noaltparam -nofpscomp   -c -o defs_elphon.o defs_elphon.F90
mpiifort -DHAVE_CONFIG_H -I. -I../..  -I../../src/32_util -I../../src/32_util -I../../src/44_abitools -I../../src/44_abitools -I../../src/59_ionetcdf -I../../src/59_ionetcdf -I../../src/28_numeric_noabirule -I../../src/28_numeric_noabirule -I../../src/44_abitypes_defs -I../../src/44_abitypes_defs -I../../src/42_libpaw -I../../src/42_libpaw -I../../src/72_response -I../../src/72_response -I../../src/61_occeig -I../../src/61_occeig -I../../src/16_hideleave -I../../src/16_hideleave -I../../src/56_recipspace -I../../src/56_recipspace -I../../src/17_libtetra_ext -I../../src/17_libtetra_ext -I../../src/42_parser -I../../src/42_parser -I../../src/41_geometry -I../../src/41_geometry -I../../src/18_timing -I../../src/18_timing -I../../src/12_hide_mpi -I../../src/12_hide_mpi -I../../src/56_io_mpi -I../../src/56_io_mpi -I../../src/10_defs -I../../src/10_defs -I../../src/14_hidewrite -I../../src/14_hidewrite -I../../src/29_kpoints -I../../src/29_kpoints -I../../src/27_toolbox_oop -I../../src/27_toolbox_oop -I../../src/incs -I../../src/incs -I/tigress/xingz/abinit-8.10.2/fallbacks/exports/include   -free -module /tigress/xingz/abinit-8.10.2/src/mods -O3 -g -extend-source -noaltparam -nofpscomp   -c -o m_epweights.o m_epweights.F90
mpiifort -DHAVE_CONFIG_H -I. -I../..  -I../../src/32_util -I../../src/32_util -I../../src/44_abitools -I../../src/44_abitools -I../../src/59_ionetcdf -I../../src/59_ionetcdf -I../../src/28_numeric_noabirule -I../../src/28_numeric_noabirule -I../../src/44_abitypes_defs -I../../src/44_abitypes_defs -I../../src/42_libpaw -I../../src/42_libpaw -I../../src/72_response -I../../src/72_response -I../../src/61_occeig -I../../src/61_occeig -I../../src/16_hideleave -I../../src/16_hideleave -I../../src/56_recipspace -I../../src/56_recipspace -I../../src/17_libtetra_ext -I../../src/17_libtetra_ext -I../../src/42_parser -I../../src/42_parser -I../../src/41_geometry -I../../src/41_geometry -I../../src/18_timing -I../../src/18_timing -I../../src/12_hide_mpi -I../../src/12_hide_mpi -I../../src/56_io_mpi -I../../src/56_io_mpi -I../../src/10_defs -I../../src/10_defs -I../../src/14_hidewrite -I../../src/14_hidewrite -I../../src/29_kpoints -I../../src/29_kpoints -I../../src/27_toolbox_oop -I../../src/27_toolbox_oop -I../../src/incs -I../../src/incs -I/tigress/xingz/abinit-8.10.2/fallbacks/exports/include   -free -module /tigress/xingz/abinit-8.10.2/src/mods -O3 -g -extend-source -noaltparam -nofpscomp   -c -o m_anaddb_dataset.o m_anaddb_dataset.F90
mpiifort -DHAVE_CONFIG_H -I. -I../..  -I../../src/32_util -I../../src/32_util -I../../src/44_abitools -I../../src/44_abitools -I../../src/59_ionetcdf -I../../src/59_ionetcdf -I../../src/28_numeric_noabirule -I../../src/28_numeric_noabirule -I../../src/44_abitypes_defs -I../../src/44_abitypes_defs -I../../src/42_libpaw -I../../src/42_libpaw -I../../src/72_response -I../../src/72_response -I../../src/61_occeig -I../../src/61_occeig -I../../src/16_hideleave -I../../src/16_hideleave -I../../src/56_recipspace -I../../src/56_recipspace -I../../src/17_libtetra_ext -I../../src/17_libtetra_ext -I../../src/42_parser -I../../src/42_parser -I../../src/41_geometry -I../../src/41_geometry -I../../src/18_timing -I../../src/18_timing -I../../src/12_hide_mpi -I../../src/12_hide_mpi -I../../src/56_io_mpi -I../../src/56_io_mpi -I../../src/10_defs -I../../src/10_defs -I../../src/14_hidewrite -I../../src/14_hidewrite -I../../src/29_kpoints -I../../src/29_kpoints -I../../src/27_toolbox_oop -I../../src/27_toolbox_oop -I../../src/incs -I../../src/incs -I/tigress/xingz/abinit-8.10.2/fallbacks/exports/include   -free -module /tigress/xingz/abinit-8.10.2/src/mods -O3 -g -extend-source -noaltparam -nofpscomp   -c -o m_ddb_diel.o m_ddb_diel.F90
mpiifort -DHAVE_CONFIG_H -I. -I../..  -I../../src/32_util -I../../src/32_util -I../../src/44_abitools -I../../src/44_abitools -I../../src/59_ionetcdf -I../../src/59_ionetcdf -I../../src/28_numeric_noabirule -I../../src/28_numeric_noabirule -I../../src/44_abitypes_defs -I../../src/44_abitypes_defs -I../../src/42_libpaw -I../../src/42_libpaw -I../../src/72_response -I../../src/72_response -I../../src/61_occeig -I../../src/61_occeig -I../../src/16_hideleave -I../../src/16_hideleave -I../../src/56_recipspace -I../../src/56_recipspace -I../../src/17_libtetra_ext -I../../src/17_libtetra_ext -I../../src/42_parser -I../../src/42_parser -I../../src/41_geometry -I../../src/41_geometry -I../../src/18_timing -I../../src/18_timing -I../../src/12_hide_mpi -I../../src/12_hide_mpi -I../../src/56_io_mpi -I../../src/56_io_mpi -I../../src/10_defs -I../../src/10_defs -I../../src/14_hidewrite -I../../src/14_hidewrite -I../../src/29_kpoints -I../../src/29_kpoints -I../../src/27_toolbox_oop -I../../src/27_toolbox_oop -I../../src/incs -I../../src/incs -I/tigress/xingz/abinit-8.10.2/fallbacks/exports/include   -free -module /tigress/xingz/abinit-8.10.2/src/mods -O3 -g -extend-source -noaltparam -nofpscomp   -c -o m_ddb_elast.o m_ddb_elast.F90
mpiifort -DHAVE_CONFIG_H -I. -I../..  -I../../src/32_util -I../../src/32_util -I../../src/44_abitools -I../../src/44_abitools -I../../src/59_ionetcdf -I../../src/59_ionetcdf -I../../src/28_numeric_noabirule -I../../src/28_numeric_noabirule -I../../src/44_abitypes_defs -I../../src/44_abitypes_defs -I../../src/42_libpaw -I../../src/42_libpaw -I../../src/72_response -I../../src/72_response -I../../src/61_occeig -I../../src/61_occeig -I../../src/16_hideleave -I../../src/16_hideleave -I../../src/56_recipspace -I../../src/56_recipspace -I../../src/17_libtetra_ext -I../../src/17_libtetra_ext -I../../src/42_parser -I../../src/42_parser -I../../src/41_geometry -I../../src/41_geometry -I../../src/18_timing -I../../src/18_timing -I../../src/12_hide_mpi -I../../src/12_hide_mpi -I../../src/56_io_mpi -I../../src/56_io_mpi -I../../src/10_defs -I../../src/10_defs -I../../src/14_hidewrite -I../../src/14_hidewrite -I../../src/29_kpoints -I../../src/29_kpoints -I../../src/27_toolbox_oop -I../../src/27_toolbox_oop -I../../src/incs -I../../src/incs -I/tigress/xingz/abinit-8.10.2/fallbacks/exports/include   -free -module /tigress/xingz/abinit-8.10.2/src/mods -O3 -g -extend-source -noaltparam -nofpscomp   -c -o m_ifc.o m_ifc.F90
mpiifort -DHAVE_CONFIG_H -I. -I../..  -I../../src/32_util -I../../src/32_util -I../../src/44_abitools -I../../src/44_abitools -I../../src/59_ionetcdf -I../../src/59_ionetcdf -I../../src/28_numeric_noabirule -I../../src/28_numeric_noabirule -I../../src/44_abitypes_defs -I../../src/44_abitypes_defs -I../../src/42_libpaw -I../../src/42_libpaw -I../../src/72_response -I../../src/72_response -I../../src/61_occeig -I../../src/61_occeig -I../../src/16_hideleave -I../../src/16_hideleave -I../../src/56_recipspace -I../../src/56_recipspace -I../../src/17_libtetra_ext -I../../src/17_libtetra_ext -I../../src/42_parser -I../../src/42_parser -I../../src/41_geometry -I../../src/41_geometry -I../../src/18_timing -I../../src/18_timing -I../../src/12_hide_mpi -I../../src/12_hide_mpi -I../../src/56_io_mpi -I../../src/56_io_mpi -I../../src/10_defs -I../../src/10_defs -I../../src/14_hidewrite -I../../src/14_hidewrite -I../../src/29_kpoints -I../../src/29_kpoints -I../../src/27_toolbox_oop -I../../src/27_toolbox_oop -I../../src/incs -I../../src/incs -I/tigress/xingz/abinit-8.10.2/fallbacks/exports/include   -free -module /tigress/xingz/abinit-8.10.2/src/mods -O3 -g -extend-source -noaltparam -nofpscomp   -c -o m_ddb_interpolate.o m_ddb_interpolate.F90
mpiifort -DHAVE_CONFIG_H -I. -I../..  -I../../src/32_util -I../../src/32_util -I../../src/44_abitools -I../../src/44_abitools -I../../src/59_ionetcdf -I../../src/59_ionetcdf -I../../src/28_numeric_noabirule -I../../src/28_numeric_noabirule -I../../src/44_abitypes_defs -I../../src/44_abitypes_defs -I../../src/42_libpaw -I../../src/42_libpaw -I../../src/72_response -I../../src/72_response -I../../src/61_occeig -I../../src/61_occeig -I../../src/16_hideleave -I../../src/16_hideleave -I../../src/56_recipspace -I../../src/56_recipspace -I../../src/17_libtetra_ext -I../../src/17_libtetra_ext -I../../src/42_parser -I../../src/42_parser -I../../src/41_geometry -I../../src/41_geometry -I../../src/18_timing -I../../src/18_timing -I../../src/12_hide_mpi -I../../src/12_hide_mpi -I../../src/56_io_mpi -I../../src/56_io_mpi -I../../src/10_defs -I../../src/10_defs -I../../src/14_hidewrite -I../../src/14_hidewrite -I../../src/29_kpoints -I../../src/29_kpoints -I../../src/27_toolbox_oop -I../../src/27_toolbox_oop -I../../src/incs -I../../src/incs -I/tigress/xingz/abinit-8.10.2/fallbacks/exports/include   -free -module /tigress/xingz/abinit-8.10.2/src/mods -O3 -g -extend-source -noaltparam -nofpscomp   -c -o m_eliashberg_1d.o m_eliashberg_1d.F90
mpiifort -DHAVE_CONFIG_H -I. -I../..  -I../../src/32_util -I../../src/32_util -I../../src/44_abitools -I../../src/44_abitools -I../../src/59_ionetcdf -I../../src/59_ionetcdf -I../../src/28_numeric_noabirule -I../../src/28_numeric_noabirule -I../../src/44_abitypes_defs -I../../src/44_abitypes_defs -I../../src/42_libpaw -I../../src/42_libpaw -I../../src/72_response -I../../src/72_response -I../../src/61_occeig -I../../src/61_occeig -I../../src/16_hideleave -I../../src/16_hideleave -I../../src/56_recipspace -I../../src/56_recipspace -I../../src/17_libtetra_ext -I../../src/17_libtetra_ext -I../../src/42_parser -I../../src/42_parser -I../../src/41_geometry -I../../src/41_geometry -I../../src/18_timing -I../../src/18_timing -I../../src/12_hide_mpi -I../../src/12_hide_mpi -I../../src/56_io_mpi -I../../src/56_io_mpi -I../../src/10_defs -I../../src/10_defs -I../../src/14_hidewrite -I../../src/14_hidewrite -I../../src/29_kpoints -I../../src/29_kpoints -I../../src/27_toolbox_oop -I../../src/27_toolbox_oop -I../../src/incs -I../../src/incs -I/tigress/xingz/abinit-8.10.2/fallbacks/exports/include   -free -module /tigress/xingz/abinit-8.10.2/src/mods -O3 -g -extend-source -noaltparam -nofpscomp   -c -o m_a2ftr.o m_a2ftr.F90
mpiifort -DHAVE_CONFIG_H -I. -I../..  -I../../src/32_util -I../../src/32_util -I../../src/44_abitools -I../../src/44_abitools -I../../src/59_ionetcdf -I../../src/59_ionetcdf -I../../src/28_numeric_noabirule -I../../src/28_numeric_noabirule -I../../src/44_abitypes_defs -I../../src/44_abitypes_defs -I../../src/42_libpaw -I../../src/42_libpaw -I../../src/72_response -I../../src/72_response -I../../src/61_occeig -I../../src/61_occeig -I../../src/16_hideleave -I../../src/16_hideleave -I../../src/56_recipspace -I../../src/56_recipspace -I../../src/17_libtetra_ext -I../../src/17_libtetra_ext -I../../src/42_parser -I../../src/42_parser -I../../src/41_geometry -I../../src/41_geometry -I../../src/18_timing -I../../src/18_timing -I../../src/12_hide_mpi -I../../src/12_hide_mpi -I../../src/56_io_mpi -I../../src/56_io_mpi -I../../src/10_defs -I../../src/10_defs -I../../src/14_hidewrite -I../../src/14_hidewrite -I../../src/29_kpoints -I../../src/29_kpoints -I../../src/27_toolbox_oop -I../../src/27_toolbox_oop -I../../src/incs -I../../src/incs -I/tigress/xingz/abinit-8.10.2/fallbacks/exports/include   -free -module /tigress/xingz/abinit-8.10.2/src/mods -O3 -g -extend-source -noaltparam -nofpscomp   -c -o m_iogkk.o m_iogkk.F90
mpiifort -DHAVE_CONFIG_H -I. -I../..  -I../../src/32_util -I../../src/32_util -I../../src/44_abitools -I../../src/44_abitools -I../../src/59_ionetcdf -I../../src/59_ionetcdf -I../../src/28_numeric_noabirule -I../../src/28_numeric_noabirule -I../../src/44_abitypes_defs -I../../src/44_abitypes_defs -I../../src/42_libpaw -I../../src/42_libpaw -I../../src/72_response -I../../src/72_response -I../../src/61_occeig -I../../src/61_occeig -I../../src/16_hideleave -I../../src/16_hideleave -I../../src/56_recipspace -I../../src/56_recipspace -I../../src/17_libtetra_ext -I../../src/17_libtetra_ext -I../../src/42_parser -I../../src/42_parser -I../../src/41_geometry -I../../src/41_geometry -I../../src/18_timing -I../../src/18_timing -I../../src/12_hide_mpi -I../../src/12_hide_mpi -I../../src/56_io_mpi -I../../src/56_io_mpi -I../../src/10_defs -I../../src/10_defs -I../../src/14_hidewrite -I../../src/14_hidewrite -I../../src/29_kpoints -I../../src/29_kpoints -I../../src/27_toolbox_oop -I../../src/27_toolbox_oop -I../../src/incs -I../../src/incs -I/tigress/xingz/abinit-8.10.2/fallbacks/exports/include   -free -module /tigress/xingz/abinit-8.10.2/src/mods -O3 -g -extend-source -noaltparam -nofpscomp   -c -o m_elphon.o m_elphon.F90
mpiifort -DHAVE_CONFIG_H -I. -I../..  -I../../src/32_util -I../../src/32_util -I../../src/44_abitools -I../../src/44_abitools -I../../src/59_ionetcdf -I../../src/59_ionetcdf -I../../src/28_numeric_noabirule -I../../src/28_numeric_noabirule -I../../src/44_abitypes_defs -I../../src/44_abitypes_defs -I../../src/42_libpaw -I../../src/42_libpaw -I../../src/72_response -I../../src/72_response -I../../src/61_occeig -I../../src/61_occeig -I../../src/16_hideleave -I../../src/16_hideleave -I../../src/56_recipspace -I../../src/56_recipspace -I../../src/17_libtetra_ext -I../../src/17_libtetra_ext -I../../src/42_parser -I../../src/42_parser -I../../src/41_geometry -I../../src/41_geometry -I../../src/18_timing -I../../src/18_timing -I../../src/12_hide_mpi -I../../src/12_hide_mpi -I../../src/56_io_mpi -I../../src/56_io_mpi -I../../src/10_defs -I../../src/10_defs -I../../src/14_hidewrite -I../../src/14_hidewrite -I../../src/29_kpoints -I../../src/29_kpoints -I../../src/27_toolbox_oop -I../../src/27_toolbox_oop -I../../src/incs -I../../src/incs -I/tigress/xingz/abinit-8.10.2/fallbacks/exports/include   -free -module /tigress/xingz/abinit-8.10.2/src/mods -O3 -g -extend-source -noaltparam -nofpscomp   -c -o m_sortph.o m_sortph.F90
mpiifort -DHAVE_CONFIG_H -I. -I../..  -I../../src/32_util -I../../src/32_util -I../../src/44_abitools -I../../src/44_abitools -I../../src/59_ionetcdf -I../../src/59_ionetcdf -I../../src/28_numeric_noabirule -I../../src/28_numeric_noabirule -I../../src/44_abitypes_defs -I../../src/44_abitypes_defs -I../../src/42_libpaw -I../../src/42_libpaw -I../../src/72_response -I../../src/72_response -I../../src/61_occeig -I../../src/61_occeig -I../../src/16_hideleave -I../../src/16_hideleave -I../../src/56_recipspace -I../../src/56_recipspace -I../../src/17_libtetra_ext -I../../src/17_libtetra_ext -I../../src/42_parser -I../../src/42_parser -I../../src/41_geometry -I../../src/41_geometry -I../../src/18_timing -I../../src/18_timing -I../../src/12_hide_mpi -I../../src/12_hide_mpi -I../../src/56_io_mpi -I../../src/56_io_mpi -I../../src/10_defs -I../../src/10_defs -I../../src/14_hidewrite -I../../src/14_hidewrite -I../../src/29_kpoints -I../../src/29_kpoints -I../../src/27_toolbox_oop -I../../src/27_toolbox_oop -I../../src/incs -I../../src/incs -I/tigress/xingz/abinit-8.10.2/fallbacks/exports/include   -free -module /tigress/xingz/abinit-8.10.2/src/mods -O3 -g -extend-source -noaltparam -nofpscomp   -c -o m_harmonic_thermo.o m_harmonic_thermo.F90
mpiifort -DHAVE_CONFIG_H -I. -I../..  -I../../src/32_util -I../../src/32_util -I../../src/44_abitools -I../../src/44_abitools -I../../src/59_ionetcdf -I../../src/59_ionetcdf -I../../src/28_numeric_noabirule -I../../src/28_numeric_noabirule -I../../src/44_abitypes_defs -I../../src/44_abitypes_defs -I../../src/42_libpaw -I../../src/42_libpaw -I../../src/72_response -I../../src/72_response -I../../src/61_occeig -I../../src/61_occeig -I../../src/16_hideleave -I../../src/16_hideleave -I../../src/56_recipspace -I../../src/56_recipspace -I../../src/17_libtetra_ext -I../../src/17_libtetra_ext -I../../src/42_parser -I../../src/42_parser -I../../src/41_geometry -I../../src/41_geometry -I../../src/18_timing -I../../src/18_timing -I../../src/12_hide_mpi -I../../src/12_hide_mpi -I../../src/56_io_mpi -I../../src/56_io_mpi -I../../src/10_defs -I../../src/10_defs -I../../src/14_hidewrite -I../../src/14_hidewrite -I../../src/29_kpoints -I../../src/29_kpoints -I../../src/27_toolbox_oop -I../../src/27_toolbox_oop -I../../src/incs -I../../src/incs -I/tigress/xingz/abinit-8.10.2/fallbacks/exports/include   -free -module /tigress/xingz/abinit-8.10.2/src/mods -O3 -g -extend-source -noaltparam -nofpscomp   -c -o m_ddb_internalstr.o m_ddb_internalstr.F90
mpiifort -DHAVE_CONFIG_H -I. -I../..  -I../../src/32_util -I../../src/32_util -I../../src/44_abitools -I../../src/44_abitools -I../../src/59_ionetcdf -I../../src/59_ionetcdf -I../../src/28_numeric_noabirule -I../../src/28_numeric_noabirule -I../../src/44_abitypes_defs -I../../src/44_abitypes_defs -I../../src/42_libpaw -I../../src/42_libpaw -I../../src/72_response -I../../src/72_response -I../../src/61_occeig -I../../src/61_occeig -I../../src/16_hideleave -I../../src/16_hideleave -I../../src/56_recipspace -I../../src/56_recipspace -I../../src/17_libtetra_ext -I../../src/17_libtetra_ext -I../../src/42_parser -I../../src/42_parser -I../../src/41_geometry -I../../src/41_geometry -I../../src/18_timing -I../../src/18_timing -I../../src/12_hide_mpi -I../../src/12_hide_mpi -I../../src/56_io_mpi -I../../src/56_io_mpi -I../../src/10_defs -I../../src/10_defs -I../../src/14_hidewrite -I../../src/14_hidewrite -I../../src/29_kpoints -I../../src/29_kpoints -I../../src/27_toolbox_oop -I../../src/27_toolbox_oop -I../../src/incs -I../../src/incs -I/tigress/xingz/abinit-8.10.2/fallbacks/exports/include   -free -module /tigress/xingz/abinit-8.10.2/src/mods -O3 -g -extend-source -noaltparam -nofpscomp   -c -o m_atprj.o m_atprj.F90
mpiifort -DHAVE_CONFIG_H -I. -I../..  -I../../src/32_util -I../../src/32_util -I../../src/44_abitools -I../../src/44_abitools -I../../src/59_ionetcdf -I../../src/59_ionetcdf -I../../src/28_numeric_noabirule -I../../src/28_numeric_noabirule -I../../src/44_abitypes_defs -I../../src/44_abitypes_defs -I../../src/42_libpaw -I../../src/42_libpaw -I../../src/72_response -I../../src/72_response -I../../src/61_occeig -I../../src/61_occeig -I../../src/16_hideleave -I../../src/16_hideleave -I../../src/56_recipspace -I../../src/56_recipspace -I../../src/17_libtetra_ext -I../../src/17_libtetra_ext -I../../src/42_parser -I../../src/42_parser -I../../src/41_geometry -I../../src/41_geometry -I../../src/18_timing -I../../src/18_timing -I../../src/12_hide_mpi -I../../src/12_hide_mpi -I../../src/56_io_mpi -I../../src/56_io_mpi -I../../src/10_defs -I../../src/10_defs -I../../src/14_hidewrite -I../../src/14_hidewrite -I../../src/29_kpoints -I../../src/29_kpoints -I../../src/27_toolbox_oop -I../../src/27_toolbox_oop -I../../src/incs -I../../src/incs -I/tigress/xingz/abinit-8.10.2/fallbacks/exports/include   -free -module /tigress/xingz/abinit-8.10.2/src/mods -O3 -g -extend-source -noaltparam -nofpscomp   -c -o m_band2eps_dataset.o m_band2eps_dataset.F90
mpiifort -DHAVE_CONFIG_H -I. -I../..  -I../../src/32_util -I../../src/32_util -I../../src/44_abitools -I../../src/44_abitools -I../../src/59_ionetcdf -I../../src/59_ionetcdf -I../../src/28_numeric_noabirule -I../../src/28_numeric_noabirule -I../../src/44_abitypes_defs -I../../src/44_abitypes_defs -I../../src/42_libpaw -I../../src/42_libpaw -I../../src/72_response -I../../src/72_response -I../../src/61_occeig -I../../src/61_occeig -I../../src/16_hideleave -I../../src/16_hideleave -I../../src/56_recipspace -I../../src/56_recipspace -I../../src/17_libtetra_ext -I../../src/17_libtetra_ext -I../../src/42_parser -I../../src/42_parser -I../../src/41_geometry -I../../src/41_geometry -I../../src/18_timing -I../../src/18_timing -I../../src/12_hide_mpi -I../../src/12_hide_mpi -I../../src/56_io_mpi -I../../src/56_io_mpi -I../../src/10_defs -I../../src/10_defs -I../../src/14_hidewrite -I../../src/14_hidewrite -I../../src/29_kpoints -I../../src/29_kpoints -I../../src/27_toolbox_oop -I../../src/27_toolbox_oop -I../../src/incs -I../../src/incs -I/tigress/xingz/abinit-8.10.2/fallbacks/exports/include   -free -module /tigress/xingz/abinit-8.10.2/src/mods -O3 -g -extend-source -noaltparam -nofpscomp   -c -o m_gruneisen.o m_gruneisen.F90
mpiifort -DHAVE_CONFIG_H -I. -I../..  -I../../src/32_util -I../../src/32_util -I../../src/44_abitools -I../../src/44_abitools -I../../src/59_ionetcdf -I../../src/59_ionetcdf -I../../src/28_numeric_noabirule -I../../src/28_numeric_noabirule -I../../src/44_abitypes_defs -I../../src/44_abitypes_defs -I../../src/42_libpaw -I../../src/42_libpaw -I../../src/72_response -I../../src/72_response -I../../src/61_occeig -I../../src/61_occeig -I../../src/16_hideleave -I../../src/16_hideleave -I../../src/56_recipspace -I../../src/56_recipspace -I../../src/17_libtetra_ext -I../../src/17_libtetra_ext -I../../src/42_parser -I../../src/42_parser -I../../src/41_geometry -I../../src/41_geometry -I../../src/18_timing -I../../src/18_timing -I../../src/12_hide_mpi -I../../src/12_hide_mpi -I../../src/56_io_mpi -I../../src/56_io_mpi -I../../src/10_defs -I../../src/10_defs -I../../src/14_hidewrite -I../../src/14_hidewrite -I../../src/29_kpoints -I../../src/29_kpoints -I../../src/27_toolbox_oop -I../../src/27_toolbox_oop -I../../src/incs -I../../src/incs -I/tigress/xingz/abinit-8.10.2/fallbacks/exports/include   -free -module /tigress/xingz/abinit-8.10.2/src/mods -O3 -g -extend-source -noaltparam -nofpscomp   -c -o m_phonons.o m_phonons.F90
m_phonons.F90(3738): remark #8291: Recommended relationship between field width 'W' and the number of fractional digits 'D' in this edit descriptor is 'W>=D+7'.
 write(message,'(a,a,es8.2,a)')ch10,&
-----------------------^
mpiifort -DHAVE_CONFIG_H -I. -I../..  -I../../src/32_util -I../../src/32_util -I../../src/44_abitools -I../../src/44_abitools -I../../src/59_ionetcdf -I../../src/59_ionetcdf -I../../src/28_numeric_noabirule -I../../src/28_numeric_noabirule -I../../src/44_abitypes_defs -I../../src/44_abitypes_defs -I../../src/42_libpaw -I../../src/42_libpaw -I../../src/72_response -I../../src/72_response -I../../src/61_occeig -I../../src/61_occeig -I../../src/16_hideleave -I../../src/16_hideleave -I../../src/56_recipspace -I../../src/56_recipspace -I../../src/17_libtetra_ext -I../../src/17_libtetra_ext -I../../src/42_parser -I../../src/42_parser -I../../src/41_geometry -I../../src/41_geometry -I../../src/18_timing -I../../src/18_timing -I../../src/12_hide_mpi -I../../src/12_hide_mpi -I../../src/56_io_mpi -I../../src/56_io_mpi -I../../src/10_defs -I../../src/10_defs -I../../src/14_hidewrite -I../../src/14_hidewrite -I../../src/29_kpoints -I../../src/29_kpoints -I../../src/27_toolbox_oop -I../../src/27_toolbox_oop -I../../src/incs -I../../src/incs -I/tigress/xingz/abinit-8.10.2/fallbacks/exports/include   -free -module /tigress/xingz/abinit-8.10.2/src/mods -O3 -g -extend-source -noaltparam -nofpscomp   -c -o m_primcell_ddb_info.o m_primcell_ddb_info.F90
mpiifort -DHAVE_CONFIG_H -I. -I../..  -I../../src/32_util -I../../src/32_util -I../../src/44_abitools -I../../src/44_abitools -I../../src/59_ionetcdf -I../../src/59_ionetcdf -I../../src/28_numeric_noabirule -I../../src/28_numeric_noabirule -I../../src/44_abitypes_defs -I../../src/44_abitypes_defs -I../../src/42_libpaw -I../../src/42_libpaw -I../../src/72_response -I../../src/72_response -I../../src/61_occeig -I../../src/61_occeig -I../../src/16_hideleave -I../../src/16_hideleave -I../../src/56_recipspace -I../../src/56_recipspace -I../../src/17_libtetra_ext -I../../src/17_libtetra_ext -I../../src/42_parser -I../../src/42_parser -I../../src/41_geometry -I../../src/41_geometry -I../../src/18_timing -I../../src/18_timing -I../../src/12_hide_mpi -I../../src/12_hide_mpi -I../../src/56_io_mpi -I../../src/56_io_mpi -I../../src/10_defs -I../../src/10_defs -I../../src/14_hidewrite -I../../src/14_hidewrite -I../../src/29_kpoints -I../../src/29_kpoints -I../../src/27_toolbox_oop -I../../src/27_toolbox_oop -I../../src/incs -I../../src/incs -I/tigress/xingz/abinit-8.10.2/fallbacks/exports/include   -free -module /tigress/xingz/abinit-8.10.2/src/mods -O3 -g -extend-source -noaltparam -nofpscomp   -c -o m_ddb_piezo.o m_ddb_piezo.F90
mpiifort -DHAVE_CONFIG_H -I. -I../..  -I../../src/32_util -I../../src/32_util -I../../src/44_abitools -I../../src/44_abitools -I../../src/59_ionetcdf -I../../src/59_ionetcdf -I../../src/28_numeric_noabirule -I../../src/28_numeric_noabirule -I../../src/44_abitypes_defs -I../../src/44_abitypes_defs -I../../src/42_libpaw -I../../src/42_libpaw -I../../src/72_response -I../../src/72_response -I../../src/61_occeig -I../../src/61_occeig -I../../src/16_hideleave -I../../src/16_hideleave -I../../src/56_recipspace -I../../src/56_recipspace -I../../src/17_libtetra_ext -I../../src/17_libtetra_ext -I../../src/42_parser -I../../src/42_parser -I../../src/41_geometry -I../../src/41_geometry -I../../src/18_timing -I../../src/18_timing -I../../src/12_hide_mpi -I../../src/12_hide_mpi -I../../src/56_io_mpi -I../../src/56_io_mpi -I../../src/10_defs -I../../src/10_defs -I../../src/14_hidewrite -I../../src/14_hidewrite -I../../src/29_kpoints -I../../src/29_kpoints -I../../src/27_toolbox_oop -I../../src/27_toolbox_oop -I../../src/incs -I../../src/incs -I/tigress/xingz/abinit-8.10.2/fallbacks/exports/include   -free -module /tigress/xingz/abinit-8.10.2/src/mods -O3 -g -extend-source -noaltparam -nofpscomp   -c -o m_raman.o m_raman.F90
mpiifort -DHAVE_CONFIG_H -I. -I../..  -I../../src/32_util -I../../src/32_util -I../../src/44_abitools -I../../src/44_abitools -I../../src/59_ionetcdf -I../../src/59_ionetcdf -I../../src/28_numeric_noabirule -I../../src/28_numeric_noabirule -I../../src/44_abitypes_defs -I../../src/44_abitypes_defs -I../../src/42_libpaw -I../../src/42_libpaw -I../../src/72_response -I../../src/72_response -I../../src/61_occeig -I../../src/61_occeig -I../../src/16_hideleave -I../../src/16_hideleave -I../../src/56_recipspace -I../../src/56_recipspace -I../../src/17_libtetra_ext -I../../src/17_libtetra_ext -I../../src/42_parser -I../../src/42_parser -I../../src/41_geometry -I../../src/41_geometry -I../../src/18_timing -I../../src/18_timing -I../../src/12_hide_mpi -I../../src/12_hide_mpi -I../../src/56_io_mpi -I../../src/56_io_mpi -I../../src/10_defs -I../../src/10_defs -I../../src/14_hidewrite -I../../src/14_hidewrite -I../../src/29_kpoints -I../../src/29_kpoints -I../../src/27_toolbox_oop -I../../src/27_toolbox_oop -I../../src/incs -I../../src/incs -I/tigress/xingz/abinit-8.10.2/fallbacks/exports/include   -free -module /tigress/xingz/abinit-8.10.2/src/mods -O3 -g -extend-source -noaltparam -nofpscomp   -c -o m_relaxpol.o m_relaxpol.F90
mpiifort -DHAVE_CONFIG_H -I. -I../..  -I../../src/32_util -I../../src/32_util -I../../src/44_abitools -I../../src/44_abitools -I../../src/59_ionetcdf -I../../src/59_ionetcdf -I../../src/28_numeric_noabirule -I../../src/28_numeric_noabirule -I../../src/44_abitypes_defs -I../../src/44_abitypes_defs -I../../src/42_libpaw -I../../src/42_libpaw -I../../src/72_response -I../../src/72_response -I../../src/61_occeig -I../../src/61_occeig -I../../src/16_hideleave -I../../src/16_hideleave -I../../src/56_recipspace -I../../src/56_recipspace -I../../src/17_libtetra_ext -I../../src/17_libtetra_ext -I../../src/42_parser -I../../src/42_parser -I../../src/41_geometry -I../../src/41_geometry -I../../src/18_timing -I../../src/18_timing -I../../src/12_hide_mpi -I../../src/12_hide_mpi -I../../src/56_io_mpi -I../../src/56_io_mpi -I../../src/10_defs -I../../src/10_defs -I../../src/14_hidewrite -I../../src/14_hidewrite -I../../src/29_kpoints -I../../src/29_kpoints -I../../src/27_toolbox_oop -I../../src/27_toolbox_oop -I../../src/incs -I../../src/incs -I/tigress/xingz/abinit-8.10.2/fallbacks/exports/include   -free -module /tigress/xingz/abinit-8.10.2/src/mods -O3 -g -extend-source -noaltparam -nofpscomp   -c -o m_thmeig.o m_thmeig.F90
rm -f lib77_ddb.a
ar rc lib77_ddb.a m_epweights.o defs_elphon.o m_ddb_diel.o m_ddb_elast.o m_ddb_interpolate.o m_eliashberg_1d.o m_elphon.o m_harmonic_thermo.o m_ddb_internalstr.o m_a2ftr.o m_anaddb_dataset.o m_atprj.o m_band2eps_dataset.o m_gruneisen.o m_ifc.o m_phonons.o m_primcell_ddb_info.o m_sortph.o m_ddb_piezo.o m_raman.o m_iogkk.o m_relaxpol.o m_thmeig.o 
ranlib lib77_ddb.a
make[3]: Leaving directory `/tigress/xingz/abinit-8.10.2/src/77_ddb'
Making all in 77_suscep
make[3]: Entering directory `/tigress/xingz/abinit-8.10.2/src/77_suscep'
mpiifort -DHAVE_CONFIG_H -I. -I../..  -I../../src/16_hideleave -I../../src/16_hideleave -I../../src/44_abitypes_defs -I../../src/44_abitypes_defs -I../../src/42_libpaw -I../../src/42_libpaw -I../../src/65_paw -I../../src/65_paw -I../../src/18_timing -I../../src/18_timing -I../../src/12_hide_mpi -I../../src/12_hide_mpi -I../../src/10_defs -I../../src/10_defs -I../../src/51_manage_mpi -I../../src/51_manage_mpi -I../../src/54_spacepar -I../../src/54_spacepar -I../../src/56_recipspace -I../../src/56_recipspace -I../../src/53_ffts -I../../src/53_ffts -I../../src/52_fft_mpi_noabirule -I../../src/52_fft_mpi_noabirule -I../../src/14_hidewrite -I../../src/14_hidewrite -I../../src/incs -I../../src/incs -I/tigress/xingz/abinit-8.10.2/fallbacks/exports/include   -free -module /tigress/xingz/abinit-8.10.2/src/mods -O3 -g -extend-source -noaltparam -nofpscomp   -c -o m_suscep_stat.o m_suscep_stat.F90
rm -f lib77_suscep.a
ar rc lib77_suscep.a m_suscep_stat.o 
ranlib lib77_suscep.a
make[3]: Leaving directory `/tigress/xingz/abinit-8.10.2/src/77_suscep'
Making all in 78_effpot
make[3]: Entering directory `/tigress/xingz/abinit-8.10.2/src/78_effpot'
mpiifort -DHAVE_CONFIG_H -I. -I../..  -I../../src/77_ddb -I../../src/77_ddb -I../../src/32_util -I../../src/32_util -I../../src/44_abitools -I../../src/44_abitools -I../../src/27_toolbox_oop -I../../src/27_toolbox_oop -I../../src/44_abitypes_defs -I../../src/44_abitypes_defs -I../../src/72_response -I../../src/72_response -I../../src/16_hideleave -I../../src/16_hideleave -I../../src/42_parser -I../../src/42_parser -I../../src/55_abiutil -I../../src/55_abiutil -I../../src/41_geometry -I../../src/41_geometry -I../../src/45_geomoptim -I../../src/45_geomoptim -I../../src/12_hide_mpi -I../../src/12_hide_mpi -I../../src/10_defs -I../../src/10_defs -I../../src/14_hidewrite -I../../src/14_hidewrite -I../../src/57_iovars -I../../src/57_iovars -I../../src/28_numeric_noabirule -I../../src/28_numeric_noabirule -I../../src/incs -I../../src/incs -I/tigress/xingz/abinit-8.10.2/fallbacks/exports/include   -free -module /tigress/xingz/abinit-8.10.2/src/mods -O3 -g -extend-source -noaltparam -nofpscomp   -c -o m_polynomial_term.o m_polynomial_term.F90
mpiifort -DHAVE_CONFIG_H -I. -I../..  -I../../src/77_ddb -I../../src/77_ddb -I../../src/32_util -I../../src/32_util -I../../src/44_abitools -I../../src/44_abitools -I../../src/27_toolbox_oop -I../../src/27_toolbox_oop -I../../src/44_abitypes_defs -I../../src/44_abitypes_defs -I../../src/72_response -I../../src/72_response -I../../src/16_hideleave -I../../src/16_hideleave -I../../src/42_parser -I../../src/42_parser -I../../src/55_abiutil -I../../src/55_abiutil -I../../src/41_geometry -I../../src/41_geometry -I../../src/45_geomoptim -I../../src/45_geomoptim -I../../src/12_hide_mpi -I../../src/12_hide_mpi -I../../src/10_defs -I../../src/10_defs -I../../src/14_hidewrite -I../../src/14_hidewrite -I../../src/57_iovars -I../../src/57_iovars -I../../src/28_numeric_noabirule -I../../src/28_numeric_noabirule -I../../src/incs -I../../src/incs -I/tigress/xingz/abinit-8.10.2/fallbacks/exports/include   -free -module /tigress/xingz/abinit-8.10.2/src/mods -O3 -g -extend-source -noaltparam -nofpscomp   -c -o m_polynomial_coeff.o m_polynomial_coeff.F90
m_polynomial_coeff.F90(2643): warning #8093: A do-variable within a DO body shall not appear in a variable definition context.   [ICOEFF1]
&                         icoeff1,icoeff_tot,natom,ncoeff,nstr,ncoeff_out,nrpt,nsym,power_disp+1,&
--------------------------^
m_polynomial_coeff.F90(2883): warning #8093: A do-variable within a DO body shall not appear in a variable definition context.   [ICOEFF1]
&                                     index_coeff,list_combination,icoeff1,max_power_strain,&
-------------------------------------------------------------------^
mpiifort -DHAVE_CONFIG_H -I. -I../..  -I../../src/77_ddb -I../../src/77_ddb -I../../src/32_util -I../../src/32_util -I../../src/44_abitools -I../../src/44_abitools -I../../src/27_toolbox_oop -I../../src/27_toolbox_oop -I../../src/44_abitypes_defs -I../../src/44_abitypes_defs -I../../src/72_response -I../../src/72_response -I../../src/16_hideleave -I../../src/16_hideleave -I../../src/42_parser -I../../src/42_parser -I../../src/55_abiutil -I../../src/55_abiutil -I../../src/41_geometry -I../../src/41_geometry -I../../src/45_geomoptim -I../../src/45_geomoptim -I../../src/12_hide_mpi -I../../src/12_hide_mpi -I../../src/10_defs -I../../src/10_defs -I../../src/14_hidewrite -I../../src/14_hidewrite -I../../src/57_iovars -I../../src/57_iovars -I../../src/28_numeric_noabirule -I../../src/28_numeric_noabirule -I../../src/incs -I../../src/incs -I/tigress/xingz/abinit-8.10.2/fallbacks/exports/include   -free -module /tigress/xingz/abinit-8.10.2/src/mods -O3 -g -extend-source -noaltparam -nofpscomp   -c -o m_anharmonics_terms.o m_anharmonics_terms.F90
mpiifort -DHAVE_CONFIG_H -I. -I../..  -I../../src/77_ddb -I../../src/77_ddb -I../../src/32_util -I../../src/32_util -I../../src/44_abitools -I../../src/44_abitools -I../../src/27_toolbox_oop -I../../src/27_toolbox_oop -I../../src/44_abitypes_defs -I../../src/44_abitypes_defs -I../../src/72_response -I../../src/72_response -I../../src/16_hideleave -I../../src/16_hideleave -I../../src/42_parser -I../../src/42_parser -I../../src/55_abiutil -I../../src/55_abiutil -I../../src/41_geometry -I../../src/41_geometry -I../../src/45_geomoptim -I../../src/45_geomoptim -I../../src/12_hide_mpi -I../../src/12_hide_mpi -I../../src/10_defs -I../../src/10_defs -I../../src/14_hidewrite -I../../src/14_hidewrite -I../../src/57_iovars -I../../src/57_iovars -I../../src/28_numeric_noabirule -I../../src/28_numeric_noabirule -I../../src/incs -I../../src/incs -I/tigress/xingz/abinit-8.10.2/fallbacks/exports/include   -free -module /tigress/xingz/abinit-8.10.2/src/mods -O3 -g -extend-source -noaltparam -nofpscomp   -c -o m_effpot_mpi.o m_effpot_mpi.F90
mpiifort -DHAVE_CONFIG_H -I. -I../..  -I../../src/77_ddb -I../../src/77_ddb -I../../src/32_util -I../../src/32_util -I../../src/44_abitools -I../../src/44_abitools -I../../src/27_toolbox_oop -I../../src/27_toolbox_oop -I../../src/44_abitypes_defs -I../../src/44_abitypes_defs -I../../src/72_response -I../../src/72_response -I../../src/16_hideleave -I../../src/16_hideleave -I../../src/42_parser -I../../src/42_parser -I../../src/55_abiutil -I../../src/55_abiutil -I../../src/41_geometry -I../../src/41_geometry -I../../src/45_geomoptim -I../../src/45_geomoptim -I../../src/12_hide_mpi -I../../src/12_hide_mpi -I../../src/10_defs -I../../src/10_defs -I../../src/14_hidewrite -I../../src/14_hidewrite -I../../src/57_iovars -I../../src/57_iovars -I../../src/28_numeric_noabirule -I../../src/28_numeric_noabirule -I../../src/incs -I../../src/incs -I/tigress/xingz/abinit-8.10.2/fallbacks/exports/include   -free -module /tigress/xingz/abinit-8.10.2/src/mods -O3 -g -extend-source -noaltparam -nofpscomp   -c -o m_harmonics_terms.o m_harmonics_terms.F90
mpiifort -DHAVE_CONFIG_H -I. -I../..  -I../../src/77_ddb -I../../src/77_ddb -I../../src/32_util -I../../src/32_util -I../../src/44_abitools -I../../src/44_abitools -I../../src/27_toolbox_oop -I../../src/27_toolbox_oop -I../../src/44_abitypes_defs -I../../src/44_abitypes_defs -I../../src/72_response -I../../src/72_response -I../../src/16_hideleave -I../../src/16_hideleave -I../../src/42_parser -I../../src/42_parser -I../../src/55_abiutil -I../../src/55_abiutil -I../../src/41_geometry -I../../src/41_geometry -I../../src/45_geomoptim -I../../src/45_geomoptim -I../../src/12_hide_mpi -I../../src/12_hide_mpi -I../../src/10_defs -I../../src/10_defs -I../../src/14_hidewrite -I../../src/14_hidewrite -I../../src/57_iovars -I../../src/57_iovars -I../../src/28_numeric_noabirule -I../../src/28_numeric_noabirule -I../../src/incs -I../../src/incs -I/tigress/xingz/abinit-8.10.2/fallbacks/exports/include   -free -module /tigress/xingz/abinit-8.10.2/src/mods -O3 -g -extend-source -noaltparam -nofpscomp   -c -o m_multibinit_dataset.o m_multibinit_dataset.F90
m_multibinit_dataset.F90(2032): remark #8291: Recommended relationship between field width 'W' and the number of fractional digits 'D' in this edit descriptor is 'W>=D+7'.
   if(multibinit_dtset%strcpling==2)write(nunit,'(3x,a9,3es8.2)')'delta_df',multibinit_dtset%delta_df
-----------------------------------------------------------^
mpiifort -DHAVE_CONFIG_H -I. -I../..  -I../../src/77_ddb -I../../src/77_ddb -I../../src/32_util -I../../src/32_util -I../../src/44_abitools -I../../src/44_abitools -I../../src/27_toolbox_oop -I../../src/27_toolbox_oop -I../../src/44_abitypes_defs -I../../src/44_abitypes_defs -I../../src/72_response -I../../src/72_response -I../../src/16_hideleave -I../../src/16_hideleave -I../../src/42_parser -I../../src/42_parser -I../../src/55_abiutil -I../../src/55_abiutil -I../../src/41_geometry -I../../src/41_geometry -I../../src/45_geomoptim -I../../src/45_geomoptim -I../../src/12_hide_mpi -I../../src/12_hide_mpi -I../../src/10_defs -I../../src/10_defs -I../../src/14_hidewrite -I../../src/14_hidewrite -I../../src/57_iovars -I../../src/57_iovars -I../../src/28_numeric_noabirule -I../../src/28_numeric_noabirule -I../../src/incs -I../../src/incs -I/tigress/xingz/abinit-8.10.2/fallbacks/exports/include   -free -module /tigress/xingz/abinit-8.10.2/src/mods -O3 -g -extend-source -noaltparam -nofpscomp   -c -o m_polynomial_conf.o m_polynomial_conf.F90
mpiifort -DHAVE_CONFIG_H -I. -I../..  -I../../src/77_ddb -I../../src/77_ddb -I../../src/32_util -I../../src/32_util -I../../src/44_abitools -I../../src/44_abitools -I../../src/27_toolbox_oop -I../../src/27_toolbox_oop -I../../src/44_abitypes_defs -I../../src/44_abitypes_defs -I../../src/72_response -I../../src/72_response -I../../src/16_hideleave -I../../src/16_hideleave -I../../src/42_parser -I../../src/42_parser -I../../src/55_abiutil -I../../src/55_abiutil -I../../src/41_geometry -I../../src/41_geometry -I../../src/45_geomoptim -I../../src/45_geomoptim -I../../src/12_hide_mpi -I../../src/12_hide_mpi -I../../src/10_defs -I../../src/10_defs -I../../src/14_hidewrite -I../../src/14_hidewrite -I../../src/57_iovars -I../../src/57_iovars -I../../src/28_numeric_noabirule -I../../src/28_numeric_noabirule -I../../src/incs -I../../src/incs -I/tigress/xingz/abinit-8.10.2/fallbacks/exports/include   -free -module /tigress/xingz/abinit-8.10.2/src/mods -O3 -g -extend-source -noaltparam -nofpscomp   -c -o m_effective_potential.o m_effective_potential.F90
mpiifort -DHAVE_CONFIG_H -I. -I../..  -I../../src/77_ddb -I../../src/77_ddb -I../../src/32_util -I../../src/32_util -I../../src/44_abitools -I../../src/44_abitools -I../../src/27_toolbox_oop -I../../src/27_toolbox_oop -I../../src/44_abitypes_defs -I../../src/44_abitypes_defs -I../../src/72_response -I../../src/72_response -I../../src/16_hideleave -I../../src/16_hideleave -I../../src/42_parser -I../../src/42_parser -I../../src/55_abiutil -I../../src/55_abiutil -I../../src/41_geometry -I../../src/41_geometry -I../../src/45_geomoptim -I../../src/45_geomoptim -I../../src/12_hide_mpi -I../../src/12_hide_mpi -I../../src/10_defs -I../../src/10_defs -I../../src/14_hidewrite -I../../src/14_hidewrite -I../../src/57_iovars -I../../src/57_iovars -I../../src/28_numeric_noabirule -I../../src/28_numeric_noabirule -I../../src/incs -I../../src/incs -I/tigress/xingz/abinit-8.10.2/fallbacks/exports/include   -free -module /tigress/xingz/abinit-8.10.2/src/mods -O3 -g -extend-source -noaltparam -nofpscomp   -c -o m_effective_potential_file.o m_effective_potential_file.F90
mpiifort -DHAVE_CONFIG_H -I. -I../..  -I../../src/77_ddb -I../../src/77_ddb -I../../src/32_util -I../../src/32_util -I../../src/44_abitools -I../../src/44_abitools -I../../src/27_toolbox_oop -I../../src/27_toolbox_oop -I../../src/44_abitypes_defs -I../../src/44_abitypes_defs -I../../src/72_response -I../../src/72_response -I../../src/16_hideleave -I../../src/16_hideleave -I../../src/42_parser -I../../src/42_parser -I../../src/55_abiutil -I../../src/55_abiutil -I../../src/41_geometry -I../../src/41_geometry -I../../src/45_geomoptim -I../../src/45_geomoptim -I../../src/12_hide_mpi -I../../src/12_hide_mpi -I../../src/10_defs -I../../src/10_defs -I../../src/14_hidewrite -I../../src/14_hidewrite -I../../src/57_iovars -I../../src/57_iovars -I../../src/28_numeric_noabirule -I../../src/28_numeric_noabirule -I../../src/incs -I../../src/incs -I/tigress/xingz/abinit-8.10.2/fallbacks/exports/include   -free -module /tigress/xingz/abinit-8.10.2/src/mods -O3 -g -extend-source -noaltparam -nofpscomp   -c -o m_compute_anharmonics.o m_compute_anharmonics.F90
mpiicc -DHAVE_CONFIG_H -I. -I../..  -I../../src/77_ddb -I../../src/77_ddb -I../../src/32_util -I../../src/32_util -I../../src/44_abitools -I../../src/44_abitools -I../../src/27_toolbox_oop -I../../src/27_toolbox_oop -I../../src/44_abitypes_defs -I../../src/44_abitypes_defs -I../../src/72_response -I../../src/72_response -I../../src/16_hideleave -I../../src/16_hideleave -I../../src/42_parser -I../../src/42_parser -I../../src/55_abiutil -I../../src/55_abiutil -I../../src/41_geometry -I../../src/41_geometry -I../../src/45_geomoptim -I../../src/45_geomoptim -I../../src/12_hide_mpi -I../../src/12_hide_mpi -I../../src/10_defs -I../../src/10_defs -I../../src/14_hidewrite -I../../src/14_hidewrite -I../../src/57_iovars -I../../src/57_iovars -I../../src/28_numeric_noabirule -I../../src/28_numeric_noabirule -I../../src/incs -I../../src/incs -I/tigress/xingz/abinit-8.10.2/fallbacks/exports/include    -g -O2 -vec-report0  -MT effpot_xml.o -MD -MP -MF .deps/effpot_xml.Tpo -c -o effpot_xml.o effpot_xml.c
icc: command line remark #10148: option '-vec-report0' not supported
mv -f .deps/effpot_xml.Tpo .deps/effpot_xml.Po
mpiifort -DHAVE_CONFIG_H -I. -I../..  -I../../src/77_ddb -I../../src/77_ddb -I../../src/32_util -I../../src/32_util -I../../src/44_abitools -I../../src/44_abitools -I../../src/27_toolbox_oop -I../../src/27_toolbox_oop -I../../src/44_abitypes_defs -I../../src/44_abitypes_defs -I../../src/72_response -I../../src/72_response -I../../src/16_hideleave -I../../src/16_hideleave -I../../src/42_parser -I../../src/42_parser -I../../src/55_abiutil -I../../src/55_abiutil -I../../src/41_geometry -I../../src/41_geometry -I../../src/45_geomoptim -I../../src/45_geomoptim -I../../src/12_hide_mpi -I../../src/12_hide_mpi -I../../src/10_defs -I../../src/10_defs -I../../src/14_hidewrite -I../../src/14_hidewrite -I../../src/57_iovars -I../../src/57_iovars -I../../src/28_numeric_noabirule -I../../src/28_numeric_noabirule -I../../src/incs -I../../src/incs -I/tigress/xingz/abinit-8.10.2/fallbacks/exports/include   -free -module /tigress/xingz/abinit-8.10.2/src/mods -O3 -g -extend-source -noaltparam -nofpscomp   -c -o m_generate_training_set.o m_generate_training_set.F90
mpiifort -DHAVE_CONFIG_H -I. -I../..  -I../../src/77_ddb -I../../src/77_ddb -I../../src/32_util -I../../src/32_util -I../../src/44_abitools -I../../src/44_abitools -I../../src/27_toolbox_oop -I../../src/27_toolbox_oop -I../../src/44_abitypes_defs -I../../src/44_abitypes_defs -I../../src/72_response -I../../src/72_response -I../../src/16_hideleave -I../../src/16_hideleave -I../../src/42_parser -I../../src/42_parser -I../../src/55_abiutil -I../../src/55_abiutil -I../../src/41_geometry -I../../src/41_geometry -I../../src/45_geomoptim -I../../src/45_geomoptim -I../../src/12_hide_mpi -I../../src/12_hide_mpi -I../../src/10_defs -I../../src/10_defs -I../../src/14_hidewrite -I../../src/14_hidewrite -I../../src/57_iovars -I../../src/57_iovars -I../../src/28_numeric_noabirule -I../../src/28_numeric_noabirule -I../../src/incs -I../../src/incs -I/tigress/xingz/abinit-8.10.2/fallbacks/exports/include   -free -module /tigress/xingz/abinit-8.10.2/src/mods -O3 -g -extend-source -noaltparam -nofpscomp   -c -o m_init10.o m_init10.F90
mpiifort -DHAVE_CONFIG_H -I. -I../..  -I../../src/77_ddb -I../../src/77_ddb -I../../src/32_util -I../../src/32_util -I../../src/44_abitools -I../../src/44_abitools -I../../src/27_toolbox_oop -I../../src/27_toolbox_oop -I../../src/44_abitypes_defs -I../../src/44_abitypes_defs -I../../src/72_response -I../../src/72_response -I../../src/16_hideleave -I../../src/16_hideleave -I../../src/42_parser -I../../src/42_parser -I../../src/55_abiutil -I../../src/55_abiutil -I../../src/41_geometry -I../../src/41_geometry -I../../src/45_geomoptim -I../../src/45_geomoptim -I../../src/12_hide_mpi -I../../src/12_hide_mpi -I../../src/10_defs -I../../src/10_defs -I../../src/14_hidewrite -I../../src/14_hidewrite -I../../src/57_iovars -I../../src/57_iovars -I../../src/28_numeric_noabirule -I../../src/28_numeric_noabirule -I../../src/incs -I../../src/incs -I/tigress/xingz/abinit-8.10.2/fallbacks/exports/include   -free -module /tigress/xingz/abinit-8.10.2/src/mods -O3 -g -extend-source -noaltparam -nofpscomp   -c -o m_dynarray.o m_dynarray.F90
mpiifort -DHAVE_CONFIG_H -I. -I../..  -I../../src/77_ddb -I../../src/77_ddb -I../../src/32_util -I../../src/32_util -I../../src/44_abitools -I../../src/44_abitools -I../../src/27_toolbox_oop -I../../src/27_toolbox_oop -I../../src/44_abitypes_defs -I../../src/44_abitypes_defs -I../../src/72_response -I../../src/72_response -I../../src/16_hideleave -I../../src/16_hideleave -I../../src/42_parser -I../../src/42_parser -I../../src/55_abiutil -I../../src/55_abiutil -I../../src/41_geometry -I../../src/41_geometry -I../../src/45_geomoptim -I../../src/45_geomoptim -I../../src/12_hide_mpi -I../../src/12_hide_mpi -I../../src/10_defs -I../../src/10_defs -I../../src/14_hidewrite -I../../src/14_hidewrite -I../../src/57_iovars -I../../src/57_iovars -I../../src/28_numeric_noabirule -I../../src/28_numeric_noabirule -I../../src/incs -I../../src/incs -I/tigress/xingz/abinit-8.10.2/fallbacks/exports/include   -free -module /tigress/xingz/abinit-8.10.2/src/mods -O3 -g -extend-source -noaltparam -nofpscomp   -c -o m_fit_data.o m_fit_data.F90
mpiifort -DHAVE_CONFIG_H -I. -I../..  -I../../src/77_ddb -I../../src/77_ddb -I../../src/32_util -I../../src/32_util -I../../src/44_abitools -I../../src/44_abitools -I../../src/27_toolbox_oop -I../../src/27_toolbox_oop -I../../src/44_abitypes_defs -I../../src/44_abitypes_defs -I../../src/72_response -I../../src/72_response -I../../src/16_hideleave -I../../src/16_hideleave -I../../src/42_parser -I../../src/42_parser -I../../src/55_abiutil -I../../src/55_abiutil -I../../src/41_geometry -I../../src/41_geometry -I../../src/45_geomoptim -I../../src/45_geomoptim -I../../src/12_hide_mpi -I../../src/12_hide_mpi -I../../src/10_defs -I../../src/10_defs -I../../src/14_hidewrite -I../../src/14_hidewrite -I../../src/57_iovars -I../../src/57_iovars -I../../src/28_numeric_noabirule -I../../src/28_numeric_noabirule -I../../src/incs -I../../src/incs -I/tigress/xingz/abinit-8.10.2/fallbacks/exports/include   -free -module /tigress/xingz/abinit-8.10.2/src/mods -O3 -g -extend-source -noaltparam -nofpscomp   -c -o m_fit_polynomial_coeff.o m_fit_polynomial_coeff.F90
mpiifort -DHAVE_CONFIG_H -I. -I../..  -I../../src/77_ddb -I../../src/77_ddb -I../../src/32_util -I../../src/32_util -I../../src/44_abitools -I../../src/44_abitools -I../../src/27_toolbox_oop -I../../src/27_toolbox_oop -I../../src/44_abitypes_defs -I../../src/44_abitypes_defs -I../../src/72_response -I../../src/72_response -I../../src/16_hideleave -I../../src/16_hideleave -I../../src/42_parser -I../../src/42_parser -I../../src/55_abiutil -I../../src/55_abiutil -I../../src/41_geometry -I../../src/41_geometry -I../../src/45_geomoptim -I../../src/45_geomoptim -I../../src/12_hide_mpi -I../../src/12_hide_mpi -I../../src/10_defs -I../../src/10_defs -I../../src/14_hidewrite -I../../src/14_hidewrite -I../../src/57_iovars -I../../src/57_iovars -I../../src/28_numeric_noabirule -I../../src/28_numeric_noabirule -I../../src/incs -I../../src/incs -I/tigress/xingz/abinit-8.10.2/fallbacks/exports/include   -free -module /tigress/xingz/abinit-8.10.2/src/mods -O3 -g -extend-source -noaltparam -nofpscomp   -c -o m_random_xoroshiro128plus.o m_random_xoroshiro128plus.F90
mpiifort -DHAVE_CONFIG_H -I. -I../..  -I../../src/77_ddb -I../../src/77_ddb -I../../src/32_util -I../../src/32_util -I../../src/44_abitools -I../../src/44_abitools -I../../src/27_toolbox_oop -I../../src/27_toolbox_oop -I../../src/44_abitypes_defs -I../../src/44_abitypes_defs -I../../src/72_response -I../../src/72_response -I../../src/16_hideleave -I../../src/16_hideleave -I../../src/42_parser -I../../src/42_parser -I../../src/55_abiutil -I../../src/55_abiutil -I../../src/41_geometry -I../../src/41_geometry -I../../src/45_geomoptim -I../../src/45_geomoptim -I../../src/12_hide_mpi -I../../src/12_hide_mpi -I../../src/10_defs -I../../src/10_defs -I../../src/14_hidewrite -I../../src/14_hidewrite -I../../src/57_iovars -I../../src/57_iovars -I../../src/28_numeric_noabirule -I../../src/28_numeric_noabirule -I../../src/incs -I../../src/incs -I/tigress/xingz/abinit-8.10.2/fallbacks/exports/include   -free -module /tigress/xingz/abinit-8.10.2/src/mods -O3 -g -extend-source -noaltparam -nofpscomp   -c -o m_mathfuncs.o m_mathfuncs.F90
mpiifort -DHAVE_CONFIG_H -I. -I../..  -I../../src/77_ddb -I../../src/77_ddb -I../../src/32_util -I../../src/32_util -I../../src/44_abitools -I../../src/44_abitools -I../../src/27_toolbox_oop -I../../src/27_toolbox_oop -I../../src/44_abitypes_defs -I../../src/44_abitypes_defs -I../../src/72_response -I../../src/72_response -I../../src/16_hideleave -I../../src/16_hideleave -I../../src/42_parser -I../../src/42_parser -I../../src/55_abiutil -I../../src/55_abiutil -I../../src/41_geometry -I../../src/41_geometry -I../../src/45_geomoptim -I../../src/45_geomoptim -I../../src/12_hide_mpi -I../../src/12_hide_mpi -I../../src/10_defs -I../../src/10_defs -I../../src/14_hidewrite -I../../src/14_hidewrite -I../../src/57_iovars -I../../src/57_iovars -I../../src/28_numeric_noabirule -I../../src/28_numeric_noabirule -I../../src/incs -I../../src/incs -I/tigress/xingz/abinit-8.10.2/fallbacks/exports/include   -free -module /tigress/xingz/abinit-8.10.2/src/mods -O3 -g -extend-source -noaltparam -nofpscomp   -c -o m_sparse_matrix.o m_sparse_matrix.F90
mpiifort -DHAVE_CONFIG_H -I. -I../..  -I../../src/77_ddb -I../../src/77_ddb -I../../src/32_util -I../../src/32_util -I../../src/44_abitools -I../../src/44_abitools -I../../src/27_toolbox_oop -I../../src/27_toolbox_oop -I../../src/44_abitypes_defs -I../../src/44_abitypes_defs -I../../src/72_response -I../../src/72_response -I../../src/16_hideleave -I../../src/16_hideleave -I../../src/42_parser -I../../src/42_parser -I../../src/55_abiutil -I../../src/55_abiutil -I../../src/41_geometry -I../../src/41_geometry -I../../src/45_geomoptim -I../../src/45_geomoptim -I../../src/12_hide_mpi -I../../src/12_hide_mpi -I../../src/10_defs -I../../src/10_defs -I../../src/14_hidewrite -I../../src/14_hidewrite -I../../src/57_iovars -I../../src/57_iovars -I../../src/28_numeric_noabirule -I../../src/28_numeric_noabirule -I../../src/incs -I../../src/incs -I/tigress/xingz/abinit-8.10.2/fallbacks/exports/include   -free -module /tigress/xingz/abinit-8.10.2/src/mods -O3 -g -extend-source -noaltparam -nofpscomp   -c -o m_spin_hist.o m_spin_hist.F90
mpiifort -DHAVE_CONFIG_H -I. -I../..  -I../../src/77_ddb -I../../src/77_ddb -I../../src/32_util -I../../src/32_util -I../../src/44_abitools -I../../src/44_abitools -I../../src/27_toolbox_oop -I../../src/27_toolbox_oop -I../../src/44_abitypes_defs -I../../src/44_abitypes_defs -I../../src/72_response -I../../src/72_response -I../../src/16_hideleave -I../../src/16_hideleave -I../../src/42_parser -I../../src/42_parser -I../../src/55_abiutil -I../../src/55_abiutil -I../../src/41_geometry -I../../src/41_geometry -I../../src/45_geomoptim -I../../src/45_geomoptim -I../../src/12_hide_mpi -I../../src/12_hide_mpi -I../../src/10_defs -I../../src/10_defs -I../../src/14_hidewrite -I../../src/14_hidewrite -I../../src/57_iovars -I../../src/57_iovars -I../../src/28_numeric_noabirule -I../../src/28_numeric_noabirule -I../../src/incs -I../../src/incs -I/tigress/xingz/abinit-8.10.2/fallbacks/exports/include   -free -module /tigress/xingz/abinit-8.10.2/src/mods -O3 -g -extend-source -noaltparam -nofpscomp   -c -o m_spin_terms_funcs.o m_spin_terms_funcs.F90
mpiifort -DHAVE_CONFIG_H -I. -I../..  -I../../src/77_ddb -I../../src/77_ddb -I../../src/32_util -I../../src/32_util -I../../src/44_abitools -I../../src/44_abitools -I../../src/27_toolbox_oop -I../../src/27_toolbox_oop -I../../src/44_abitypes_defs -I../../src/44_abitypes_defs -I../../src/72_response -I../../src/72_response -I../../src/16_hideleave -I../../src/16_hideleave -I../../src/42_parser -I../../src/42_parser -I../../src/55_abiutil -I../../src/55_abiutil -I../../src/41_geometry -I../../src/41_geometry -I../../src/45_geomoptim -I../../src/45_geomoptim -I../../src/12_hide_mpi -I../../src/12_hide_mpi -I../../src/10_defs -I../../src/10_defs -I../../src/14_hidewrite -I../../src/14_hidewrite -I../../src/57_iovars -I../../src/57_iovars -I../../src/28_numeric_noabirule -I../../src/28_numeric_noabirule -I../../src/incs -I../../src/incs -I/tigress/xingz/abinit-8.10.2/fallbacks/exports/include   -free -module /tigress/xingz/abinit-8.10.2/src/mods -O3 -g -extend-source -noaltparam -nofpscomp   -c -o m_spin_terms.o m_spin_terms.F90
mpiifort -DHAVE_CONFIG_H -I. -I../..  -I../../src/77_ddb -I../../src/77_ddb -I../../src/32_util -I../../src/32_util -I../../src/44_abitools -I../../src/44_abitools -I../../src/27_toolbox_oop -I../../src/27_toolbox_oop -I../../src/44_abitypes_defs -I../../src/44_abitypes_defs -I../../src/72_response -I../../src/72_response -I../../src/16_hideleave -I../../src/16_hideleave -I../../src/42_parser -I../../src/42_parser -I../../src/55_abiutil -I../../src/55_abiutil -I../../src/41_geometry -I../../src/41_geometry -I../../src/45_geomoptim -I../../src/45_geomoptim -I../../src/12_hide_mpi -I../../src/12_hide_mpi -I../../src/10_defs -I../../src/10_defs -I../../src/14_hidewrite -I../../src/14_hidewrite -I../../src/57_iovars -I../../src/57_iovars -I../../src/28_numeric_noabirule -I../../src/28_numeric_noabirule -I../../src/incs -I../../src/incs -I/tigress/xingz/abinit-8.10.2/fallbacks/exports/include   -free -module /tigress/xingz/abinit-8.10.2/src/mods -O3 -g -extend-source -noaltparam -nofpscomp   -c -o m_spin_model_primitive.o m_spin_model_primitive.F90
mpiifort -DHAVE_CONFIG_H -I. -I../..  -I../../src/77_ddb -I../../src/77_ddb -I../../src/32_util -I../../src/32_util -I../../src/44_abitools -I../../src/44_abitools -I../../src/27_toolbox_oop -I../../src/27_toolbox_oop -I../../src/44_abitypes_defs -I../../src/44_abitypes_defs -I../../src/72_response -I../../src/72_response -I../../src/16_hideleave -I../../src/16_hideleave -I../../src/42_parser -I../../src/42_parser -I../../src/55_abiutil -I../../src/55_abiutil -I../../src/41_geometry -I../../src/41_geometry -I../../src/45_geomoptim -I../../src/45_geomoptim -I../../src/12_hide_mpi -I../../src/12_hide_mpi -I../../src/10_defs -I../../src/10_defs -I../../src/14_hidewrite -I../../src/14_hidewrite -I../../src/57_iovars -I../../src/57_iovars -I../../src/28_numeric_noabirule -I../../src/28_numeric_noabirule -I../../src/incs -I../../src/incs -I/tigress/xingz/abinit-8.10.2/fallbacks/exports/include   -free -module /tigress/xingz/abinit-8.10.2/src/mods -O3 -g -extend-source -noaltparam -nofpscomp   -c -o m_spin_ncfile.o m_spin_ncfile.F90
mpiifort -DHAVE_CONFIG_H -I. -I../..  -I../../src/77_ddb -I../../src/77_ddb -I../../src/32_util -I../../src/32_util -I../../src/44_abitools -I../../src/44_abitools -I../../src/27_toolbox_oop -I../../src/27_toolbox_oop -I../../src/44_abitypes_defs -I../../src/44_abitypes_defs -I../../src/72_response -I../../src/72_response -I../../src/16_hideleave -I../../src/16_hideleave -I../../src/42_parser -I../../src/42_parser -I../../src/55_abiutil -I../../src/55_abiutil -I../../src/41_geometry -I../../src/41_geometry -I../../src/45_geomoptim -I../../src/45_geomoptim -I../../src/12_hide_mpi -I../../src/12_hide_mpi -I../../src/10_defs -I../../src/10_defs -I../../src/14_hidewrite -I../../src/14_hidewrite -I../../src/57_iovars -I../../src/57_iovars -I../../src/28_numeric_noabirule -I../../src/28_numeric_noabirule -I../../src/incs -I../../src/incs -I/tigress/xingz/abinit-8.10.2/fallbacks/exports/include   -free -module /tigress/xingz/abinit-8.10.2/src/mods -O3 -g -extend-source -noaltparam -nofpscomp   -c -o m_spin_mover.o m_spin_mover.F90
mpiifort -DHAVE_CONFIG_H -I. -I../..  -I../../src/77_ddb -I../../src/77_ddb -I../../src/32_util -I../../src/32_util -I../../src/44_abitools -I../../src/44_abitools -I../../src/27_toolbox_oop -I../../src/27_toolbox_oop -I../../src/44_abitypes_defs -I../../src/44_abitypes_defs -I../../src/72_response -I../../src/72_response -I../../src/16_hideleave -I../../src/16_hideleave -I../../src/42_parser -I../../src/42_parser -I../../src/55_abiutil -I../../src/55_abiutil -I../../src/41_geometry -I../../src/41_geometry -I../../src/45_geomoptim -I../../src/45_geomoptim -I../../src/12_hide_mpi -I../../src/12_hide_mpi -I../../src/10_defs -I../../src/10_defs -I../../src/14_hidewrite -I../../src/14_hidewrite -I../../src/57_iovars -I../../src/57_iovars -I../../src/28_numeric_noabirule -I../../src/28_numeric_noabirule -I../../src/incs -I../../src/incs -I/tigress/xingz/abinit-8.10.2/fallbacks/exports/include   -free -module /tigress/xingz/abinit-8.10.2/src/mods -O3 -g -extend-source -noaltparam -nofpscomp   -c -o m_spin_model.o m_spin_model.F90
mpiifort -DHAVE_CONFIG_H -I. -I../..  -I../../src/77_ddb -I../../src/77_ddb -I../../src/32_util -I../../src/32_util -I../../src/44_abitools -I../../src/44_abitools -I../../src/27_toolbox_oop -I../../src/27_toolbox_oop -I../../src/44_abitypes_defs -I../../src/44_abitypes_defs -I../../src/72_response -I../../src/72_response -I../../src/16_hideleave -I../../src/16_hideleave -I../../src/42_parser -I../../src/42_parser -I../../src/55_abiutil -I../../src/55_abiutil -I../../src/41_geometry -I../../src/41_geometry -I../../src/45_geomoptim -I../../src/45_geomoptim -I../../src/12_hide_mpi -I../../src/12_hide_mpi -I../../src/10_defs -I../../src/10_defs -I../../src/14_hidewrite -I../../src/14_hidewrite -I../../src/57_iovars -I../../src/57_iovars -I../../src/28_numeric_noabirule -I../../src/28_numeric_noabirule -I../../src/incs -I../../src/incs -I/tigress/xingz/abinit-8.10.2/fallbacks/exports/include   -free -module /tigress/xingz/abinit-8.10.2/src/mods -O3 -g -extend-source -noaltparam -nofpscomp   -c -o m_spin_reciprocal.o m_spin_reciprocal.F90
rm -f lib78_effpot.a
ar rc lib78_effpot.a m_compute_anharmonics.o effpot_xml.o m_generate_training_set.o m_init10.o m_anharmonics_terms.o m_dynarray.o m_effective_potential.o m_effective_potential_file.o m_effpot_mpi.o m_fit_data.o m_fit_polynomial_coeff.o m_harmonics_terms.o m_mathfuncs.o m_multibinit_dataset.o m_polynomial_coeff.o m_polynomial_conf.o m_polynomial_term.o m_random_xoroshiro128plus.o m_sparse_matrix.o m_spin_hist.o m_spin_model.o m_spin_model_primitive.o m_spin_mover.o m_spin_ncfile.o m_spin_reciprocal.o m_spin_terms.o m_spin_terms_funcs.o 
ranlib lib78_effpot.a
make[3]: Leaving directory `/tigress/xingz/abinit-8.10.2/src/78_effpot'
Making all in 78_eph
make[3]: Entering directory `/tigress/xingz/abinit-8.10.2/src/78_eph'
mpiifort -DHAVE_CONFIG_H -I. -I../..  -I../../src/77_ddb -I../../src/77_ddb -I../../src/44_abitools -I../../src/44_abitools -I../../src/59_ionetcdf -I../../src/59_ionetcdf -I../../src/27_toolbox_oop -I../../src/27_toolbox_oop -I../../src/42_libpaw -I../../src/42_libpaw -I../../src/72_response -I../../src/72_response -I../../src/66_nonlocal -I../../src/66_nonlocal -I../../src/17_libtetra_ext -I../../src/17_libtetra_ext -I../../src/62_iowfdenpot -I../../src/62_iowfdenpot -I../../src/18_timing -I../../src/18_timing -I../../src/12_hide_mpi -I../../src/12_hide_mpi -I../../src/14_hidewrite -I../../src/14_hidewrite -I../../src/29_kpoints -I../../src/29_kpoints -I../../src/69_wfdesc -I../../src/69_wfdesc -I../../src/32_util -I../../src/32_util -I../../src/28_numeric_noabirule -I../../src/28_numeric_noabirule -I../../src/44_abitypes_defs -I../../src/44_abitypes_defs -I../../src/61_occeig -I../../src/61_occeig -I../../src/16_hideleave -I../../src/16_hideleave -I../../src/65_paw -I../../src/65_paw -I../../src/62_cg_noabirule -I../../src/62_cg_noabirule -I../../src/56_recipspace -I../../src/56_recipspace -I../../src/52_fft_mpi_noabirule -I../../src/52_fft_mpi_noabirule -I../../src/66_wfs -I../../src/66_wfs -I../../src/41_geometry -I../../src/41_geometry -I../../src/10_defs -I../../src/10_defs -I../../src/53_ffts -I../../src/53_ffts -I../../src/incs -I../../src/incs -I/tigress/xingz/abinit-8.10.2/fallbacks/exports/include   -free -module /tigress/xingz/abinit-8.10.2/src/mods -O3 -g -extend-source -noaltparam -nofpscomp   -c -o m_frohlichmodel.o m_frohlichmodel.F90
mpiifort -DHAVE_CONFIG_H -I. -I../..  -I../../src/77_ddb -I../../src/77_ddb -I../../src/44_abitools -I../../src/44_abitools -I../../src/59_ionetcdf -I../../src/59_ionetcdf -I../../src/27_toolbox_oop -I../../src/27_toolbox_oop -I../../src/42_libpaw -I../../src/42_libpaw -I../../src/72_response -I../../src/72_response -I../../src/66_nonlocal -I../../src/66_nonlocal -I../../src/17_libtetra_ext -I../../src/17_libtetra_ext -I../../src/62_iowfdenpot -I../../src/62_iowfdenpot -I../../src/18_timing -I../../src/18_timing -I../../src/12_hide_mpi -I../../src/12_hide_mpi -I../../src/14_hidewrite -I../../src/14_hidewrite -I../../src/29_kpoints -I../../src/29_kpoints -I../../src/69_wfdesc -I../../src/69_wfdesc -I../../src/32_util -I../../src/32_util -I../../src/28_numeric_noabirule -I../../src/28_numeric_noabirule -I../../src/44_abitypes_defs -I../../src/44_abitypes_defs -I../../src/61_occeig -I../../src/61_occeig -I../../src/16_hideleave -I../../src/16_hideleave -I../../src/65_paw -I../../src/65_paw -I../../src/62_cg_noabirule -I../../src/62_cg_noabirule -I../../src/56_recipspace -I../../src/56_recipspace -I../../src/52_fft_mpi_noabirule -I../../src/52_fft_mpi_noabirule -I../../src/66_wfs -I../../src/66_wfs -I../../src/41_geometry -I../../src/41_geometry -I../../src/10_defs -I../../src/10_defs -I../../src/53_ffts -I../../src/53_ffts -I../../src/incs -I../../src/incs -I/tigress/xingz/abinit-8.10.2/fallbacks/exports/include   -free -module /tigress/xingz/abinit-8.10.2/src/mods -O3 -g -extend-source -noaltparam -nofpscomp   -c -o m_gkk.o m_gkk.F90
mpiifort -DHAVE_CONFIG_H -I. -I../..  -I../../src/77_ddb -I../../src/77_ddb -I../../src/44_abitools -I../../src/44_abitools -I../../src/59_ionetcdf -I../../src/59_ionetcdf -I../../src/27_toolbox_oop -I../../src/27_toolbox_oop -I../../src/42_libpaw -I../../src/42_libpaw -I../../src/72_response -I../../src/72_response -I../../src/66_nonlocal -I../../src/66_nonlocal -I../../src/17_libtetra_ext -I../../src/17_libtetra_ext -I../../src/62_iowfdenpot -I../../src/62_iowfdenpot -I../../src/18_timing -I../../src/18_timing -I../../src/12_hide_mpi -I../../src/12_hide_mpi -I../../src/14_hidewrite -I../../src/14_hidewrite -I../../src/29_kpoints -I../../src/29_kpoints -I../../src/69_wfdesc -I../../src/69_wfdesc -I../../src/32_util -I../../src/32_util -I../../src/28_numeric_noabirule -I../../src/28_numeric_noabirule -I../../src/44_abitypes_defs -I../../src/44_abitypes_defs -I../../src/61_occeig -I../../src/61_occeig -I../../src/16_hideleave -I../../src/16_hideleave -I../../src/65_paw -I../../src/65_paw -I../../src/62_cg_noabirule -I../../src/62_cg_noabirule -I../../src/56_recipspace -I../../src/56_recipspace -I../../src/52_fft_mpi_noabirule -I../../src/52_fft_mpi_noabirule -I../../src/66_wfs -I../../src/66_wfs -I../../src/41_geometry -I../../src/41_geometry -I../../src/10_defs -I../../src/10_defs -I../../src/53_ffts -I../../src/53_ffts -I../../src/incs -I../../src/incs -I/tigress/xingz/abinit-8.10.2/fallbacks/exports/include   -free -module /tigress/xingz/abinit-8.10.2/src/mods -O3 -g -extend-source -noaltparam -nofpscomp   -c -o m_phgamma.o m_phgamma.F90
mpiifort -DHAVE_CONFIG_H -I. -I../..  -I../../src/77_ddb -I../../src/77_ddb -I../../src/44_abitools -I../../src/44_abitools -I../../src/59_ionetcdf -I../../src/59_ionetcdf -I../../src/27_toolbox_oop -I../../src/27_toolbox_oop -I../../src/42_libpaw -I../../src/42_libpaw -I../../src/72_response -I../../src/72_response -I../../src/66_nonlocal -I../../src/66_nonlocal -I../../src/17_libtetra_ext -I../../src/17_libtetra_ext -I../../src/62_iowfdenpot -I../../src/62_iowfdenpot -I../../src/18_timing -I../../src/18_timing -I../../src/12_hide_mpi -I../../src/12_hide_mpi -I../../src/14_hidewrite -I../../src/14_hidewrite -I../../src/29_kpoints -I../../src/29_kpoints -I../../src/69_wfdesc -I../../src/69_wfdesc -I../../src/32_util -I../../src/32_util -I../../src/28_numeric_noabirule -I../../src/28_numeric_noabirule -I../../src/44_abitypes_defs -I../../src/44_abitypes_defs -I../../src/61_occeig -I../../src/61_occeig -I../../src/16_hideleave -I../../src/16_hideleave -I../../src/65_paw -I../../src/65_paw -I../../src/62_cg_noabirule -I../../src/62_cg_noabirule -I../../src/56_recipspace -I../../src/56_recipspace -I../../src/52_fft_mpi_noabirule -I../../src/52_fft_mpi_noabirule -I../../src/66_wfs -I../../src/66_wfs -I../../src/41_geometry -I../../src/41_geometry -I../../src/10_defs -I../../src/10_defs -I../../src/53_ffts -I../../src/53_ffts -I../../src/incs -I../../src/incs -I/tigress/xingz/abinit-8.10.2/fallbacks/exports/include   -free -module /tigress/xingz/abinit-8.10.2/src/mods -O3 -g -extend-source -noaltparam -nofpscomp   -c -o m_phpi.o m_phpi.F90
mpiifort -DHAVE_CONFIG_H -I. -I../..  -I../../src/77_ddb -I../../src/77_ddb -I../../src/44_abitools -I../../src/44_abitools -I../../src/59_ionetcdf -I../../src/59_ionetcdf -I../../src/27_toolbox_oop -I../../src/27_toolbox_oop -I../../src/42_libpaw -I../../src/42_libpaw -I../../src/72_response -I../../src/72_response -I../../src/66_nonlocal -I../../src/66_nonlocal -I../../src/17_libtetra_ext -I../../src/17_libtetra_ext -I../../src/62_iowfdenpot -I../../src/62_iowfdenpot -I../../src/18_timing -I../../src/18_timing -I../../src/12_hide_mpi -I../../src/12_hide_mpi -I../../src/14_hidewrite -I../../src/14_hidewrite -I../../src/29_kpoints -I../../src/29_kpoints -I../../src/69_wfdesc -I../../src/69_wfdesc -I../../src/32_util -I../../src/32_util -I../../src/28_numeric_noabirule -I../../src/28_numeric_noabirule -I../../src/44_abitypes_defs -I../../src/44_abitypes_defs -I../../src/61_occeig -I../../src/61_occeig -I../../src/16_hideleave -I../../src/16_hideleave -I../../src/65_paw -I../../src/65_paw -I../../src/62_cg_noabirule -I../../src/62_cg_noabirule -I../../src/56_recipspace -I../../src/56_recipspace -I../../src/52_fft_mpi_noabirule -I../../src/52_fft_mpi_noabirule -I../../src/66_wfs -I../../src/66_wfs -I../../src/41_geometry -I../../src/41_geometry -I../../src/10_defs -I../../src/10_defs -I../../src/53_ffts -I../../src/53_ffts -I../../src/incs -I../../src/incs -I/tigress/xingz/abinit-8.10.2/fallbacks/exports/include   -free -module /tigress/xingz/abinit-8.10.2/src/mods -O3 -g -extend-source -noaltparam -nofpscomp   -c -o m_sigmaph.o m_sigmaph.F90
rm -f lib78_eph.a
ar rc lib78_eph.a m_frohlichmodel.o m_gkk.o m_phgamma.o m_phpi.o m_sigmaph.o 
ranlib lib78_eph.a
make[3]: Leaving directory `/tigress/xingz/abinit-8.10.2/src/78_eph'
Making all in 79_seqpar_mpi
make[3]: Entering directory `/tigress/xingz/abinit-8.10.2/src/79_seqpar_mpi'
mpiifort -DHAVE_CONFIG_H -I. -I../..  -I../../src/44_abitools -I../../src/44_abitools -I../../src/27_toolbox_oop -I../../src/27_toolbox_oop -I../../src/77_suscep -I../../src/77_suscep -I../../src/45_xgTools -I../../src/45_xgTools -I../../src/42_libpaw -I../../src/42_libpaw -I../../src/65_paw -I../../src/65_paw -I../../src/62_wvl_wfs -I../../src/62_wvl_wfs -I../../src/66_nonlocal -I../../src/66_nonlocal -I../../src/62_iowfdenpot -I../../src/62_iowfdenpot -I../../src/70_gw -I../../src/70_gw -I../../src/18_timing -I../../src/18_timing -I../../src/12_hide_mpi -I../../src/12_hide_mpi -I../../src/56_mixing -I../../src/56_mixing -I../../src/56_io_mpi -I../../src/56_io_mpi -I../../src/14_hidewrite -I../../src/14_hidewrite -I../../src/54_spacepar -I../../src/54_spacepar -I../../src/32_util -I../../src/32_util -I../../src/67_common -I../../src/67_common -I../../src/28_numeric_noabirule -I../../src/28_numeric_noabirule -I../../src/44_abitypes_defs -I../../src/44_abitypes_defs -I../../src/51_manage_mpi -I../../src/51_manage_mpi -I../../src/43_wvl_wrappers -I../../src/43_wvl_wrappers -I../../src/62_poisson -I../../src/62_poisson -I../../src/16_hideleave -I../../src/16_hideleave -I../../src/56_recipspace -I../../src/56_recipspace -I../../src/61_occeig -I../../src/61_occeig -I../../src/52_fft_mpi_noabirule -I../../src/52_fft_mpi_noabirule -I../../src/68_dmft -I../../src/68_dmft -I../../src/56_xc -I../../src/56_xc -I../../src/66_wfs -I../../src/66_wfs -I../../src/41_geometry -I../../src/41_geometry -I../../src/53_ffts -I../../src/53_ffts -I../../src/10_defs -I../../src/10_defs -I../../src/46_diago -I../../src/46_diago -I../../src/incs -I../../src/incs -I/tigress/xingz/abinit-8.10.2/fallbacks/exports/include   -free -module /tigress/xingz/abinit-8.10.2/src/mods -O3 -g -extend-source -noaltparam -nofpscomp   -c -o m_lobpcg.o m_lobpcg.F90
mpiifort -DHAVE_CONFIG_H -I. -I../..  -I../../src/44_abitools -I../../src/44_abitools -I../../src/27_toolbox_oop -I../../src/27_toolbox_oop -I../../src/77_suscep -I../../src/77_suscep -I../../src/45_xgTools -I../../src/45_xgTools -I../../src/42_libpaw -I../../src/42_libpaw -I../../src/65_paw -I../../src/65_paw -I../../src/62_wvl_wfs -I../../src/62_wvl_wfs -I../../src/66_nonlocal -I../../src/66_nonlocal -I../../src/62_iowfdenpot -I../../src/62_iowfdenpot -I../../src/70_gw -I../../src/70_gw -I../../src/18_timing -I../../src/18_timing -I../../src/12_hide_mpi -I../../src/12_hide_mpi -I../../src/56_mixing -I../../src/56_mixing -I../../src/56_io_mpi -I../../src/56_io_mpi -I../../src/14_hidewrite -I../../src/14_hidewrite -I../../src/54_spacepar -I../../src/54_spacepar -I../../src/32_util -I../../src/32_util -I../../src/67_common -I../../src/67_common -I../../src/28_numeric_noabirule -I../../src/28_numeric_noabirule -I../../src/44_abitypes_defs -I../../src/44_abitypes_defs -I../../src/51_manage_mpi -I../../src/51_manage_mpi -I../../src/43_wvl_wrappers -I../../src/43_wvl_wrappers -I../../src/62_poisson -I../../src/62_poisson -I../../src/16_hideleave -I../../src/16_hideleave -I../../src/56_recipspace -I../../src/56_recipspace -I../../src/61_occeig -I../../src/61_occeig -I../../src/52_fft_mpi_noabirule -I../../src/52_fft_mpi_noabirule -I../../src/68_dmft -I../../src/68_dmft -I../../src/56_xc -I../../src/56_xc -I../../src/66_wfs -I../../src/66_wfs -I../../src/41_geometry -I../../src/41_geometry -I../../src/53_ffts -I../../src/53_ffts -I../../src/10_defs -I../../src/10_defs -I../../src/46_diago -I../../src/46_diago -I../../src/incs -I../../src/incs -I/tigress/xingz/abinit-8.10.2/fallbacks/exports/include   -free -module /tigress/xingz/abinit-8.10.2/src/mods -O3 -g -extend-source -noaltparam -nofpscomp   -c -o m_lobpcgwf_old.o m_lobpcgwf_old.F90
mpiifort -DHAVE_CONFIG_H -I. -I../..  -I../../src/44_abitools -I../../src/44_abitools -I../../src/27_toolbox_oop -I../../src/27_toolbox_oop -I../../src/77_suscep -I../../src/77_suscep -I../../src/45_xgTools -I../../src/45_xgTools -I../../src/42_libpaw -I../../src/42_libpaw -I../../src/65_paw -I../../src/65_paw -I../../src/62_wvl_wfs -I../../src/62_wvl_wfs -I../../src/66_nonlocal -I../../src/66_nonlocal -I../../src/62_iowfdenpot -I../../src/62_iowfdenpot -I../../src/70_gw -I../../src/70_gw -I../../src/18_timing -I../../src/18_timing -I../../src/12_hide_mpi -I../../src/12_hide_mpi -I../../src/56_mixing -I../../src/56_mixing -I../../src/56_io_mpi -I../../src/56_io_mpi -I../../src/14_hidewrite -I../../src/14_hidewrite -I../../src/54_spacepar -I../../src/54_spacepar -I../../src/32_util -I../../src/32_util -I../../src/67_common -I../../src/67_common -I../../src/28_numeric_noabirule -I../../src/28_numeric_noabirule -I../../src/44_abitypes_defs -I../../src/44_abitypes_defs -I../../src/51_manage_mpi -I../../src/51_manage_mpi -I../../src/43_wvl_wrappers -I../../src/43_wvl_wrappers -I../../src/62_poisson -I../../src/62_poisson -I../../src/16_hideleave -I../../src/16_hideleave -I../../src/56_recipspace -I../../src/56_recipspace -I../../src/61_occeig -I../../src/61_occeig -I../../src/52_fft_mpi_noabirule -I../../src/52_fft_mpi_noabirule -I../../src/68_dmft -I../../src/68_dmft -I../../src/56_xc -I../../src/56_xc -I../../src/66_wfs -I../../src/66_wfs -I../../src/41_geometry -I../../src/41_geometry -I../../src/53_ffts -I../../src/53_ffts -I../../src/10_defs -I../../src/10_defs -I../../src/46_diago -I../../src/46_diago -I../../src/incs -I../../src/incs -I/tigress/xingz/abinit-8.10.2/fallbacks/exports/include   -free -module /tigress/xingz/abinit-8.10.2/src/mods -O3 -g -extend-source -noaltparam -nofpscomp   -c -o m_wvl_wfsinp.o m_wvl_wfsinp.F90
mpiifort -DHAVE_CONFIG_H -I. -I../..  -I../../src/44_abitools -I../../src/44_abitools -I../../src/27_toolbox_oop -I../../src/27_toolbox_oop -I../../src/77_suscep -I../../src/77_suscep -I../../src/45_xgTools -I../../src/45_xgTools -I../../src/42_libpaw -I../../src/42_libpaw -I../../src/65_paw -I../../src/65_paw -I../../src/62_wvl_wfs -I../../src/62_wvl_wfs -I../../src/66_nonlocal -I../../src/66_nonlocal -I../../src/62_iowfdenpot -I../../src/62_iowfdenpot -I../../src/70_gw -I../../src/70_gw -I../../src/18_timing -I../../src/18_timing -I../../src/12_hide_mpi -I../../src/12_hide_mpi -I../../src/56_mixing -I../../src/56_mixing -I../../src/56_io_mpi -I../../src/56_io_mpi -I../../src/14_hidewrite -I../../src/14_hidewrite -I../../src/54_spacepar -I../../src/54_spacepar -I../../src/32_util -I../../src/32_util -I../../src/67_common -I../../src/67_common -I../../src/28_numeric_noabirule -I../../src/28_numeric_noabirule -I../../src/44_abitypes_defs -I../../src/44_abitypes_defs -I../../src/51_manage_mpi -I../../src/51_manage_mpi -I../../src/43_wvl_wrappers -I../../src/43_wvl_wrappers -I../../src/62_poisson -I../../src/62_poisson -I../../src/16_hideleave -I../../src/16_hideleave -I../../src/56_recipspace -I../../src/56_recipspace -I../../src/61_occeig -I../../src/61_occeig -I../../src/52_fft_mpi_noabirule -I../../src/52_fft_mpi_noabirule -I../../src/68_dmft -I../../src/68_dmft -I../../src/56_xc -I../../src/56_xc -I../../src/66_wfs -I../../src/66_wfs -I../../src/41_geometry -I../../src/41_geometry -I../../src/53_ffts -I../../src/53_ffts -I../../src/10_defs -I../../src/10_defs -I../../src/46_diago -I../../src/46_diago -I../../src/incs -I../../src/incs -I/tigress/xingz/abinit-8.10.2/fallbacks/exports/include   -free -module /tigress/xingz/abinit-8.10.2/src/mods -O3 -g -extend-source -noaltparam -nofpscomp   -c -o m_inwffil.o m_inwffil.F90
mpiifort -DHAVE_CONFIG_H -I. -I../..  -I../../src/44_abitools -I../../src/44_abitools -I../../src/27_toolbox_oop -I../../src/27_toolbox_oop -I../../src/77_suscep -I../../src/77_suscep -I../../src/45_xgTools -I../../src/45_xgTools -I../../src/42_libpaw -I../../src/42_libpaw -I../../src/65_paw -I../../src/65_paw -I../../src/62_wvl_wfs -I../../src/62_wvl_wfs -I../../src/66_nonlocal -I../../src/66_nonlocal -I../../src/62_iowfdenpot -I../../src/62_iowfdenpot -I../../src/70_gw -I../../src/70_gw -I../../src/18_timing -I../../src/18_timing -I../../src/12_hide_mpi -I../../src/12_hide_mpi -I../../src/56_mixing -I../../src/56_mixing -I../../src/56_io_mpi -I../../src/56_io_mpi -I../../src/14_hidewrite -I../../src/14_hidewrite -I../../src/54_spacepar -I../../src/54_spacepar -I../../src/32_util -I../../src/32_util -I../../src/67_common -I../../src/67_common -I../../src/28_numeric_noabirule -I../../src/28_numeric_noabirule -I../../src/44_abitypes_defs -I../../src/44_abitypes_defs -I../../src/51_manage_mpi -I../../src/51_manage_mpi -I../../src/43_wvl_wrappers -I../../src/43_wvl_wrappers -I../../src/62_poisson -I../../src/62_poisson -I../../src/16_hideleave -I../../src/16_hideleave -I../../src/56_recipspace -I../../src/56_recipspace -I../../src/61_occeig -I../../src/61_occeig -I../../src/52_fft_mpi_noabirule -I../../src/52_fft_mpi_noabirule -I../../src/68_dmft -I../../src/68_dmft -I../../src/56_xc -I../../src/56_xc -I../../src/66_wfs -I../../src/66_wfs -I../../src/41_geometry -I../../src/41_geometry -I../../src/53_ffts -I../../src/53_ffts -I../../src/10_defs -I../../src/10_defs -I../../src/46_diago -I../../src/46_diago -I../../src/incs -I../../src/incs -I/tigress/xingz/abinit-8.10.2/fallbacks/exports/include   -free -module /tigress/xingz/abinit-8.10.2/src/mods -O3 -g -extend-source -noaltparam -nofpscomp   -c -o m_lobpcgwf.o m_lobpcgwf.F90
mpiifort -DHAVE_CONFIG_H -I. -I../..  -I../../src/44_abitools -I../../src/44_abitools -I../../src/27_toolbox_oop -I../../src/27_toolbox_oop -I../../src/77_suscep -I../../src/77_suscep -I../../src/45_xgTools -I../../src/45_xgTools -I../../src/42_libpaw -I../../src/42_libpaw -I../../src/65_paw -I../../src/65_paw -I../../src/62_wvl_wfs -I../../src/62_wvl_wfs -I../../src/66_nonlocal -I../../src/66_nonlocal -I../../src/62_iowfdenpot -I../../src/62_iowfdenpot -I../../src/70_gw -I../../src/70_gw -I../../src/18_timing -I../../src/18_timing -I../../src/12_hide_mpi -I../../src/12_hide_mpi -I../../src/56_mixing -I../../src/56_mixing -I../../src/56_io_mpi -I../../src/56_io_mpi -I../../src/14_hidewrite -I../../src/14_hidewrite -I../../src/54_spacepar -I../../src/54_spacepar -I../../src/32_util -I../../src/32_util -I../../src/67_common -I../../src/67_common -I../../src/28_numeric_noabirule -I../../src/28_numeric_noabirule -I../../src/44_abitypes_defs -I../../src/44_abitypes_defs -I../../src/51_manage_mpi -I../../src/51_manage_mpi -I../../src/43_wvl_wrappers -I../../src/43_wvl_wrappers -I../../src/62_poisson -I../../src/62_poisson -I../../src/16_hideleave -I../../src/16_hideleave -I../../src/56_recipspace -I../../src/56_recipspace -I../../src/61_occeig -I../../src/61_occeig -I../../src/52_fft_mpi_noabirule -I../../src/52_fft_mpi_noabirule -I../../src/68_dmft -I../../src/68_dmft -I../../src/56_xc -I../../src/56_xc -I../../src/66_wfs -I../../src/66_wfs -I../../src/41_geometry -I../../src/41_geometry -I../../src/53_ffts -I../../src/53_ffts -I../../src/10_defs -I../../src/10_defs -I../../src/46_diago -I../../src/46_diago -I../../src/incs -I../../src/incs -I/tigress/xingz/abinit-8.10.2/fallbacks/exports/include   -free -module /tigress/xingz/abinit-8.10.2/src/mods -O3 -g -extend-source -noaltparam -nofpscomp   -c -o m_tddft.o m_tddft.F90
mpiifort -DHAVE_CONFIG_H -I. -I../..  -I../../src/44_abitools -I../../src/44_abitools -I../../src/27_toolbox_oop -I../../src/27_toolbox_oop -I../../src/77_suscep -I../../src/77_suscep -I../../src/45_xgTools -I../../src/45_xgTools -I../../src/42_libpaw -I../../src/42_libpaw -I../../src/65_paw -I../../src/65_paw -I../../src/62_wvl_wfs -I../../src/62_wvl_wfs -I../../src/66_nonlocal -I../../src/66_nonlocal -I../../src/62_iowfdenpot -I../../src/62_iowfdenpot -I../../src/70_gw -I../../src/70_gw -I../../src/18_timing -I../../src/18_timing -I../../src/12_hide_mpi -I../../src/12_hide_mpi -I../../src/56_mixing -I../../src/56_mixing -I../../src/56_io_mpi -I../../src/56_io_mpi -I../../src/14_hidewrite -I../../src/14_hidewrite -I../../src/54_spacepar -I../../src/54_spacepar -I../../src/32_util -I../../src/32_util -I../../src/67_common -I../../src/67_common -I../../src/28_numeric_noabirule -I../../src/28_numeric_noabirule -I../../src/44_abitypes_defs -I../../src/44_abitypes_defs -I../../src/51_manage_mpi -I../../src/51_manage_mpi -I../../src/43_wvl_wrappers -I../../src/43_wvl_wrappers -I../../src/62_poisson -I../../src/62_poisson -I../../src/16_hideleave -I../../src/16_hideleave -I../../src/56_recipspace -I../../src/56_recipspace -I../../src/61_occeig -I../../src/61_occeig -I../../src/52_fft_mpi_noabirule -I../../src/52_fft_mpi_noabirule -I../../src/68_dmft -I../../src/68_dmft -I../../src/56_xc -I../../src/56_xc -I../../src/66_wfs -I../../src/66_wfs -I../../src/41_geometry -I../../src/41_geometry -I../../src/53_ffts -I../../src/53_ffts -I../../src/10_defs -I../../src/10_defs -I../../src/46_diago -I../../src/46_diago -I../../src/incs -I../../src/incs -I/tigress/xingz/abinit-8.10.2/fallbacks/exports/include   -free -module /tigress/xingz/abinit-8.10.2/src/mods -O3 -g -extend-source -noaltparam -nofpscomp   -c -o m_vtowfk.o m_vtowfk.F90
mpiifort -DHAVE_CONFIG_H -I. -I../..  -I../../src/44_abitools -I../../src/44_abitools -I../../src/27_toolbox_oop -I../../src/27_toolbox_oop -I../../src/77_suscep -I../../src/77_suscep -I../../src/45_xgTools -I../../src/45_xgTools -I../../src/42_libpaw -I../../src/42_libpaw -I../../src/65_paw -I../../src/65_paw -I../../src/62_wvl_wfs -I../../src/62_wvl_wfs -I../../src/66_nonlocal -I../../src/66_nonlocal -I../../src/62_iowfdenpot -I../../src/62_iowfdenpot -I../../src/70_gw -I../../src/70_gw -I../../src/18_timing -I../../src/18_timing -I../../src/12_hide_mpi -I../../src/12_hide_mpi -I../../src/56_mixing -I../../src/56_mixing -I../../src/56_io_mpi -I../../src/56_io_mpi -I../../src/14_hidewrite -I../../src/14_hidewrite -I../../src/54_spacepar -I../../src/54_spacepar -I../../src/32_util -I../../src/32_util -I../../src/67_common -I../../src/67_common -I../../src/28_numeric_noabirule -I../../src/28_numeric_noabirule -I../../src/44_abitypes_defs -I../../src/44_abitypes_defs -I../../src/51_manage_mpi -I../../src/51_manage_mpi -I../../src/43_wvl_wrappers -I../../src/43_wvl_wrappers -I../../src/62_poisson -I../../src/62_poisson -I../../src/16_hideleave -I../../src/16_hideleave -I../../src/56_recipspace -I../../src/56_recipspace -I../../src/61_occeig -I../../src/61_occeig -I../../src/52_fft_mpi_noabirule -I../../src/52_fft_mpi_noabirule -I../../src/68_dmft -I../../src/68_dmft -I../../src/56_xc -I../../src/56_xc -I../../src/66_wfs -I../../src/66_wfs -I../../src/41_geometry -I../../src/41_geometry -I../../src/53_ffts -I../../src/53_ffts -I../../src/10_defs -I../../src/10_defs -I../../src/46_diago -I../../src/46_diago -I../../src/incs -I../../src/incs -I/tigress/xingz/abinit-8.10.2/fallbacks/exports/include   -free -module /tigress/xingz/abinit-8.10.2/src/mods -O3 -g -extend-source -noaltparam -nofpscomp   -c -o m_vtorho.o m_vtorho.F90
rm -f lib79_seqpar_mpi.a
ar rc lib79_seqpar_mpi.a m_lobpcgwf_old.o m_inwffil.o m_lobpcgwf.o m_lobpcg.o m_tddft.o m_vtowfk.o m_vtorho.o m_wvl_wfsinp.o 
ranlib lib79_seqpar_mpi.a
make[3]: Leaving directory `/tigress/xingz/abinit-8.10.2/src/79_seqpar_mpi'
Making all in 80_tdep
make[3]: Entering directory `/tigress/xingz/abinit-8.10.2/src/80_tdep'
mpiifort -DHAVE_CONFIG_H -I. -I../..  -I../../src/77_ddb -I../../src/77_ddb -I../../src/16_hideleave -I../../src/16_hideleave -I../../src/32_util -I../../src/32_util -I../../src/44_abitools -I../../src/44_abitools -I../../src/59_ionetcdf -I../../src/59_ionetcdf -I../../src/27_toolbox_oop -I../../src/27_toolbox_oop -I../../src/41_geometry -I../../src/41_geometry -I../../src/72_response -I../../src/72_response -I../../src/45_geomoptim -I../../src/45_geomoptim -I../../src/12_hide_mpi -I../../src/12_hide_mpi -I../../src/10_defs -I../../src/10_defs -I../../src/14_hidewrite -I../../src/14_hidewrite -I../../src/56_recipspace -I../../src/56_recipspace -I../../src/incs -I../../src/incs -I/tigress/xingz/abinit-8.10.2/fallbacks/exports/include   -free -module /tigress/xingz/abinit-8.10.2/src/mods -O3 -g -extend-source -noaltparam -nofpscomp   -c -o m_tdep_readwrite.o m_tdep_readwrite.F90
mpiifort -DHAVE_CONFIG_H -I. -I../..  -I../../src/77_ddb -I../../src/77_ddb -I../../src/16_hideleave -I../../src/16_hideleave -I../../src/32_util -I../../src/32_util -I../../src/44_abitools -I../../src/44_abitools -I../../src/59_ionetcdf -I../../src/59_ionetcdf -I../../src/27_toolbox_oop -I../../src/27_toolbox_oop -I../../src/41_geometry -I../../src/41_geometry -I../../src/72_response -I../../src/72_response -I../../src/45_geomoptim -I../../src/45_geomoptim -I../../src/12_hide_mpi -I../../src/12_hide_mpi -I../../src/10_defs -I../../src/10_defs -I../../src/14_hidewrite -I../../src/14_hidewrite -I../../src/56_recipspace -I../../src/56_recipspace -I../../src/incs -I../../src/incs -I/tigress/xingz/abinit-8.10.2/fallbacks/exports/include   -free -module /tigress/xingz/abinit-8.10.2/src/mods -O3 -g -extend-source -noaltparam -nofpscomp   -c -o m_tdep_latt.o m_tdep_latt.F90
mpiifort -DHAVE_CONFIG_H -I. -I../..  -I../../src/77_ddb -I../../src/77_ddb -I../../src/16_hideleave -I../../src/16_hideleave -I../../src/32_util -I../../src/32_util -I../../src/44_abitools -I../../src/44_abitools -I../../src/59_ionetcdf -I../../src/59_ionetcdf -I../../src/27_toolbox_oop -I../../src/27_toolbox_oop -I../../src/41_geometry -I../../src/41_geometry -I../../src/72_response -I../../src/72_response -I../../src/45_geomoptim -I../../src/45_geomoptim -I../../src/12_hide_mpi -I../../src/12_hide_mpi -I../../src/10_defs -I../../src/10_defs -I../../src/14_hidewrite -I../../src/14_hidewrite -I../../src/56_recipspace -I../../src/56_recipspace -I../../src/incs -I../../src/incs -I/tigress/xingz/abinit-8.10.2/fallbacks/exports/include   -free -module /tigress/xingz/abinit-8.10.2/src/mods -O3 -g -extend-source -noaltparam -nofpscomp   -c -o m_tdep_qpt.o m_tdep_qpt.F90
mpiifort -DHAVE_CONFIG_H -I. -I../..  -I../../src/77_ddb -I../../src/77_ddb -I../../src/16_hideleave -I../../src/16_hideleave -I../../src/32_util -I../../src/32_util -I../../src/44_abitools -I../../src/44_abitools -I../../src/59_ionetcdf -I../../src/59_ionetcdf -I../../src/27_toolbox_oop -I../../src/27_toolbox_oop -I../../src/41_geometry -I../../src/41_geometry -I../../src/72_response -I../../src/72_response -I../../src/45_geomoptim -I../../src/45_geomoptim -I../../src/12_hide_mpi -I../../src/12_hide_mpi -I../../src/10_defs -I../../src/10_defs -I../../src/14_hidewrite -I../../src/14_hidewrite -I../../src/56_recipspace -I../../src/56_recipspace -I../../src/incs -I../../src/incs -I/tigress/xingz/abinit-8.10.2/fallbacks/exports/include   -free -module /tigress/xingz/abinit-8.10.2/src/mods -O3 -g -extend-source -noaltparam -nofpscomp   -c -o m_tdep_sym.o m_tdep_sym.F90
mpiifort -DHAVE_CONFIG_H -I. -I../..  -I../../src/77_ddb -I../../src/77_ddb -I../../src/16_hideleave -I../../src/16_hideleave -I../../src/32_util -I../../src/32_util -I../../src/44_abitools -I../../src/44_abitools -I../../src/59_ionetcdf -I../../src/59_ionetcdf -I../../src/27_toolbox_oop -I../../src/27_toolbox_oop -I../../src/41_geometry -I../../src/41_geometry -I../../src/72_response -I../../src/72_response -I../../src/45_geomoptim -I../../src/45_geomoptim -I../../src/12_hide_mpi -I../../src/12_hide_mpi -I../../src/10_defs -I../../src/10_defs -I../../src/14_hidewrite -I../../src/14_hidewrite -I../../src/56_recipspace -I../../src/56_recipspace -I../../src/incs -I../../src/incs -I/tigress/xingz/abinit-8.10.2/fallbacks/exports/include   -free -module /tigress/xingz/abinit-8.10.2/src/mods -O3 -g -extend-source -noaltparam -nofpscomp   -c -o m_tdep_utils.o m_tdep_utils.F90
mpiifort -DHAVE_CONFIG_H -I. -I../..  -I../../src/77_ddb -I../../src/77_ddb -I../../src/16_hideleave -I../../src/16_hideleave -I../../src/32_util -I../../src/32_util -I../../src/44_abitools -I../../src/44_abitools -I../../src/59_ionetcdf -I../../src/59_ionetcdf -I../../src/27_toolbox_oop -I../../src/27_toolbox_oop -I../../src/41_geometry -I../../src/41_geometry -I../../src/72_response -I../../src/72_response -I../../src/45_geomoptim -I../../src/45_geomoptim -I../../src/12_hide_mpi -I../../src/12_hide_mpi -I../../src/10_defs -I../../src/10_defs -I../../src/14_hidewrite -I../../src/14_hidewrite -I../../src/56_recipspace -I../../src/56_recipspace -I../../src/incs -I../../src/incs -I/tigress/xingz/abinit-8.10.2/fallbacks/exports/include   -free -module /tigress/xingz/abinit-8.10.2/src/mods -O3 -g -extend-source -noaltparam -nofpscomp   -c -o m_tdep_shell.o m_tdep_shell.F90
mpiifort -DHAVE_CONFIG_H -I. -I../..  -I../../src/77_ddb -I../../src/77_ddb -I../../src/16_hideleave -I../../src/16_hideleave -I../../src/32_util -I../../src/32_util -I../../src/44_abitools -I../../src/44_abitools -I../../src/59_ionetcdf -I../../src/59_ionetcdf -I../../src/27_toolbox_oop -I../../src/27_toolbox_oop -I../../src/41_geometry -I../../src/41_geometry -I../../src/72_response -I../../src/72_response -I../../src/45_geomoptim -I../../src/45_geomoptim -I../../src/12_hide_mpi -I../../src/12_hide_mpi -I../../src/10_defs -I../../src/10_defs -I../../src/14_hidewrite -I../../src/14_hidewrite -I../../src/56_recipspace -I../../src/56_recipspace -I../../src/incs -I../../src/incs -I/tigress/xingz/abinit-8.10.2/fallbacks/exports/include   -free -module /tigress/xingz/abinit-8.10.2/src/mods -O3 -g -extend-source -noaltparam -nofpscomp   -c -o m_tdep_phij.o m_tdep_phij.F90
mpiifort -DHAVE_CONFIG_H -I. -I../..  -I../../src/77_ddb -I../../src/77_ddb -I../../src/16_hideleave -I../../src/16_hideleave -I../../src/32_util -I../../src/32_util -I../../src/44_abitools -I../../src/44_abitools -I../../src/59_ionetcdf -I../../src/59_ionetcdf -I../../src/27_toolbox_oop -I../../src/27_toolbox_oop -I../../src/41_geometry -I../../src/41_geometry -I../../src/72_response -I../../src/72_response -I../../src/45_geomoptim -I../../src/45_geomoptim -I../../src/12_hide_mpi -I../../src/12_hide_mpi -I../../src/10_defs -I../../src/10_defs -I../../src/14_hidewrite -I../../src/14_hidewrite -I../../src/56_recipspace -I../../src/56_recipspace -I../../src/incs -I../../src/incs -I/tigress/xingz/abinit-8.10.2/fallbacks/exports/include   -free -module /tigress/xingz/abinit-8.10.2/src/mods -O3 -g -extend-source -noaltparam -nofpscomp   -c -o m_tdep_abitypes.o m_tdep_abitypes.F90
mpiifort -DHAVE_CONFIG_H -I. -I../..  -I../../src/77_ddb -I../../src/77_ddb -I../../src/16_hideleave -I../../src/16_hideleave -I../../src/32_util -I../../src/32_util -I../../src/44_abitools -I../../src/44_abitools -I../../src/59_ionetcdf -I../../src/59_ionetcdf -I../../src/27_toolbox_oop -I../../src/27_toolbox_oop -I../../src/41_geometry -I../../src/41_geometry -I../../src/72_response -I../../src/72_response -I../../src/45_geomoptim -I../../src/45_geomoptim -I../../src/12_hide_mpi -I../../src/12_hide_mpi -I../../src/10_defs -I../../src/10_defs -I../../src/14_hidewrite -I../../src/14_hidewrite -I../../src/56_recipspace -I../../src/56_recipspace -I../../src/incs -I../../src/incs -I/tigress/xingz/abinit-8.10.2/fallbacks/exports/include   -free -module /tigress/xingz/abinit-8.10.2/src/mods -O3 -g -extend-source -noaltparam -nofpscomp   -c -o m_tdep_phdos.o m_tdep_phdos.F90
rm -f lib80_tdep.a
ar rc lib80_tdep.a m_tdep_abitypes.o m_tdep_latt.o m_tdep_phdos.o m_tdep_phij.o m_tdep_qpt.o m_tdep_readwrite.o m_tdep_shell.o m_tdep_sym.o m_tdep_utils.o 
ranlib lib80_tdep.a
make[3]: Leaving directory `/tigress/xingz/abinit-8.10.2/src/80_tdep'
Making all in 83_cut3d
make[3]: Entering directory `/tigress/xingz/abinit-8.10.2/src/83_cut3d'
mpiifort -DHAVE_CONFIG_H -I. -I../..  -I../../src/32_util -I../../src/32_util -I../../src/44_abitools -I../../src/44_abitools -I../../src/67_common -I../../src/67_common -I../../src/27_toolbox_oop -I../../src/27_toolbox_oop -I../../src/44_abitypes_defs -I../../src/44_abitypes_defs -I../../src/51_manage_mpi -I../../src/51_manage_mpi -I../../src/16_hideleave -I../../src/16_hideleave -I../../src/56_recipspace -I../../src/56_recipspace -I../../src/52_fft_mpi_noabirule -I../../src/52_fft_mpi_noabirule -I../../src/28_numeric_noabirule -I../../src/28_numeric_noabirule -I../../src/55_abiutil -I../../src/55_abiutil -I../../src/62_iowfdenpot -I../../src/62_iowfdenpot -I../../src/41_geometry -I../../src/41_geometry -I../../src/12_hide_mpi -I../../src/12_hide_mpi -I../../src/56_io_mpi -I../../src/56_io_mpi -I../../src/10_defs -I../../src/10_defs -I../../src/14_hidewrite -I../../src/14_hidewrite -I../../src/53_ffts -I../../src/53_ffts -I../../src/incs -I../../src/incs -I/tigress/xingz/abinit-8.10.2/fallbacks/exports/include   -free -module /tigress/xingz/abinit-8.10.2/src/mods -O3 -g -extend-source -noaltparam -nofpscomp   -c -o m_cut3d.o m_cut3d.F90
rm -f lib83_cut3d.a
ar rc lib83_cut3d.a m_cut3d.o 
ranlib lib83_cut3d.a
make[3]: Leaving directory `/tigress/xingz/abinit-8.10.2/src/83_cut3d'
Making all in 84_fold2Bloch
make[3]: Entering directory `/tigress/xingz/abinit-8.10.2/src/84_fold2Bloch'
mpiifort -DHAVE_CONFIG_H -I. -I../..  -I../../src/10_defs -I../../src/10_defs -I../../src/16_hideleave -I../../src/16_hideleave -I../../src/14_hidewrite -I../../src/14_hidewrite -I../../src/incs -I../../src/incs -I/tigress/xingz/abinit-8.10.2/fallbacks/exports/include   -free -module /tigress/xingz/abinit-8.10.2/src/mods -O3 -g -extend-source -noaltparam -nofpscomp   -c -o m_fold2block.o m_fold2block.F90
rm -f lib84_fold2Bloch.a
ar rc lib84_fold2Bloch.a m_fold2block.o 
ranlib lib84_fold2Bloch.a
make[3]: Leaving directory `/tigress/xingz/abinit-8.10.2/src/84_fold2Bloch'
Making all in 94_scfcv
make[3]: Entering directory `/tigress/xingz/abinit-8.10.2/src/94_scfcv'
mpiifort -DHAVE_CONFIG_H -I. -I../..  -I../../src/44_abitools -I../../src/44_abitools -I../../src/59_ionetcdf -I../../src/59_ionetcdf -I../../src/27_toolbox_oop -I../../src/27_toolbox_oop -I../../src/42_libpaw -I../../src/42_libpaw -I../../src/65_paw -I../../src/65_paw -I../../src/70_gw -I../../src/70_gw -I../../src/32_util -I../../src/32_util -I../../src/66_nonlocal -I../../src/66_nonlocal -I../../src/68_recursion -I../../src/68_recursion -I../../src/55_abiutil -I../../src/55_abiutil -I../../src/62_iowfdenpot -I../../src/62_iowfdenpot -I../../src/62_ctqmc -I../../src/62_ctqmc -I../../src/18_timing -I../../src/18_timing -I../../src/12_hide_mpi -I../../src/12_hide_mpi -I../../src/56_mixing -I../../src/56_mixing -I../../src/56_io_mpi -I../../src/56_io_mpi -I../../src/14_hidewrite -I../../src/14_hidewrite -I../../src/54_spacepar -I../../src/54_spacepar -I../../src/57_iovars -I../../src/57_iovars -I../../src/69_wfdesc -I../../src/69_wfdesc -I../../src/62_wvl_wfs -I../../src/62_wvl_wfs -I../../src/67_common -I../../src/67_common -I../../src/28_numeric_noabirule -I../../src/28_numeric_noabirule -I../../src/44_abitypes_defs -I../../src/44_abitypes_defs -I../../src/51_manage_mpi -I../../src/51_manage_mpi -I../../src/43_wvl_wrappers -I../../src/43_wvl_wrappers -I../../src/62_poisson -I../../src/62_poisson -I../../src/16_hideleave -I../../src/16_hideleave -I../../src/79_seqpar_mpi -I../../src/79_seqpar_mpi -I../../src/71_wannier -I../../src/71_wannier -I../../src/56_recipspace -I../../src/56_recipspace -I../../src/61_occeig -I../../src/61_occeig -I../../src/52_fft_mpi_noabirule -I../../src/52_fft_mpi_noabirule -I../../src/68_dmft -I../../src/68_dmft -I../../src/56_xc -I../../src/56_xc -I../../src/66_wfs -I../../src/66_wfs -I../../src/41_xc_lowlevel -I../../src/41_xc_lowlevel -I../../src/41_geometry -I../../src/41_geometry -I../../src/10_defs -I../../src/10_defs -I../../src/53_ffts -I../../src/53_ffts -I../../src/68_rsprc -I../../src/68_rsprc -I../../src/incs -I../../src/incs -I/tigress/xingz/abinit-8.10.2/fallbacks/exports/include -I/tigress/xingz/abinit-8.10.2/fallbacks/exports/include   -free -module /tigress/xingz/abinit-8.10.2/src/mods -O3 -g -extend-source -noaltparam -nofpscomp   -c -o m_elpolariz.o m_elpolariz.F90
mpiifort -DHAVE_CONFIG_H -I. -I../..  -I../../src/44_abitools -I../../src/44_abitools -I../../src/59_ionetcdf -I../../src/59_ionetcdf -I../../src/27_toolbox_oop -I../../src/27_toolbox_oop -I../../src/42_libpaw -I../../src/42_libpaw -I../../src/65_paw -I../../src/65_paw -I../../src/70_gw -I../../src/70_gw -I../../src/32_util -I../../src/32_util -I../../src/66_nonlocal -I../../src/66_nonlocal -I../../src/68_recursion -I../../src/68_recursion -I../../src/55_abiutil -I../../src/55_abiutil -I../../src/62_iowfdenpot -I../../src/62_iowfdenpot -I../../src/62_ctqmc -I../../src/62_ctqmc -I../../src/18_timing -I../../src/18_timing -I../../src/12_hide_mpi -I../../src/12_hide_mpi -I../../src/56_mixing -I../../src/56_mixing -I../../src/56_io_mpi -I../../src/56_io_mpi -I../../src/14_hidewrite -I../../src/14_hidewrite -I../../src/54_spacepar -I../../src/54_spacepar -I../../src/57_iovars -I../../src/57_iovars -I../../src/69_wfdesc -I../../src/69_wfdesc -I../../src/62_wvl_wfs -I../../src/62_wvl_wfs -I../../src/67_common -I../../src/67_common -I../../src/28_numeric_noabirule -I../../src/28_numeric_noabirule -I../../src/44_abitypes_defs -I../../src/44_abitypes_defs -I../../src/51_manage_mpi -I../../src/51_manage_mpi -I../../src/43_wvl_wrappers -I../../src/43_wvl_wrappers -I../../src/62_poisson -I../../src/62_poisson -I../../src/16_hideleave -I../../src/16_hideleave -I../../src/79_seqpar_mpi -I../../src/79_seqpar_mpi -I../../src/71_wannier -I../../src/71_wannier -I../../src/56_recipspace -I../../src/56_recipspace -I../../src/61_occeig -I../../src/61_occeig -I../../src/52_fft_mpi_noabirule -I../../src/52_fft_mpi_noabirule -I../../src/68_dmft -I../../src/68_dmft -I../../src/56_xc -I../../src/56_xc -I../../src/66_wfs -I../../src/66_wfs -I../../src/41_xc_lowlevel -I../../src/41_xc_lowlevel -I../../src/41_geometry -I../../src/41_geometry -I../../src/10_defs -I../../src/10_defs -I../../src/53_ffts -I../../src/53_ffts -I../../src/68_rsprc -I../../src/68_rsprc -I../../src/incs -I../../src/incs -I/tigress/xingz/abinit-8.10.2/fallbacks/exports/include -I/tigress/xingz/abinit-8.10.2/fallbacks/exports/include   -free -module /tigress/xingz/abinit-8.10.2/src/mods -O3 -g -extend-source -noaltparam -nofpscomp   -c -o m_afterscfloop.o m_afterscfloop.F90
mpiifort -DHAVE_CONFIG_H -I. -I../..  -I../../src/44_abitools -I../../src/44_abitools -I../../src/59_ionetcdf -I../../src/59_ionetcdf -I../../src/27_toolbox_oop -I../../src/27_toolbox_oop -I../../src/42_libpaw -I../../src/42_libpaw -I../../src/65_paw -I../../src/65_paw -I../../src/70_gw -I../../src/70_gw -I../../src/32_util -I../../src/32_util -I../../src/66_nonlocal -I../../src/66_nonlocal -I../../src/68_recursion -I../../src/68_recursion -I../../src/55_abiutil -I../../src/55_abiutil -I../../src/62_iowfdenpot -I../../src/62_iowfdenpot -I../../src/62_ctqmc -I../../src/62_ctqmc -I../../src/18_timing -I../../src/18_timing -I../../src/12_hide_mpi -I../../src/12_hide_mpi -I../../src/56_mixing -I../../src/56_mixing -I../../src/56_io_mpi -I../../src/56_io_mpi -I../../src/14_hidewrite -I../../src/14_hidewrite -I../../src/54_spacepar -I../../src/54_spacepar -I../../src/57_iovars -I../../src/57_iovars -I../../src/69_wfdesc -I../../src/69_wfdesc -I../../src/62_wvl_wfs -I../../src/62_wvl_wfs -I../../src/67_common -I../../src/67_common -I../../src/28_numeric_noabirule -I../../src/28_numeric_noabirule -I../../src/44_abitypes_defs -I../../src/44_abitypes_defs -I../../src/51_manage_mpi -I../../src/51_manage_mpi -I../../src/43_wvl_wrappers -I../../src/43_wvl_wrappers -I../../src/62_poisson -I../../src/62_poisson -I../../src/16_hideleave -I../../src/16_hideleave -I../../src/79_seqpar_mpi -I../../src/79_seqpar_mpi -I../../src/71_wannier -I../../src/71_wannier -I../../src/56_recipspace -I../../src/56_recipspace -I../../src/61_occeig -I../../src/61_occeig -I../../src/52_fft_mpi_noabirule -I../../src/52_fft_mpi_noabirule -I../../src/68_dmft -I../../src/68_dmft -I../../src/56_xc -I../../src/56_xc -I../../src/66_wfs -I../../src/66_wfs -I../../src/41_xc_lowlevel -I../../src/41_xc_lowlevel -I../../src/41_geometry -I../../src/41_geometry -I../../src/10_defs -I../../src/10_defs -I../../src/53_ffts -I../../src/53_ffts -I../../src/68_rsprc -I../../src/68_rsprc -I../../src/incs -I../../src/incs -I/tigress/xingz/abinit-8.10.2/fallbacks/exports/include -I/tigress/xingz/abinit-8.10.2/fallbacks/exports/include   -free -module /tigress/xingz/abinit-8.10.2/src/mods -O3 -g -extend-source -noaltparam -nofpscomp   -c -o m_outscfcv.o m_outscfcv.F90
mpiifort -DHAVE_CONFIG_H -I. -I../..  -I../../src/44_abitools -I../../src/44_abitools -I../../src/59_ionetcdf -I../../src/59_ionetcdf -I../../src/27_toolbox_oop -I../../src/27_toolbox_oop -I../../src/42_libpaw -I../../src/42_libpaw -I../../src/65_paw -I../../src/65_paw -I../../src/70_gw -I../../src/70_gw -I../../src/32_util -I../../src/32_util -I../../src/66_nonlocal -I../../src/66_nonlocal -I../../src/68_recursion -I../../src/68_recursion -I../../src/55_abiutil -I../../src/55_abiutil -I../../src/62_iowfdenpot -I../../src/62_iowfdenpot -I../../src/62_ctqmc -I../../src/62_ctqmc -I../../src/18_timing -I../../src/18_timing -I../../src/12_hide_mpi -I../../src/12_hide_mpi -I../../src/56_mixing -I../../src/56_mixing -I../../src/56_io_mpi -I../../src/56_io_mpi -I../../src/14_hidewrite -I../../src/14_hidewrite -I../../src/54_spacepar -I../../src/54_spacepar -I../../src/57_iovars -I../../src/57_iovars -I../../src/69_wfdesc -I../../src/69_wfdesc -I../../src/62_wvl_wfs -I../../src/62_wvl_wfs -I../../src/67_common -I../../src/67_common -I../../src/28_numeric_noabirule -I../../src/28_numeric_noabirule -I../../src/44_abitypes_defs -I../../src/44_abitypes_defs -I../../src/51_manage_mpi -I../../src/51_manage_mpi -I../../src/43_wvl_wrappers -I../../src/43_wvl_wrappers -I../../src/62_poisson -I../../src/62_poisson -I../../src/16_hideleave -I../../src/16_hideleave -I../../src/79_seqpar_mpi -I../../src/79_seqpar_mpi -I../../src/71_wannier -I../../src/71_wannier -I../../src/56_recipspace -I../../src/56_recipspace -I../../src/61_occeig -I../../src/61_occeig -I../../src/52_fft_mpi_noabirule -I../../src/52_fft_mpi_noabirule -I../../src/68_dmft -I../../src/68_dmft -I../../src/56_xc -I../../src/56_xc -I../../src/66_wfs -I../../src/66_wfs -I../../src/41_xc_lowlevel -I../../src/41_xc_lowlevel -I../../src/41_geometry -I../../src/41_geometry -I../../src/10_defs -I../../src/10_defs -I../../src/53_ffts -I../../src/53_ffts -I../../src/68_rsprc -I../../src/68_rsprc -I../../src/incs -I../../src/incs -I/tigress/xingz/abinit-8.10.2/fallbacks/exports/include -I/tigress/xingz/abinit-8.10.2/fallbacks/exports/include   -free -module /tigress/xingz/abinit-8.10.2/src/mods -O3 -g -extend-source -noaltparam -nofpscomp   -c -o m_scfcv_core.o m_scfcv_core.F90
mpiifort -DHAVE_CONFIG_H -I. -I../..  -I../../src/44_abitools -I../../src/44_abitools -I../../src/59_ionetcdf -I../../src/59_ionetcdf -I../../src/27_toolbox_oop -I../../src/27_toolbox_oop -I../../src/42_libpaw -I../../src/42_libpaw -I../../src/65_paw -I../../src/65_paw -I../../src/70_gw -I../../src/70_gw -I../../src/32_util -I../../src/32_util -I../../src/66_nonlocal -I../../src/66_nonlocal -I../../src/68_recursion -I../../src/68_recursion -I../../src/55_abiutil -I../../src/55_abiutil -I../../src/62_iowfdenpot -I../../src/62_iowfdenpot -I../../src/62_ctqmc -I../../src/62_ctqmc -I../../src/18_timing -I../../src/18_timing -I../../src/12_hide_mpi -I../../src/12_hide_mpi -I../../src/56_mixing -I../../src/56_mixing -I../../src/56_io_mpi -I../../src/56_io_mpi -I../../src/14_hidewrite -I../../src/14_hidewrite -I../../src/54_spacepar -I../../src/54_spacepar -I../../src/57_iovars -I../../src/57_iovars -I../../src/69_wfdesc -I../../src/69_wfdesc -I../../src/62_wvl_wfs -I../../src/62_wvl_wfs -I../../src/67_common -I../../src/67_common -I../../src/28_numeric_noabirule -I../../src/28_numeric_noabirule -I../../src/44_abitypes_defs -I../../src/44_abitypes_defs -I../../src/51_manage_mpi -I../../src/51_manage_mpi -I../../src/43_wvl_wrappers -I../../src/43_wvl_wrappers -I../../src/62_poisson -I../../src/62_poisson -I../../src/16_hideleave -I../../src/16_hideleave -I../../src/79_seqpar_mpi -I../../src/79_seqpar_mpi -I../../src/71_wannier -I../../src/71_wannier -I../../src/56_recipspace -I../../src/56_recipspace -I../../src/61_occeig -I../../src/61_occeig -I../../src/52_fft_mpi_noabirule -I../../src/52_fft_mpi_noabirule -I../../src/68_dmft -I../../src/68_dmft -I../../src/56_xc -I../../src/56_xc -I../../src/66_wfs -I../../src/66_wfs -I../../src/41_xc_lowlevel -I../../src/41_xc_lowlevel -I../../src/41_geometry -I../../src/41_geometry -I../../src/10_defs -I../../src/10_defs -I../../src/53_ffts -I../../src/53_ffts -I../../src/68_rsprc -I../../src/68_rsprc -I../../src/incs -I../../src/incs -I/tigress/xingz/abinit-8.10.2/fallbacks/exports/include -I/tigress/xingz/abinit-8.10.2/fallbacks/exports/include   -free -module /tigress/xingz/abinit-8.10.2/src/mods -O3 -g -extend-source -noaltparam -nofpscomp   -c -o m_scfcv.o m_scfcv.F90
rm -f lib94_scfcv.a
ar rc lib94_scfcv.a m_afterscfloop.o m_elpolariz.o m_scfcv_core.o m_scfcv.o m_outscfcv.o 
ranlib lib94_scfcv.a
make[3]: Leaving directory `/tigress/xingz/abinit-8.10.2/src/94_scfcv'
Making all in 95_drive
make[3]: Entering directory `/tigress/xingz/abinit-8.10.2/src/95_drive'
mpiifort -DHAVE_CONFIG_H -I. -I../..  -I../../src/77_ddb -I../../src/77_ddb -I../../src/66_vdwxc -I../../src/66_vdwxc -I../../src/44_abitools -I../../src/44_abitools -I../../src/59_ionetcdf -I../../src/59_ionetcdf -I../../src/27_toolbox_oop -I../../src/27_toolbox_oop -I../../src/45_xgTools -I../../src/45_xgTools -I../../src/42_libpaw -I../../src/42_libpaw -I../../src/65_paw -I../../src/65_paw -I../../src/62_ctqmc -I../../src/62_ctqmc -I../../src/52_manage_cuda -I../../src/52_manage_cuda -I../../src/66_nonlocal -I../../src/66_nonlocal -I../../src/68_lotf -I../../src/68_lotf -I../../src/45_geomoptim -I../../src/45_geomoptim -I../../src/68_recursion -I../../src/68_recursion -I../../src/94_scfcv -I../../src/94_scfcv -I../../src/17_libtetra_ext -I../../src/17_libtetra_ext -I../../src/55_abiutil -I../../src/55_abiutil -I../../src/49_gw_toolbox_oop -I../../src/49_gw_toolbox_oop -I../../src/62_iowfdenpot -I../../src/62_iowfdenpot -I../../src/70_gw -I../../src/70_gw -I../../src/18_timing -I../../src/18_timing -I../../src/12_hide_mpi -I../../src/12_hide_mpi -I../../src/56_mixing -I../../src/56_mixing -I../../src/56_io_mpi -I../../src/56_io_mpi -I../../src/65_lotf_base -I../../src/65_lotf_base -I../../src/14_hidewrite -I../../src/14_hidewrite -I../../src/29_kpoints -I../../src/29_kpoints -I../../src/71_bse -I../../src/71_bse -I../../src/64_psp -I../../src/64_psp -I../../src/69_wfdesc -I../../src/69_wfdesc -I../../src/32_util -I../../src/32_util -I../../src/67_common -I../../src/67_common -I../../src/10_dumpinfo -I../../src/10_dumpinfo -I../../src/28_numeric_noabirule -I../../src/28_numeric_noabirule -I../../src/44_abitypes_defs -I../../src/44_abitypes_defs -I../../src/51_manage_mpi -I../../src/51_manage_mpi -I../../src/61_occeig -I../../src/61_occeig -I../../src/62_poisson -I../../src/62_poisson -I../../src/54_spacepar -I../../src/54_spacepar -I../../src/16_hideleave -I../../src/16_hideleave -I../../src/72_response -I../../src/72_response -I../../src/79_seqpar_mpi -I../../src/79_seqpar_mpi -I../../src/56_recipspace -I../../src/56_recipspace -I../../src/43_wvl_wrappers -I../../src/43_wvl_wrappers -I../../src/52_fft_mpi_noabirule -I../../src/52_fft_mpi_noabirule -I../../src/56_xc -I../../src/56_xc -I../../src/66_wfs -I../../src/66_wfs -I../../src/41_xc_lowlevel -I../../src/41_xc_lowlevel -I../../src/41_geometry -I../../src/41_geometry -I../../src/78_eph -I../../src/78_eph -I../../src/10_defs -I../../src/10_defs -I../../src/78_effpot -I../../src/78_effpot -I../../src/53_ffts -I../../src/53_ffts -I../../src/incs -I../../src/incs -I/tigress/xingz/abinit-8.10.2/fallbacks/exports/include -I/tigress/xingz/abinit-8.10.2/fallbacks/exports/include   -free -module /tigress/xingz/abinit-8.10.2/src/mods -O3 -g -extend-source -noaltparam -nofpscomp   -c -o m_argparse.o m_argparse.F90
mpiifort -DHAVE_CONFIG_H -I. -I../..  -I../../src/77_ddb -I../../src/77_ddb -I../../src/66_vdwxc -I../../src/66_vdwxc -I../../src/44_abitools -I../../src/44_abitools -I../../src/59_ionetcdf -I../../src/59_ionetcdf -I../../src/27_toolbox_oop -I../../src/27_toolbox_oop -I../../src/45_xgTools -I../../src/45_xgTools -I../../src/42_libpaw -I../../src/42_libpaw -I../../src/65_paw -I../../src/65_paw -I../../src/62_ctqmc -I../../src/62_ctqmc -I../../src/52_manage_cuda -I../../src/52_manage_cuda -I../../src/66_nonlocal -I../../src/66_nonlocal -I../../src/68_lotf -I../../src/68_lotf -I../../src/45_geomoptim -I../../src/45_geomoptim -I../../src/68_recursion -I../../src/68_recursion -I../../src/94_scfcv -I../../src/94_scfcv -I../../src/17_libtetra_ext -I../../src/17_libtetra_ext -I../../src/55_abiutil -I../../src/55_abiutil -I../../src/49_gw_toolbox_oop -I../../src/49_gw_toolbox_oop -I../../src/62_iowfdenpot -I../../src/62_iowfdenpot -I../../src/70_gw -I../../src/70_gw -I../../src/18_timing -I../../src/18_timing -I../../src/12_hide_mpi -I../../src/12_hide_mpi -I../../src/56_mixing -I../../src/56_mixing -I../../src/56_io_mpi -I../../src/56_io_mpi -I../../src/65_lotf_base -I../../src/65_lotf_base -I../../src/14_hidewrite -I../../src/14_hidewrite -I../../src/29_kpoints -I../../src/29_kpoints -I../../src/71_bse -I../../src/71_bse -I../../src/64_psp -I../../src/64_psp -I../../src/69_wfdesc -I../../src/69_wfdesc -I../../src/32_util -I../../src/32_util -I../../src/67_common -I../../src/67_common -I../../src/10_dumpinfo -I../../src/10_dumpinfo -I../../src/28_numeric_noabirule -I../../src/28_numeric_noabirule -I../../src/44_abitypes_defs -I../../src/44_abitypes_defs -I../../src/51_manage_mpi -I../../src/51_manage_mpi -I../../src/61_occeig -I../../src/61_occeig -I../../src/62_poisson -I../../src/62_poisson -I../../src/54_spacepar -I../../src/54_spacepar -I../../src/16_hideleave -I../../src/16_hideleave -I../../src/72_response -I../../src/72_response -I../../src/79_seqpar_mpi -I../../src/79_seqpar_mpi -I../../src/56_recipspace -I../../src/56_recipspace -I../../src/43_wvl_wrappers -I../../src/43_wvl_wrappers -I../../src/52_fft_mpi_noabirule -I../../src/52_fft_mpi_noabirule -I../../src/56_xc -I../../src/56_xc -I../../src/66_wfs -I../../src/66_wfs -I../../src/41_xc_lowlevel -I../../src/41_xc_lowlevel -I../../src/41_geometry -I../../src/41_geometry -I../../src/78_eph -I../../src/78_eph -I../../src/10_defs -I../../src/10_defs -I../../src/78_effpot -I../../src/78_effpot -I../../src/53_ffts -I../../src/53_ffts -I../../src/incs -I../../src/incs -I/tigress/xingz/abinit-8.10.2/fallbacks/exports/include -I/tigress/xingz/abinit-8.10.2/fallbacks/exports/include   -free -module /tigress/xingz/abinit-8.10.2/src/mods -O3 -g -extend-source -noaltparam -nofpscomp   -c -o m_bethe_salpeter.o m_bethe_salpeter.F90
mpiifort -DHAVE_CONFIG_H -I. -I../..  -I../../src/77_ddb -I../../src/77_ddb -I../../src/66_vdwxc -I../../src/66_vdwxc -I../../src/44_abitools -I../../src/44_abitools -I../../src/59_ionetcdf -I../../src/59_ionetcdf -I../../src/27_toolbox_oop -I../../src/27_toolbox_oop -I../../src/45_xgTools -I../../src/45_xgTools -I../../src/42_libpaw -I../../src/42_libpaw -I../../src/65_paw -I../../src/65_paw -I../../src/62_ctqmc -I../../src/62_ctqmc -I../../src/52_manage_cuda -I../../src/52_manage_cuda -I../../src/66_nonlocal -I../../src/66_nonlocal -I../../src/68_lotf -I../../src/68_lotf -I../../src/45_geomoptim -I../../src/45_geomoptim -I../../src/68_recursion -I../../src/68_recursion -I../../src/94_scfcv -I../../src/94_scfcv -I../../src/17_libtetra_ext -I../../src/17_libtetra_ext -I../../src/55_abiutil -I../../src/55_abiutil -I../../src/49_gw_toolbox_oop -I../../src/49_gw_toolbox_oop -I../../src/62_iowfdenpot -I../../src/62_iowfdenpot -I../../src/70_gw -I../../src/70_gw -I../../src/18_timing -I../../src/18_timing -I../../src/12_hide_mpi -I../../src/12_hide_mpi -I../../src/56_mixing -I../../src/56_mixing -I../../src/56_io_mpi -I../../src/56_io_mpi -I../../src/65_lotf_base -I../../src/65_lotf_base -I../../src/14_hidewrite -I../../src/14_hidewrite -I../../src/29_kpoints -I../../src/29_kpoints -I../../src/71_bse -I../../src/71_bse -I../../src/64_psp -I../../src/64_psp -I../../src/69_wfdesc -I../../src/69_wfdesc -I../../src/32_util -I../../src/32_util -I../../src/67_common -I../../src/67_common -I../../src/10_dumpinfo -I../../src/10_dumpinfo -I../../src/28_numeric_noabirule -I../../src/28_numeric_noabirule -I../../src/44_abitypes_defs -I../../src/44_abitypes_defs -I../../src/51_manage_mpi -I../../src/51_manage_mpi -I../../src/61_occeig -I../../src/61_occeig -I../../src/62_poisson -I../../src/62_poisson -I../../src/54_spacepar -I../../src/54_spacepar -I../../src/16_hideleave -I../../src/16_hideleave -I../../src/72_response -I../../src/72_response -I../../src/79_seqpar_mpi -I../../src/79_seqpar_mpi -I../../src/56_recipspace -I../../src/56_recipspace -I../../src/43_wvl_wrappers -I../../src/43_wvl_wrappers -I../../src/52_fft_mpi_noabirule -I../../src/52_fft_mpi_noabirule -I../../src/56_xc -I../../src/56_xc -I../../src/66_wfs -I../../src/66_wfs -I../../src/41_xc_lowlevel -I../../src/41_xc_lowlevel -I../../src/41_geometry -I../../src/41_geometry -I../../src/78_eph -I../../src/78_eph -I../../src/10_defs -I../../src/10_defs -I../../src/78_effpot -I../../src/78_effpot -I../../src/53_ffts -I../../src/53_ffts -I../../src/incs -I../../src/incs -I/tigress/xingz/abinit-8.10.2/fallbacks/exports/include -I/tigress/xingz/abinit-8.10.2/fallbacks/exports/include   -free -module /tigress/xingz/abinit-8.10.2/src/mods -O3 -g -extend-source -noaltparam -nofpscomp   -c -o m_dfptnl_loop.o m_dfptnl_loop.F90
mpiifort -DHAVE_CONFIG_H -I. -I../..  -I../../src/77_ddb -I../../src/77_ddb -I../../src/66_vdwxc -I../../src/66_vdwxc -I../../src/44_abitools -I../../src/44_abitools -I../../src/59_ionetcdf -I../../src/59_ionetcdf -I../../src/27_toolbox_oop -I../../src/27_toolbox_oop -I../../src/45_xgTools -I../../src/45_xgTools -I../../src/42_libpaw -I../../src/42_libpaw -I../../src/65_paw -I../../src/65_paw -I../../src/62_ctqmc -I../../src/62_ctqmc -I../../src/52_manage_cuda -I../../src/52_manage_cuda -I../../src/66_nonlocal -I../../src/66_nonlocal -I../../src/68_lotf -I../../src/68_lotf -I../../src/45_geomoptim -I../../src/45_geomoptim -I../../src/68_recursion -I../../src/68_recursion -I../../src/94_scfcv -I../../src/94_scfcv -I../../src/17_libtetra_ext -I../../src/17_libtetra_ext -I../../src/55_abiutil -I../../src/55_abiutil -I../../src/49_gw_toolbox_oop -I../../src/49_gw_toolbox_oop -I../../src/62_iowfdenpot -I../../src/62_iowfdenpot -I../../src/70_gw -I../../src/70_gw -I../../src/18_timing -I../../src/18_timing -I../../src/12_hide_mpi -I../../src/12_hide_mpi -I../../src/56_mixing -I../../src/56_mixing -I../../src/56_io_mpi -I../../src/56_io_mpi -I../../src/65_lotf_base -I../../src/65_lotf_base -I../../src/14_hidewrite -I../../src/14_hidewrite -I../../src/29_kpoints -I../../src/29_kpoints -I../../src/71_bse -I../../src/71_bse -I../../src/64_psp -I../../src/64_psp -I../../src/69_wfdesc -I../../src/69_wfdesc -I../../src/32_util -I../../src/32_util -I../../src/67_common -I../../src/67_common -I../../src/10_dumpinfo -I../../src/10_dumpinfo -I../../src/28_numeric_noabirule -I../../src/28_numeric_noabirule -I../../src/44_abitypes_defs -I../../src/44_abitypes_defs -I../../src/51_manage_mpi -I../../src/51_manage_mpi -I../../src/61_occeig -I../../src/61_occeig -I../../src/62_poisson -I../../src/62_poisson -I../../src/54_spacepar -I../../src/54_spacepar -I../../src/16_hideleave -I../../src/16_hideleave -I../../src/72_response -I../../src/72_response -I../../src/79_seqpar_mpi -I../../src/79_seqpar_mpi -I../../src/56_recipspace -I../../src/56_recipspace -I../../src/43_wvl_wrappers -I../../src/43_wvl_wrappers -I../../src/52_fft_mpi_noabirule -I../../src/52_fft_mpi_noabirule -I../../src/56_xc -I../../src/56_xc -I../../src/66_wfs -I../../src/66_wfs -I../../src/41_xc_lowlevel -I../../src/41_xc_lowlevel -I../../src/41_geometry -I../../src/41_geometry -I../../src/78_eph -I../../src/78_eph -I../../src/10_defs -I../../src/10_defs -I../../src/78_effpot -I../../src/78_effpot -I../../src/53_ffts -I../../src/53_ffts -I../../src/incs -I../../src/incs -I/tigress/xingz/abinit-8.10.2/fallbacks/exports/include -I/tigress/xingz/abinit-8.10.2/fallbacks/exports/include   -free -module /tigress/xingz/abinit-8.10.2/src/mods -O3 -g -extend-source -noaltparam -nofpscomp   -c -o m_dfpt_looppert.o m_dfpt_looppert.F90
mpiifort -DHAVE_CONFIG_H -I. -I../..  -I../../src/77_ddb -I../../src/77_ddb -I../../src/66_vdwxc -I../../src/66_vdwxc -I../../src/44_abitools -I../../src/44_abitools -I../../src/59_ionetcdf -I../../src/59_ionetcdf -I../../src/27_toolbox_oop -I../../src/27_toolbox_oop -I../../src/45_xgTools -I../../src/45_xgTools -I../../src/42_libpaw -I../../src/42_libpaw -I../../src/65_paw -I../../src/65_paw -I../../src/62_ctqmc -I../../src/62_ctqmc -I../../src/52_manage_cuda -I../../src/52_manage_cuda -I../../src/66_nonlocal -I../../src/66_nonlocal -I../../src/68_lotf -I../../src/68_lotf -I../../src/45_geomoptim -I../../src/45_geomoptim -I../../src/68_recursion -I../../src/68_recursion -I../../src/94_scfcv -I../../src/94_scfcv -I../../src/17_libtetra_ext -I../../src/17_libtetra_ext -I../../src/55_abiutil -I../../src/55_abiutil -I../../src/49_gw_toolbox_oop -I../../src/49_gw_toolbox_oop -I../../src/62_iowfdenpot -I../../src/62_iowfdenpot -I../../src/70_gw -I../../src/70_gw -I../../src/18_timing -I../../src/18_timing -I../../src/12_hide_mpi -I../../src/12_hide_mpi -I../../src/56_mixing -I../../src/56_mixing -I../../src/56_io_mpi -I../../src/56_io_mpi -I../../src/65_lotf_base -I../../src/65_lotf_base -I../../src/14_hidewrite -I../../src/14_hidewrite -I../../src/29_kpoints -I../../src/29_kpoints -I../../src/71_bse -I../../src/71_bse -I../../src/64_psp -I../../src/64_psp -I../../src/69_wfdesc -I../../src/69_wfdesc -I../../src/32_util -I../../src/32_util -I../../src/67_common -I../../src/67_common -I../../src/10_dumpinfo -I../../src/10_dumpinfo -I../../src/28_numeric_noabirule -I../../src/28_numeric_noabirule -I../../src/44_abitypes_defs -I../../src/44_abitypes_defs -I../../src/51_manage_mpi -I../../src/51_manage_mpi -I../../src/61_occeig -I../../src/61_occeig -I../../src/62_poisson -I../../src/62_poisson -I../../src/54_spacepar -I../../src/54_spacepar -I../../src/16_hideleave -I../../src/16_hideleave -I../../src/72_response -I../../src/72_response -I../../src/79_seqpar_mpi -I../../src/79_seqpar_mpi -I../../src/56_recipspace -I../../src/56_recipspace -I../../src/43_wvl_wrappers -I../../src/43_wvl_wrappers -I../../src/52_fft_mpi_noabirule -I../../src/52_fft_mpi_noabirule -I../../src/56_xc -I../../src/56_xc -I../../src/66_wfs -I../../src/66_wfs -I../../src/41_xc_lowlevel -I../../src/41_xc_lowlevel -I../../src/41_geometry -I../../src/41_geometry -I../../src/78_eph -I../../src/78_eph -I../../src/10_defs -I../../src/10_defs -I../../src/78_effpot -I../../src/78_effpot -I../../src/53_ffts -I../../src/53_ffts -I../../src/incs -I../../src/incs -I/tigress/xingz/abinit-8.10.2/fallbacks/exports/include -I/tigress/xingz/abinit-8.10.2/fallbacks/exports/include   -free -module /tigress/xingz/abinit-8.10.2/src/mods -O3 -g -extend-source -noaltparam -nofpscomp   -c -o m_dmfet.o m_dmfet.F90
mpiifort -DHAVE_CONFIG_H -I. -I../..  -I../../src/77_ddb -I../../src/77_ddb -I../../src/66_vdwxc -I../../src/66_vdwxc -I../../src/44_abitools -I../../src/44_abitools -I../../src/59_ionetcdf -I../../src/59_ionetcdf -I../../src/27_toolbox_oop -I../../src/27_toolbox_oop -I../../src/45_xgTools -I../../src/45_xgTools -I../../src/42_libpaw -I../../src/42_libpaw -I../../src/65_paw -I../../src/65_paw -I../../src/62_ctqmc -I../../src/62_ctqmc -I../../src/52_manage_cuda -I../../src/52_manage_cuda -I../../src/66_nonlocal -I../../src/66_nonlocal -I../../src/68_lotf -I../../src/68_lotf -I../../src/45_geomoptim -I../../src/45_geomoptim -I../../src/68_recursion -I../../src/68_recursion -I../../src/94_scfcv -I../../src/94_scfcv -I../../src/17_libtetra_ext -I../../src/17_libtetra_ext -I../../src/55_abiutil -I../../src/55_abiutil -I../../src/49_gw_toolbox_oop -I../../src/49_gw_toolbox_oop -I../../src/62_iowfdenpot -I../../src/62_iowfdenpot -I../../src/70_gw -I../../src/70_gw -I../../src/18_timing -I../../src/18_timing -I../../src/12_hide_mpi -I../../src/12_hide_mpi -I../../src/56_mixing -I../../src/56_mixing -I../../src/56_io_mpi -I../../src/56_io_mpi -I../../src/65_lotf_base -I../../src/65_lotf_base -I../../src/14_hidewrite -I../../src/14_hidewrite -I../../src/29_kpoints -I../../src/29_kpoints -I../../src/71_bse -I../../src/71_bse -I../../src/64_psp -I../../src/64_psp -I../../src/69_wfdesc -I../../src/69_wfdesc -I../../src/32_util -I../../src/32_util -I../../src/67_common -I../../src/67_common -I../../src/10_dumpinfo -I../../src/10_dumpinfo -I../../src/28_numeric_noabirule -I../../src/28_numeric_noabirule -I../../src/44_abitypes_defs -I../../src/44_abitypes_defs -I../../src/51_manage_mpi -I../../src/51_manage_mpi -I../../src/61_occeig -I../../src/61_occeig -I../../src/62_poisson -I../../src/62_poisson -I../../src/54_spacepar -I../../src/54_spacepar -I../../src/16_hideleave -I../../src/16_hideleave -I../../src/72_response -I../../src/72_response -I../../src/79_seqpar_mpi -I../../src/79_seqpar_mpi -I../../src/56_recipspace -I../../src/56_recipspace -I../../src/43_wvl_wrappers -I../../src/43_wvl_wrappers -I../../src/52_fft_mpi_noabirule -I../../src/52_fft_mpi_noabirule -I../../src/56_xc -I../../src/56_xc -I../../src/66_wfs -I../../src/66_wfs -I../../src/41_xc_lowlevel -I../../src/41_xc_lowlevel -I../../src/41_geometry -I../../src/41_geometry -I../../src/78_eph -I../../src/78_eph -I../../src/10_defs -I../../src/10_defs -I../../src/78_effpot -I../../src/78_effpot -I../../src/53_ffts -I../../src/53_ffts -I../../src/incs -I../../src/incs -I/tigress/xingz/abinit-8.10.2/fallbacks/exports/include -I/tigress/xingz/abinit-8.10.2/fallbacks/exports/include   -free -module /tigress/xingz/abinit-8.10.2/src/mods -O3 -g -extend-source -noaltparam -nofpscomp   -c -o m_dmfet_driver.o m_dmfet_driver.F90
mpiifort -DHAVE_CONFIG_H -I. -I../..  -I../../src/77_ddb -I../../src/77_ddb -I../../src/66_vdwxc -I../../src/66_vdwxc -I../../src/44_abitools -I../../src/44_abitools -I../../src/59_ionetcdf -I../../src/59_ionetcdf -I../../src/27_toolbox_oop -I../../src/27_toolbox_oop -I../../src/45_xgTools -I../../src/45_xgTools -I../../src/42_libpaw -I../../src/42_libpaw -I../../src/65_paw -I../../src/65_paw -I../../src/62_ctqmc -I../../src/62_ctqmc -I../../src/52_manage_cuda -I../../src/52_manage_cuda -I../../src/66_nonlocal -I../../src/66_nonlocal -I../../src/68_lotf -I../../src/68_lotf -I../../src/45_geomoptim -I../../src/45_geomoptim -I../../src/68_recursion -I../../src/68_recursion -I../../src/94_scfcv -I../../src/94_scfcv -I../../src/17_libtetra_ext -I../../src/17_libtetra_ext -I../../src/55_abiutil -I../../src/55_abiutil -I../../src/49_gw_toolbox_oop -I../../src/49_gw_toolbox_oop -I../../src/62_iowfdenpot -I../../src/62_iowfdenpot -I../../src/70_gw -I../../src/70_gw -I../../src/18_timing -I../../src/18_timing -I../../src/12_hide_mpi -I../../src/12_hide_mpi -I../../src/56_mixing -I../../src/56_mixing -I../../src/56_io_mpi -I../../src/56_io_mpi -I../../src/65_lotf_base -I../../src/65_lotf_base -I../../src/14_hidewrite -I../../src/14_hidewrite -I../../src/29_kpoints -I../../src/29_kpoints -I../../src/71_bse -I../../src/71_bse -I../../src/64_psp -I../../src/64_psp -I../../src/69_wfdesc -I../../src/69_wfdesc -I../../src/32_util -I../../src/32_util -I../../src/67_common -I../../src/67_common -I../../src/10_dumpinfo -I../../src/10_dumpinfo -I../../src/28_numeric_noabirule -I../../src/28_numeric_noabirule -I../../src/44_abitypes_defs -I../../src/44_abitypes_defs -I../../src/51_manage_mpi -I../../src/51_manage_mpi -I../../src/61_occeig -I../../src/61_occeig -I../../src/62_poisson -I../../src/62_poisson -I../../src/54_spacepar -I../../src/54_spacepar -I../../src/16_hideleave -I../../src/16_hideleave -I../../src/72_response -I../../src/72_response -I../../src/79_seqpar_mpi -I../../src/79_seqpar_mpi -I../../src/56_recipspace -I../../src/56_recipspace -I../../src/43_wvl_wrappers -I../../src/43_wvl_wrappers -I../../src/52_fft_mpi_noabirule -I../../src/52_fft_mpi_noabirule -I../../src/56_xc -I../../src/56_xc -I../../src/66_wfs -I../../src/66_wfs -I../../src/41_xc_lowlevel -I../../src/41_xc_lowlevel -I../../src/41_geometry -I../../src/41_geometry -I../../src/78_eph -I../../src/78_eph -I../../src/10_defs -I../../src/10_defs -I../../src/78_effpot -I../../src/78_effpot -I../../src/53_ffts -I../../src/53_ffts -I../../src/incs -I../../src/incs -I/tigress/xingz/abinit-8.10.2/fallbacks/exports/include -I/tigress/xingz/abinit-8.10.2/fallbacks/exports/include   -free -module /tigress/xingz/abinit-8.10.2/src/mods -O3 -g -extend-source -noaltparam -nofpscomp   -c -o m_eph_driver.o m_eph_driver.F90
mpiifort -DHAVE_CONFIG_H -I. -I../..  -I../../src/77_ddb -I../../src/77_ddb -I../../src/66_vdwxc -I../../src/66_vdwxc -I../../src/44_abitools -I../../src/44_abitools -I../../src/59_ionetcdf -I../../src/59_ionetcdf -I../../src/27_toolbox_oop -I../../src/27_toolbox_oop -I../../src/45_xgTools -I../../src/45_xgTools -I../../src/42_libpaw -I../../src/42_libpaw -I../../src/65_paw -I../../src/65_paw -I../../src/62_ctqmc -I../../src/62_ctqmc -I../../src/52_manage_cuda -I../../src/52_manage_cuda -I../../src/66_nonlocal -I../../src/66_nonlocal -I../../src/68_lotf -I../../src/68_lotf -I../../src/45_geomoptim -I../../src/45_geomoptim -I../../src/68_recursion -I../../src/68_recursion -I../../src/94_scfcv -I../../src/94_scfcv -I../../src/17_libtetra_ext -I../../src/17_libtetra_ext -I../../src/55_abiutil -I../../src/55_abiutil -I../../src/49_gw_toolbox_oop -I../../src/49_gw_toolbox_oop -I../../src/62_iowfdenpot -I../../src/62_iowfdenpot -I../../src/70_gw -I../../src/70_gw -I../../src/18_timing -I../../src/18_timing -I../../src/12_hide_mpi -I../../src/12_hide_mpi -I../../src/56_mixing -I../../src/56_mixing -I../../src/56_io_mpi -I../../src/56_io_mpi -I../../src/65_lotf_base -I../../src/65_lotf_base -I../../src/14_hidewrite -I../../src/14_hidewrite -I../../src/29_kpoints -I../../src/29_kpoints -I../../src/71_bse -I../../src/71_bse -I../../src/64_psp -I../../src/64_psp -I../../src/69_wfdesc -I../../src/69_wfdesc -I../../src/32_util -I../../src/32_util -I../../src/67_common -I../../src/67_common -I../../src/10_dumpinfo -I../../src/10_dumpinfo -I../../src/28_numeric_noabirule -I../../src/28_numeric_noabirule -I../../src/44_abitypes_defs -I../../src/44_abitypes_defs -I../../src/51_manage_mpi -I../../src/51_manage_mpi -I../../src/61_occeig -I../../src/61_occeig -I../../src/62_poisson -I../../src/62_poisson -I../../src/54_spacepar -I../../src/54_spacepar -I../../src/16_hideleave -I../../src/16_hideleave -I../../src/72_response -I../../src/72_response -I../../src/79_seqpar_mpi -I../../src/79_seqpar_mpi -I../../src/56_recipspace -I../../src/56_recipspace -I../../src/43_wvl_wrappers -I../../src/43_wvl_wrappers -I../../src/52_fft_mpi_noabirule -I../../src/52_fft_mpi_noabirule -I../../src/56_xc -I../../src/56_xc -I../../src/66_wfs -I../../src/66_wfs -I../../src/41_xc_lowlevel -I../../src/41_xc_lowlevel -I../../src/41_geometry -I../../src/41_geometry -I../../src/78_eph -I../../src/78_eph -I../../src/10_defs -I../../src/10_defs -I../../src/78_effpot -I../../src/78_effpot -I../../src/53_ffts -I../../src/53_ffts -I../../src/incs -I../../src/incs -I/tigress/xingz/abinit-8.10.2/fallbacks/exports/include -I/tigress/xingz/abinit-8.10.2/fallbacks/exports/include   -free -module /tigress/xingz/abinit-8.10.2/src/mods -O3 -g -extend-source -noaltparam -nofpscomp   -c -o m_precpred_1geo.o m_precpred_1geo.F90
mpiifort -DHAVE_CONFIG_H -I. -I../..  -I../../src/77_ddb -I../../src/77_ddb -I../../src/66_vdwxc -I../../src/66_vdwxc -I../../src/44_abitools -I../../src/44_abitools -I../../src/59_ionetcdf -I../../src/59_ionetcdf -I../../src/27_toolbox_oop -I../../src/27_toolbox_oop -I../../src/45_xgTools -I../../src/45_xgTools -I../../src/42_libpaw -I../../src/42_libpaw -I../../src/65_paw -I../../src/65_paw -I../../src/62_ctqmc -I../../src/62_ctqmc -I../../src/52_manage_cuda -I../../src/52_manage_cuda -I../../src/66_nonlocal -I../../src/66_nonlocal -I../../src/68_lotf -I../../src/68_lotf -I../../src/45_geomoptim -I../../src/45_geomoptim -I../../src/68_recursion -I../../src/68_recursion -I../../src/94_scfcv -I../../src/94_scfcv -I../../src/17_libtetra_ext -I../../src/17_libtetra_ext -I../../src/55_abiutil -I../../src/55_abiutil -I../../src/49_gw_toolbox_oop -I../../src/49_gw_toolbox_oop -I../../src/62_iowfdenpot -I../../src/62_iowfdenpot -I../../src/70_gw -I../../src/70_gw -I../../src/18_timing -I../../src/18_timing -I../../src/12_hide_mpi -I../../src/12_hide_mpi -I../../src/56_mixing -I../../src/56_mixing -I../../src/56_io_mpi -I../../src/56_io_mpi -I../../src/65_lotf_base -I../../src/65_lotf_base -I../../src/14_hidewrite -I../../src/14_hidewrite -I../../src/29_kpoints -I../../src/29_kpoints -I../../src/71_bse -I../../src/71_bse -I../../src/64_psp -I../../src/64_psp -I../../src/69_wfdesc -I../../src/69_wfdesc -I../../src/32_util -I../../src/32_util -I../../src/67_common -I../../src/67_common -I../../src/10_dumpinfo -I../../src/10_dumpinfo -I../../src/28_numeric_noabirule -I../../src/28_numeric_noabirule -I../../src/44_abitypes_defs -I../../src/44_abitypes_defs -I../../src/51_manage_mpi -I../../src/51_manage_mpi -I../../src/61_occeig -I../../src/61_occeig -I../../src/62_poisson -I../../src/62_poisson -I../../src/54_spacepar -I../../src/54_spacepar -I../../src/16_hideleave -I../../src/16_hideleave -I../../src/72_response -I../../src/72_response -I../../src/79_seqpar_mpi -I../../src/79_seqpar_mpi -I../../src/56_recipspace -I../../src/56_recipspace -I../../src/43_wvl_wrappers -I../../src/43_wvl_wrappers -I../../src/52_fft_mpi_noabirule -I../../src/52_fft_mpi_noabirule -I../../src/56_xc -I../../src/56_xc -I../../src/66_wfs -I../../src/66_wfs -I../../src/41_xc_lowlevel -I../../src/41_xc_lowlevel -I../../src/41_geometry -I../../src/41_geometry -I../../src/78_eph -I../../src/78_eph -I../../src/10_defs -I../../src/10_defs -I../../src/78_effpot -I../../src/78_effpot -I../../src/53_ffts -I../../src/53_ffts -I../../src/incs -I../../src/incs -I/tigress/xingz/abinit-8.10.2/fallbacks/exports/include -I/tigress/xingz/abinit-8.10.2/fallbacks/exports/include   -free -module /tigress/xingz/abinit-8.10.2/src/mods -O3 -g -extend-source -noaltparam -nofpscomp   -c -o m_mover.o m_mover.F90
mpiifort -DHAVE_CONFIG_H -I. -I../..  -I../../src/77_ddb -I../../src/77_ddb -I../../src/66_vdwxc -I../../src/66_vdwxc -I../../src/44_abitools -I../../src/44_abitools -I../../src/59_ionetcdf -I../../src/59_ionetcdf -I../../src/27_toolbox_oop -I../../src/27_toolbox_oop -I../../src/45_xgTools -I../../src/45_xgTools -I../../src/42_libpaw -I../../src/42_libpaw -I../../src/65_paw -I../../src/65_paw -I../../src/62_ctqmc -I../../src/62_ctqmc -I../../src/52_manage_cuda -I../../src/52_manage_cuda -I../../src/66_nonlocal -I../../src/66_nonlocal -I../../src/68_lotf -I../../src/68_lotf -I../../src/45_geomoptim -I../../src/45_geomoptim -I../../src/68_recursion -I../../src/68_recursion -I../../src/94_scfcv -I../../src/94_scfcv -I../../src/17_libtetra_ext -I../../src/17_libtetra_ext -I../../src/55_abiutil -I../../src/55_abiutil -I../../src/49_gw_toolbox_oop -I../../src/49_gw_toolbox_oop -I../../src/62_iowfdenpot -I../../src/62_iowfdenpot -I../../src/70_gw -I../../src/70_gw -I../../src/18_timing -I../../src/18_timing -I../../src/12_hide_mpi -I../../src/12_hide_mpi -I../../src/56_mixing -I../../src/56_mixing -I../../src/56_io_mpi -I../../src/56_io_mpi -I../../src/65_lotf_base -I../../src/65_lotf_base -I../../src/14_hidewrite -I../../src/14_hidewrite -I../../src/29_kpoints -I../../src/29_kpoints -I../../src/71_bse -I../../src/71_bse -I../../src/64_psp -I../../src/64_psp -I../../src/69_wfdesc -I../../src/69_wfdesc -I../../src/32_util -I../../src/32_util -I../../src/67_common -I../../src/67_common -I../../src/10_dumpinfo -I../../src/10_dumpinfo -I../../src/28_numeric_noabirule -I../../src/28_numeric_noabirule -I../../src/44_abitypes_defs -I../../src/44_abitypes_defs -I../../src/51_manage_mpi -I../../src/51_manage_mpi -I../../src/61_occeig -I../../src/61_occeig -I../../src/62_poisson -I../../src/62_poisson -I../../src/54_spacepar -I../../src/54_spacepar -I../../src/16_hideleave -I../../src/16_hideleave -I../../src/72_response -I../../src/72_response -I../../src/79_seqpar_mpi -I../../src/79_seqpar_mpi -I../../src/56_recipspace -I../../src/56_recipspace -I../../src/43_wvl_wrappers -I../../src/43_wvl_wrappers -I../../src/52_fft_mpi_noabirule -I../../src/52_fft_mpi_noabirule -I../../src/56_xc -I../../src/56_xc -I../../src/66_wfs -I../../src/66_wfs -I../../src/41_xc_lowlevel -I../../src/41_xc_lowlevel -I../../src/41_geometry -I../../src/41_geometry -I../../src/78_eph -I../../src/78_eph -I../../src/10_defs -I../../src/10_defs -I../../src/78_effpot -I../../src/78_effpot -I../../src/53_ffts -I../../src/53_ffts -I../../src/incs -I../../src/incs -I/tigress/xingz/abinit-8.10.2/fallbacks/exports/include -I/tigress/xingz/abinit-8.10.2/fallbacks/exports/include   -free -module /tigress/xingz/abinit-8.10.2/src/mods -O3 -g -extend-source -noaltparam -nofpscomp   -c -o m_gstate.o m_gstate.F90
mpiifort -DHAVE_CONFIG_H -I. -I../..  -I../../src/77_ddb -I../../src/77_ddb -I../../src/66_vdwxc -I../../src/66_vdwxc -I../../src/44_abitools -I../../src/44_abitools -I../../src/59_ionetcdf -I../../src/59_ionetcdf -I../../src/27_toolbox_oop -I../../src/27_toolbox_oop -I../../src/45_xgTools -I../../src/45_xgTools -I../../src/42_libpaw -I../../src/42_libpaw -I../../src/65_paw -I../../src/65_paw -I../../src/62_ctqmc -I../../src/62_ctqmc -I../../src/52_manage_cuda -I../../src/52_manage_cuda -I../../src/66_nonlocal -I../../src/66_nonlocal -I../../src/68_lotf -I../../src/68_lotf -I../../src/45_geomoptim -I../../src/45_geomoptim -I../../src/68_recursion -I../../src/68_recursion -I../../src/94_scfcv -I../../src/94_scfcv -I../../src/17_libtetra_ext -I../../src/17_libtetra_ext -I../../src/55_abiutil -I../../src/55_abiutil -I../../src/49_gw_toolbox_oop -I../../src/49_gw_toolbox_oop -I../../src/62_iowfdenpot -I../../src/62_iowfdenpot -I../../src/70_gw -I../../src/70_gw -I../../src/18_timing -I../../src/18_timing -I../../src/12_hide_mpi -I../../src/12_hide_mpi -I../../src/56_mixing -I../../src/56_mixing -I../../src/56_io_mpi -I../../src/56_io_mpi -I../../src/65_lotf_base -I../../src/65_lotf_base -I../../src/14_hidewrite -I../../src/14_hidewrite -I../../src/29_kpoints -I../../src/29_kpoints -I../../src/71_bse -I../../src/71_bse -I../../src/64_psp -I../../src/64_psp -I../../src/69_wfdesc -I../../src/69_wfdesc -I../../src/32_util -I../../src/32_util -I../../src/67_common -I../../src/67_common -I../../src/10_dumpinfo -I../../src/10_dumpinfo -I../../src/28_numeric_noabirule -I../../src/28_numeric_noabirule -I../../src/44_abitypes_defs -I../../src/44_abitypes_defs -I../../src/51_manage_mpi -I../../src/51_manage_mpi -I../../src/61_occeig -I../../src/61_occeig -I../../src/62_poisson -I../../src/62_poisson -I../../src/54_spacepar -I../../src/54_spacepar -I../../src/16_hideleave -I../../src/16_hideleave -I../../src/72_response -I../../src/72_response -I../../src/79_seqpar_mpi -I../../src/79_seqpar_mpi -I../../src/56_recipspace -I../../src/56_recipspace -I../../src/43_wvl_wrappers -I../../src/43_wvl_wrappers -I../../src/52_fft_mpi_noabirule -I../../src/52_fft_mpi_noabirule -I../../src/56_xc -I../../src/56_xc -I../../src/66_wfs -I../../src/66_wfs -I../../src/41_xc_lowlevel -I../../src/41_xc_lowlevel -I../../src/41_geometry -I../../src/41_geometry -I../../src/78_eph -I../../src/78_eph -I../../src/10_defs -I../../src/10_defs -I../../src/78_effpot -I../../src/78_effpot -I../../src/53_ffts -I../../src/53_ffts -I../../src/incs -I../../src/incs -I/tigress/xingz/abinit-8.10.2/fallbacks/exports/include -I/tigress/xingz/abinit-8.10.2/fallbacks/exports/include   -free -module /tigress/xingz/abinit-8.10.2/src/mods -O3 -g -extend-source -noaltparam -nofpscomp   -c -o m_gstateimg.o m_gstateimg.F90
mpiifort -DHAVE_CONFIG_H -I. -I../..  -I../../src/77_ddb -I../../src/77_ddb -I../../src/66_vdwxc -I../../src/66_vdwxc -I../../src/44_abitools -I../../src/44_abitools -I../../src/59_ionetcdf -I../../src/59_ionetcdf -I../../src/27_toolbox_oop -I../../src/27_toolbox_oop -I../../src/45_xgTools -I../../src/45_xgTools -I../../src/42_libpaw -I../../src/42_libpaw -I../../src/65_paw -I../../src/65_paw -I../../src/62_ctqmc -I../../src/62_ctqmc -I../../src/52_manage_cuda -I../../src/52_manage_cuda -I../../src/66_nonlocal -I../../src/66_nonlocal -I../../src/68_lotf -I../../src/68_lotf -I../../src/45_geomoptim -I../../src/45_geomoptim -I../../src/68_recursion -I../../src/68_recursion -I../../src/94_scfcv -I../../src/94_scfcv -I../../src/17_libtetra_ext -I../../src/17_libtetra_ext -I../../src/55_abiutil -I../../src/55_abiutil -I../../src/49_gw_toolbox_oop -I../../src/49_gw_toolbox_oop -I../../src/62_iowfdenpot -I../../src/62_iowfdenpot -I../../src/70_gw -I../../src/70_gw -I../../src/18_timing -I../../src/18_timing -I../../src/12_hide_mpi -I../../src/12_hide_mpi -I../../src/56_mixing -I../../src/56_mixing -I../../src/56_io_mpi -I../../src/56_io_mpi -I../../src/65_lotf_base -I../../src/65_lotf_base -I../../src/14_hidewrite -I../../src/14_hidewrite -I../../src/29_kpoints -I../../src/29_kpoints -I../../src/71_bse -I../../src/71_bse -I../../src/64_psp -I../../src/64_psp -I../../src/69_wfdesc -I../../src/69_wfdesc -I../../src/32_util -I../../src/32_util -I../../src/67_common -I../../src/67_common -I../../src/10_dumpinfo -I../../src/10_dumpinfo -I../../src/28_numeric_noabirule -I../../src/28_numeric_noabirule -I../../src/44_abitypes_defs -I../../src/44_abitypes_defs -I../../src/51_manage_mpi -I../../src/51_manage_mpi -I../../src/61_occeig -I../../src/61_occeig -I../../src/62_poisson -I../../src/62_poisson -I../../src/54_spacepar -I../../src/54_spacepar -I../../src/16_hideleave -I../../src/16_hideleave -I../../src/72_response -I../../src/72_response -I../../src/79_seqpar_mpi -I../../src/79_seqpar_mpi -I../../src/56_recipspace -I../../src/56_recipspace -I../../src/43_wvl_wrappers -I../../src/43_wvl_wrappers -I../../src/52_fft_mpi_noabirule -I../../src/52_fft_mpi_noabirule -I../../src/56_xc -I../../src/56_xc -I../../src/66_wfs -I../../src/66_wfs -I../../src/41_xc_lowlevel -I../../src/41_xc_lowlevel -I../../src/41_geometry -I../../src/41_geometry -I../../src/78_eph -I../../src/78_eph -I../../src/10_defs -I../../src/10_defs -I../../src/78_effpot -I../../src/78_effpot -I../../src/53_ffts -I../../src/53_ffts -I../../src/incs -I../../src/incs -I/tigress/xingz/abinit-8.10.2/fallbacks/exports/include -I/tigress/xingz/abinit-8.10.2/fallbacks/exports/include   -free -module /tigress/xingz/abinit-8.10.2/src/mods -O3 -g -extend-source -noaltparam -nofpscomp   -c -o m_gwls_sternheimer.o m_gwls_sternheimer.F90
mpiifort -DHAVE_CONFIG_H -I. -I../..  -I../../src/77_ddb -I../../src/77_ddb -I../../src/66_vdwxc -I../../src/66_vdwxc -I../../src/44_abitools -I../../src/44_abitools -I../../src/59_ionetcdf -I../../src/59_ionetcdf -I../../src/27_toolbox_oop -I../../src/27_toolbox_oop -I../../src/45_xgTools -I../../src/45_xgTools -I../../src/42_libpaw -I../../src/42_libpaw -I../../src/65_paw -I../../src/65_paw -I../../src/62_ctqmc -I../../src/62_ctqmc -I../../src/52_manage_cuda -I../../src/52_manage_cuda -I../../src/66_nonlocal -I../../src/66_nonlocal -I../../src/68_lotf -I../../src/68_lotf -I../../src/45_geomoptim -I../../src/45_geomoptim -I../../src/68_recursion -I../../src/68_recursion -I../../src/94_scfcv -I../../src/94_scfcv -I../../src/17_libtetra_ext -I../../src/17_libtetra_ext -I../../src/55_abiutil -I../../src/55_abiutil -I../../src/49_gw_toolbox_oop -I../../src/49_gw_toolbox_oop -I../../src/62_iowfdenpot -I../../src/62_iowfdenpot -I../../src/70_gw -I../../src/70_gw -I../../src/18_timing -I../../src/18_timing -I../../src/12_hide_mpi -I../../src/12_hide_mpi -I../../src/56_mixing -I../../src/56_mixing -I../../src/56_io_mpi -I../../src/56_io_mpi -I../../src/65_lotf_base -I../../src/65_lotf_base -I../../src/14_hidewrite -I../../src/14_hidewrite -I../../src/29_kpoints -I../../src/29_kpoints -I../../src/71_bse -I../../src/71_bse -I../../src/64_psp -I../../src/64_psp -I../../src/69_wfdesc -I../../src/69_wfdesc -I../../src/32_util -I../../src/32_util -I../../src/67_common -I../../src/67_common -I../../src/10_dumpinfo -I../../src/10_dumpinfo -I../../src/28_numeric_noabirule -I../../src/28_numeric_noabirule -I../../src/44_abitypes_defs -I../../src/44_abitypes_defs -I../../src/51_manage_mpi -I../../src/51_manage_mpi -I../../src/61_occeig -I../../src/61_occeig -I../../src/62_poisson -I../../src/62_poisson -I../../src/54_spacepar -I../../src/54_spacepar -I../../src/16_hideleave -I../../src/16_hideleave -I../../src/72_response -I../../src/72_response -I../../src/79_seqpar_mpi -I../../src/79_seqpar_mpi -I../../src/56_recipspace -I../../src/56_recipspace -I../../src/43_wvl_wrappers -I../../src/43_wvl_wrappers -I../../src/52_fft_mpi_noabirule -I../../src/52_fft_mpi_noabirule -I../../src/56_xc -I../../src/56_xc -I../../src/66_wfs -I../../src/66_wfs -I../../src/41_xc_lowlevel -I../../src/41_xc_lowlevel -I../../src/41_geometry -I../../src/41_geometry -I../../src/78_eph -I../../src/78_eph -I../../src/10_defs -I../../src/10_defs -I../../src/78_effpot -I../../src/78_effpot -I../../src/53_ffts -I../../src/53_ffts -I../../src/incs -I../../src/incs -I/tigress/xingz/abinit-8.10.2/fallbacks/exports/include -I/tigress/xingz/abinit-8.10.2/fallbacks/exports/include   -free -module /tigress/xingz/abinit-8.10.2/src/mods -O3 -g -extend-source -noaltparam -nofpscomp   -c -o m_pead_nl_loop.o m_pead_nl_loop.F90
mpiifort -DHAVE_CONFIG_H -I. -I../..  -I../../src/77_ddb -I../../src/77_ddb -I../../src/66_vdwxc -I../../src/66_vdwxc -I../../src/44_abitools -I../../src/44_abitools -I../../src/59_ionetcdf -I../../src/59_ionetcdf -I../../src/27_toolbox_oop -I../../src/27_toolbox_oop -I../../src/45_xgTools -I../../src/45_xgTools -I../../src/42_libpaw -I../../src/42_libpaw -I../../src/65_paw -I../../src/65_paw -I../../src/62_ctqmc -I../../src/62_ctqmc -I../../src/52_manage_cuda -I../../src/52_manage_cuda -I../../src/66_nonlocal -I../../src/66_nonlocal -I../../src/68_lotf -I../../src/68_lotf -I../../src/45_geomoptim -I../../src/45_geomoptim -I../../src/68_recursion -I../../src/68_recursion -I../../src/94_scfcv -I../../src/94_scfcv -I../../src/17_libtetra_ext -I../../src/17_libtetra_ext -I../../src/55_abiutil -I../../src/55_abiutil -I../../src/49_gw_toolbox_oop -I../../src/49_gw_toolbox_oop -I../../src/62_iowfdenpot -I../../src/62_iowfdenpot -I../../src/70_gw -I../../src/70_gw -I../../src/18_timing -I../../src/18_timing -I../../src/12_hide_mpi -I../../src/12_hide_mpi -I../../src/56_mixing -I../../src/56_mixing -I../../src/56_io_mpi -I../../src/56_io_mpi -I../../src/65_lotf_base -I../../src/65_lotf_base -I../../src/14_hidewrite -I../../src/14_hidewrite -I../../src/29_kpoints -I../../src/29_kpoints -I../../src/71_bse -I../../src/71_bse -I../../src/64_psp -I../../src/64_psp -I../../src/69_wfdesc -I../../src/69_wfdesc -I../../src/32_util -I../../src/32_util -I../../src/67_common -I../../src/67_common -I../../src/10_dumpinfo -I../../src/10_dumpinfo -I../../src/28_numeric_noabirule -I../../src/28_numeric_noabirule -I../../src/44_abitypes_defs -I../../src/44_abitypes_defs -I../../src/51_manage_mpi -I../../src/51_manage_mpi -I../../src/61_occeig -I../../src/61_occeig -I../../src/62_poisson -I../../src/62_poisson -I../../src/54_spacepar -I../../src/54_spacepar -I../../src/16_hideleave -I../../src/16_hideleave -I../../src/72_response -I../../src/72_response -I../../src/79_seqpar_mpi -I../../src/79_seqpar_mpi -I../../src/56_recipspace -I../../src/56_recipspace -I../../src/43_wvl_wrappers -I../../src/43_wvl_wrappers -I../../src/52_fft_mpi_noabirule -I../../src/52_fft_mpi_noabirule -I../../src/56_xc -I../../src/56_xc -I../../src/66_wfs -I../../src/66_wfs -I../../src/41_xc_lowlevel -I../../src/41_xc_lowlevel -I../../src/41_geometry -I../../src/41_geometry -I../../src/78_eph -I../../src/78_eph -I../../src/10_defs -I../../src/10_defs -I../../src/78_effpot -I../../src/78_effpot -I../../src/53_ffts -I../../src/53_ffts -I../../src/incs -I../../src/incs -I/tigress/xingz/abinit-8.10.2/fallbacks/exports/include -I/tigress/xingz/abinit-8.10.2/fallbacks/exports/include   -free -module /tigress/xingz/abinit-8.10.2/src/mods -O3 -g -extend-source -noaltparam -nofpscomp   -c -o m_nonlinear.o m_nonlinear.F90
mpiifort -DHAVE_CONFIG_H -I. -I../..  -I../../src/77_ddb -I../../src/77_ddb -I../../src/66_vdwxc -I../../src/66_vdwxc -I../../src/44_abitools -I../../src/44_abitools -I../../src/59_ionetcdf -I../../src/59_ionetcdf -I../../src/27_toolbox_oop -I../../src/27_toolbox_oop -I../../src/45_xgTools -I../../src/45_xgTools -I../../src/42_libpaw -I../../src/42_libpaw -I../../src/65_paw -I../../src/65_paw -I../../src/62_ctqmc -I../../src/62_ctqmc -I../../src/52_manage_cuda -I../../src/52_manage_cuda -I../../src/66_nonlocal -I../../src/66_nonlocal -I../../src/68_lotf -I../../src/68_lotf -I../../src/45_geomoptim -I../../src/45_geomoptim -I../../src/68_recursion -I../../src/68_recursion -I../../src/94_scfcv -I../../src/94_scfcv -I../../src/17_libtetra_ext -I../../src/17_libtetra_ext -I../../src/55_abiutil -I../../src/55_abiutil -I../../src/49_gw_toolbox_oop -I../../src/49_gw_toolbox_oop -I../../src/62_iowfdenpot -I../../src/62_iowfdenpot -I../../src/70_gw -I../../src/70_gw -I../../src/18_timing -I../../src/18_timing -I../../src/12_hide_mpi -I../../src/12_hide_mpi -I../../src/56_mixing -I../../src/56_mixing -I../../src/56_io_mpi -I../../src/56_io_mpi -I../../src/65_lotf_base -I../../src/65_lotf_base -I../../src/14_hidewrite -I../../src/14_hidewrite -I../../src/29_kpoints -I../../src/29_kpoints -I../../src/71_bse -I../../src/71_bse -I../../src/64_psp -I../../src/64_psp -I../../src/69_wfdesc -I../../src/69_wfdesc -I../../src/32_util -I../../src/32_util -I../../src/67_common -I../../src/67_common -I../../src/10_dumpinfo -I../../src/10_dumpinfo -I../../src/28_numeric_noabirule -I../../src/28_numeric_noabirule -I../../src/44_abitypes_defs -I../../src/44_abitypes_defs -I../../src/51_manage_mpi -I../../src/51_manage_mpi -I../../src/61_occeig -I../../src/61_occeig -I../../src/62_poisson -I../../src/62_poisson -I../../src/54_spacepar -I../../src/54_spacepar -I../../src/16_hideleave -I../../src/16_hideleave -I../../src/72_response -I../../src/72_response -I../../src/79_seqpar_mpi -I../../src/79_seqpar_mpi -I../../src/56_recipspace -I../../src/56_recipspace -I../../src/43_wvl_wrappers -I../../src/43_wvl_wrappers -I../../src/52_fft_mpi_noabirule -I../../src/52_fft_mpi_noabirule -I../../src/56_xc -I../../src/56_xc -I../../src/66_wfs -I../../src/66_wfs -I../../src/41_xc_lowlevel -I../../src/41_xc_lowlevel -I../../src/41_geometry -I../../src/41_geometry -I../../src/78_eph -I../../src/78_eph -I../../src/10_defs -I../../src/10_defs -I../../src/78_effpot -I../../src/78_effpot -I../../src/53_ffts -I../../src/53_ffts -I../../src/incs -I../../src/incs -I/tigress/xingz/abinit-8.10.2/fallbacks/exports/include -I/tigress/xingz/abinit-8.10.2/fallbacks/exports/include   -free -module /tigress/xingz/abinit-8.10.2/src/mods -O3 -g -extend-source -noaltparam -nofpscomp   -c -o m_respfn_driver.o m_respfn_driver.F90
mpiifort -DHAVE_CONFIG_H -I. -I../..  -I../../src/77_ddb -I../../src/77_ddb -I../../src/66_vdwxc -I../../src/66_vdwxc -I../../src/44_abitools -I../../src/44_abitools -I../../src/59_ionetcdf -I../../src/59_ionetcdf -I../../src/27_toolbox_oop -I../../src/27_toolbox_oop -I../../src/45_xgTools -I../../src/45_xgTools -I../../src/42_libpaw -I../../src/42_libpaw -I../../src/65_paw -I../../src/65_paw -I../../src/62_ctqmc -I../../src/62_ctqmc -I../../src/52_manage_cuda -I../../src/52_manage_cuda -I../../src/66_nonlocal -I../../src/66_nonlocal -I../../src/68_lotf -I../../src/68_lotf -I../../src/45_geomoptim -I../../src/45_geomoptim -I../../src/68_recursion -I../../src/68_recursion -I../../src/94_scfcv -I../../src/94_scfcv -I../../src/17_libtetra_ext -I../../src/17_libtetra_ext -I../../src/55_abiutil -I../../src/55_abiutil -I../../src/49_gw_toolbox_oop -I../../src/49_gw_toolbox_oop -I../../src/62_iowfdenpot -I../../src/62_iowfdenpot -I../../src/70_gw -I../../src/70_gw -I../../src/18_timing -I../../src/18_timing -I../../src/12_hide_mpi -I../../src/12_hide_mpi -I../../src/56_mixing -I../../src/56_mixing -I../../src/56_io_mpi -I../../src/56_io_mpi -I../../src/65_lotf_base -I../../src/65_lotf_base -I../../src/14_hidewrite -I../../src/14_hidewrite -I../../src/29_kpoints -I../../src/29_kpoints -I../../src/71_bse -I../../src/71_bse -I../../src/64_psp -I../../src/64_psp -I../../src/69_wfdesc -I../../src/69_wfdesc -I../../src/32_util -I../../src/32_util -I../../src/67_common -I../../src/67_common -I../../src/10_dumpinfo -I../../src/10_dumpinfo -I../../src/28_numeric_noabirule -I../../src/28_numeric_noabirule -I../../src/44_abitypes_defs -I../../src/44_abitypes_defs -I../../src/51_manage_mpi -I../../src/51_manage_mpi -I../../src/61_occeig -I../../src/61_occeig -I../../src/62_poisson -I../../src/62_poisson -I../../src/54_spacepar -I../../src/54_spacepar -I../../src/16_hideleave -I../../src/16_hideleave -I../../src/72_response -I../../src/72_response -I../../src/79_seqpar_mpi -I../../src/79_seqpar_mpi -I../../src/56_recipspace -I../../src/56_recipspace -I../../src/43_wvl_wrappers -I../../src/43_wvl_wrappers -I../../src/52_fft_mpi_noabirule -I../../src/52_fft_mpi_noabirule -I../../src/56_xc -I../../src/56_xc -I../../src/66_wfs -I../../src/66_wfs -I../../src/41_xc_lowlevel -I../../src/41_xc_lowlevel -I../../src/41_geometry -I../../src/41_geometry -I../../src/78_eph -I../../src/78_eph -I../../src/10_defs -I../../src/10_defs -I../../src/78_effpot -I../../src/78_effpot -I../../src/53_ffts -I../../src/53_ffts -I../../src/incs -I../../src/incs -I/tigress/xingz/abinit-8.10.2/fallbacks/exports/include -I/tigress/xingz/abinit-8.10.2/fallbacks/exports/include   -free -module /tigress/xingz/abinit-8.10.2/src/mods -O3 -g -extend-source -noaltparam -nofpscomp   -c -o m_screening_driver.o m_screening_driver.F90
mpiifort -DHAVE_CONFIG_H -I. -I../..  -I../../src/77_ddb -I../../src/77_ddb -I../../src/66_vdwxc -I../../src/66_vdwxc -I../../src/44_abitools -I../../src/44_abitools -I../../src/59_ionetcdf -I../../src/59_ionetcdf -I../../src/27_toolbox_oop -I../../src/27_toolbox_oop -I../../src/45_xgTools -I../../src/45_xgTools -I../../src/42_libpaw -I../../src/42_libpaw -I../../src/65_paw -I../../src/65_paw -I../../src/62_ctqmc -I../../src/62_ctqmc -I../../src/52_manage_cuda -I../../src/52_manage_cuda -I../../src/66_nonlocal -I../../src/66_nonlocal -I../../src/68_lotf -I../../src/68_lotf -I../../src/45_geomoptim -I../../src/45_geomoptim -I../../src/68_recursion -I../../src/68_recursion -I../../src/94_scfcv -I../../src/94_scfcv -I../../src/17_libtetra_ext -I../../src/17_libtetra_ext -I../../src/55_abiutil -I../../src/55_abiutil -I../../src/49_gw_toolbox_oop -I../../src/49_gw_toolbox_oop -I../../src/62_iowfdenpot -I../../src/62_iowfdenpot -I../../src/70_gw -I../../src/70_gw -I../../src/18_timing -I../../src/18_timing -I../../src/12_hide_mpi -I../../src/12_hide_mpi -I../../src/56_mixing -I../../src/56_mixing -I../../src/56_io_mpi -I../../src/56_io_mpi -I../../src/65_lotf_base -I../../src/65_lotf_base -I../../src/14_hidewrite -I../../src/14_hidewrite -I../../src/29_kpoints -I../../src/29_kpoints -I../../src/71_bse -I../../src/71_bse -I../../src/64_psp -I../../src/64_psp -I../../src/69_wfdesc -I../../src/69_wfdesc -I../../src/32_util -I../../src/32_util -I../../src/67_common -I../../src/67_common -I../../src/10_dumpinfo -I../../src/10_dumpinfo -I../../src/28_numeric_noabirule -I../../src/28_numeric_noabirule -I../../src/44_abitypes_defs -I../../src/44_abitypes_defs -I../../src/51_manage_mpi -I../../src/51_manage_mpi -I../../src/61_occeig -I../../src/61_occeig -I../../src/62_poisson -I../../src/62_poisson -I../../src/54_spacepar -I../../src/54_spacepar -I../../src/16_hideleave -I../../src/16_hideleave -I../../src/72_response -I../../src/72_response -I../../src/79_seqpar_mpi -I../../src/79_seqpar_mpi -I../../src/56_recipspace -I../../src/56_recipspace -I../../src/43_wvl_wrappers -I../../src/43_wvl_wrappers -I../../src/52_fft_mpi_noabirule -I../../src/52_fft_mpi_noabirule -I../../src/56_xc -I../../src/56_xc -I../../src/66_wfs -I../../src/66_wfs -I../../src/41_xc_lowlevel -I../../src/41_xc_lowlevel -I../../src/41_geometry -I../../src/41_geometry -I../../src/78_eph -I../../src/78_eph -I../../src/10_defs -I../../src/10_defs -I../../src/78_effpot -I../../src/78_effpot -I../../src/53_ffts -I../../src/53_ffts -I../../src/incs -I../../src/incs -I/tigress/xingz/abinit-8.10.2/fallbacks/exports/include -I/tigress/xingz/abinit-8.10.2/fallbacks/exports/include   -free -module /tigress/xingz/abinit-8.10.2/src/mods -O3 -g -extend-source -noaltparam -nofpscomp   -c -o m_sigma_driver.o m_sigma_driver.F90
mpiifort -DHAVE_CONFIG_H -I. -I../..  -I../../src/77_ddb -I../../src/77_ddb -I../../src/66_vdwxc -I../../src/66_vdwxc -I../../src/44_abitools -I../../src/44_abitools -I../../src/59_ionetcdf -I../../src/59_ionetcdf -I../../src/27_toolbox_oop -I../../src/27_toolbox_oop -I../../src/45_xgTools -I../../src/45_xgTools -I../../src/42_libpaw -I../../src/42_libpaw -I../../src/65_paw -I../../src/65_paw -I../../src/62_ctqmc -I../../src/62_ctqmc -I../../src/52_manage_cuda -I../../src/52_manage_cuda -I../../src/66_nonlocal -I../../src/66_nonlocal -I../../src/68_lotf -I../../src/68_lotf -I../../src/45_geomoptim -I../../src/45_geomoptim -I../../src/68_recursion -I../../src/68_recursion -I../../src/94_scfcv -I../../src/94_scfcv -I../../src/17_libtetra_ext -I../../src/17_libtetra_ext -I../../src/55_abiutil -I../../src/55_abiutil -I../../src/49_gw_toolbox_oop -I../../src/49_gw_toolbox_oop -I../../src/62_iowfdenpot -I../../src/62_iowfdenpot -I../../src/70_gw -I../../src/70_gw -I../../src/18_timing -I../../src/18_timing -I../../src/12_hide_mpi -I../../src/12_hide_mpi -I../../src/56_mixing -I../../src/56_mixing -I../../src/56_io_mpi -I../../src/56_io_mpi -I../../src/65_lotf_base -I../../src/65_lotf_base -I../../src/14_hidewrite -I../../src/14_hidewrite -I../../src/29_kpoints -I../../src/29_kpoints -I../../src/71_bse -I../../src/71_bse -I../../src/64_psp -I../../src/64_psp -I../../src/69_wfdesc -I../../src/69_wfdesc -I../../src/32_util -I../../src/32_util -I../../src/67_common -I../../src/67_common -I../../src/10_dumpinfo -I../../src/10_dumpinfo -I../../src/28_numeric_noabirule -I../../src/28_numeric_noabirule -I../../src/44_abitypes_defs -I../../src/44_abitypes_defs -I../../src/51_manage_mpi -I../../src/51_manage_mpi -I../../src/61_occeig -I../../src/61_occeig -I../../src/62_poisson -I../../src/62_poisson -I../../src/54_spacepar -I../../src/54_spacepar -I../../src/16_hideleave -I../../src/16_hideleave -I../../src/72_response -I../../src/72_response -I../../src/79_seqpar_mpi -I../../src/79_seqpar_mpi -I../../src/56_recipspace -I../../src/56_recipspace -I../../src/43_wvl_wrappers -I../../src/43_wvl_wrappers -I../../src/52_fft_mpi_noabirule -I../../src/52_fft_mpi_noabirule -I../../src/56_xc -I../../src/56_xc -I../../src/66_wfs -I../../src/66_wfs -I../../src/41_xc_lowlevel -I../../src/41_xc_lowlevel -I../../src/41_geometry -I../../src/41_geometry -I../../src/78_eph -I../../src/78_eph -I../../src/10_defs -I../../src/10_defs -I../../src/78_effpot -I../../src/78_effpot -I../../src/53_ffts -I../../src/53_ffts -I../../src/incs -I../../src/incs -I/tigress/xingz/abinit-8.10.2/fallbacks/exports/include -I/tigress/xingz/abinit-8.10.2/fallbacks/exports/include   -free -module /tigress/xingz/abinit-8.10.2/src/mods -O3 -g -extend-source -noaltparam -nofpscomp   -c -o m_wfk_analyze.o m_wfk_analyze.F90
mpiifort -DHAVE_CONFIG_H -I. -I../..  -I../../src/77_ddb -I../../src/77_ddb -I../../src/66_vdwxc -I../../src/66_vdwxc -I../../src/44_abitools -I../../src/44_abitools -I../../src/59_ionetcdf -I../../src/59_ionetcdf -I../../src/27_toolbox_oop -I../../src/27_toolbox_oop -I../../src/45_xgTools -I../../src/45_xgTools -I../../src/42_libpaw -I../../src/42_libpaw -I../../src/65_paw -I../../src/65_paw -I../../src/62_ctqmc -I../../src/62_ctqmc -I../../src/52_manage_cuda -I../../src/52_manage_cuda -I../../src/66_nonlocal -I../../src/66_nonlocal -I../../src/68_lotf -I../../src/68_lotf -I../../src/45_geomoptim -I../../src/45_geomoptim -I../../src/68_recursion -I../../src/68_recursion -I../../src/94_scfcv -I../../src/94_scfcv -I../../src/17_libtetra_ext -I../../src/17_libtetra_ext -I../../src/55_abiutil -I../../src/55_abiutil -I../../src/49_gw_toolbox_oop -I../../src/49_gw_toolbox_oop -I../../src/62_iowfdenpot -I../../src/62_iowfdenpot -I../../src/70_gw -I../../src/70_gw -I../../src/18_timing -I../../src/18_timing -I../../src/12_hide_mpi -I../../src/12_hide_mpi -I../../src/56_mixing -I../../src/56_mixing -I../../src/56_io_mpi -I../../src/56_io_mpi -I../../src/65_lotf_base -I../../src/65_lotf_base -I../../src/14_hidewrite -I../../src/14_hidewrite -I../../src/29_kpoints -I../../src/29_kpoints -I../../src/71_bse -I../../src/71_bse -I../../src/64_psp -I../../src/64_psp -I../../src/69_wfdesc -I../../src/69_wfdesc -I../../src/32_util -I../../src/32_util -I../../src/67_common -I../../src/67_common -I../../src/10_dumpinfo -I../../src/10_dumpinfo -I../../src/28_numeric_noabirule -I../../src/28_numeric_noabirule -I../../src/44_abitypes_defs -I../../src/44_abitypes_defs -I../../src/51_manage_mpi -I../../src/51_manage_mpi -I../../src/61_occeig -I../../src/61_occeig -I../../src/62_poisson -I../../src/62_poisson -I../../src/54_spacepar -I../../src/54_spacepar -I../../src/16_hideleave -I../../src/16_hideleave -I../../src/72_response -I../../src/72_response -I../../src/79_seqpar_mpi -I../../src/79_seqpar_mpi -I../../src/56_recipspace -I../../src/56_recipspace -I../../src/43_wvl_wrappers -I../../src/43_wvl_wrappers -I../../src/52_fft_mpi_noabirule -I../../src/52_fft_mpi_noabirule -I../../src/56_xc -I../../src/56_xc -I../../src/66_wfs -I../../src/66_wfs -I../../src/41_xc_lowlevel -I../../src/41_xc_lowlevel -I../../src/41_geometry -I../../src/41_geometry -I../../src/78_eph -I../../src/78_eph -I../../src/10_defs -I../../src/10_defs -I../../src/78_effpot -I../../src/78_effpot -I../../src/53_ffts -I../../src/53_ffts -I../../src/incs -I../../src/incs -I/tigress/xingz/abinit-8.10.2/fallbacks/exports/include -I/tigress/xingz/abinit-8.10.2/fallbacks/exports/include   -free -module /tigress/xingz/abinit-8.10.2/src/mods -O3 -g -extend-source -noaltparam -nofpscomp   -c -o m_driver.o m_driver.F90
mpiifort -DHAVE_CONFIG_H -I. -I../..  -I../../src/77_ddb -I../../src/77_ddb -I../../src/66_vdwxc -I../../src/66_vdwxc -I../../src/44_abitools -I../../src/44_abitools -I../../src/59_ionetcdf -I../../src/59_ionetcdf -I../../src/27_toolbox_oop -I../../src/27_toolbox_oop -I../../src/45_xgTools -I../../src/45_xgTools -I../../src/42_libpaw -I../../src/42_libpaw -I../../src/65_paw -I../../src/65_paw -I../../src/62_ctqmc -I../../src/62_ctqmc -I../../src/52_manage_cuda -I../../src/52_manage_cuda -I../../src/66_nonlocal -I../../src/66_nonlocal -I../../src/68_lotf -I../../src/68_lotf -I../../src/45_geomoptim -I../../src/45_geomoptim -I../../src/68_recursion -I../../src/68_recursion -I../../src/94_scfcv -I../../src/94_scfcv -I../../src/17_libtetra_ext -I../../src/17_libtetra_ext -I../../src/55_abiutil -I../../src/55_abiutil -I../../src/49_gw_toolbox_oop -I../../src/49_gw_toolbox_oop -I../../src/62_iowfdenpot -I../../src/62_iowfdenpot -I../../src/70_gw -I../../src/70_gw -I../../src/18_timing -I../../src/18_timing -I../../src/12_hide_mpi -I../../src/12_hide_mpi -I../../src/56_mixing -I../../src/56_mixing -I../../src/56_io_mpi -I../../src/56_io_mpi -I../../src/65_lotf_base -I../../src/65_lotf_base -I../../src/14_hidewrite -I../../src/14_hidewrite -I../../src/29_kpoints -I../../src/29_kpoints -I../../src/71_bse -I../../src/71_bse -I../../src/64_psp -I../../src/64_psp -I../../src/69_wfdesc -I../../src/69_wfdesc -I../../src/32_util -I../../src/32_util -I../../src/67_common -I../../src/67_common -I../../src/10_dumpinfo -I../../src/10_dumpinfo -I../../src/28_numeric_noabirule -I../../src/28_numeric_noabirule -I../../src/44_abitypes_defs -I../../src/44_abitypes_defs -I../../src/51_manage_mpi -I../../src/51_manage_mpi -I../../src/61_occeig -I../../src/61_occeig -I../../src/62_poisson -I../../src/62_poisson -I../../src/54_spacepar -I../../src/54_spacepar -I../../src/16_hideleave -I../../src/16_hideleave -I../../src/72_response -I../../src/72_response -I../../src/79_seqpar_mpi -I../../src/79_seqpar_mpi -I../../src/56_recipspace -I../../src/56_recipspace -I../../src/43_wvl_wrappers -I../../src/43_wvl_wrappers -I../../src/52_fft_mpi_noabirule -I../../src/52_fft_mpi_noabirule -I../../src/56_xc -I../../src/56_xc -I../../src/66_wfs -I../../src/66_wfs -I../../src/41_xc_lowlevel -I../../src/41_xc_lowlevel -I../../src/41_geometry -I../../src/41_geometry -I../../src/78_eph -I../../src/78_eph -I../../src/10_defs -I../../src/10_defs -I../../src/78_effpot -I../../src/78_effpot -I../../src/53_ffts -I../../src/53_ffts -I../../src/incs -I../../src/incs -I/tigress/xingz/abinit-8.10.2/fallbacks/exports/include -I/tigress/xingz/abinit-8.10.2/fallbacks/exports/include   -free -module /tigress/xingz/abinit-8.10.2/src/mods -O3 -g -extend-source -noaltparam -nofpscomp   -c -o m_mover_effpot.o m_mover_effpot.F90
rm -f lib95_drive.a
ar rc lib95_drive.a m_argparse.o m_bethe_salpeter.o m_dfptnl_loop.o m_dfpt_looppert.o m_dmfet.o m_dmfet_driver.o m_driver.o m_eph_driver.o m_gstate.o m_gstateimg.o m_gwls_sternheimer.o m_mover.o m_mover_effpot.o m_nonlinear.o m_precpred_1geo.o m_respfn_driver.o m_pead_nl_loop.o m_screening_driver.o m_sigma_driver.o m_wfk_analyze.o 
ranlib lib95_drive.a
make[3]: Leaving directory `/tigress/xingz/abinit-8.10.2/src/95_drive'
Making all in 98_main
make[3]: Entering directory `/tigress/xingz/abinit-8.10.2/src/98_main'
mpiifort -DHAVE_CONFIG_H -I. -I../..  -I../../src/incs -I../../src/incs -I/tigress/xingz/abinit-8.10.2/fallbacks/exports/include  -I/tigress/xingz/abinit-8.10.2/fallbacks/exports/include   -free -module /tigress/xingz/abinit-8.10.2/src/mods   -O3 -g -extend-source -noaltparam -nofpscomp    -g -extend-source -noaltparam -nofpscomp   -c -o abinit-abinit.o `test -f 'abinit.F90' || echo './'`abinit.F90
mpiifort -free -module /tigress/xingz/abinit-8.10.2/src/mods   -O3 -g -extend-source -noaltparam -nofpscomp    -g -extend-source -noaltparam -nofpscomp   -static-intel -static-libgcc  -static-intel -static-libgcc  -o abinit abinit-abinit.o -static-intel -static-libgcc  ../../src/95_drive/lib95_drive.a ../../src/94_scfcv/lib94_scfcv.a ../../src/79_seqpar_mpi/lib79_seqpar_mpi.a ../../src/78_effpot/lib78_effpot.a ../../src/78_eph/lib78_eph.a ../../src/77_ddb/lib77_ddb.a ../../src/77_suscep/lib77_suscep.a ../../src/72_response/lib72_response.a ../../src/71_bse/lib71_bse.a ../../src/71_wannier/lib71_wannier.a ../../src/70_gw/lib70_gw.a ../../src/69_wfdesc/lib69_wfdesc.a ../../src/68_dmft/lib68_dmft.a  ../../src/68_recursion/lib68_recursion.a ../../src/68_rsprc/lib68_rsprc.a  ../../src/67_common/lib67_common.a ../../src/66_vdwxc/lib66_vdwxc.a ../../src/66_wfs/lib66_wfs.a ../../src/66_nonlocal/lib66_nonlocal.a ../../src/65_paw/lib65_paw.a  ../../src/64_psp/lib64_psp.a ../../src/62_iowfdenpot/lib62_iowfdenpot.a ../../src/62_wvl_wfs/lib62_wvl_wfs.a ../../src/62_poisson/lib62_poisson.a ../../src/62_cg_noabirule/lib62_cg_noabirule.a ../../src/62_ctqmc/lib62_ctqmc.a ../../src/61_occeig/lib61_occeig.a ../../src/59_ionetcdf/lib59_ionetcdf.a ../../src/57_iovars/lib57_iovars.a ../../src/57_iopsp_parser/lib57_iopsp_parser.a ../../src/56_recipspace/lib56_recipspace.a ../../src/56_xc/lib56_xc.a ../../src/56_mixing/lib56_mixing.a ../../src/56_io_mpi/lib56_io_mpi.a ../../src/55_abiutil/lib55_abiutil.a ../../src/54_spacepar/lib54_spacepar.a ../../src/53_ffts/lib53_ffts.a  ../../src/52_fft_mpi_noabirule/lib52_fft_mpi_noabirule.a ../../src/51_manage_mpi/lib51_manage_mpi.a ../../src/49_gw_toolbox_oop/lib49_gw_toolbox_oop.a ../../src/46_diago/lib46_diago.a ../../src/45_xgTools/lib45_xgTools.a ../../src/45_geomoptim/lib45_geomoptim.a ../../src/44_abitypes_defs/lib44_abitypes_defs.a ../../src/44_abitools/lib44_abitools.a ../../src/43_wvl_wrappers/lib43_wvl_wrappers.a ../../src/43_ptgroups/lib43_ptgroups.a ../../src/42_parser/lib42_parser.a ../../src/42_nlstrain/lib42_nlstrain.a ../../src/42_libpaw/lib42_libpaw.a ../../src/41_xc_lowlevel/lib41_xc_lowlevel.a ../../src/41_geometry/lib41_geometry.a ../../src/32_util/lib32_util.a ../../src/29_kpoints/lib29_kpoints.a ../../src/28_numeric_noabirule/lib28_numeric_noabirule.a ../../src/27_toolbox_oop/lib27_toolbox_oop.a ../../src/21_hashfuncs/lib21_hashfuncs.a ../../src/18_timing/lib18_timing.a ../../src/17_libtetra_ext/lib17_libtetra_ext.a ../../src/16_hideleave/lib16_hideleave.a  ../../src/14_hidewrite/lib14_hidewrite.a ../../src/12_hide_mpi/lib12_hide_mpi.a ../../src/11_memory_mpi/lib11_memory_mpi.a ../../src/10_dumpinfo/lib10_dumpinfo.a ../../src/10_defs/lib10_defs.a ../../src/02_clib/lib02_clib.a  -L/tigress/xingz/abinit-8.10.2/fallbacks/exports/lib -lxcf90 -lxc -lfftw3 -lmkl_intel_lp64  -lmkl_intel_lp64 -L/opt/intel/compilers_and_libraries_2018.3.222/linux/mkl/lib/intel64 -lmkl_sequential -lmkl_core -lpthread -lm -lrt -L/usr/local/boost/1.55.0/lib64 -L/usr/local/fftw/intel-16.0/3.3.4/lib64 -L/opt/intel/compilers_and_libraries_2018.3.222/linux/mpi/intel64/lib/release_mt -L/opt/intel/compilers_and_libraries_2018.3.222/linux/mpi/intel64/lib -L/usr/local/intel/lib64/intel-mpi -L/opt/intel/compilers_and_libraries_2018.3.222/linux/tbb/lib/intel64/gcc4.7 -L/opt/intel/compilers_and_libraries_2018.3.222/linux/compiler/lib/intel64 -L/opt/intel/compilers_and_libraries_2018.3.222/linux/mkl/lib/intel64 -L/usr/local/intel/lib64 -L/opt/intel/compilers_and_libraries_2018.3.222/linux/compiler/lib/intel64_lin -L/usr/local/fftw/intel-16.0/3.3.4/lib64/../lib64 -L/usr/local/fftw/intel-16.0/3.3.4/lib64/../lib64/ -L/usr/local/boost/1.55.0/lib64/../lib64 -L/usr/local/boost/1.55.0/lib64/../lib64/ -L/usr/local/intel/lib64/../lib64 -L/usr/local/intel/lib64/../lib64/ -L/tigress/xingz/gcc/lib/gcc/x86_64-pc-linux-gnu/6.3.0/ -L/tigress/xingz/gcc/lib/gcc/x86_64-pc-linux-gnu/6.3.0/../../../../lib64 -L/tigress/xingz/gcc/lib/gcc/x86_64-pc-linux-gnu/6.3.0/../../../../lib64/ -L/lib/../lib64 -L/lib/../lib64/ -L/usr/lib/../lib64 -L/usr/lib/../lib64/ -L/usr/local/fftw/intel-16.0/3.3.4/lib64/ -L/usr/local/boost/1.55.0/lib64/ -L/opt/intel/compilers_and_libraries_2018.3.222/linux/mpi/intel64/lib/ -L/usr/local/intel/lib64/intel-mpi/ -L/opt/intel/compilers_and_libraries_2018.3.222/linux/tbb/lib/intel64/gcc4.7/ -L/opt/intel/compilers_and_libraries_2018.3.222/linux/compiler/lib/intel64/ -L/opt/intel/compilers_and_libraries_2018.3.222/linux/mkl/lib/intel64/ -L/usr/local/intel/lib64/ -L/tigress/xingz/gcc/lib/gcc/x86_64-pc-linux-gnu/6.3.0/../../../ -L/lib64 -L/lib/ -L/usr/lib64 -L/usr/lib -lmpifort -lmpi -lmpigi -ldl -lrt -lpthread -lifport -lifcoremt -limf -lsvml -lm -lipgo -lirc -lirc_s -L/usr/local/boost/1.55.0/lib64 -L/usr/local/fftw/intel-16.0/3.3.4/lib64 -L/opt/intel/compilers_and_libraries_2018.3.222/linux/mpi/intel64/lib/release_mt -L/opt/intel/compilers_and_libraries_2018.3.222/linux/mpi/intel64/lib -L/usr/local/intel/lib64/intel-mpi -L/opt/intel/compilers_and_libraries_2018.3.222/linux/tbb/lib/intel64/gcc4.7 -L/opt/intel/compilers_and_libraries_2018.3.222/linux/compiler/lib/intel64 -L/opt/intel/compilers_and_libraries_2018.3.222/linux/mkl/lib/intel64 -L/usr/local/intel/lib64 -L/opt/intel/compilers_and_libraries_2018.3.222/linux/compiler/lib/intel64_lin -L/usr/local/fftw/intel-16.0/3.3.4/lib64/../lib64 -L/usr/local/fftw/intel-16.0/3.3.4/lib64/../lib64/ -L/usr/local/boost/1.55.0/lib64/../lib64 -L/usr/local/boost/1.55.0/lib64/../lib64/ -L/usr/local/intel/lib64/../lib64 -L/usr/local/intel/lib64/../lib64/ -L/tigress/xingz/gcc/lib/gcc/x86_64-pc-linux-gnu/6.3.0/ -L/tigress/xingz/gcc/lib/gcc/x86_64-pc-linux-gnu/6.3.0/../../../../lib64 -L/tigress/xingz/gcc/lib/gcc/x86_64-pc-linux-gnu/6.3.0/../../../../lib64/ -L/lib/../lib64 -L/lib/../lib64/ -L/usr/lib/../lib64 -L/usr/lib/../lib64/ -L/usr/local/fftw/intel-16.0/3.3.4/lib64/ -L/usr/local/boost/1.55.0/lib64/ -L/opt/intel/compilers_and_libraries_2018.3.222/linux/mpi/intel64/lib/ -L/usr/local/intel/lib64/intel-mpi/ -L/opt/intel/compilers_and_libraries_2018.3.222/linux/tbb/lib/intel64/gcc4.7/ -L/opt/intel/compilers_and_libraries_2018.3.222/linux/compiler/lib/intel64/ -L/opt/intel/compilers_and_libraries_2018.3.222/linux/mkl/lib/intel64/ -L/usr/local/intel/lib64/ -L/tigress/xingz/gcc/lib/gcc/x86_64-pc-linux-gnu/6.3.0/../../../ -L/lib64 -L/lib/ -L/usr/lib64 -L/usr/lib -lmpifort -lmpi -lmpigi -ldl -lrt -lpthread -lifport -lifcoremt -limf -lsvml -lm -lipgo -lirc -lirc_s 
mpiifort -DHAVE_CONFIG_H -I. -I../..  -I../../src/incs -I../../src/incs -I/tigress/xingz/abinit-8.10.2/fallbacks/exports/include  -I/tigress/xingz/abinit-8.10.2/fallbacks/exports/include   -free -module /tigress/xingz/abinit-8.10.2/src/mods   -O3 -g -extend-source -noaltparam -nofpscomp    -g -extend-source -noaltparam -nofpscomp   -c -o aim-aim.o `test -f 'aim.F90' || echo './'`aim.F90
mpiifort -free -module /tigress/xingz/abinit-8.10.2/src/mods   -O3 -g -extend-source -noaltparam -nofpscomp    -g -extend-source -noaltparam -nofpscomp   -static-intel -static-libgcc  -static-intel -static-libgcc  -o aim aim-aim.o -static-intel -static-libgcc  ../../src/63_bader/lib63_bader.a ../../src/62_iowfdenpot/lib62_iowfdenpot.a ../../src/62_cg_noabirule/lib62_cg_noabirule.a ../../src/61_occeig/lib61_occeig.a ../../src/59_ionetcdf/lib59_ionetcdf.a ../../src/57_iopsp_parser/lib57_iopsp_parser.a ../../src/56_xc/lib56_xc.a ../../src/56_recipspace/lib56_recipspace.a ../../src/56_io_mpi/lib56_io_mpi.a ../../src/55_abiutil/lib55_abiutil.a ../../src/54_spacepar/lib54_spacepar.a ../../src/53_ffts/lib53_ffts.a ../../src/52_fft_mpi_noabirule/lib52_fft_mpi_noabirule.a ../../src/51_manage_mpi/lib51_manage_mpi.a ../../src/49_gw_toolbox_oop/lib49_gw_toolbox_oop.a ../../src/45_geomoptim/lib45_geomoptim.a ../../src/44_abitypes_defs/lib44_abitypes_defs.a ../../src/44_abitools/lib44_abitools.a ../../src/43_wvl_wrappers/lib43_wvl_wrappers.a ../../src/42_parser/lib42_parser.a ../../src/42_libpaw/lib42_libpaw.a ../../src/41_xc_lowlevel/lib41_xc_lowlevel.a ../../src/41_geometry/lib41_geometry.a ../../src/32_util/lib32_util.a ../../src/29_kpoints/lib29_kpoints.a ../../src/28_numeric_noabirule/lib28_numeric_noabirule.a ../../src/27_toolbox_oop/lib27_toolbox_oop.a ../../src/21_hashfuncs/lib21_hashfuncs.a ../../src/18_timing/lib18_timing.a ../../src/17_libtetra_ext/lib17_libtetra_ext.a ../../src/16_hideleave/lib16_hideleave.a  ../../src/14_hidewrite/lib14_hidewrite.a ../../src/12_hide_mpi/lib12_hide_mpi.a ../../src/11_memory_mpi/lib11_memory_mpi.a ../../src/10_dumpinfo/lib10_dumpinfo.a ../../src/10_defs/lib10_defs.a ../../src/02_clib/lib02_clib.a -L/tigress/xingz/abinit-8.10.2/fallbacks/exports/lib -lxcf90 -lxc -lmkl_intel_lp64  -lmkl_intel_lp64 -L/opt/intel/compilers_and_libraries_2018.3.222/linux/mkl/lib/intel64 -lmkl_sequential -lmkl_core -lpthread -lm -lrt -L/usr/local/boost/1.55.0/lib64 -L/usr/local/fftw/intel-16.0/3.3.4/lib64 -L/opt/intel/compilers_and_libraries_2018.3.222/linux/mpi/intel64/lib/release_mt -L/opt/intel/compilers_and_libraries_2018.3.222/linux/mpi/intel64/lib -L/usr/local/intel/lib64/intel-mpi -L/opt/intel/compilers_and_libraries_2018.3.222/linux/tbb/lib/intel64/gcc4.7 -L/opt/intel/compilers_and_libraries_2018.3.222/linux/compiler/lib/intel64 -L/opt/intel/compilers_and_libraries_2018.3.222/linux/mkl/lib/intel64 -L/usr/local/intel/lib64 -L/opt/intel/compilers_and_libraries_2018.3.222/linux/compiler/lib/intel64_lin -L/usr/local/fftw/intel-16.0/3.3.4/lib64/../lib64 -L/usr/local/fftw/intel-16.0/3.3.4/lib64/../lib64/ -L/usr/local/boost/1.55.0/lib64/../lib64 -L/usr/local/boost/1.55.0/lib64/../lib64/ -L/usr/local/intel/lib64/../lib64 -L/usr/local/intel/lib64/../lib64/ -L/tigress/xingz/gcc/lib/gcc/x86_64-pc-linux-gnu/6.3.0/ -L/tigress/xingz/gcc/lib/gcc/x86_64-pc-linux-gnu/6.3.0/../../../../lib64 -L/tigress/xingz/gcc/lib/gcc/x86_64-pc-linux-gnu/6.3.0/../../../../lib64/ -L/lib/../lib64 -L/lib/../lib64/ -L/usr/lib/../lib64 -L/usr/lib/../lib64/ -L/usr/local/fftw/intel-16.0/3.3.4/lib64/ -L/usr/local/boost/1.55.0/lib64/ -L/opt/intel/compilers_and_libraries_2018.3.222/linux/mpi/intel64/lib/ -L/usr/local/intel/lib64/intel-mpi/ -L/opt/intel/compilers_and_libraries_2018.3.222/linux/tbb/lib/intel64/gcc4.7/ -L/opt/intel/compilers_and_libraries_2018.3.222/linux/compiler/lib/intel64/ -L/opt/intel/compilers_and_libraries_2018.3.222/linux/mkl/lib/intel64/ -L/usr/local/intel/lib64/ -L/tigress/xingz/gcc/lib/gcc/x86_64-pc-linux-gnu/6.3.0/../../../ -L/lib64 -L/lib/ -L/usr/lib64 -L/usr/lib -lmpifort -lmpi -lmpigi -ldl -lrt -lpthread -lifport -lifcoremt -limf -lsvml -lm -lipgo -lirc -lirc_s -L/usr/local/boost/1.55.0/lib64 -L/usr/local/fftw/intel-16.0/3.3.4/lib64 -L/opt/intel/compilers_and_libraries_2018.3.222/linux/mpi/intel64/lib/release_mt -L/opt/intel/compilers_and_libraries_2018.3.222/linux/mpi/intel64/lib -L/usr/local/intel/lib64/intel-mpi -L/opt/intel/compilers_and_libraries_2018.3.222/linux/tbb/lib/intel64/gcc4.7 -L/opt/intel/compilers_and_libraries_2018.3.222/linux/compiler/lib/intel64 -L/opt/intel/compilers_and_libraries_2018.3.222/linux/mkl/lib/intel64 -L/usr/local/intel/lib64 -L/opt/intel/compilers_and_libraries_2018.3.222/linux/compiler/lib/intel64_lin -L/usr/local/fftw/intel-16.0/3.3.4/lib64/../lib64 -L/usr/local/fftw/intel-16.0/3.3.4/lib64/../lib64/ -L/usr/local/boost/1.55.0/lib64/../lib64 -L/usr/local/boost/1.55.0/lib64/../lib64/ -L/usr/local/intel/lib64/../lib64 -L/usr/local/intel/lib64/../lib64/ -L/tigress/xingz/gcc/lib/gcc/x86_64-pc-linux-gnu/6.3.0/ -L/tigress/xingz/gcc/lib/gcc/x86_64-pc-linux-gnu/6.3.0/../../../../lib64 -L/tigress/xingz/gcc/lib/gcc/x86_64-pc-linux-gnu/6.3.0/../../../../lib64/ -L/lib/../lib64 -L/lib/../lib64/ -L/usr/lib/../lib64 -L/usr/lib/../lib64/ -L/usr/local/fftw/intel-16.0/3.3.4/lib64/ -L/usr/local/boost/1.55.0/lib64/ -L/opt/intel/compilers_and_libraries_2018.3.222/linux/mpi/intel64/lib/ -L/usr/local/intel/lib64/intel-mpi/ -L/opt/intel/compilers_and_libraries_2018.3.222/linux/tbb/lib/intel64/gcc4.7/ -L/opt/intel/compilers_and_libraries_2018.3.222/linux/compiler/lib/intel64/ -L/opt/intel/compilers_and_libraries_2018.3.222/linux/mkl/lib/intel64/ -L/usr/local/intel/lib64/ -L/tigress/xingz/gcc/lib/gcc/x86_64-pc-linux-gnu/6.3.0/../../../ -L/lib64 -L/lib/ -L/usr/lib64 -L/usr/lib -lmpifort -lmpi -lmpigi -ldl -lrt -lpthread -lifport -lifcoremt -limf -lsvml -lm -lipgo -lirc -lirc_s 
mpiifort -DHAVE_CONFIG_H -I. -I../..  -I../../src/incs -I../../src/incs -I/tigress/xingz/abinit-8.10.2/fallbacks/exports/include  -I/tigress/xingz/abinit-8.10.2/fallbacks/exports/include   -free -module /tigress/xingz/abinit-8.10.2/src/mods   -O3 -g -extend-source -noaltparam -nofpscomp    -g -extend-source -noaltparam -nofpscomp   -c -o anaddb-anaddb.o `test -f 'anaddb.F90' || echo './'`anaddb.F90
mpiifort -free -module /tigress/xingz/abinit-8.10.2/src/mods   -O3 -g -extend-source -noaltparam -nofpscomp    -g -extend-source -noaltparam -nofpscomp   -static-intel -static-libgcc  -static-intel -static-libgcc  -o anaddb anaddb-anaddb.o -static-intel -static-libgcc  ../../src/77_ddb/lib77_ddb.a ../../src/72_response/lib72_response.a ../../src/69_wfdesc/lib69_wfdesc.a ../../src/68_rsprc/lib68_rsprc.a ../../src/67_common/lib67_common.a ../../src/66_vdwxc/lib66_vdwxc.a ../../src/66_wfs/lib66_wfs.a ../../src/66_nonlocal/lib66_nonlocal.a ../../src/65_paw/lib65_paw.a ../../src/64_psp/lib64_psp.a ../../src/62_wvl_wfs/lib62_wvl_wfs.a ../../src/62_poisson/lib62_poisson.a ../../src/62_iowfdenpot/lib62_iowfdenpot.a ../../src/62_cg_noabirule/lib62_cg_noabirule.a ../../src/62_ctqmc/lib62_ctqmc.a ../../src/62_cg_noabirule/lib62_cg_noabirule.a ../../src/61_occeig/lib61_occeig.a ../../src/59_ionetcdf/lib59_ionetcdf.a ../../src/57_iovars/lib57_iovars.a ../../src/57_iopsp_parser/lib57_iopsp_parser.a ../../src/56_recipspace/lib56_recipspace.a ../../src/56_xc/lib56_xc.a ../../src/56_mixing/lib56_mixing.a ../../src/56_io_mpi/lib56_io_mpi.a ../../src/55_abiutil/lib55_abiutil.a ../../src/54_spacepar/lib54_spacepar.a ../../src/53_ffts/lib53_ffts.a ../../src/52_fft_mpi_noabirule/lib52_fft_mpi_noabirule.a ../../src/51_manage_mpi/lib51_manage_mpi.a ../../src/49_gw_toolbox_oop/lib49_gw_toolbox_oop.a ../../src/45_geomoptim/lib45_geomoptim.a ../../src/44_abitypes_defs/lib44_abitypes_defs.a ../../src/44_abitools/lib44_abitools.a ../../src/43_wvl_wrappers/lib43_wvl_wrappers.a ../../src/43_ptgroups/lib43_ptgroups.a ../../src/42_parser/lib42_parser.a ../../src/42_nlstrain/lib42_nlstrain.a ../../src/42_libpaw/lib42_libpaw.a ../../src/41_xc_lowlevel/lib41_xc_lowlevel.a ../../src/41_geometry/lib41_geometry.a ../../src/32_util/lib32_util.a ../../src/29_kpoints/lib29_kpoints.a ../../src/28_numeric_noabirule/lib28_numeric_noabirule.a ../../src/27_toolbox_oop/lib27_toolbox_oop.a ../../src/21_hashfuncs/lib21_hashfuncs.a ../../src/18_timing/lib18_timing.a ../../src/17_libtetra_ext/lib17_libtetra_ext.a ../../src/16_hideleave/lib16_hideleave.a  ../../src/14_hidewrite/lib14_hidewrite.a ../../src/12_hide_mpi/lib12_hide_mpi.a ../../src/11_memory_mpi/lib11_memory_mpi.a ../../src/10_dumpinfo/lib10_dumpinfo.a ../../src/10_defs/lib10_defs.a ../../src/02_clib/lib02_clib.a -L/tigress/xingz/abinit-8.10.2/fallbacks/exports/lib -lxcf90 -lxc -lfftw3 -lmkl_intel_lp64  -lmkl_intel_lp64 -L/opt/intel/compilers_and_libraries_2018.3.222/linux/mkl/lib/intel64 -lmkl_sequential -lmkl_core -lpthread -lm -lrt -L/usr/local/boost/1.55.0/lib64 -L/usr/local/fftw/intel-16.0/3.3.4/lib64 -L/opt/intel/compilers_and_libraries_2018.3.222/linux/mpi/intel64/lib/release_mt -L/opt/intel/compilers_and_libraries_2018.3.222/linux/mpi/intel64/lib -L/usr/local/intel/lib64/intel-mpi -L/opt/intel/compilers_and_libraries_2018.3.222/linux/tbb/lib/intel64/gcc4.7 -L/opt/intel/compilers_and_libraries_2018.3.222/linux/compiler/lib/intel64 -L/opt/intel/compilers_and_libraries_2018.3.222/linux/mkl/lib/intel64 -L/usr/local/intel/lib64 -L/opt/intel/compilers_and_libraries_2018.3.222/linux/compiler/lib/intel64_lin -L/usr/local/fftw/intel-16.0/3.3.4/lib64/../lib64 -L/usr/local/fftw/intel-16.0/3.3.4/lib64/../lib64/ -L/usr/local/boost/1.55.0/lib64/../lib64 -L/usr/local/boost/1.55.0/lib64/../lib64/ -L/usr/local/intel/lib64/../lib64 -L/usr/local/intel/lib64/../lib64/ -L/tigress/xingz/gcc/lib/gcc/x86_64-pc-linux-gnu/6.3.0/ -L/tigress/xingz/gcc/lib/gcc/x86_64-pc-linux-gnu/6.3.0/../../../../lib64 -L/tigress/xingz/gcc/lib/gcc/x86_64-pc-linux-gnu/6.3.0/../../../../lib64/ -L/lib/../lib64 -L/lib/../lib64/ -L/usr/lib/../lib64 -L/usr/lib/../lib64/ -L/usr/local/fftw/intel-16.0/3.3.4/lib64/ -L/usr/local/boost/1.55.0/lib64/ -L/opt/intel/compilers_and_libraries_2018.3.222/linux/mpi/intel64/lib/ -L/usr/local/intel/lib64/intel-mpi/ -L/opt/intel/compilers_and_libraries_2018.3.222/linux/tbb/lib/intel64/gcc4.7/ -L/opt/intel/compilers_and_libraries_2018.3.222/linux/compiler/lib/intel64/ -L/opt/intel/compilers_and_libraries_2018.3.222/linux/mkl/lib/intel64/ -L/usr/local/intel/lib64/ -L/tigress/xingz/gcc/lib/gcc/x86_64-pc-linux-gnu/6.3.0/../../../ -L/lib64 -L/lib/ -L/usr/lib64 -L/usr/lib -lmpifort -lmpi -lmpigi -ldl -lrt -lpthread -lifport -lifcoremt -limf -lsvml -lm -lipgo -lirc -lirc_s -L/usr/local/boost/1.55.0/lib64 -L/usr/local/fftw/intel-16.0/3.3.4/lib64 -L/opt/intel/compilers_and_libraries_2018.3.222/linux/mpi/intel64/lib/release_mt -L/opt/intel/compilers_and_libraries_2018.3.222/linux/mpi/intel64/lib -L/usr/local/intel/lib64/intel-mpi -L/opt/intel/compilers_and_libraries_2018.3.222/linux/tbb/lib/intel64/gcc4.7 -L/opt/intel/compilers_and_libraries_2018.3.222/linux/compiler/lib/intel64 -L/opt/intel/compilers_and_libraries_2018.3.222/linux/mkl/lib/intel64 -L/usr/local/intel/lib64 -L/opt/intel/compilers_and_libraries_2018.3.222/linux/compiler/lib/intel64_lin -L/usr/local/fftw/intel-16.0/3.3.4/lib64/../lib64 -L/usr/local/fftw/intel-16.0/3.3.4/lib64/../lib64/ -L/usr/local/boost/1.55.0/lib64/../lib64 -L/usr/local/boost/1.55.0/lib64/../lib64/ -L/usr/local/intel/lib64/../lib64 -L/usr/local/intel/lib64/../lib64/ -L/tigress/xingz/gcc/lib/gcc/x86_64-pc-linux-gnu/6.3.0/ -L/tigress/xingz/gcc/lib/gcc/x86_64-pc-linux-gnu/6.3.0/../../../../lib64 -L/tigress/xingz/gcc/lib/gcc/x86_64-pc-linux-gnu/6.3.0/../../../../lib64/ -L/lib/../lib64 -L/lib/../lib64/ -L/usr/lib/../lib64 -L/usr/lib/../lib64/ -L/usr/local/fftw/intel-16.0/3.3.4/lib64/ -L/usr/local/boost/1.55.0/lib64/ -L/opt/intel/compilers_and_libraries_2018.3.222/linux/mpi/intel64/lib/ -L/usr/local/intel/lib64/intel-mpi/ -L/opt/intel/compilers_and_libraries_2018.3.222/linux/tbb/lib/intel64/gcc4.7/ -L/opt/intel/compilers_and_libraries_2018.3.222/linux/compiler/lib/intel64/ -L/opt/intel/compilers_and_libraries_2018.3.222/linux/mkl/lib/intel64/ -L/usr/local/intel/lib64/ -L/tigress/xingz/gcc/lib/gcc/x86_64-pc-linux-gnu/6.3.0/../../../ -L/lib64 -L/lib/ -L/usr/lib64 -L/usr/lib -lmpifort -lmpi -lmpigi -ldl -lrt -lpthread -lifport -lifcoremt -limf -lsvml -lm -lipgo -lirc -lirc_s 
mpiifort -DHAVE_CONFIG_H -I. -I../..  -I../../src/incs -I../../src/incs -I/tigress/xingz/abinit-8.10.2/fallbacks/exports/include  -I/tigress/xingz/abinit-8.10.2/fallbacks/exports/include   -free -module /tigress/xingz/abinit-8.10.2/src/mods   -O3 -g -extend-source -noaltparam -nofpscomp    -g -extend-source -noaltparam -nofpscomp   -c -o band2eps-band2eps.o `test -f 'band2eps.F90' || echo './'`band2eps.F90
mpiifort -free -module /tigress/xingz/abinit-8.10.2/src/mods   -O3 -g -extend-source -noaltparam -nofpscomp    -g -extend-source -noaltparam -nofpscomp   -static-intel -static-libgcc  -static-intel -static-libgcc  -o band2eps band2eps-band2eps.o -static-intel -static-libgcc  ../../src/78_effpot/lib78_effpot.a ../../src/77_ddb/lib77_ddb.a ../../src/72_response/lib72_response.a ../../src/69_wfdesc/lib69_wfdesc.a ../../src/68_rsprc/lib68_rsprc.a ../../src/67_common/lib67_common.a ../../src/66_vdwxc/lib66_vdwxc.a ../../src/66_wfs/lib66_wfs.a ../../src/66_nonlocal/lib66_nonlocal.a ../../src/65_paw/lib65_paw.a ../../src/64_psp/lib64_psp.a ../../src/62_iowfdenpot/lib62_iowfdenpot.a ../../src/62_cg_noabirule/lib62_cg_noabirule.a ../../src/62_wvl_wfs/lib62_wvl_wfs.a ../../src/62_poisson/lib62_poisson.a ../../src/62_ctqmc/lib62_ctqmc.a ../../src/61_occeig/lib61_occeig.a ../../src/59_ionetcdf/lib59_ionetcdf.a ../../src/57_iovars/lib57_iovars.a ../../src/57_iopsp_parser/lib57_iopsp_parser.a ../../src/56_recipspace/lib56_recipspace.a ../../src/56_io_mpi/lib56_io_mpi.a ../../src/56_mixing/lib56_mixing.a ../../src/56_xc/lib56_xc.a ../../src/55_abiutil/lib55_abiutil.a ../../src/54_spacepar/lib54_spacepar.a ../../src/53_ffts/lib53_ffts.a ../../src/52_fft_mpi_noabirule/lib52_fft_mpi_noabirule.a ../../src/51_manage_mpi/lib51_manage_mpi.a ../../src/49_gw_toolbox_oop/lib49_gw_toolbox_oop.a ../../src/45_geomoptim/lib45_geomoptim.a ../../src/44_abitypes_defs/lib44_abitypes_defs.a ../../src/44_abitools/lib44_abitools.a ../../src/43_ptgroups/lib43_ptgroups.a ../../src/43_wvl_wrappers/lib43_wvl_wrappers.a ../../src/42_parser/lib42_parser.a ../../src/42_nlstrain/lib42_nlstrain.a ../../src/42_libpaw/lib42_libpaw.a ../../src/41_xc_lowlevel/lib41_xc_lowlevel.a ../../src/41_geometry/lib41_geometry.a ../../src/32_util/lib32_util.a ../../src/29_kpoints/lib29_kpoints.a ../../src/28_numeric_noabirule/lib28_numeric_noabirule.a ../../src/27_toolbox_oop/lib27_toolbox_oop.a ../../src/21_hashfuncs/lib21_hashfuncs.a ../../src/18_timing/lib18_timing.a ../../src/17_libtetra_ext/lib17_libtetra_ext.a ../../src/16_hideleave/lib16_hideleave.a ../../src/14_hidewrite/lib14_hidewrite.a ../../src/12_hide_mpi/lib12_hide_mpi.a ../../src/11_memory_mpi/lib11_memory_mpi.a ../../src/10_dumpinfo/lib10_dumpinfo.a ../../src/10_defs/lib10_defs.a ../../src/02_clib/lib02_clib.a -L/tigress/xingz/abinit-8.10.2/fallbacks/exports/lib -lxcf90 -lxc -lfftw3 -lmkl_intel_lp64  -lmkl_intel_lp64 -L/opt/intel/compilers_and_libraries_2018.3.222/linux/mkl/lib/intel64 -lmkl_sequential -lmkl_core -lpthread -lm -lrt -L/usr/local/boost/1.55.0/lib64 -L/usr/local/fftw/intel-16.0/3.3.4/lib64 -L/opt/intel/compilers_and_libraries_2018.3.222/linux/mpi/intel64/lib/release_mt -L/opt/intel/compilers_and_libraries_2018.3.222/linux/mpi/intel64/lib -L/usr/local/intel/lib64/intel-mpi -L/opt/intel/compilers_and_libraries_2018.3.222/linux/tbb/lib/intel64/gcc4.7 -L/opt/intel/compilers_and_libraries_2018.3.222/linux/compiler/lib/intel64 -L/opt/intel/compilers_and_libraries_2018.3.222/linux/mkl/lib/intel64 -L/usr/local/intel/lib64 -L/opt/intel/compilers_and_libraries_2018.3.222/linux/compiler/lib/intel64_lin -L/usr/local/fftw/intel-16.0/3.3.4/lib64/../lib64 -L/usr/local/fftw/intel-16.0/3.3.4/lib64/../lib64/ -L/usr/local/boost/1.55.0/lib64/../lib64 -L/usr/local/boost/1.55.0/lib64/../lib64/ -L/usr/local/intel/lib64/../lib64 -L/usr/local/intel/lib64/../lib64/ -L/tigress/xingz/gcc/lib/gcc/x86_64-pc-linux-gnu/6.3.0/ -L/tigress/xingz/gcc/lib/gcc/x86_64-pc-linux-gnu/6.3.0/../../../../lib64 -L/tigress/xingz/gcc/lib/gcc/x86_64-pc-linux-gnu/6.3.0/../../../../lib64/ -L/lib/../lib64 -L/lib/../lib64/ -L/usr/lib/../lib64 -L/usr/lib/../lib64/ -L/usr/local/fftw/intel-16.0/3.3.4/lib64/ -L/usr/local/boost/1.55.0/lib64/ -L/opt/intel/compilers_and_libraries_2018.3.222/linux/mpi/intel64/lib/ -L/usr/local/intel/lib64/intel-mpi/ -L/opt/intel/compilers_and_libraries_2018.3.222/linux/tbb/lib/intel64/gcc4.7/ -L/opt/intel/compilers_and_libraries_2018.3.222/linux/compiler/lib/intel64/ -L/opt/intel/compilers_and_libraries_2018.3.222/linux/mkl/lib/intel64/ -L/usr/local/intel/lib64/ -L/tigress/xingz/gcc/lib/gcc/x86_64-pc-linux-gnu/6.3.0/../../../ -L/lib64 -L/lib/ -L/usr/lib64 -L/usr/lib -lmpifort -lmpi -lmpigi -ldl -lrt -lpthread -lifport -lifcoremt -limf -lsvml -lm -lipgo -lirc -lirc_s -L/usr/local/boost/1.55.0/lib64 -L/usr/local/fftw/intel-16.0/3.3.4/lib64 -L/opt/intel/compilers_and_libraries_2018.3.222/linux/mpi/intel64/lib/release_mt -L/opt/intel/compilers_and_libraries_2018.3.222/linux/mpi/intel64/lib -L/usr/local/intel/lib64/intel-mpi -L/opt/intel/compilers_and_libraries_2018.3.222/linux/tbb/lib/intel64/gcc4.7 -L/opt/intel/compilers_and_libraries_2018.3.222/linux/compiler/lib/intel64 -L/opt/intel/compilers_and_libraries_2018.3.222/linux/mkl/lib/intel64 -L/usr/local/intel/lib64 -L/opt/intel/compilers_and_libraries_2018.3.222/linux/compiler/lib/intel64_lin -L/usr/local/fftw/intel-16.0/3.3.4/lib64/../lib64 -L/usr/local/fftw/intel-16.0/3.3.4/lib64/../lib64/ -L/usr/local/boost/1.55.0/lib64/../lib64 -L/usr/local/boost/1.55.0/lib64/../lib64/ -L/usr/local/intel/lib64/../lib64 -L/usr/local/intel/lib64/../lib64/ -L/tigress/xingz/gcc/lib/gcc/x86_64-pc-linux-gnu/6.3.0/ -L/tigress/xingz/gcc/lib/gcc/x86_64-pc-linux-gnu/6.3.0/../../../../lib64 -L/tigress/xingz/gcc/lib/gcc/x86_64-pc-linux-gnu/6.3.0/../../../../lib64/ -L/lib/../lib64 -L/lib/../lib64/ -L/usr/lib/../lib64 -L/usr/lib/../lib64/ -L/usr/local/fftw/intel-16.0/3.3.4/lib64/ -L/usr/local/boost/1.55.0/lib64/ -L/opt/intel/compilers_and_libraries_2018.3.222/linux/mpi/intel64/lib/ -L/usr/local/intel/lib64/intel-mpi/ -L/opt/intel/compilers_and_libraries_2018.3.222/linux/tbb/lib/intel64/gcc4.7/ -L/opt/intel/compilers_and_libraries_2018.3.222/linux/compiler/lib/intel64/ -L/opt/intel/compilers_and_libraries_2018.3.222/linux/mkl/lib/intel64/ -L/usr/local/intel/lib64/ -L/tigress/xingz/gcc/lib/gcc/x86_64-pc-linux-gnu/6.3.0/../../../ -L/lib64 -L/lib/ -L/usr/lib64 -L/usr/lib -lmpifort -lmpi -lmpigi -ldl -lrt -lpthread -lifport -lifcoremt -limf -lsvml -lm -lipgo -lirc -lirc_s 
mpiifort -DHAVE_CONFIG_H -I. -I../..  -I../../src/incs -I../../src/incs -I/tigress/xingz/abinit-8.10.2/fallbacks/exports/include  -I/tigress/xingz/abinit-8.10.2/fallbacks/exports/include   -free -module /tigress/xingz/abinit-8.10.2/src/mods   -O3 -g -extend-source -noaltparam -nofpscomp    -g -extend-source -noaltparam -nofpscomp   -c -o bsepostproc-bsepostproc.o `test -f 'bsepostproc.F90' || echo './'`bsepostproc.F90
mpiifort -free -module /tigress/xingz/abinit-8.10.2/src/mods   -O3 -g -extend-source -noaltparam -nofpscomp    -g -extend-source -noaltparam -nofpscomp   -static-intel -static-libgcc  -static-intel -static-libgcc  -o bsepostproc bsepostproc-bsepostproc.o -static-intel -static-libgcc  ../../src/95_drive/lib95_drive.a ../../src/94_scfcv/lib94_scfcv.a ../../src/79_seqpar_mpi/lib79_seqpar_mpi.a ../../src/78_effpot/lib78_effpot.a ../../src/78_eph/lib78_eph.a ../../src/77_ddb/lib77_ddb.a ../../src/77_suscep/lib77_suscep.a ../../src/72_response/lib72_response.a ../../src/71_bse/lib71_bse.a ../../src/71_wannier/lib71_wannier.a ../../src/70_gw/lib70_gw.a ../../src/69_wfdesc/lib69_wfdesc.a ../../src/68_dmft/lib68_dmft.a ../../src/68_recursion/lib68_recursion.a ../../src/68_rsprc/lib68_rsprc.a  ../../src/67_common/lib67_common.a ../../src/66_vdwxc/lib66_vdwxc.a ../../src/66_wfs/lib66_wfs.a ../../src/66_nonlocal/lib66_nonlocal.a ../../src/65_paw/lib65_paw.a ../../src/64_psp/lib64_psp.a ../../src/62_iowfdenpot/lib62_iowfdenpot.a ../../src/62_wvl_wfs/lib62_wvl_wfs.a ../../src/62_poisson/lib62_poisson.a ../../src/62_ctqmc/lib62_ctqmc.a ../../src/62_cg_noabirule/lib62_cg_noabirule.a ../../src/61_occeig/lib61_occeig.a ../../src/59_ionetcdf/lib59_ionetcdf.a ../../src/57_iovars/lib57_iovars.a ../../src/57_iopsp_parser/lib57_iopsp_parser.a ../../src/56_recipspace/lib56_recipspace.a ../../src/56_xc/lib56_xc.a ../../src/56_mixing/lib56_mixing.a ../../src/56_io_mpi/lib56_io_mpi.a ../../src/55_abiutil/lib55_abiutil.a ../../src/54_spacepar/lib54_spacepar.a ../../src/53_ffts/lib53_ffts.a  ../../src/52_fft_mpi_noabirule/lib52_fft_mpi_noabirule.a ../../src/51_manage_mpi/lib51_manage_mpi.a ../../src/49_gw_toolbox_oop/lib49_gw_toolbox_oop.a ../../src/46_diago/lib46_diago.a ../../src/45_xgTools/lib45_xgTools.a ../../src/45_geomoptim/lib45_geomoptim.a ../../src/44_abitypes_defs/lib44_abitypes_defs.a ../../src/44_abitools/lib44_abitools.a ../../src/43_wvl_wrappers/lib43_wvl_wrappers.a ../../src/43_ptgroups/lib43_ptgroups.a ../../src/42_parser/lib42_parser.a ../../src/42_nlstrain/lib42_nlstrain.a ../../src/42_libpaw/lib42_libpaw.a ../../src/41_xc_lowlevel/lib41_xc_lowlevel.a ../../src/41_geometry/lib41_geometry.a ../../src/32_util/lib32_util.a ../../src/29_kpoints/lib29_kpoints.a ../../src/28_numeric_noabirule/lib28_numeric_noabirule.a ../../src/27_toolbox_oop/lib27_toolbox_oop.a ../../src/21_hashfuncs/lib21_hashfuncs.a ../../src/18_timing/lib18_timing.a ../../src/17_libtetra_ext/lib17_libtetra_ext.a ../../src/16_hideleave/lib16_hideleave.a  ../../src/14_hidewrite/lib14_hidewrite.a ../../src/12_hide_mpi/lib12_hide_mpi.a ../../src/11_memory_mpi/lib11_memory_mpi.a ../../src/10_dumpinfo/lib10_dumpinfo.a ../../src/10_defs/lib10_defs.a ../../src/02_clib/lib02_clib.a  -L/tigress/xingz/abinit-8.10.2/fallbacks/exports/lib -lxcf90 -lxc -lfftw3 -lmkl_intel_lp64  -lmkl_intel_lp64 -L/opt/intel/compilers_and_libraries_2018.3.222/linux/mkl/lib/intel64 -lmkl_sequential -lmkl_core -lpthread -lm -lrt -L/usr/local/boost/1.55.0/lib64 -L/usr/local/fftw/intel-16.0/3.3.4/lib64 -L/opt/intel/compilers_and_libraries_2018.3.222/linux/mpi/intel64/lib/release_mt -L/opt/intel/compilers_and_libraries_2018.3.222/linux/mpi/intel64/lib -L/usr/local/intel/lib64/intel-mpi -L/opt/intel/compilers_and_libraries_2018.3.222/linux/tbb/lib/intel64/gcc4.7 -L/opt/intel/compilers_and_libraries_2018.3.222/linux/compiler/lib/intel64 -L/opt/intel/compilers_and_libraries_2018.3.222/linux/mkl/lib/intel64 -L/usr/local/intel/lib64 -L/opt/intel/compilers_and_libraries_2018.3.222/linux/compiler/lib/intel64_lin -L/usr/local/fftw/intel-16.0/3.3.4/lib64/../lib64 -L/usr/local/fftw/intel-16.0/3.3.4/lib64/../lib64/ -L/usr/local/boost/1.55.0/lib64/../lib64 -L/usr/local/boost/1.55.0/lib64/../lib64/ -L/usr/local/intel/lib64/../lib64 -L/usr/local/intel/lib64/../lib64/ -L/tigress/xingz/gcc/lib/gcc/x86_64-pc-linux-gnu/6.3.0/ -L/tigress/xingz/gcc/lib/gcc/x86_64-pc-linux-gnu/6.3.0/../../../../lib64 -L/tigress/xingz/gcc/lib/gcc/x86_64-pc-linux-gnu/6.3.0/../../../../lib64/ -L/lib/../lib64 -L/lib/../lib64/ -L/usr/lib/../lib64 -L/usr/lib/../lib64/ -L/usr/local/fftw/intel-16.0/3.3.4/lib64/ -L/usr/local/boost/1.55.0/lib64/ -L/opt/intel/compilers_and_libraries_2018.3.222/linux/mpi/intel64/lib/ -L/usr/local/intel/lib64/intel-mpi/ -L/opt/intel/compilers_and_libraries_2018.3.222/linux/tbb/lib/intel64/gcc4.7/ -L/opt/intel/compilers_and_libraries_2018.3.222/linux/compiler/lib/intel64/ -L/opt/intel/compilers_and_libraries_2018.3.222/linux/mkl/lib/intel64/ -L/usr/local/intel/lib64/ -L/tigress/xingz/gcc/lib/gcc/x86_64-pc-linux-gnu/6.3.0/../../../ -L/lib64 -L/lib/ -L/usr/lib64 -L/usr/lib -lmpifort -lmpi -lmpigi -ldl -lrt -lpthread -lifport -lifcoremt -limf -lsvml -lm -lipgo -lirc -lirc_s -L/usr/local/boost/1.55.0/lib64 -L/usr/local/fftw/intel-16.0/3.3.4/lib64 -L/opt/intel/compilers_and_libraries_2018.3.222/linux/mpi/intel64/lib/release_mt -L/opt/intel/compilers_and_libraries_2018.3.222/linux/mpi/intel64/lib -L/usr/local/intel/lib64/intel-mpi -L/opt/intel/compilers_and_libraries_2018.3.222/linux/tbb/lib/intel64/gcc4.7 -L/opt/intel/compilers_and_libraries_2018.3.222/linux/compiler/lib/intel64 -L/opt/intel/compilers_and_libraries_2018.3.222/linux/mkl/lib/intel64 -L/usr/local/intel/lib64 -L/opt/intel/compilers_and_libraries_2018.3.222/linux/compiler/lib/intel64_lin -L/usr/local/fftw/intel-16.0/3.3.4/lib64/../lib64 -L/usr/local/fftw/intel-16.0/3.3.4/lib64/../lib64/ -L/usr/local/boost/1.55.0/lib64/../lib64 -L/usr/local/boost/1.55.0/lib64/../lib64/ -L/usr/local/intel/lib64/../lib64 -L/usr/local/intel/lib64/../lib64/ -L/tigress/xingz/gcc/lib/gcc/x86_64-pc-linux-gnu/6.3.0/ -L/tigress/xingz/gcc/lib/gcc/x86_64-pc-linux-gnu/6.3.0/../../../../lib64 -L/tigress/xingz/gcc/lib/gcc/x86_64-pc-linux-gnu/6.3.0/../../../../lib64/ -L/lib/../lib64 -L/lib/../lib64/ -L/usr/lib/../lib64 -L/usr/lib/../lib64/ -L/usr/local/fftw/intel-16.0/3.3.4/lib64/ -L/usr/local/boost/1.55.0/lib64/ -L/opt/intel/compilers_and_libraries_2018.3.222/linux/mpi/intel64/lib/ -L/usr/local/intel/lib64/intel-mpi/ -L/opt/intel/compilers_and_libraries_2018.3.222/linux/tbb/lib/intel64/gcc4.7/ -L/opt/intel/compilers_and_libraries_2018.3.222/linux/compiler/lib/intel64/ -L/opt/intel/compilers_and_libraries_2018.3.222/linux/mkl/lib/intel64/ -L/usr/local/intel/lib64/ -L/tigress/xingz/gcc/lib/gcc/x86_64-pc-linux-gnu/6.3.0/../../../ -L/lib64 -L/lib/ -L/usr/lib64 -L/usr/lib -lmpifort -lmpi -lmpigi -ldl -lrt -lpthread -lifport -lifcoremt -limf -lsvml -lm -lipgo -lirc -lirc_s 
mpiifort -DHAVE_CONFIG_H -I. -I../..  -I../../src/incs -I../../src/incs -I/tigress/xingz/abinit-8.10.2/fallbacks/exports/include  -I/tigress/xingz/abinit-8.10.2/fallbacks/exports/include   -free -module /tigress/xingz/abinit-8.10.2/src/mods   -O3 -g -extend-source -noaltparam -nofpscomp    -g -extend-source -noaltparam -nofpscomp   -c -o conducti-conducti.o `test -f 'conducti.F90' || echo './'`conducti.F90
mpiifort -free -module /tigress/xingz/abinit-8.10.2/src/mods   -O3 -g -extend-source -noaltparam -nofpscomp    -g -extend-source -noaltparam -nofpscomp   -static-intel -static-libgcc  -static-intel -static-libgcc  -o conducti conducti-conducti.o -static-intel -static-libgcc  ../../src/71_wannier/lib71_wannier.a ../../src/70_gw/lib70_gw.a ../../src/69_wfdesc/lib69_wfdesc.a ../../src/67_common/lib67_common.a ../../src/66_vdwxc/lib66_vdwxc.a ../../src/66_wfs/lib66_wfs.a ../../src/66_nonlocal/lib66_nonlocal.a ../../src/65_paw/lib65_paw.a ../../src/64_psp/lib64_psp.a ../../src/62_iowfdenpot/lib62_iowfdenpot.a ../../src/62_wvl_wfs/lib62_wvl_wfs.a ../../src/62_poisson/lib62_poisson.a ../../src/62_cg_noabirule/lib62_cg_noabirule.a ../../src/62_ctqmc/lib62_ctqmc.a ../../src/61_occeig/lib61_occeig.a ../../src/59_ionetcdf/lib59_ionetcdf.a ../../src/57_iovars/lib57_iovars.a ../../src/57_iopsp_parser/lib57_iopsp_parser.a ../../src/56_xc/lib56_xc.a ../../src/56_recipspace/lib56_recipspace.a ../../src/56_mixing/lib56_mixing.a ../../src/56_io_mpi/lib56_io_mpi.a ../../src/55_abiutil/lib55_abiutil.a ../../src/54_spacepar/lib54_spacepar.a ../../src/53_ffts/lib53_ffts.a ../../src/52_fft_mpi_noabirule/lib52_fft_mpi_noabirule.a ../../src/51_manage_mpi/lib51_manage_mpi.a ../../src/49_gw_toolbox_oop/lib49_gw_toolbox_oop.a ../../src/45_geomoptim/lib45_geomoptim.a ../../src/44_abitypes_defs/lib44_abitypes_defs.a ../../src/44_abitools/lib44_abitools.a ../../src/43_wvl_wrappers/lib43_wvl_wrappers.a ../../src/43_ptgroups/lib43_ptgroups.a ../../src/42_parser/lib42_parser.a ../../src/42_nlstrain/lib42_nlstrain.a ../../src/42_libpaw/lib42_libpaw.a ../../src/41_xc_lowlevel/lib41_xc_lowlevel.a ../../src/41_geometry/lib41_geometry.a ../../src/32_util/lib32_util.a ../../src/29_kpoints/lib29_kpoints.a ../../src/28_numeric_noabirule/lib28_numeric_noabirule.a ../../src/27_toolbox_oop/lib27_toolbox_oop.a ../../src/21_hashfuncs/lib21_hashfuncs.a ../../src/18_timing/lib18_timing.a ../../src/17_libtetra_ext/lib17_libtetra_ext.a ../../src/16_hideleave/lib16_hideleave.a ../../src/14_hidewrite/lib14_hidewrite.a ../../src/12_hide_mpi/lib12_hide_mpi.a ../../src/11_memory_mpi/lib11_memory_mpi.a ../../src/10_dumpinfo/lib10_dumpinfo.a ../../src/10_defs/lib10_defs.a ../../src/02_clib/lib02_clib.a -L/tigress/xingz/abinit-8.10.2/fallbacks/exports/lib -lxcf90 -lxc -lfftw3 -lmkl_intel_lp64  -lmkl_intel_lp64 -L/opt/intel/compilers_and_libraries_2018.3.222/linux/mkl/lib/intel64 -lmkl_sequential -lmkl_core -lpthread -lm -lrt -L/usr/local/boost/1.55.0/lib64 -L/usr/local/fftw/intel-16.0/3.3.4/lib64 -L/opt/intel/compilers_and_libraries_2018.3.222/linux/mpi/intel64/lib/release_mt -L/opt/intel/compilers_and_libraries_2018.3.222/linux/mpi/intel64/lib -L/usr/local/intel/lib64/intel-mpi -L/opt/intel/compilers_and_libraries_2018.3.222/linux/tbb/lib/intel64/gcc4.7 -L/opt/intel/compilers_and_libraries_2018.3.222/linux/compiler/lib/intel64 -L/opt/intel/compilers_and_libraries_2018.3.222/linux/mkl/lib/intel64 -L/usr/local/intel/lib64 -L/opt/intel/compilers_and_libraries_2018.3.222/linux/compiler/lib/intel64_lin -L/usr/local/fftw/intel-16.0/3.3.4/lib64/../lib64 -L/usr/local/fftw/intel-16.0/3.3.4/lib64/../lib64/ -L/usr/local/boost/1.55.0/lib64/../lib64 -L/usr/local/boost/1.55.0/lib64/../lib64/ -L/usr/local/intel/lib64/../lib64 -L/usr/local/intel/lib64/../lib64/ -L/tigress/xingz/gcc/lib/gcc/x86_64-pc-linux-gnu/6.3.0/ -L/tigress/xingz/gcc/lib/gcc/x86_64-pc-linux-gnu/6.3.0/../../../../lib64 -L/tigress/xingz/gcc/lib/gcc/x86_64-pc-linux-gnu/6.3.0/../../../../lib64/ -L/lib/../lib64 -L/lib/../lib64/ -L/usr/lib/../lib64 -L/usr/lib/../lib64/ -L/usr/local/fftw/intel-16.0/3.3.4/lib64/ -L/usr/local/boost/1.55.0/lib64/ -L/opt/intel/compilers_and_libraries_2018.3.222/linux/mpi/intel64/lib/ -L/usr/local/intel/lib64/intel-mpi/ -L/opt/intel/compilers_and_libraries_2018.3.222/linux/tbb/lib/intel64/gcc4.7/ -L/opt/intel/compilers_and_libraries_2018.3.222/linux/compiler/lib/intel64/ -L/opt/intel/compilers_and_libraries_2018.3.222/linux/mkl/lib/intel64/ -L/usr/local/intel/lib64/ -L/tigress/xingz/gcc/lib/gcc/x86_64-pc-linux-gnu/6.3.0/../../../ -L/lib64 -L/lib/ -L/usr/lib64 -L/usr/lib -lmpifort -lmpi -lmpigi -ldl -lrt -lpthread -lifport -lifcoremt -limf -lsvml -lm -lipgo -lirc -lirc_s -L/usr/local/boost/1.55.0/lib64 -L/usr/local/fftw/intel-16.0/3.3.4/lib64 -L/opt/intel/compilers_and_libraries_2018.3.222/linux/mpi/intel64/lib/release_mt -L/opt/intel/compilers_and_libraries_2018.3.222/linux/mpi/intel64/lib -L/usr/local/intel/lib64/intel-mpi -L/opt/intel/compilers_and_libraries_2018.3.222/linux/tbb/lib/intel64/gcc4.7 -L/opt/intel/compilers_and_libraries_2018.3.222/linux/compiler/lib/intel64 -L/opt/intel/compilers_and_libraries_2018.3.222/linux/mkl/lib/intel64 -L/usr/local/intel/lib64 -L/opt/intel/compilers_and_libraries_2018.3.222/linux/compiler/lib/intel64_lin -L/usr/local/fftw/intel-16.0/3.3.4/lib64/../lib64 -L/usr/local/fftw/intel-16.0/3.3.4/lib64/../lib64/ -L/usr/local/boost/1.55.0/lib64/../lib64 -L/usr/local/boost/1.55.0/lib64/../lib64/ -L/usr/local/intel/lib64/../lib64 -L/usr/local/intel/lib64/../lib64/ -L/tigress/xingz/gcc/lib/gcc/x86_64-pc-linux-gnu/6.3.0/ -L/tigress/xingz/gcc/lib/gcc/x86_64-pc-linux-gnu/6.3.0/../../../../lib64 -L/tigress/xingz/gcc/lib/gcc/x86_64-pc-linux-gnu/6.3.0/../../../../lib64/ -L/lib/../lib64 -L/lib/../lib64/ -L/usr/lib/../lib64 -L/usr/lib/../lib64/ -L/usr/local/fftw/intel-16.0/3.3.4/lib64/ -L/usr/local/boost/1.55.0/lib64/ -L/opt/intel/compilers_and_libraries_2018.3.222/linux/mpi/intel64/lib/ -L/usr/local/intel/lib64/intel-mpi/ -L/opt/intel/compilers_and_libraries_2018.3.222/linux/tbb/lib/intel64/gcc4.7/ -L/opt/intel/compilers_and_libraries_2018.3.222/linux/compiler/lib/intel64/ -L/opt/intel/compilers_and_libraries_2018.3.222/linux/mkl/lib/intel64/ -L/usr/local/intel/lib64/ -L/tigress/xingz/gcc/lib/gcc/x86_64-pc-linux-gnu/6.3.0/../../../ -L/lib64 -L/lib/ -L/usr/lib64 -L/usr/lib -lmpifort -lmpi -lmpigi -ldl -lrt -lpthread -lifport -lifcoremt -limf -lsvml -lm -lipgo -lirc -lirc_s 
mpiifort -DHAVE_CONFIG_H -I. -I../..  -I../../src/incs -I../../src/incs -I/tigress/xingz/abinit-8.10.2/fallbacks/exports/include  -I/tigress/xingz/abinit-8.10.2/fallbacks/exports/include   -free -module /tigress/xingz/abinit-8.10.2/src/mods   -O3 -g -extend-source -noaltparam -nofpscomp    -g -extend-source -noaltparam -nofpscomp   -c -o cut3d-cut3d.o `test -f 'cut3d.F90' || echo './'`cut3d.F90
mpiifort -free -module /tigress/xingz/abinit-8.10.2/src/mods   -O3 -g -extend-source -noaltparam -nofpscomp    -g -extend-source -noaltparam -nofpscomp   -static-intel -static-libgcc  -static-intel -static-libgcc  -o cut3d cut3d-cut3d.o -static-intel -static-libgcc  ../../src/83_cut3d/lib83_cut3d.a ../../src/67_common/lib67_common.a ../../src/66_vdwxc/lib66_vdwxc.a ../../src/66_wfs/lib66_wfs.a ../../src/66_nonlocal/lib66_nonlocal.a ../../src/65_paw/lib65_paw.a ../../src/64_psp/lib64_psp.a ../../src/62_wvl_wfs/lib62_wvl_wfs.a ../../src/62_poisson/lib62_poisson.a ../../src/62_iowfdenpot/lib62_iowfdenpot.a ../../src/62_cg_noabirule/lib62_cg_noabirule.a ../../src/62_ctqmc/lib62_ctqmc.a ../../src/61_occeig/lib61_occeig.a ../../src/59_ionetcdf/lib59_ionetcdf.a ../../src/57_iovars/lib57_iovars.a ../../src/57_iopsp_parser/lib57_iopsp_parser.a ../../src/56_xc/lib56_xc.a ../../src/56_recipspace/lib56_recipspace.a ../../src/56_mixing/lib56_mixing.a ../../src/56_io_mpi/lib56_io_mpi.a ../../src/55_abiutil/lib55_abiutil.a ../../src/54_spacepar/lib54_spacepar.a ../../src/53_ffts/lib53_ffts.a  ../../src/52_fft_mpi_noabirule/lib52_fft_mpi_noabirule.a ../../src/51_manage_mpi/lib51_manage_mpi.a ../../src/49_gw_toolbox_oop/lib49_gw_toolbox_oop.a ../../src/45_geomoptim/lib45_geomoptim.a ../../src/44_abitypes_defs/lib44_abitypes_defs.a ../../src/44_abitools/lib44_abitools.a ../../src/43_wvl_wrappers/lib43_wvl_wrappers.a ../../src/43_ptgroups/lib43_ptgroups.a ../../src/42_parser/lib42_parser.a ../../src/42_nlstrain/lib42_nlstrain.a ../../src/42_libpaw/lib42_libpaw.a ../../src/41_xc_lowlevel/lib41_xc_lowlevel.a ../../src/41_geometry/lib41_geometry.a ../../src/32_util/lib32_util.a ../../src/29_kpoints/lib29_kpoints.a ../../src/28_numeric_noabirule/lib28_numeric_noabirule.a ../../src/27_toolbox_oop/lib27_toolbox_oop.a ../../src/21_hashfuncs/lib21_hashfuncs.a ../../src/18_timing/lib18_timing.a ../../src/17_libtetra_ext/lib17_libtetra_ext.a ../../src/16_hideleave/lib16_hideleave.a  ../../src/14_hidewrite/lib14_hidewrite.a ../../src/12_hide_mpi/lib12_hide_mpi.a ../../src/11_memory_mpi/lib11_memory_mpi.a ../../src/10_dumpinfo/lib10_dumpinfo.a ../../src/10_defs/lib10_defs.a ../../src/02_clib/lib02_clib.a -L/tigress/xingz/abinit-8.10.2/fallbacks/exports/lib -lxcf90 -lxc -lfftw3 -lmkl_intel_lp64  -lmkl_intel_lp64 -L/opt/intel/compilers_and_libraries_2018.3.222/linux/mkl/lib/intel64 -lmkl_sequential -lmkl_core -lpthread -lm -lrt -L/usr/local/boost/1.55.0/lib64 -L/usr/local/fftw/intel-16.0/3.3.4/lib64 -L/opt/intel/compilers_and_libraries_2018.3.222/linux/mpi/intel64/lib/release_mt -L/opt/intel/compilers_and_libraries_2018.3.222/linux/mpi/intel64/lib -L/usr/local/intel/lib64/intel-mpi -L/opt/intel/compilers_and_libraries_2018.3.222/linux/tbb/lib/intel64/gcc4.7 -L/opt/intel/compilers_and_libraries_2018.3.222/linux/compiler/lib/intel64 -L/opt/intel/compilers_and_libraries_2018.3.222/linux/mkl/lib/intel64 -L/usr/local/intel/lib64 -L/opt/intel/compilers_and_libraries_2018.3.222/linux/compiler/lib/intel64_lin -L/usr/local/fftw/intel-16.0/3.3.4/lib64/../lib64 -L/usr/local/fftw/intel-16.0/3.3.4/lib64/../lib64/ -L/usr/local/boost/1.55.0/lib64/../lib64 -L/usr/local/boost/1.55.0/lib64/../lib64/ -L/usr/local/intel/lib64/../lib64 -L/usr/local/intel/lib64/../lib64/ -L/tigress/xingz/gcc/lib/gcc/x86_64-pc-linux-gnu/6.3.0/ -L/tigress/xingz/gcc/lib/gcc/x86_64-pc-linux-gnu/6.3.0/../../../../lib64 -L/tigress/xingz/gcc/lib/gcc/x86_64-pc-linux-gnu/6.3.0/../../../../lib64/ -L/lib/../lib64 -L/lib/../lib64/ -L/usr/lib/../lib64 -L/usr/lib/../lib64/ -L/usr/local/fftw/intel-16.0/3.3.4/lib64/ -L/usr/local/boost/1.55.0/lib64/ -L/opt/intel/compilers_and_libraries_2018.3.222/linux/mpi/intel64/lib/ -L/usr/local/intel/lib64/intel-mpi/ -L/opt/intel/compilers_and_libraries_2018.3.222/linux/tbb/lib/intel64/gcc4.7/ -L/opt/intel/compilers_and_libraries_2018.3.222/linux/compiler/lib/intel64/ -L/opt/intel/compilers_and_libraries_2018.3.222/linux/mkl/lib/intel64/ -L/usr/local/intel/lib64/ -L/tigress/xingz/gcc/lib/gcc/x86_64-pc-linux-gnu/6.3.0/../../../ -L/lib64 -L/lib/ -L/usr/lib64 -L/usr/lib -lmpifort -lmpi -lmpigi -ldl -lrt -lpthread -lifport -lifcoremt -limf -lsvml -lm -lipgo -lirc -lirc_s -L/usr/local/boost/1.55.0/lib64 -L/usr/local/fftw/intel-16.0/3.3.4/lib64 -L/opt/intel/compilers_and_libraries_2018.3.222/linux/mpi/intel64/lib/release_mt -L/opt/intel/compilers_and_libraries_2018.3.222/linux/mpi/intel64/lib -L/usr/local/intel/lib64/intel-mpi -L/opt/intel/compilers_and_libraries_2018.3.222/linux/tbb/lib/intel64/gcc4.7 -L/opt/intel/compilers_and_libraries_2018.3.222/linux/compiler/lib/intel64 -L/opt/intel/compilers_and_libraries_2018.3.222/linux/mkl/lib/intel64 -L/usr/local/intel/lib64 -L/opt/intel/compilers_and_libraries_2018.3.222/linux/compiler/lib/intel64_lin -L/usr/local/fftw/intel-16.0/3.3.4/lib64/../lib64 -L/usr/local/fftw/intel-16.0/3.3.4/lib64/../lib64/ -L/usr/local/boost/1.55.0/lib64/../lib64 -L/usr/local/boost/1.55.0/lib64/../lib64/ -L/usr/local/intel/lib64/../lib64 -L/usr/local/intel/lib64/../lib64/ -L/tigress/xingz/gcc/lib/gcc/x86_64-pc-linux-gnu/6.3.0/ -L/tigress/xingz/gcc/lib/gcc/x86_64-pc-linux-gnu/6.3.0/../../../../lib64 -L/tigress/xingz/gcc/lib/gcc/x86_64-pc-linux-gnu/6.3.0/../../../../lib64/ -L/lib/../lib64 -L/lib/../lib64/ -L/usr/lib/../lib64 -L/usr/lib/../lib64/ -L/usr/local/fftw/intel-16.0/3.3.4/lib64/ -L/usr/local/boost/1.55.0/lib64/ -L/opt/intel/compilers_and_libraries_2018.3.222/linux/mpi/intel64/lib/ -L/usr/local/intel/lib64/intel-mpi/ -L/opt/intel/compilers_and_libraries_2018.3.222/linux/tbb/lib/intel64/gcc4.7/ -L/opt/intel/compilers_and_libraries_2018.3.222/linux/compiler/lib/intel64/ -L/opt/intel/compilers_and_libraries_2018.3.222/linux/mkl/lib/intel64/ -L/usr/local/intel/lib64/ -L/tigress/xingz/gcc/lib/gcc/x86_64-pc-linux-gnu/6.3.0/../../../ -L/lib64 -L/lib/ -L/usr/lib64 -L/usr/lib -lmpifort -lmpi -lmpigi -ldl -lrt -lpthread -lifport -lifcoremt -limf -lsvml -lm -lipgo -lirc -lirc_s 
mpiifort -DHAVE_CONFIG_H -I. -I../..  -I../../src/incs -I../../src/incs -I/tigress/xingz/abinit-8.10.2/fallbacks/exports/include    -free -module /tigress/xingz/abinit-8.10.2/src/mods   -O3 -g -extend-source -noaltparam -nofpscomp    -g -extend-source -noaltparam -nofpscomp   -c -o dummy_tests-dummy_tests.o `test -f 'dummy_tests.F90' || echo './'`dummy_tests.F90
mpiifort -free -module /tigress/xingz/abinit-8.10.2/src/mods   -O3 -g -extend-source -noaltparam -nofpscomp    -g -extend-source -noaltparam -nofpscomp   -static-intel -static-libgcc  -static-intel -static-libgcc  -o dummy_tests dummy_tests-dummy_tests.o -static-intel -static-libgcc  ../../src/32_util/lib32_util.a ../../src/29_kpoints/lib29_kpoints.a ../../src/28_numeric_noabirule/lib28_numeric_noabirule.a ../../src/27_toolbox_oop/lib27_toolbox_oop.a ../../src/18_timing/lib18_timing.a ../../src/17_libtetra_ext/lib17_libtetra_ext.a ../../src/16_hideleave/lib16_hideleave.a ../../src/14_hidewrite/lib14_hidewrite.a ../../src/12_hide_mpi/lib12_hide_mpi.a ../../src/11_memory_mpi/lib11_memory_mpi.a ../../src/10_dumpinfo/lib10_dumpinfo.a ../../src/10_defs/lib10_defs.a ../../src/02_clib/lib02_clib.a -L/usr/local/boost/1.55.0/lib64 -L/usr/local/fftw/intel-16.0/3.3.4/lib64 -L/opt/intel/compilers_and_libraries_2018.3.222/linux/mpi/intel64/lib/release_mt -L/opt/intel/compilers_and_libraries_2018.3.222/linux/mpi/intel64/lib -L/usr/local/intel/lib64/intel-mpi -L/opt/intel/compilers_and_libraries_2018.3.222/linux/tbb/lib/intel64/gcc4.7 -L/opt/intel/compilers_and_libraries_2018.3.222/linux/compiler/lib/intel64 -L/opt/intel/compilers_and_libraries_2018.3.222/linux/mkl/lib/intel64 -L/usr/local/intel/lib64 -L/opt/intel/compilers_and_libraries_2018.3.222/linux/compiler/lib/intel64_lin -L/usr/local/fftw/intel-16.0/3.3.4/lib64/../lib64 -L/usr/local/fftw/intel-16.0/3.3.4/lib64/../lib64/ -L/usr/local/boost/1.55.0/lib64/../lib64 -L/usr/local/boost/1.55.0/lib64/../lib64/ -L/usr/local/intel/lib64/../lib64 -L/usr/local/intel/lib64/../lib64/ -L/tigress/xingz/gcc/lib/gcc/x86_64-pc-linux-gnu/6.3.0/ -L/tigress/xingz/gcc/lib/gcc/x86_64-pc-linux-gnu/6.3.0/../../../../lib64 -L/tigress/xingz/gcc/lib/gcc/x86_64-pc-linux-gnu/6.3.0/../../../../lib64/ -L/lib/../lib64 -L/lib/../lib64/ -L/usr/lib/../lib64 -L/usr/lib/../lib64/ -L/usr/local/fftw/intel-16.0/3.3.4/lib64/ -L/usr/local/boost/1.55.0/lib64/ -L/opt/intel/compilers_and_libraries_2018.3.222/linux/mpi/intel64/lib/ -L/usr/local/intel/lib64/intel-mpi/ -L/opt/intel/compilers_and_libraries_2018.3.222/linux/tbb/lib/intel64/gcc4.7/ -L/opt/intel/compilers_and_libraries_2018.3.222/linux/compiler/lib/intel64/ -L/opt/intel/compilers_and_libraries_2018.3.222/linux/mkl/lib/intel64/ -L/usr/local/intel/lib64/ -L/tigress/xingz/gcc/lib/gcc/x86_64-pc-linux-gnu/6.3.0/../../../ -L/lib64 -L/lib/ -L/usr/lib64 -L/usr/lib -lmpifort -lmpi -lmpigi -ldl -lrt -lpthread -lifport -lifcoremt -limf -lsvml -lm -lipgo -lirc -lirc_s -L/usr/local/boost/1.55.0/lib64 -L/usr/local/fftw/intel-16.0/3.3.4/lib64 -L/opt/intel/compilers_and_libraries_2018.3.222/linux/mpi/intel64/lib/release_mt -L/opt/intel/compilers_and_libraries_2018.3.222/linux/mpi/intel64/lib -L/usr/local/intel/lib64/intel-mpi -L/opt/intel/compilers_and_libraries_2018.3.222/linux/tbb/lib/intel64/gcc4.7 -L/opt/intel/compilers_and_libraries_2018.3.222/linux/compiler/lib/intel64 -L/opt/intel/compilers_and_libraries_2018.3.222/linux/mkl/lib/intel64 -L/usr/local/intel/lib64 -L/opt/intel/compilers_and_libraries_2018.3.222/linux/compiler/lib/intel64_lin -L/usr/local/fftw/intel-16.0/3.3.4/lib64/../lib64 -L/usr/local/fftw/intel-16.0/3.3.4/lib64/../lib64/ -L/usr/local/boost/1.55.0/lib64/../lib64 -L/usr/local/boost/1.55.0/lib64/../lib64/ -L/usr/local/intel/lib64/../lib64 -L/usr/local/intel/lib64/../lib64/ -L/tigress/xingz/gcc/lib/gcc/x86_64-pc-linux-gnu/6.3.0/ -L/tigress/xingz/gcc/lib/gcc/x86_64-pc-linux-gnu/6.3.0/../../../../lib64 -L/tigress/xingz/gcc/lib/gcc/x86_64-pc-linux-gnu/6.3.0/../../../../lib64/ -L/lib/../lib64 -L/lib/../lib64/ -L/usr/lib/../lib64 -L/usr/lib/../lib64/ -L/usr/local/fftw/intel-16.0/3.3.4/lib64/ -L/usr/local/boost/1.55.0/lib64/ -L/opt/intel/compilers_and_libraries_2018.3.222/linux/mpi/intel64/lib/ -L/usr/local/intel/lib64/intel-mpi/ -L/opt/intel/compilers_and_libraries_2018.3.222/linux/tbb/lib/intel64/gcc4.7/ -L/opt/intel/compilers_and_libraries_2018.3.222/linux/compiler/lib/intel64/ -L/opt/intel/compilers_and_libraries_2018.3.222/linux/mkl/lib/intel64/ -L/usr/local/intel/lib64/ -L/tigress/xingz/gcc/lib/gcc/x86_64-pc-linux-gnu/6.3.0/../../../ -L/lib64 -L/lib/ -L/usr/lib64 -L/usr/lib -lmpifort -lmpi -lmpigi -ldl -lrt -lpthread -lifport -lifcoremt -limf -lsvml -lm -lipgo -lirc -lirc_s 
mpiifort -DHAVE_CONFIG_H -I. -I../..  -I../../src/incs -I../../src/incs -I/tigress/xingz/abinit-8.10.2/fallbacks/exports/include  -I/tigress/xingz/abinit-8.10.2/fallbacks/exports/include   -free -module /tigress/xingz/abinit-8.10.2/src/mods   -O3 -g -extend-source -noaltparam -nofpscomp    -g -extend-source -noaltparam -nofpscomp   -c -o fftprof-fftprof.o `test -f 'fftprof.F90' || echo './'`fftprof.F90
mpiifort -free -module /tigress/xingz/abinit-8.10.2/src/mods   -O3 -g -extend-source -noaltparam -nofpscomp    -g -extend-source -noaltparam -nofpscomp   -static-intel -static-libgcc  -static-intel -static-libgcc  -o fftprof fftprof-fftprof.o -static-intel -static-libgcc  ../../src/71_wannier/lib71_wannier.a ../../src/70_gw/lib70_gw.a ../../src/69_wfdesc/lib69_wfdesc.a ../../src/67_common/lib67_common.a ../../src/66_vdwxc/lib66_vdwxc.a ../../src/66_wfs/lib66_wfs.a ../../src/66_nonlocal/lib66_nonlocal.a ../../src/65_paw/lib65_paw.a ../../src/64_psp/lib64_psp.a ../../src/62_wvl_wfs/lib62_wvl_wfs.a ../../src/62_poisson/lib62_poisson.a ../../src/62_iowfdenpot/lib62_iowfdenpot.a ../../src/62_cg_noabirule/lib62_cg_noabirule.a ../../src/62_ctqmc/lib62_ctqmc.a ../../src/61_occeig/lib61_occeig.a ../../src/59_ionetcdf/lib59_ionetcdf.a ../../src/57_iovars/lib57_iovars.a ../../src/57_iopsp_parser/lib57_iopsp_parser.a ../../src/56_xc/lib56_xc.a ../../src/56_recipspace/lib56_recipspace.a ../../src/56_mixing/lib56_mixing.a ../../src/56_io_mpi/lib56_io_mpi.a ../../src/55_abiutil/lib55_abiutil.a ../../src/54_spacepar/lib54_spacepar.a ../../src/53_ffts/lib53_ffts.a  ../../src/52_fft_mpi_noabirule/lib52_fft_mpi_noabirule.a ../../src/51_manage_mpi/lib51_manage_mpi.a ../../src/49_gw_toolbox_oop/lib49_gw_toolbox_oop.a ../../src/45_geomoptim/lib45_geomoptim.a ../../src/44_abitypes_defs/lib44_abitypes_defs.a ../../src/44_abitools/lib44_abitools.a ../../src/43_wvl_wrappers/lib43_wvl_wrappers.a ../../src/43_ptgroups/lib43_ptgroups.a ../../src/42_parser/lib42_parser.a ../../src/42_nlstrain/lib42_nlstrain.a ../../src/42_libpaw/lib42_libpaw.a ../../src/41_xc_lowlevel/lib41_xc_lowlevel.a ../../src/41_geometry/lib41_geometry.a ../../src/32_util/lib32_util.a ../../src/29_kpoints/lib29_kpoints.a ../../src/28_numeric_noabirule/lib28_numeric_noabirule.a ../../src/27_toolbox_oop/lib27_toolbox_oop.a ../../src/21_hashfuncs/lib21_hashfuncs.a ../../src/18_timing/lib18_timing.a ../../src/17_libtetra_ext/lib17_libtetra_ext.a ../../src/16_hideleave/lib16_hideleave.a  ../../src/14_hidewrite/lib14_hidewrite.a ../../src/12_hide_mpi/lib12_hide_mpi.a ../../src/11_memory_mpi/lib11_memory_mpi.a ../../src/10_dumpinfo/lib10_dumpinfo.a ../../src/10_defs/lib10_defs.a ../../src/02_clib/lib02_clib.a -L/tigress/xingz/abinit-8.10.2/fallbacks/exports/lib -lxcf90 -lxc -lfftw3 -lmkl_intel_lp64  -lmkl_intel_lp64 -L/opt/intel/compilers_and_libraries_2018.3.222/linux/mkl/lib/intel64 -lmkl_sequential -lmkl_core -lpthread -lm -lrt -L/usr/local/boost/1.55.0/lib64 -L/usr/local/fftw/intel-16.0/3.3.4/lib64 -L/opt/intel/compilers_and_libraries_2018.3.222/linux/mpi/intel64/lib/release_mt -L/opt/intel/compilers_and_libraries_2018.3.222/linux/mpi/intel64/lib -L/usr/local/intel/lib64/intel-mpi -L/opt/intel/compilers_and_libraries_2018.3.222/linux/tbb/lib/intel64/gcc4.7 -L/opt/intel/compilers_and_libraries_2018.3.222/linux/compiler/lib/intel64 -L/opt/intel/compilers_and_libraries_2018.3.222/linux/mkl/lib/intel64 -L/usr/local/intel/lib64 -L/opt/intel/compilers_and_libraries_2018.3.222/linux/compiler/lib/intel64_lin -L/usr/local/fftw/intel-16.0/3.3.4/lib64/../lib64 -L/usr/local/fftw/intel-16.0/3.3.4/lib64/../lib64/ -L/usr/local/boost/1.55.0/lib64/../lib64 -L/usr/local/boost/1.55.0/lib64/../lib64/ -L/usr/local/intel/lib64/../lib64 -L/usr/local/intel/lib64/../lib64/ -L/tigress/xingz/gcc/lib/gcc/x86_64-pc-linux-gnu/6.3.0/ -L/tigress/xingz/gcc/lib/gcc/x86_64-pc-linux-gnu/6.3.0/../../../../lib64 -L/tigress/xingz/gcc/lib/gcc/x86_64-pc-linux-gnu/6.3.0/../../../../lib64/ -L/lib/../lib64 -L/lib/../lib64/ -L/usr/lib/../lib64 -L/usr/lib/../lib64/ -L/usr/local/fftw/intel-16.0/3.3.4/lib64/ -L/usr/local/boost/1.55.0/lib64/ -L/opt/intel/compilers_and_libraries_2018.3.222/linux/mpi/intel64/lib/ -L/usr/local/intel/lib64/intel-mpi/ -L/opt/intel/compilers_and_libraries_2018.3.222/linux/tbb/lib/intel64/gcc4.7/ -L/opt/intel/compilers_and_libraries_2018.3.222/linux/compiler/lib/intel64/ -L/opt/intel/compilers_and_libraries_2018.3.222/linux/mkl/lib/intel64/ -L/usr/local/intel/lib64/ -L/tigress/xingz/gcc/lib/gcc/x86_64-pc-linux-gnu/6.3.0/../../../ -L/lib64 -L/lib/ -L/usr/lib64 -L/usr/lib -lmpifort -lmpi -lmpigi -ldl -lrt -lpthread -lifport -lifcoremt -limf -lsvml -lm -lipgo -lirc -lirc_s -L/usr/local/boost/1.55.0/lib64 -L/usr/local/fftw/intel-16.0/3.3.4/lib64 -L/opt/intel/compilers_and_libraries_2018.3.222/linux/mpi/intel64/lib/release_mt -L/opt/intel/compilers_and_libraries_2018.3.222/linux/mpi/intel64/lib -L/usr/local/intel/lib64/intel-mpi -L/opt/intel/compilers_and_libraries_2018.3.222/linux/tbb/lib/intel64/gcc4.7 -L/opt/intel/compilers_and_libraries_2018.3.222/linux/compiler/lib/intel64 -L/opt/intel/compilers_and_libraries_2018.3.222/linux/mkl/lib/intel64 -L/usr/local/intel/lib64 -L/opt/intel/compilers_and_libraries_2018.3.222/linux/compiler/lib/intel64_lin -L/usr/local/fftw/intel-16.0/3.3.4/lib64/../lib64 -L/usr/local/fftw/intel-16.0/3.3.4/lib64/../lib64/ -L/usr/local/boost/1.55.0/lib64/../lib64 -L/usr/local/boost/1.55.0/lib64/../lib64/ -L/usr/local/intel/lib64/../lib64 -L/usr/local/intel/lib64/../lib64/ -L/tigress/xingz/gcc/lib/gcc/x86_64-pc-linux-gnu/6.3.0/ -L/tigress/xingz/gcc/lib/gcc/x86_64-pc-linux-gnu/6.3.0/../../../../lib64 -L/tigress/xingz/gcc/lib/gcc/x86_64-pc-linux-gnu/6.3.0/../../../../lib64/ -L/lib/../lib64 -L/lib/../lib64/ -L/usr/lib/../lib64 -L/usr/lib/../lib64/ -L/usr/local/fftw/intel-16.0/3.3.4/lib64/ -L/usr/local/boost/1.55.0/lib64/ -L/opt/intel/compilers_and_libraries_2018.3.222/linux/mpi/intel64/lib/ -L/usr/local/intel/lib64/intel-mpi/ -L/opt/intel/compilers_and_libraries_2018.3.222/linux/tbb/lib/intel64/gcc4.7/ -L/opt/intel/compilers_and_libraries_2018.3.222/linux/compiler/lib/intel64/ -L/opt/intel/compilers_and_libraries_2018.3.222/linux/mkl/lib/intel64/ -L/usr/local/intel/lib64/ -L/tigress/xingz/gcc/lib/gcc/x86_64-pc-linux-gnu/6.3.0/../../../ -L/lib64 -L/lib/ -L/usr/lib64 -L/usr/lib -lmpifort -lmpi -lmpigi -ldl -lrt -lpthread -lifport -lifcoremt -limf -lsvml -lm -lipgo -lirc -lirc_s 
mpiifort -DHAVE_CONFIG_H -I. -I../..  -I../../src/incs -I../../src/incs -I/tigress/xingz/abinit-8.10.2/fallbacks/exports/include  -I/tigress/xingz/abinit-8.10.2/fallbacks/exports/include   -free -module /tigress/xingz/abinit-8.10.2/src/mods   -O3 -g -extend-source -noaltparam -nofpscomp    -g -extend-source -noaltparam -nofpscomp   -c -o fold2Bloch-fold2Bloch.o `test -f 'fold2Bloch.F90' || echo './'`fold2Bloch.F90
mpiifort -free -module /tigress/xingz/abinit-8.10.2/src/mods   -O3 -g -extend-source -noaltparam -nofpscomp    -g -extend-source -noaltparam -nofpscomp   -static-intel -static-libgcc  -static-intel -static-libgcc  -o fold2Bloch fold2Bloch-fold2Bloch.o -static-intel -static-libgcc  ../../src/84_fold2Bloch/lib84_fold2Bloch.a ../../src/67_common/lib67_common.a ../../src/66_vdwxc/lib66_vdwxc.a ../../src/66_wfs/lib66_wfs.a ../../src/66_nonlocal/lib66_nonlocal.a ../../src/65_paw/lib65_paw.a ../../src/64_psp/lib64_psp.a ../../src/62_wvl_wfs/lib62_wvl_wfs.a ../../src/62_poisson/lib62_poisson.a ../../src/62_iowfdenpot/lib62_iowfdenpot.a ../../src/62_cg_noabirule/lib62_cg_noabirule.a ../../src/62_ctqmc/lib62_ctqmc.a ../../src/61_occeig/lib61_occeig.a ../../src/59_ionetcdf/lib59_ionetcdf.a ../../src/57_iovars/lib57_iovars.a ../../src/57_iopsp_parser/lib57_iopsp_parser.a ../../src/56_xc/lib56_xc.a ../../src/56_recipspace/lib56_recipspace.a ../../src/56_mixing/lib56_mixing.a ../../src/56_io_mpi/lib56_io_mpi.a ../../src/55_abiutil/lib55_abiutil.a ../../src/54_spacepar/lib54_spacepar.a ../../src/53_ffts/lib53_ffts.a  ../../src/52_fft_mpi_noabirule/lib52_fft_mpi_noabirule.a ../../src/51_manage_mpi/lib51_manage_mpi.a ../../src/49_gw_toolbox_oop/lib49_gw_toolbox_oop.a ../../src/45_geomoptim/lib45_geomoptim.a ../../src/44_abitypes_defs/lib44_abitypes_defs.a ../../src/44_abitools/lib44_abitools.a ../../src/43_wvl_wrappers/lib43_wvl_wrappers.a ../../src/43_ptgroups/lib43_ptgroups.a ../../src/42_parser/lib42_parser.a ../../src/42_nlstrain/lib42_nlstrain.a ../../src/42_libpaw/lib42_libpaw.a ../../src/41_xc_lowlevel/lib41_xc_lowlevel.a ../../src/41_geometry/lib41_geometry.a ../../src/32_util/lib32_util.a ../../src/29_kpoints/lib29_kpoints.a ../../src/28_numeric_noabirule/lib28_numeric_noabirule.a ../../src/27_toolbox_oop/lib27_toolbox_oop.a ../../src/21_hashfuncs/lib21_hashfuncs.a ../../src/18_timing/lib18_timing.a ../../src/17_libtetra_ext/lib17_libtetra_ext.a ../../src/16_hideleave/lib16_hideleave.a  ../../src/14_hidewrite/lib14_hidewrite.a ../../src/12_hide_mpi/lib12_hide_mpi.a ../../src/11_memory_mpi/lib11_memory_mpi.a ../../src/10_dumpinfo/lib10_dumpinfo.a ../../src/10_defs/lib10_defs.a ../../src/02_clib/lib02_clib.a -L/tigress/xingz/abinit-8.10.2/fallbacks/exports/lib -lxcf90 -lxc -lfftw3 -lmkl_intel_lp64  -lmkl_intel_lp64 -L/opt/intel/compilers_and_libraries_2018.3.222/linux/mkl/lib/intel64 -lmkl_sequential -lmkl_core -lpthread -lm -lrt -L/usr/local/boost/1.55.0/lib64 -L/usr/local/fftw/intel-16.0/3.3.4/lib64 -L/opt/intel/compilers_and_libraries_2018.3.222/linux/mpi/intel64/lib/release_mt -L/opt/intel/compilers_and_libraries_2018.3.222/linux/mpi/intel64/lib -L/usr/local/intel/lib64/intel-mpi -L/opt/intel/compilers_and_libraries_2018.3.222/linux/tbb/lib/intel64/gcc4.7 -L/opt/intel/compilers_and_libraries_2018.3.222/linux/compiler/lib/intel64 -L/opt/intel/compilers_and_libraries_2018.3.222/linux/mkl/lib/intel64 -L/usr/local/intel/lib64 -L/opt/intel/compilers_and_libraries_2018.3.222/linux/compiler/lib/intel64_lin -L/usr/local/fftw/intel-16.0/3.3.4/lib64/../lib64 -L/usr/local/fftw/intel-16.0/3.3.4/lib64/../lib64/ -L/usr/local/boost/1.55.0/lib64/../lib64 -L/usr/local/boost/1.55.0/lib64/../lib64/ -L/usr/local/intel/lib64/../lib64 -L/usr/local/intel/lib64/../lib64/ -L/tigress/xingz/gcc/lib/gcc/x86_64-pc-linux-gnu/6.3.0/ -L/tigress/xingz/gcc/lib/gcc/x86_64-pc-linux-gnu/6.3.0/../../../../lib64 -L/tigress/xingz/gcc/lib/gcc/x86_64-pc-linux-gnu/6.3.0/../../../../lib64/ -L/lib/../lib64 -L/lib/../lib64/ -L/usr/lib/../lib64 -L/usr/lib/../lib64/ -L/usr/local/fftw/intel-16.0/3.3.4/lib64/ -L/usr/local/boost/1.55.0/lib64/ -L/opt/intel/compilers_and_libraries_2018.3.222/linux/mpi/intel64/lib/ -L/usr/local/intel/lib64/intel-mpi/ -L/opt/intel/compilers_and_libraries_2018.3.222/linux/tbb/lib/intel64/gcc4.7/ -L/opt/intel/compilers_and_libraries_2018.3.222/linux/compiler/lib/intel64/ -L/opt/intel/compilers_and_libraries_2018.3.222/linux/mkl/lib/intel64/ -L/usr/local/intel/lib64/ -L/tigress/xingz/gcc/lib/gcc/x86_64-pc-linux-gnu/6.3.0/../../../ -L/lib64 -L/lib/ -L/usr/lib64 -L/usr/lib -lmpifort -lmpi -lmpigi -ldl -lrt -lpthread -lifport -lifcoremt -limf -lsvml -lm -lipgo -lirc -lirc_s -L/usr/local/boost/1.55.0/lib64 -L/usr/local/fftw/intel-16.0/3.3.4/lib64 -L/opt/intel/compilers_and_libraries_2018.3.222/linux/mpi/intel64/lib/release_mt -L/opt/intel/compilers_and_libraries_2018.3.222/linux/mpi/intel64/lib -L/usr/local/intel/lib64/intel-mpi -L/opt/intel/compilers_and_libraries_2018.3.222/linux/tbb/lib/intel64/gcc4.7 -L/opt/intel/compilers_and_libraries_2018.3.222/linux/compiler/lib/intel64 -L/opt/intel/compilers_and_libraries_2018.3.222/linux/mkl/lib/intel64 -L/usr/local/intel/lib64 -L/opt/intel/compilers_and_libraries_2018.3.222/linux/compiler/lib/intel64_lin -L/usr/local/fftw/intel-16.0/3.3.4/lib64/../lib64 -L/usr/local/fftw/intel-16.0/3.3.4/lib64/../lib64/ -L/usr/local/boost/1.55.0/lib64/../lib64 -L/usr/local/boost/1.55.0/lib64/../lib64/ -L/usr/local/intel/lib64/../lib64 -L/usr/local/intel/lib64/../lib64/ -L/tigress/xingz/gcc/lib/gcc/x86_64-pc-linux-gnu/6.3.0/ -L/tigress/xingz/gcc/lib/gcc/x86_64-pc-linux-gnu/6.3.0/../../../../lib64 -L/tigress/xingz/gcc/lib/gcc/x86_64-pc-linux-gnu/6.3.0/../../../../lib64/ -L/lib/../lib64 -L/lib/../lib64/ -L/usr/lib/../lib64 -L/usr/lib/../lib64/ -L/usr/local/fftw/intel-16.0/3.3.4/lib64/ -L/usr/local/boost/1.55.0/lib64/ -L/opt/intel/compilers_and_libraries_2018.3.222/linux/mpi/intel64/lib/ -L/usr/local/intel/lib64/intel-mpi/ -L/opt/intel/compilers_and_libraries_2018.3.222/linux/tbb/lib/intel64/gcc4.7/ -L/opt/intel/compilers_and_libraries_2018.3.222/linux/compiler/lib/intel64/ -L/opt/intel/compilers_and_libraries_2018.3.222/linux/mkl/lib/intel64/ -L/usr/local/intel/lib64/ -L/tigress/xingz/gcc/lib/gcc/x86_64-pc-linux-gnu/6.3.0/../../../ -L/lib64 -L/lib/ -L/usr/lib64 -L/usr/lib -lmpifort -lmpi -lmpigi -ldl -lrt -lpthread -lifport -lifcoremt -limf -lsvml -lm -lipgo -lirc -lirc_s 
mpiifort -DHAVE_CONFIG_H -I. -I../..  -I../../src/incs -I../../src/incs -I/tigress/xingz/abinit-8.10.2/fallbacks/exports/include  -I/tigress/xingz/abinit-8.10.2/fallbacks/exports/include   -free -module /tigress/xingz/abinit-8.10.2/src/mods   -O3 -g -extend-source -noaltparam -nofpscomp    -g -extend-source -noaltparam -nofpscomp   -c -o ioprof-ioprof.o `test -f 'ioprof.F90' || echo './'`ioprof.F90
mpiifort -free -module /tigress/xingz/abinit-8.10.2/src/mods   -O3 -g -extend-source -noaltparam -nofpscomp    -g -extend-source -noaltparam -nofpscomp   -static-intel -static-libgcc  -static-intel -static-libgcc  -o ioprof ioprof-ioprof.o -static-intel -static-libgcc  ../../src/95_drive/lib95_drive.a ../../src/94_scfcv/lib94_scfcv.a ../../src/79_seqpar_mpi/lib79_seqpar_mpi.a ../../src/78_effpot/lib78_effpot.a ../../src/78_eph/lib78_eph.a ../../src/77_ddb/lib77_ddb.a ../../src/77_suscep/lib77_suscep.a ../../src/72_response/lib72_response.a ../../src/71_bse/lib71_bse.a ../../src/71_wannier/lib71_wannier.a ../../src/70_gw/lib70_gw.a ../../src/69_wfdesc/lib69_wfdesc.a ../../src/68_dmft/lib68_dmft.a ../../src/68_recursion/lib68_recursion.a ../../src/68_rsprc/lib68_rsprc.a  ../../src/67_common/lib67_common.a ../../src/66_vdwxc/lib66_vdwxc.a ../../src/66_wfs/lib66_wfs.a ../../src/66_nonlocal/lib66_nonlocal.a ../../src/65_paw/lib65_paw.a ../../src/64_psp/lib64_psp.a ../../src/62_iowfdenpot/lib62_iowfdenpot.a ../../src/62_wvl_wfs/lib62_wvl_wfs.a ../../src/62_poisson/lib62_poisson.a ../../src/62_ctqmc/lib62_ctqmc.a ../../src/62_cg_noabirule/lib62_cg_noabirule.a ../../src/61_occeig/lib61_occeig.a ../../src/59_ionetcdf/lib59_ionetcdf.a ../../src/57_iovars/lib57_iovars.a ../../src/57_iopsp_parser/lib57_iopsp_parser.a ../../src/56_recipspace/lib56_recipspace.a ../../src/56_xc/lib56_xc.a ../../src/56_mixing/lib56_mixing.a ../../src/56_io_mpi/lib56_io_mpi.a ../../src/55_abiutil/lib55_abiutil.a ../../src/54_spacepar/lib54_spacepar.a ../../src/53_ffts/lib53_ffts.a  ../../src/52_fft_mpi_noabirule/lib52_fft_mpi_noabirule.a ../../src/51_manage_mpi/lib51_manage_mpi.a ../../src/49_gw_toolbox_oop/lib49_gw_toolbox_oop.a ../../src/46_diago/lib46_diago.a ../../src/45_xgTools/lib45_xgTools.a ../../src/45_geomoptim/lib45_geomoptim.a ../../src/44_abitypes_defs/lib44_abitypes_defs.a ../../src/44_abitools/lib44_abitools.a ../../src/43_wvl_wrappers/lib43_wvl_wrappers.a ../../src/43_ptgroups/lib43_ptgroups.a ../../src/42_libpaw/lib42_libpaw.a ../../src/42_nlstrain/lib42_nlstrain.a ../../src/42_parser/lib42_parser.a ../../src/41_xc_lowlevel/lib41_xc_lowlevel.a ../../src/41_geometry/lib41_geometry.a ../../src/32_util/lib32_util.a ../../src/29_kpoints/lib29_kpoints.a ../../src/28_numeric_noabirule/lib28_numeric_noabirule.a ../../src/27_toolbox_oop/lib27_toolbox_oop.a ../../src/21_hashfuncs/lib21_hashfuncs.a ../../src/18_timing/lib18_timing.a ../../src/17_libtetra_ext/lib17_libtetra_ext.a ../../src/16_hideleave/lib16_hideleave.a  ../../src/14_hidewrite/lib14_hidewrite.a ../../src/12_hide_mpi/lib12_hide_mpi.a ../../src/11_memory_mpi/lib11_memory_mpi.a ../../src/10_dumpinfo/lib10_dumpinfo.a ../../src/10_defs/lib10_defs.a ../../src/02_clib/lib02_clib.a -L/tigress/xingz/abinit-8.10.2/fallbacks/exports/lib -lxcf90 -lxc -lmkl_intel_lp64  -lmkl_intel_lp64 -L/opt/intel/compilers_and_libraries_2018.3.222/linux/mkl/lib/intel64 -lmkl_sequential -lmkl_core -lpthread -lm -lrt -L/usr/local/boost/1.55.0/lib64 -L/usr/local/fftw/intel-16.0/3.3.4/lib64 -L/opt/intel/compilers_and_libraries_2018.3.222/linux/mpi/intel64/lib/release_mt -L/opt/intel/compilers_and_libraries_2018.3.222/linux/mpi/intel64/lib -L/usr/local/intel/lib64/intel-mpi -L/opt/intel/compilers_and_libraries_2018.3.222/linux/tbb/lib/intel64/gcc4.7 -L/opt/intel/compilers_and_libraries_2018.3.222/linux/compiler/lib/intel64 -L/opt/intel/compilers_and_libraries_2018.3.222/linux/mkl/lib/intel64 -L/usr/local/intel/lib64 -L/opt/intel/compilers_and_libraries_2018.3.222/linux/compiler/lib/intel64_lin -L/usr/local/fftw/intel-16.0/3.3.4/lib64/../lib64 -L/usr/local/fftw/intel-16.0/3.3.4/lib64/../lib64/ -L/usr/local/boost/1.55.0/lib64/../lib64 -L/usr/local/boost/1.55.0/lib64/../lib64/ -L/usr/local/intel/lib64/../lib64 -L/usr/local/intel/lib64/../lib64/ -L/tigress/xingz/gcc/lib/gcc/x86_64-pc-linux-gnu/6.3.0/ -L/tigress/xingz/gcc/lib/gcc/x86_64-pc-linux-gnu/6.3.0/../../../../lib64 -L/tigress/xingz/gcc/lib/gcc/x86_64-pc-linux-gnu/6.3.0/../../../../lib64/ -L/lib/../lib64 -L/lib/../lib64/ -L/usr/lib/../lib64 -L/usr/lib/../lib64/ -L/usr/local/fftw/intel-16.0/3.3.4/lib64/ -L/usr/local/boost/1.55.0/lib64/ -L/opt/intel/compilers_and_libraries_2018.3.222/linux/mpi/intel64/lib/ -L/usr/local/intel/lib64/intel-mpi/ -L/opt/intel/compilers_and_libraries_2018.3.222/linux/tbb/lib/intel64/gcc4.7/ -L/opt/intel/compilers_and_libraries_2018.3.222/linux/compiler/lib/intel64/ -L/opt/intel/compilers_and_libraries_2018.3.222/linux/mkl/lib/intel64/ -L/usr/local/intel/lib64/ -L/tigress/xingz/gcc/lib/gcc/x86_64-pc-linux-gnu/6.3.0/../../../ -L/lib64 -L/lib/ -L/usr/lib64 -L/usr/lib -lmpifort -lmpi -lmpigi -ldl -lrt -lpthread -lifport -lifcoremt -limf -lsvml -lm -lipgo -lirc -lirc_s -L/usr/local/boost/1.55.0/lib64 -L/usr/local/fftw/intel-16.0/3.3.4/lib64 -L/opt/intel/compilers_and_libraries_2018.3.222/linux/mpi/intel64/lib/release_mt -L/opt/intel/compilers_and_libraries_2018.3.222/linux/mpi/intel64/lib -L/usr/local/intel/lib64/intel-mpi -L/opt/intel/compilers_and_libraries_2018.3.222/linux/tbb/lib/intel64/gcc4.7 -L/opt/intel/compilers_and_libraries_2018.3.222/linux/compiler/lib/intel64 -L/opt/intel/compilers_and_libraries_2018.3.222/linux/mkl/lib/intel64 -L/usr/local/intel/lib64 -L/opt/intel/compilers_and_libraries_2018.3.222/linux/compiler/lib/intel64_lin -L/usr/local/fftw/intel-16.0/3.3.4/lib64/../lib64 -L/usr/local/fftw/intel-16.0/3.3.4/lib64/../lib64/ -L/usr/local/boost/1.55.0/lib64/../lib64 -L/usr/local/boost/1.55.0/lib64/../lib64/ -L/usr/local/intel/lib64/../lib64 -L/usr/local/intel/lib64/../lib64/ -L/tigress/xingz/gcc/lib/gcc/x86_64-pc-linux-gnu/6.3.0/ -L/tigress/xingz/gcc/lib/gcc/x86_64-pc-linux-gnu/6.3.0/../../../../lib64 -L/tigress/xingz/gcc/lib/gcc/x86_64-pc-linux-gnu/6.3.0/../../../../lib64/ -L/lib/../lib64 -L/lib/../lib64/ -L/usr/lib/../lib64 -L/usr/lib/../lib64/ -L/usr/local/fftw/intel-16.0/3.3.4/lib64/ -L/usr/local/boost/1.55.0/lib64/ -L/opt/intel/compilers_and_libraries_2018.3.222/linux/mpi/intel64/lib/ -L/usr/local/intel/lib64/intel-mpi/ -L/opt/intel/compilers_and_libraries_2018.3.222/linux/tbb/lib/intel64/gcc4.7/ -L/opt/intel/compilers_and_libraries_2018.3.222/linux/compiler/lib/intel64/ -L/opt/intel/compilers_and_libraries_2018.3.222/linux/mkl/lib/intel64/ -L/usr/local/intel/lib64/ -L/tigress/xingz/gcc/lib/gcc/x86_64-pc-linux-gnu/6.3.0/../../../ -L/lib64 -L/lib/ -L/usr/lib64 -L/usr/lib -lmpifort -lmpi -lmpigi -ldl -lrt -lpthread -lifport -lifcoremt -limf -lsvml -lm -lipgo -lirc -lirc_s 
mpiifort -DHAVE_CONFIG_H -I. -I../..  -I../../src/incs -I../../src/incs -I/tigress/xingz/abinit-8.10.2/fallbacks/exports/include  -I/tigress/xingz/abinit-8.10.2/fallbacks/exports/include   -free -module /tigress/xingz/abinit-8.10.2/src/mods   -O3 -g -extend-source -noaltparam -nofpscomp    -g -extend-source -noaltparam -nofpscomp   -c -o lapackprof-lapackprof.o `test -f 'lapackprof.F90' || echo './'`lapackprof.F90
mpiifort -free -module /tigress/xingz/abinit-8.10.2/src/mods   -O3 -g -extend-source -noaltparam -nofpscomp    -g -extend-source -noaltparam -nofpscomp   -static-intel -static-libgcc  -static-intel -static-libgcc  -o lapackprof lapackprof-lapackprof.o -static-intel -static-libgcc  ../../src/71_wannier/lib71_wannier.a ../../src/70_gw/lib70_gw.a ../../src/69_wfdesc/lib69_wfdesc.a ../../src/67_common/lib67_common.a ../../src/66_vdwxc/lib66_vdwxc.a ../../src/66_wfs/lib66_wfs.a ../../src/66_nonlocal/lib66_nonlocal.a ../../src/65_paw/lib65_paw.a ../../src/64_psp/lib64_psp.a ../../src/62_wvl_wfs/lib62_wvl_wfs.a ../../src/62_poisson/lib62_poisson.a ../../src/62_iowfdenpot/lib62_iowfdenpot.a ../../src/62_cg_noabirule/lib62_cg_noabirule.a ../../src/62_ctqmc/lib62_ctqmc.a ../../src/61_occeig/lib61_occeig.a ../../src/59_ionetcdf/lib59_ionetcdf.a ../../src/57_iovars/lib57_iovars.a ../../src/57_iopsp_parser/lib57_iopsp_parser.a ../../src/56_xc/lib56_xc.a ../../src/56_recipspace/lib56_recipspace.a ../../src/56_mixing/lib56_mixing.a ../../src/56_io_mpi/lib56_io_mpi.a ../../src/55_abiutil/lib55_abiutil.a ../../src/54_spacepar/lib54_spacepar.a ../../src/53_ffts/lib53_ffts.a  ../../src/52_fft_mpi_noabirule/lib52_fft_mpi_noabirule.a ../../src/51_manage_mpi/lib51_manage_mpi.a ../../src/49_gw_toolbox_oop/lib49_gw_toolbox_oop.a ../../src/45_geomoptim/lib45_geomoptim.a ../../src/44_abitypes_defs/lib44_abitypes_defs.a ../../src/44_abitools/lib44_abitools.a ../../src/43_wvl_wrappers/lib43_wvl_wrappers.a ../../src/43_ptgroups/lib43_ptgroups.a ../../src/42_parser/lib42_parser.a ../../src/42_nlstrain/lib42_nlstrain.a ../../src/42_libpaw/lib42_libpaw.a ../../src/41_xc_lowlevel/lib41_xc_lowlevel.a ../../src/41_geometry/lib41_geometry.a ../../src/32_util/lib32_util.a ../../src/29_kpoints/lib29_kpoints.a ../../src/28_numeric_noabirule/lib28_numeric_noabirule.a ../../src/27_toolbox_oop/lib27_toolbox_oop.a ../../src/21_hashfuncs/lib21_hashfuncs.a ../../src/18_timing/lib18_timing.a ../../src/17_libtetra_ext/lib17_libtetra_ext.a ../../src/16_hideleave/lib16_hideleave.a  ../../src/14_hidewrite/lib14_hidewrite.a ../../src/12_hide_mpi/lib12_hide_mpi.a ../../src/11_memory_mpi/lib11_memory_mpi.a ../../src/10_dumpinfo/lib10_dumpinfo.a ../../src/10_defs/lib10_defs.a ../../src/02_clib/lib02_clib.a -L/tigress/xingz/abinit-8.10.2/fallbacks/exports/lib -lxcf90 -lxc -lfftw3 -lmkl_intel_lp64  -lmkl_intel_lp64 -L/opt/intel/compilers_and_libraries_2018.3.222/linux/mkl/lib/intel64 -lmkl_sequential -lmkl_core -lpthread -lm -lrt -L/usr/local/boost/1.55.0/lib64 -L/usr/local/fftw/intel-16.0/3.3.4/lib64 -L/opt/intel/compilers_and_libraries_2018.3.222/linux/mpi/intel64/lib/release_mt -L/opt/intel/compilers_and_libraries_2018.3.222/linux/mpi/intel64/lib -L/usr/local/intel/lib64/intel-mpi -L/opt/intel/compilers_and_libraries_2018.3.222/linux/tbb/lib/intel64/gcc4.7 -L/opt/intel/compilers_and_libraries_2018.3.222/linux/compiler/lib/intel64 -L/opt/intel/compilers_and_libraries_2018.3.222/linux/mkl/lib/intel64 -L/usr/local/intel/lib64 -L/opt/intel/compilers_and_libraries_2018.3.222/linux/compiler/lib/intel64_lin -L/usr/local/fftw/intel-16.0/3.3.4/lib64/../lib64 -L/usr/local/fftw/intel-16.0/3.3.4/lib64/../lib64/ -L/usr/local/boost/1.55.0/lib64/../lib64 -L/usr/local/boost/1.55.0/lib64/../lib64/ -L/usr/local/intel/lib64/../lib64 -L/usr/local/intel/lib64/../lib64/ -L/tigress/xingz/gcc/lib/gcc/x86_64-pc-linux-gnu/6.3.0/ -L/tigress/xingz/gcc/lib/gcc/x86_64-pc-linux-gnu/6.3.0/../../../../lib64 -L/tigress/xingz/gcc/lib/gcc/x86_64-pc-linux-gnu/6.3.0/../../../../lib64/ -L/lib/../lib64 -L/lib/../lib64/ -L/usr/lib/../lib64 -L/usr/lib/../lib64/ -L/usr/local/fftw/intel-16.0/3.3.4/lib64/ -L/usr/local/boost/1.55.0/lib64/ -L/opt/intel/compilers_and_libraries_2018.3.222/linux/mpi/intel64/lib/ -L/usr/local/intel/lib64/intel-mpi/ -L/opt/intel/compilers_and_libraries_2018.3.222/linux/tbb/lib/intel64/gcc4.7/ -L/opt/intel/compilers_and_libraries_2018.3.222/linux/compiler/lib/intel64/ -L/opt/intel/compilers_and_libraries_2018.3.222/linux/mkl/lib/intel64/ -L/usr/local/intel/lib64/ -L/tigress/xingz/gcc/lib/gcc/x86_64-pc-linux-gnu/6.3.0/../../../ -L/lib64 -L/lib/ -L/usr/lib64 -L/usr/lib -lmpifort -lmpi -lmpigi -ldl -lrt -lpthread -lifport -lifcoremt -limf -lsvml -lm -lipgo -lirc -lirc_s -L/usr/local/boost/1.55.0/lib64 -L/usr/local/fftw/intel-16.0/3.3.4/lib64 -L/opt/intel/compilers_and_libraries_2018.3.222/linux/mpi/intel64/lib/release_mt -L/opt/intel/compilers_and_libraries_2018.3.222/linux/mpi/intel64/lib -L/usr/local/intel/lib64/intel-mpi -L/opt/intel/compilers_and_libraries_2018.3.222/linux/tbb/lib/intel64/gcc4.7 -L/opt/intel/compilers_and_libraries_2018.3.222/linux/compiler/lib/intel64 -L/opt/intel/compilers_and_libraries_2018.3.222/linux/mkl/lib/intel64 -L/usr/local/intel/lib64 -L/opt/intel/compilers_and_libraries_2018.3.222/linux/compiler/lib/intel64_lin -L/usr/local/fftw/intel-16.0/3.3.4/lib64/../lib64 -L/usr/local/fftw/intel-16.0/3.3.4/lib64/../lib64/ -L/usr/local/boost/1.55.0/lib64/../lib64 -L/usr/local/boost/1.55.0/lib64/../lib64/ -L/usr/local/intel/lib64/../lib64 -L/usr/local/intel/lib64/../lib64/ -L/tigress/xingz/gcc/lib/gcc/x86_64-pc-linux-gnu/6.3.0/ -L/tigress/xingz/gcc/lib/gcc/x86_64-pc-linux-gnu/6.3.0/../../../../lib64 -L/tigress/xingz/gcc/lib/gcc/x86_64-pc-linux-gnu/6.3.0/../../../../lib64/ -L/lib/../lib64 -L/lib/../lib64/ -L/usr/lib/../lib64 -L/usr/lib/../lib64/ -L/usr/local/fftw/intel-16.0/3.3.4/lib64/ -L/usr/local/boost/1.55.0/lib64/ -L/opt/intel/compilers_and_libraries_2018.3.222/linux/mpi/intel64/lib/ -L/usr/local/intel/lib64/intel-mpi/ -L/opt/intel/compilers_and_libraries_2018.3.222/linux/tbb/lib/intel64/gcc4.7/ -L/opt/intel/compilers_and_libraries_2018.3.222/linux/compiler/lib/intel64/ -L/opt/intel/compilers_and_libraries_2018.3.222/linux/mkl/lib/intel64/ -L/usr/local/intel/lib64/ -L/tigress/xingz/gcc/lib/gcc/x86_64-pc-linux-gnu/6.3.0/../../../ -L/lib64 -L/lib/ -L/usr/lib64 -L/usr/lib -lmpifort -lmpi -lmpigi -ldl -lrt -lpthread -lifport -lifcoremt -limf -lsvml -lm -lipgo -lirc -lirc_s 
mpiifort -DHAVE_CONFIG_H -I. -I../..  -I../../src/incs -I../../src/incs -I/tigress/xingz/abinit-8.10.2/fallbacks/exports/include  -I/tigress/xingz/abinit-8.10.2/fallbacks/exports/include   -free -module /tigress/xingz/abinit-8.10.2/src/mods   -O3 -g -extend-source -noaltparam -nofpscomp    -g -extend-source -noaltparam -nofpscomp   -c -o mrgddb-mrgddb.o `test -f 'mrgddb.F90' || echo './'`mrgddb.F90
mpiifort -free -module /tigress/xingz/abinit-8.10.2/src/mods   -O3 -g -extend-source -noaltparam -nofpscomp    -g -extend-source -noaltparam -nofpscomp   -static-intel -static-libgcc  -static-intel -static-libgcc  -o mrgddb mrgddb-mrgddb.o -static-intel -static-libgcc  ../../src/77_ddb/lib77_ddb.a ../../src/72_response/lib72_response.a ../../src/69_wfdesc/lib69_wfdesc.a ../../src/68_rsprc/lib68_rsprc.a ../../src/67_common/lib67_common.a ../../src/66_vdwxc/lib66_vdwxc.a ../../src/66_wfs/lib66_wfs.a ../../src/66_nonlocal/lib66_nonlocal.a ../../src/65_paw/lib65_paw.a ../../src/64_psp/lib64_psp.a ../../src/62_wvl_wfs/lib62_wvl_wfs.a ../../src/62_poisson/lib62_poisson.a ../../src/62_iowfdenpot/lib62_iowfdenpot.a ../../src/62_cg_noabirule/lib62_cg_noabirule.a ../../src/62_ctqmc/lib62_ctqmc.a ../../src/62_cg_noabirule/lib62_cg_noabirule.a ../../src/61_occeig/lib61_occeig.a ../../src/59_ionetcdf/lib59_ionetcdf.a ../../src/57_iovars/lib57_iovars.a ../../src/57_iopsp_parser/lib57_iopsp_parser.a ../../src/56_xc/lib56_xc.a ../../src/56_recipspace/lib56_recipspace.a ../../src/56_mixing/lib56_mixing.a ../../src/56_io_mpi/lib56_io_mpi.a ../../src/55_abiutil/lib55_abiutil.a ../../src/54_spacepar/lib54_spacepar.a ../../src/53_ffts/lib53_ffts.a ../../src/52_fft_mpi_noabirule/lib52_fft_mpi_noabirule.a ../../src/51_manage_mpi/lib51_manage_mpi.a ../../src/49_gw_toolbox_oop/lib49_gw_toolbox_oop.a ../../src/45_geomoptim/lib45_geomoptim.a ../../src/44_abitypes_defs/lib44_abitypes_defs.a ../../src/44_abitools/lib44_abitools.a ../../src/43_wvl_wrappers/lib43_wvl_wrappers.a ../../src/43_ptgroups/lib43_ptgroups.a ../../src/42_parser/lib42_parser.a ../../src/42_nlstrain/lib42_nlstrain.a ../../src/42_libpaw/lib42_libpaw.a ../../src/41_xc_lowlevel/lib41_xc_lowlevel.a ../../src/41_geometry/lib41_geometry.a ../../src/32_util/lib32_util.a ../../src/29_kpoints/lib29_kpoints.a ../../src/28_numeric_noabirule/lib28_numeric_noabirule.a ../../src/27_toolbox_oop/lib27_toolbox_oop.a ../../src/21_hashfuncs/lib21_hashfuncs.a ../../src/18_timing/lib18_timing.a ../../src/17_libtetra_ext/lib17_libtetra_ext.a ../../src/16_hideleave/lib16_hideleave.a  ../../src/14_hidewrite/lib14_hidewrite.a ../../src/12_hide_mpi/lib12_hide_mpi.a ../../src/11_memory_mpi/lib11_memory_mpi.a ../../src/10_dumpinfo/lib10_dumpinfo.a ../../src/10_defs/lib10_defs.a ../../src/02_clib/lib02_clib.a -lfftw3 -L/tigress/xingz/abinit-8.10.2/fallbacks/exports/lib -lxcf90 -lxc -lmkl_intel_lp64  -lmkl_intel_lp64 -L/opt/intel/compilers_and_libraries_2018.3.222/linux/mkl/lib/intel64 -lmkl_sequential -lmkl_core -lpthread -lm -lrt -L/usr/local/boost/1.55.0/lib64 -L/usr/local/fftw/intel-16.0/3.3.4/lib64 -L/opt/intel/compilers_and_libraries_2018.3.222/linux/mpi/intel64/lib/release_mt -L/opt/intel/compilers_and_libraries_2018.3.222/linux/mpi/intel64/lib -L/usr/local/intel/lib64/intel-mpi -L/opt/intel/compilers_and_libraries_2018.3.222/linux/tbb/lib/intel64/gcc4.7 -L/opt/intel/compilers_and_libraries_2018.3.222/linux/compiler/lib/intel64 -L/opt/intel/compilers_and_libraries_2018.3.222/linux/mkl/lib/intel64 -L/usr/local/intel/lib64 -L/opt/intel/compilers_and_libraries_2018.3.222/linux/compiler/lib/intel64_lin -L/usr/local/fftw/intel-16.0/3.3.4/lib64/../lib64 -L/usr/local/fftw/intel-16.0/3.3.4/lib64/../lib64/ -L/usr/local/boost/1.55.0/lib64/../lib64 -L/usr/local/boost/1.55.0/lib64/../lib64/ -L/usr/local/intel/lib64/../lib64 -L/usr/local/intel/lib64/../lib64/ -L/tigress/xingz/gcc/lib/gcc/x86_64-pc-linux-gnu/6.3.0/ -L/tigress/xingz/gcc/lib/gcc/x86_64-pc-linux-gnu/6.3.0/../../../../lib64 -L/tigress/xingz/gcc/lib/gcc/x86_64-pc-linux-gnu/6.3.0/../../../../lib64/ -L/lib/../lib64 -L/lib/../lib64/ -L/usr/lib/../lib64 -L/usr/lib/../lib64/ -L/usr/local/fftw/intel-16.0/3.3.4/lib64/ -L/usr/local/boost/1.55.0/lib64/ -L/opt/intel/compilers_and_libraries_2018.3.222/linux/mpi/intel64/lib/ -L/usr/local/intel/lib64/intel-mpi/ -L/opt/intel/compilers_and_libraries_2018.3.222/linux/tbb/lib/intel64/gcc4.7/ -L/opt/intel/compilers_and_libraries_2018.3.222/linux/compiler/lib/intel64/ -L/opt/intel/compilers_and_libraries_2018.3.222/linux/mkl/lib/intel64/ -L/usr/local/intel/lib64/ -L/tigress/xingz/gcc/lib/gcc/x86_64-pc-linux-gnu/6.3.0/../../../ -L/lib64 -L/lib/ -L/usr/lib64 -L/usr/lib -lmpifort -lmpi -lmpigi -ldl -lrt -lpthread -lifport -lifcoremt -limf -lsvml -lm -lipgo -lirc -lirc_s -L/usr/local/boost/1.55.0/lib64 -L/usr/local/fftw/intel-16.0/3.3.4/lib64 -L/opt/intel/compilers_and_libraries_2018.3.222/linux/mpi/intel64/lib/release_mt -L/opt/intel/compilers_and_libraries_2018.3.222/linux/mpi/intel64/lib -L/usr/local/intel/lib64/intel-mpi -L/opt/intel/compilers_and_libraries_2018.3.222/linux/tbb/lib/intel64/gcc4.7 -L/opt/intel/compilers_and_libraries_2018.3.222/linux/compiler/lib/intel64 -L/opt/intel/compilers_and_libraries_2018.3.222/linux/mkl/lib/intel64 -L/usr/local/intel/lib64 -L/opt/intel/compilers_and_libraries_2018.3.222/linux/compiler/lib/intel64_lin -L/usr/local/fftw/intel-16.0/3.3.4/lib64/../lib64 -L/usr/local/fftw/intel-16.0/3.3.4/lib64/../lib64/ -L/usr/local/boost/1.55.0/lib64/../lib64 -L/usr/local/boost/1.55.0/lib64/../lib64/ -L/usr/local/intel/lib64/../lib64 -L/usr/local/intel/lib64/../lib64/ -L/tigress/xingz/gcc/lib/gcc/x86_64-pc-linux-gnu/6.3.0/ -L/tigress/xingz/gcc/lib/gcc/x86_64-pc-linux-gnu/6.3.0/../../../../lib64 -L/tigress/xingz/gcc/lib/gcc/x86_64-pc-linux-gnu/6.3.0/../../../../lib64/ -L/lib/../lib64 -L/lib/../lib64/ -L/usr/lib/../lib64 -L/usr/lib/../lib64/ -L/usr/local/fftw/intel-16.0/3.3.4/lib64/ -L/usr/local/boost/1.55.0/lib64/ -L/opt/intel/compilers_and_libraries_2018.3.222/linux/mpi/intel64/lib/ -L/usr/local/intel/lib64/intel-mpi/ -L/opt/intel/compilers_and_libraries_2018.3.222/linux/tbb/lib/intel64/gcc4.7/ -L/opt/intel/compilers_and_libraries_2018.3.222/linux/compiler/lib/intel64/ -L/opt/intel/compilers_and_libraries_2018.3.222/linux/mkl/lib/intel64/ -L/usr/local/intel/lib64/ -L/tigress/xingz/gcc/lib/gcc/x86_64-pc-linux-gnu/6.3.0/../../../ -L/lib64 -L/lib/ -L/usr/lib64 -L/usr/lib -lmpifort -lmpi -lmpigi -ldl -lrt -lpthread -lifport -lifcoremt -limf -lsvml -lm -lipgo -lirc -lirc_s 
mpiifort -DHAVE_CONFIG_H -I. -I../..  -I../../src/incs -I../../src/incs -I/tigress/xingz/abinit-8.10.2/fallbacks/exports/include  -I/tigress/xingz/abinit-8.10.2/fallbacks/exports/include   -free -module /tigress/xingz/abinit-8.10.2/src/mods   -O3 -g -extend-source -noaltparam -nofpscomp    -g -extend-source -noaltparam -nofpscomp   -c -o mrgdv-mrgdv.o `test -f 'mrgdv.F90' || echo './'`mrgdv.F90
mpiifort -free -module /tigress/xingz/abinit-8.10.2/src/mods   -O3 -g -extend-source -noaltparam -nofpscomp    -g -extend-source -noaltparam -nofpscomp   -static-intel -static-libgcc  -static-intel -static-libgcc  -o mrgdv mrgdv-mrgdv.o -static-intel -static-libgcc  ../../src/95_drive/lib95_drive.a ../../src/94_scfcv/lib94_scfcv.a ../../src/79_seqpar_mpi/lib79_seqpar_mpi.a ../../src/78_effpot/lib78_effpot.a ../../src/78_eph/lib78_eph.a ../../src/77_ddb/lib77_ddb.a ../../src/77_suscep/lib77_suscep.a ../../src/72_response/lib72_response.a ../../src/71_bse/lib71_bse.a ../../src/71_wannier/lib71_wannier.a ../../src/70_gw/lib70_gw.a ../../src/69_wfdesc/lib69_wfdesc.a ../../src/68_dmft/lib68_dmft.a  ../../src/68_recursion/lib68_recursion.a ../../src/68_rsprc/lib68_rsprc.a  ../../src/67_common/lib67_common.a ../../src/66_vdwxc/lib66_vdwxc.a ../../src/66_wfs/lib66_wfs.a ../../src/66_nonlocal/lib66_nonlocal.a ../../src/65_paw/lib65_paw.a  ../../src/64_psp/lib64_psp.a ../../src/62_iowfdenpot/lib62_iowfdenpot.a ../../src/62_wvl_wfs/lib62_wvl_wfs.a ../../src/62_poisson/lib62_poisson.a ../../src/62_cg_noabirule/lib62_cg_noabirule.a ../../src/62_ctqmc/lib62_ctqmc.a ../../src/61_occeig/lib61_occeig.a ../../src/59_ionetcdf/lib59_ionetcdf.a ../../src/57_iovars/lib57_iovars.a ../../src/57_iopsp_parser/lib57_iopsp_parser.a ../../src/56_recipspace/lib56_recipspace.a ../../src/56_xc/lib56_xc.a ../../src/56_mixing/lib56_mixing.a ../../src/56_io_mpi/lib56_io_mpi.a ../../src/55_abiutil/lib55_abiutil.a ../../src/54_spacepar/lib54_spacepar.a ../../src/53_ffts/lib53_ffts.a  ../../src/52_fft_mpi_noabirule/lib52_fft_mpi_noabirule.a ../../src/51_manage_mpi/lib51_manage_mpi.a ../../src/49_gw_toolbox_oop/lib49_gw_toolbox_oop.a ../../src/46_diago/lib46_diago.a ../../src/45_xgTools/lib45_xgTools.a ../../src/45_geomoptim/lib45_geomoptim.a ../../src/44_abitypes_defs/lib44_abitypes_defs.a ../../src/44_abitools/lib44_abitools.a ../../src/43_wvl_wrappers/lib43_wvl_wrappers.a ../../src/43_ptgroups/lib43_ptgroups.a ../../src/42_parser/lib42_parser.a ../../src/42_nlstrain/lib42_nlstrain.a ../../src/42_libpaw/lib42_libpaw.a ../../src/41_xc_lowlevel/lib41_xc_lowlevel.a ../../src/41_geometry/lib41_geometry.a ../../src/32_util/lib32_util.a ../../src/29_kpoints/lib29_kpoints.a ../../src/28_numeric_noabirule/lib28_numeric_noabirule.a ../../src/27_toolbox_oop/lib27_toolbox_oop.a ../../src/21_hashfuncs/lib21_hashfuncs.a ../../src/18_timing/lib18_timing.a ../../src/17_libtetra_ext/lib17_libtetra_ext.a ../../src/16_hideleave/lib16_hideleave.a  ../../src/14_hidewrite/lib14_hidewrite.a ../../src/12_hide_mpi/lib12_hide_mpi.a ../../src/11_memory_mpi/lib11_memory_mpi.a ../../src/10_dumpinfo/lib10_dumpinfo.a ../../src/10_defs/lib10_defs.a ../../src/02_clib/lib02_clib.a  -lfftw3 -L/tigress/xingz/abinit-8.10.2/fallbacks/exports/lib -lxcf90 -lxc -lmkl_intel_lp64  -lmkl_intel_lp64 -L/opt/intel/compilers_and_libraries_2018.3.222/linux/mkl/lib/intel64 -lmkl_sequential -lmkl_core -lpthread -lm -lrt -L/usr/local/boost/1.55.0/lib64 -L/usr/local/fftw/intel-16.0/3.3.4/lib64 -L/opt/intel/compilers_and_libraries_2018.3.222/linux/mpi/intel64/lib/release_mt -L/opt/intel/compilers_and_libraries_2018.3.222/linux/mpi/intel64/lib -L/usr/local/intel/lib64/intel-mpi -L/opt/intel/compilers_and_libraries_2018.3.222/linux/tbb/lib/intel64/gcc4.7 -L/opt/intel/compilers_and_libraries_2018.3.222/linux/compiler/lib/intel64 -L/opt/intel/compilers_and_libraries_2018.3.222/linux/mkl/lib/intel64 -L/usr/local/intel/lib64 -L/opt/intel/compilers_and_libraries_2018.3.222/linux/compiler/lib/intel64_lin -L/usr/local/fftw/intel-16.0/3.3.4/lib64/../lib64 -L/usr/local/fftw/intel-16.0/3.3.4/lib64/../lib64/ -L/usr/local/boost/1.55.0/lib64/../lib64 -L/usr/local/boost/1.55.0/lib64/../lib64/ -L/usr/local/intel/lib64/../lib64 -L/usr/local/intel/lib64/../lib64/ -L/tigress/xingz/gcc/lib/gcc/x86_64-pc-linux-gnu/6.3.0/ -L/tigress/xingz/gcc/lib/gcc/x86_64-pc-linux-gnu/6.3.0/../../../../lib64 -L/tigress/xingz/gcc/lib/gcc/x86_64-pc-linux-gnu/6.3.0/../../../../lib64/ -L/lib/../lib64 -L/lib/../lib64/ -L/usr/lib/../lib64 -L/usr/lib/../lib64/ -L/usr/local/fftw/intel-16.0/3.3.4/lib64/ -L/usr/local/boost/1.55.0/lib64/ -L/opt/intel/compilers_and_libraries_2018.3.222/linux/mpi/intel64/lib/ -L/usr/local/intel/lib64/intel-mpi/ -L/opt/intel/compilers_and_libraries_2018.3.222/linux/tbb/lib/intel64/gcc4.7/ -L/opt/intel/compilers_and_libraries_2018.3.222/linux/compiler/lib/intel64/ -L/opt/intel/compilers_and_libraries_2018.3.222/linux/mkl/lib/intel64/ -L/usr/local/intel/lib64/ -L/tigress/xingz/gcc/lib/gcc/x86_64-pc-linux-gnu/6.3.0/../../../ -L/lib64 -L/lib/ -L/usr/lib64 -L/usr/lib -lmpifort -lmpi -lmpigi -ldl -lrt -lpthread -lifport -lifcoremt -limf -lsvml -lm -lipgo -lirc -lirc_s -L/usr/local/boost/1.55.0/lib64 -L/usr/local/fftw/intel-16.0/3.3.4/lib64 -L/opt/intel/compilers_and_libraries_2018.3.222/linux/mpi/intel64/lib/release_mt -L/opt/intel/compilers_and_libraries_2018.3.222/linux/mpi/intel64/lib -L/usr/local/intel/lib64/intel-mpi -L/opt/intel/compilers_and_libraries_2018.3.222/linux/tbb/lib/intel64/gcc4.7 -L/opt/intel/compilers_and_libraries_2018.3.222/linux/compiler/lib/intel64 -L/opt/intel/compilers_and_libraries_2018.3.222/linux/mkl/lib/intel64 -L/usr/local/intel/lib64 -L/opt/intel/compilers_and_libraries_2018.3.222/linux/compiler/lib/intel64_lin -L/usr/local/fftw/intel-16.0/3.3.4/lib64/../lib64 -L/usr/local/fftw/intel-16.0/3.3.4/lib64/../lib64/ -L/usr/local/boost/1.55.0/lib64/../lib64 -L/usr/local/boost/1.55.0/lib64/../lib64/ -L/usr/local/intel/lib64/../lib64 -L/usr/local/intel/lib64/../lib64/ -L/tigress/xingz/gcc/lib/gcc/x86_64-pc-linux-gnu/6.3.0/ -L/tigress/xingz/gcc/lib/gcc/x86_64-pc-linux-gnu/6.3.0/../../../../lib64 -L/tigress/xingz/gcc/lib/gcc/x86_64-pc-linux-gnu/6.3.0/../../../../lib64/ -L/lib/../lib64 -L/lib/../lib64/ -L/usr/lib/../lib64 -L/usr/lib/../lib64/ -L/usr/local/fftw/intel-16.0/3.3.4/lib64/ -L/usr/local/boost/1.55.0/lib64/ -L/opt/intel/compilers_and_libraries_2018.3.222/linux/mpi/intel64/lib/ -L/usr/local/intel/lib64/intel-mpi/ -L/opt/intel/compilers_and_libraries_2018.3.222/linux/tbb/lib/intel64/gcc4.7/ -L/opt/intel/compilers_and_libraries_2018.3.222/linux/compiler/lib/intel64/ -L/opt/intel/compilers_and_libraries_2018.3.222/linux/mkl/lib/intel64/ -L/usr/local/intel/lib64/ -L/tigress/xingz/gcc/lib/gcc/x86_64-pc-linux-gnu/6.3.0/../../../ -L/lib64 -L/lib/ -L/usr/lib64 -L/usr/lib -lmpifort -lmpi -lmpigi -ldl -lrt -lpthread -lifport -lifcoremt -limf -lsvml -lm -lipgo -lirc -lirc_s 
mpiifort -DHAVE_CONFIG_H -I. -I../..  -I../../src/incs -I../../src/incs -I/tigress/xingz/abinit-8.10.2/fallbacks/exports/include  -I/tigress/xingz/abinit-8.10.2/fallbacks/exports/include   -free -module /tigress/xingz/abinit-8.10.2/src/mods   -O3 -g -extend-source -noaltparam -nofpscomp    -g -extend-source -noaltparam -nofpscomp   -c -o mrggkk-mrggkk.o `test -f 'mrggkk.F90' || echo './'`mrggkk.F90
mpiifort -free -module /tigress/xingz/abinit-8.10.2/src/mods   -O3 -g -extend-source -noaltparam -nofpscomp    -g -extend-source -noaltparam -nofpscomp   -static-intel -static-libgcc  -static-intel -static-libgcc  -o mrggkk mrggkk-mrggkk.o -static-intel -static-libgcc  ../../src/62_iowfdenpot/lib62_iowfdenpot.a ../../src/62_cg_noabirule/lib62_cg_noabirule.a ../../src/61_occeig/lib61_occeig.a ../../src/59_ionetcdf/lib59_ionetcdf.a ../../src/56_recipspace/lib56_recipspace.a ../../src/56_io_mpi/lib56_io_mpi.a ../../src/55_abiutil/lib55_abiutil.a ../../src/54_spacepar/lib54_spacepar.a ../../src/53_ffts/lib53_ffts.a ../../src/52_fft_mpi_noabirule/lib52_fft_mpi_noabirule.a ../../src/51_manage_mpi/lib51_manage_mpi.a ../../src/49_gw_toolbox_oop/lib49_gw_toolbox_oop.a ../../src/45_geomoptim/lib45_geomoptim.a ../../src/44_abitypes_defs/lib44_abitypes_defs.a ../../src/44_abitools/lib44_abitools.a ../../src/43_wvl_wrappers/lib43_wvl_wrappers.a ../../src/42_parser/lib42_parser.a ../../src/42_libpaw/lib42_libpaw.a ../../src/41_xc_lowlevel/lib41_xc_lowlevel.a ../../src/41_geometry/lib41_geometry.a ../../src/32_util/lib32_util.a ../../src/29_kpoints/lib29_kpoints.a ../../src/28_numeric_noabirule/lib28_numeric_noabirule.a ../../src/27_toolbox_oop/lib27_toolbox_oop.a ../../src/18_timing/lib18_timing.a ../../src/17_libtetra_ext/lib17_libtetra_ext.a ../../src/16_hideleave/lib16_hideleave.a  ../../src/14_hidewrite/lib14_hidewrite.a ../../src/12_hide_mpi/lib12_hide_mpi.a ../../src/11_memory_mpi/lib11_memory_mpi.a ../../src/10_dumpinfo/lib10_dumpinfo.a ../../src/10_defs/lib10_defs.a ../../src/02_clib/lib02_clib.a -lfftw3 -L/tigress/xingz/abinit-8.10.2/fallbacks/exports/lib -lxcf90 -lxc -lmkl_intel_lp64  -lmkl_intel_lp64 -L/opt/intel/compilers_and_libraries_2018.3.222/linux/mkl/lib/intel64 -lmkl_sequential -lmkl_core -lpthread -lm -lrt -L/usr/local/boost/1.55.0/lib64 -L/usr/local/fftw/intel-16.0/3.3.4/lib64 -L/opt/intel/compilers_and_libraries_2018.3.222/linux/mpi/intel64/lib/release_mt -L/opt/intel/compilers_and_libraries_2018.3.222/linux/mpi/intel64/lib -L/usr/local/intel/lib64/intel-mpi -L/opt/intel/compilers_and_libraries_2018.3.222/linux/tbb/lib/intel64/gcc4.7 -L/opt/intel/compilers_and_libraries_2018.3.222/linux/compiler/lib/intel64 -L/opt/intel/compilers_and_libraries_2018.3.222/linux/mkl/lib/intel64 -L/usr/local/intel/lib64 -L/opt/intel/compilers_and_libraries_2018.3.222/linux/compiler/lib/intel64_lin -L/usr/local/fftw/intel-16.0/3.3.4/lib64/../lib64 -L/usr/local/fftw/intel-16.0/3.3.4/lib64/../lib64/ -L/usr/local/boost/1.55.0/lib64/../lib64 -L/usr/local/boost/1.55.0/lib64/../lib64/ -L/usr/local/intel/lib64/../lib64 -L/usr/local/intel/lib64/../lib64/ -L/tigress/xingz/gcc/lib/gcc/x86_64-pc-linux-gnu/6.3.0/ -L/tigress/xingz/gcc/lib/gcc/x86_64-pc-linux-gnu/6.3.0/../../../../lib64 -L/tigress/xingz/gcc/lib/gcc/x86_64-pc-linux-gnu/6.3.0/../../../../lib64/ -L/lib/../lib64 -L/lib/../lib64/ -L/usr/lib/../lib64 -L/usr/lib/../lib64/ -L/usr/local/fftw/intel-16.0/3.3.4/lib64/ -L/usr/local/boost/1.55.0/lib64/ -L/opt/intel/compilers_and_libraries_2018.3.222/linux/mpi/intel64/lib/ -L/usr/local/intel/lib64/intel-mpi/ -L/opt/intel/compilers_and_libraries_2018.3.222/linux/tbb/lib/intel64/gcc4.7/ -L/opt/intel/compilers_and_libraries_2018.3.222/linux/compiler/lib/intel64/ -L/opt/intel/compilers_and_libraries_2018.3.222/linux/mkl/lib/intel64/ -L/usr/local/intel/lib64/ -L/tigress/xingz/gcc/lib/gcc/x86_64-pc-linux-gnu/6.3.0/../../../ -L/lib64 -L/lib/ -L/usr/lib64 -L/usr/lib -lmpifort -lmpi -lmpigi -ldl -lrt -lpthread -lifport -lifcoremt -limf -lsvml -lm -lipgo -lirc -lirc_s -L/usr/local/boost/1.55.0/lib64 -L/usr/local/fftw/intel-16.0/3.3.4/lib64 -L/opt/intel/compilers_and_libraries_2018.3.222/linux/mpi/intel64/lib/release_mt -L/opt/intel/compilers_and_libraries_2018.3.222/linux/mpi/intel64/lib -L/usr/local/intel/lib64/intel-mpi -L/opt/intel/compilers_and_libraries_2018.3.222/linux/tbb/lib/intel64/gcc4.7 -L/opt/intel/compilers_and_libraries_2018.3.222/linux/compiler/lib/intel64 -L/opt/intel/compilers_and_libraries_2018.3.222/linux/mkl/lib/intel64 -L/usr/local/intel/lib64 -L/opt/intel/compilers_and_libraries_2018.3.222/linux/compiler/lib/intel64_lin -L/usr/local/fftw/intel-16.0/3.3.4/lib64/../lib64 -L/usr/local/fftw/intel-16.0/3.3.4/lib64/../lib64/ -L/usr/local/boost/1.55.0/lib64/../lib64 -L/usr/local/boost/1.55.0/lib64/../lib64/ -L/usr/local/intel/lib64/../lib64 -L/usr/local/intel/lib64/../lib64/ -L/tigress/xingz/gcc/lib/gcc/x86_64-pc-linux-gnu/6.3.0/ -L/tigress/xingz/gcc/lib/gcc/x86_64-pc-linux-gnu/6.3.0/../../../../lib64 -L/tigress/xingz/gcc/lib/gcc/x86_64-pc-linux-gnu/6.3.0/../../../../lib64/ -L/lib/../lib64 -L/lib/../lib64/ -L/usr/lib/../lib64 -L/usr/lib/../lib64/ -L/usr/local/fftw/intel-16.0/3.3.4/lib64/ -L/usr/local/boost/1.55.0/lib64/ -L/opt/intel/compilers_and_libraries_2018.3.222/linux/mpi/intel64/lib/ -L/usr/local/intel/lib64/intel-mpi/ -L/opt/intel/compilers_and_libraries_2018.3.222/linux/tbb/lib/intel64/gcc4.7/ -L/opt/intel/compilers_and_libraries_2018.3.222/linux/compiler/lib/intel64/ -L/opt/intel/compilers_and_libraries_2018.3.222/linux/mkl/lib/intel64/ -L/usr/local/intel/lib64/ -L/tigress/xingz/gcc/lib/gcc/x86_64-pc-linux-gnu/6.3.0/../../../ -L/lib64 -L/lib/ -L/usr/lib64 -L/usr/lib -lmpifort -lmpi -lmpigi -ldl -lrt -lpthread -lifport -lifcoremt -limf -lsvml -lm -lipgo -lirc -lirc_s 
mpiifort -DHAVE_CONFIG_H -I. -I../..  -I../../src/incs -I../../src/incs -I/tigress/xingz/abinit-8.10.2/fallbacks/exports/include  -I/tigress/xingz/abinit-8.10.2/fallbacks/exports/include   -free -module /tigress/xingz/abinit-8.10.2/src/mods   -O3 -g -extend-source -noaltparam -nofpscomp    -g -extend-source -noaltparam -nofpscomp   -c -o mrgscr-mrgscr.o `test -f 'mrgscr.F90' || echo './'`mrgscr.F90
mpiifort -free -module /tigress/xingz/abinit-8.10.2/src/mods   -O3 -g -extend-source -noaltparam -nofpscomp    -g -extend-source -noaltparam -nofpscomp   -static-intel -static-libgcc  -static-intel -static-libgcc  -o mrgscr mrgscr-mrgscr.o -static-intel -static-libgcc  ../../src/71_wannier/lib71_wannier.a ../../src/70_gw/lib70_gw.a ../../src/69_wfdesc/lib69_wfdesc.a ../../src/67_common/lib67_common.a ../../src/66_vdwxc/lib66_vdwxc.a ../../src/66_wfs/lib66_wfs.a ../../src/66_nonlocal/lib66_nonlocal.a ../../src/65_paw/lib65_paw.a ../../src/64_psp/lib64_psp.a ../../src/62_wvl_wfs/lib62_wvl_wfs.a ../../src/62_poisson/lib62_poisson.a ../../src/62_iowfdenpot/lib62_iowfdenpot.a ../../src/62_cg_noabirule/lib62_cg_noabirule.a ../../src/62_ctqmc/lib62_ctqmc.a ../../src/61_occeig/lib61_occeig.a ../../src/59_ionetcdf/lib59_ionetcdf.a ../../src/57_iovars/lib57_iovars.a ../../src/57_iopsp_parser/lib57_iopsp_parser.a ../../src/56_xc/lib56_xc.a ../../src/56_recipspace/lib56_recipspace.a ../../src/56_mixing/lib56_mixing.a ../../src/56_io_mpi/lib56_io_mpi.a ../../src/55_abiutil/lib55_abiutil.a ../../src/54_spacepar/lib54_spacepar.a ../../src/53_ffts/lib53_ffts.a  ../../src/52_fft_mpi_noabirule/lib52_fft_mpi_noabirule.a ../../src/51_manage_mpi/lib51_manage_mpi.a ../../src/49_gw_toolbox_oop/lib49_gw_toolbox_oop.a ../../src/45_geomoptim/lib45_geomoptim.a ../../src/44_abitypes_defs/lib44_abitypes_defs.a ../../src/44_abitools/lib44_abitools.a ../../src/43_wvl_wrappers/lib43_wvl_wrappers.a ../../src/43_ptgroups/lib43_ptgroups.a ../../src/42_parser/lib42_parser.a ../../src/42_libpaw/lib42_libpaw.a ../../src/42_nlstrain/lib42_nlstrain.a ../../src/42_libpaw/lib42_libpaw.a ../../src/41_xc_lowlevel/lib41_xc_lowlevel.a ../../src/41_geometry/lib41_geometry.a ../../src/32_util/lib32_util.a ../../src/29_kpoints/lib29_kpoints.a ../../src/28_numeric_noabirule/lib28_numeric_noabirule.a ../../src/27_toolbox_oop/lib27_toolbox_oop.a ../../src/21_hashfuncs/lib21_hashfuncs.a ../../src/18_timing/lib18_timing.a ../../src/17_libtetra_ext/lib17_libtetra_ext.a ../../src/16_hideleave/lib16_hideleave.a  ../../src/14_hidewrite/lib14_hidewrite.a ../../src/12_hide_mpi/lib12_hide_mpi.a ../../src/11_memory_mpi/lib11_memory_mpi.a ../../src/10_dumpinfo/lib10_dumpinfo.a ../../src/10_defs/lib10_defs.a ../../src/02_clib/lib02_clib.a -L/tigress/xingz/abinit-8.10.2/fallbacks/exports/lib -lxcf90 -lxc -lfftw3 -lmkl_intel_lp64  -lmkl_intel_lp64 -L/opt/intel/compilers_and_libraries_2018.3.222/linux/mkl/lib/intel64 -lmkl_sequential -lmkl_core -lpthread -lm -lrt -L/usr/local/boost/1.55.0/lib64 -L/usr/local/fftw/intel-16.0/3.3.4/lib64 -L/opt/intel/compilers_and_libraries_2018.3.222/linux/mpi/intel64/lib/release_mt -L/opt/intel/compilers_and_libraries_2018.3.222/linux/mpi/intel64/lib -L/usr/local/intel/lib64/intel-mpi -L/opt/intel/compilers_and_libraries_2018.3.222/linux/tbb/lib/intel64/gcc4.7 -L/opt/intel/compilers_and_libraries_2018.3.222/linux/compiler/lib/intel64 -L/opt/intel/compilers_and_libraries_2018.3.222/linux/mkl/lib/intel64 -L/usr/local/intel/lib64 -L/opt/intel/compilers_and_libraries_2018.3.222/linux/compiler/lib/intel64_lin -L/usr/local/fftw/intel-16.0/3.3.4/lib64/../lib64 -L/usr/local/fftw/intel-16.0/3.3.4/lib64/../lib64/ -L/usr/local/boost/1.55.0/lib64/../lib64 -L/usr/local/boost/1.55.0/lib64/../lib64/ -L/usr/local/intel/lib64/../lib64 -L/usr/local/intel/lib64/../lib64/ -L/tigress/xingz/gcc/lib/gcc/x86_64-pc-linux-gnu/6.3.0/ -L/tigress/xingz/gcc/lib/gcc/x86_64-pc-linux-gnu/6.3.0/../../../../lib64 -L/tigress/xingz/gcc/lib/gcc/x86_64-pc-linux-gnu/6.3.0/../../../../lib64/ -L/lib/../lib64 -L/lib/../lib64/ -L/usr/lib/../lib64 -L/usr/lib/../lib64/ -L/usr/local/fftw/intel-16.0/3.3.4/lib64/ -L/usr/local/boost/1.55.0/lib64/ -L/opt/intel/compilers_and_libraries_2018.3.222/linux/mpi/intel64/lib/ -L/usr/local/intel/lib64/intel-mpi/ -L/opt/intel/compilers_and_libraries_2018.3.222/linux/tbb/lib/intel64/gcc4.7/ -L/opt/intel/compilers_and_libraries_2018.3.222/linux/compiler/lib/intel64/ -L/opt/intel/compilers_and_libraries_2018.3.222/linux/mkl/lib/intel64/ -L/usr/local/intel/lib64/ -L/tigress/xingz/gcc/lib/gcc/x86_64-pc-linux-gnu/6.3.0/../../../ -L/lib64 -L/lib/ -L/usr/lib64 -L/usr/lib -lmpifort -lmpi -lmpigi -ldl -lrt -lpthread -lifport -lifcoremt -limf -lsvml -lm -lipgo -lirc -lirc_s -L/usr/local/boost/1.55.0/lib64 -L/usr/local/fftw/intel-16.0/3.3.4/lib64 -L/opt/intel/compilers_and_libraries_2018.3.222/linux/mpi/intel64/lib/release_mt -L/opt/intel/compilers_and_libraries_2018.3.222/linux/mpi/intel64/lib -L/usr/local/intel/lib64/intel-mpi -L/opt/intel/compilers_and_libraries_2018.3.222/linux/tbb/lib/intel64/gcc4.7 -L/opt/intel/compilers_and_libraries_2018.3.222/linux/compiler/lib/intel64 -L/opt/intel/compilers_and_libraries_2018.3.222/linux/mkl/lib/intel64 -L/usr/local/intel/lib64 -L/opt/intel/compilers_and_libraries_2018.3.222/linux/compiler/lib/intel64_lin -L/usr/local/fftw/intel-16.0/3.3.4/lib64/../lib64 -L/usr/local/fftw/intel-16.0/3.3.4/lib64/../lib64/ -L/usr/local/boost/1.55.0/lib64/../lib64 -L/usr/local/boost/1.55.0/lib64/../lib64/ -L/usr/local/intel/lib64/../lib64 -L/usr/local/intel/lib64/../lib64/ -L/tigress/xingz/gcc/lib/gcc/x86_64-pc-linux-gnu/6.3.0/ -L/tigress/xingz/gcc/lib/gcc/x86_64-pc-linux-gnu/6.3.0/../../../../lib64 -L/tigress/xingz/gcc/lib/gcc/x86_64-pc-linux-gnu/6.3.0/../../../../lib64/ -L/lib/../lib64 -L/lib/../lib64/ -L/usr/lib/../lib64 -L/usr/lib/../lib64/ -L/usr/local/fftw/intel-16.0/3.3.4/lib64/ -L/usr/local/boost/1.55.0/lib64/ -L/opt/intel/compilers_and_libraries_2018.3.222/linux/mpi/intel64/lib/ -L/usr/local/intel/lib64/intel-mpi/ -L/opt/intel/compilers_and_libraries_2018.3.222/linux/tbb/lib/intel64/gcc4.7/ -L/opt/intel/compilers_and_libraries_2018.3.222/linux/compiler/lib/intel64/ -L/opt/intel/compilers_and_libraries_2018.3.222/linux/mkl/lib/intel64/ -L/usr/local/intel/lib64/ -L/tigress/xingz/gcc/lib/gcc/x86_64-pc-linux-gnu/6.3.0/../../../ -L/lib64 -L/lib/ -L/usr/lib64 -L/usr/lib -lmpifort -lmpi -lmpigi -ldl -lrt -lpthread -lifport -lifcoremt -limf -lsvml -lm -lipgo -lirc -lirc_s 
mpiifort -DHAVE_CONFIG_H -I. -I../..  -I../../src/incs -I../../src/incs -I/tigress/xingz/abinit-8.10.2/fallbacks/exports/include  -I/tigress/xingz/abinit-8.10.2/fallbacks/exports/include   -free -module /tigress/xingz/abinit-8.10.2/src/mods   -O3 -g -extend-source -noaltparam -nofpscomp    -g -extend-source -noaltparam -nofpscomp   -c -o multibinit-multibinit.o `test -f 'multibinit.F90' || echo './'`multibinit.F90
mpiifort -free -module /tigress/xingz/abinit-8.10.2/src/mods   -O3 -g -extend-source -noaltparam -nofpscomp    -g -extend-source -noaltparam -nofpscomp   -static-intel -static-libgcc  -static-intel -static-libgcc  -o multibinit multibinit-multibinit.o -static-intel -static-libgcc  ../../src/95_drive/lib95_drive.a ../../src/94_scfcv/lib94_scfcv.a ../../src/79_seqpar_mpi/lib79_seqpar_mpi.a ../../src/78_effpot/lib78_effpot.a ../../src/78_eph/lib78_eph.a ../../src/77_ddb/lib77_ddb.a ../../src/77_suscep/lib77_suscep.a ../../src/72_response/lib72_response.a ../../src/71_bse/lib71_bse.a ../../src/71_wannier/lib71_wannier.a ../../src/70_gw/lib70_gw.a ../../src/69_wfdesc/lib69_wfdesc.a ../../src/68_dmft/lib68_dmft.a  ../../src/68_recursion/lib68_recursion.a ../../src/68_rsprc/lib68_rsprc.a  ../../src/67_common/lib67_common.a ../../src/66_vdwxc/lib66_vdwxc.a ../../src/66_wfs/lib66_wfs.a ../../src/66_nonlocal/lib66_nonlocal.a ../../src/65_paw/lib65_paw.a  ../../src/64_psp/lib64_psp.a ../../src/62_iowfdenpot/lib62_iowfdenpot.a ../../src/62_wvl_wfs/lib62_wvl_wfs.a ../../src/62_poisson/lib62_poisson.a ../../src/62_cg_noabirule/lib62_cg_noabirule.a ../../src/62_ctqmc/lib62_ctqmc.a ../../src/61_occeig/lib61_occeig.a ../../src/59_ionetcdf/lib59_ionetcdf.a ../../src/57_iovars/lib57_iovars.a ../../src/57_iopsp_parser/lib57_iopsp_parser.a ../../src/56_recipspace/lib56_recipspace.a ../../src/56_xc/lib56_xc.a ../../src/56_mixing/lib56_mixing.a ../../src/56_io_mpi/lib56_io_mpi.a ../../src/55_abiutil/lib55_abiutil.a ../../src/54_spacepar/lib54_spacepar.a ../../src/53_ffts/lib53_ffts.a  ../../src/52_fft_mpi_noabirule/lib52_fft_mpi_noabirule.a ../../src/51_manage_mpi/lib51_manage_mpi.a ../../src/49_gw_toolbox_oop/lib49_gw_toolbox_oop.a ../../src/46_diago/lib46_diago.a ../../src/45_xgTools/lib45_xgTools.a ../../src/45_geomoptim/lib45_geomoptim.a ../../src/44_abitypes_defs/lib44_abitypes_defs.a ../../src/44_abitools/lib44_abitools.a ../../src/43_wvl_wrappers/lib43_wvl_wrappers.a ../../src/43_ptgroups/lib43_ptgroups.a ../../src/42_parser/lib42_parser.a ../../src/42_nlstrain/lib42_nlstrain.a ../../src/42_libpaw/lib42_libpaw.a ../../src/41_xc_lowlevel/lib41_xc_lowlevel.a ../../src/41_geometry/lib41_geometry.a ../../src/32_util/lib32_util.a ../../src/29_kpoints/lib29_kpoints.a ../../src/28_numeric_noabirule/lib28_numeric_noabirule.a ../../src/27_toolbox_oop/lib27_toolbox_oop.a ../../src/21_hashfuncs/lib21_hashfuncs.a ../../src/18_timing/lib18_timing.a ../../src/17_libtetra_ext/lib17_libtetra_ext.a ../../src/16_hideleave/lib16_hideleave.a  ../../src/14_hidewrite/lib14_hidewrite.a ../../src/12_hide_mpi/lib12_hide_mpi.a ../../src/11_memory_mpi/lib11_memory_mpi.a ../../src/10_dumpinfo/lib10_dumpinfo.a ../../src/10_defs/lib10_defs.a ../../src/02_clib/lib02_clib.a  -L/tigress/xingz/abinit-8.10.2/fallbacks/exports/lib -lxcf90 -lxc -lfftw3 -lmkl_intel_lp64  -lmkl_intel_lp64 -L/opt/intel/compilers_and_libraries_2018.3.222/linux/mkl/lib/intel64 -lmkl_sequential -lmkl_core -lpthread -lm -lrt -L/usr/local/boost/1.55.0/lib64 -L/usr/local/fftw/intel-16.0/3.3.4/lib64 -L/opt/intel/compilers_and_libraries_2018.3.222/linux/mpi/intel64/lib/release_mt -L/opt/intel/compilers_and_libraries_2018.3.222/linux/mpi/intel64/lib -L/usr/local/intel/lib64/intel-mpi -L/opt/intel/compilers_and_libraries_2018.3.222/linux/tbb/lib/intel64/gcc4.7 -L/opt/intel/compilers_and_libraries_2018.3.222/linux/compiler/lib/intel64 -L/opt/intel/compilers_and_libraries_2018.3.222/linux/mkl/lib/intel64 -L/usr/local/intel/lib64 -L/opt/intel/compilers_and_libraries_2018.3.222/linux/compiler/lib/intel64_lin -L/usr/local/fftw/intel-16.0/3.3.4/lib64/../lib64 -L/usr/local/fftw/intel-16.0/3.3.4/lib64/../lib64/ -L/usr/local/boost/1.55.0/lib64/../lib64 -L/usr/local/boost/1.55.0/lib64/../lib64/ -L/usr/local/intel/lib64/../lib64 -L/usr/local/intel/lib64/../lib64/ -L/tigress/xingz/gcc/lib/gcc/x86_64-pc-linux-gnu/6.3.0/ -L/tigress/xingz/gcc/lib/gcc/x86_64-pc-linux-gnu/6.3.0/../../../../lib64 -L/tigress/xingz/gcc/lib/gcc/x86_64-pc-linux-gnu/6.3.0/../../../../lib64/ -L/lib/../lib64 -L/lib/../lib64/ -L/usr/lib/../lib64 -L/usr/lib/../lib64/ -L/usr/local/fftw/intel-16.0/3.3.4/lib64/ -L/usr/local/boost/1.55.0/lib64/ -L/opt/intel/compilers_and_libraries_2018.3.222/linux/mpi/intel64/lib/ -L/usr/local/intel/lib64/intel-mpi/ -L/opt/intel/compilers_and_libraries_2018.3.222/linux/tbb/lib/intel64/gcc4.7/ -L/opt/intel/compilers_and_libraries_2018.3.222/linux/compiler/lib/intel64/ -L/opt/intel/compilers_and_libraries_2018.3.222/linux/mkl/lib/intel64/ -L/usr/local/intel/lib64/ -L/tigress/xingz/gcc/lib/gcc/x86_64-pc-linux-gnu/6.3.0/../../../ -L/lib64 -L/lib/ -L/usr/lib64 -L/usr/lib -lmpifort -lmpi -lmpigi -ldl -lrt -lpthread -lifport -lifcoremt -limf -lsvml -lm -lipgo -lirc -lirc_s -L/usr/local/boost/1.55.0/lib64 -L/usr/local/fftw/intel-16.0/3.3.4/lib64 -L/opt/intel/compilers_and_libraries_2018.3.222/linux/mpi/intel64/lib/release_mt -L/opt/intel/compilers_and_libraries_2018.3.222/linux/mpi/intel64/lib -L/usr/local/intel/lib64/intel-mpi -L/opt/intel/compilers_and_libraries_2018.3.222/linux/tbb/lib/intel64/gcc4.7 -L/opt/intel/compilers_and_libraries_2018.3.222/linux/compiler/lib/intel64 -L/opt/intel/compilers_and_libraries_2018.3.222/linux/mkl/lib/intel64 -L/usr/local/intel/lib64 -L/opt/intel/compilers_and_libraries_2018.3.222/linux/compiler/lib/intel64_lin -L/usr/local/fftw/intel-16.0/3.3.4/lib64/../lib64 -L/usr/local/fftw/intel-16.0/3.3.4/lib64/../lib64/ -L/usr/local/boost/1.55.0/lib64/../lib64 -L/usr/local/boost/1.55.0/lib64/../lib64/ -L/usr/local/intel/lib64/../lib64 -L/usr/local/intel/lib64/../lib64/ -L/tigress/xingz/gcc/lib/gcc/x86_64-pc-linux-gnu/6.3.0/ -L/tigress/xingz/gcc/lib/gcc/x86_64-pc-linux-gnu/6.3.0/../../../../lib64 -L/tigress/xingz/gcc/lib/gcc/x86_64-pc-linux-gnu/6.3.0/../../../../lib64/ -L/lib/../lib64 -L/lib/../lib64/ -L/usr/lib/../lib64 -L/usr/lib/../lib64/ -L/usr/local/fftw/intel-16.0/3.3.4/lib64/ -L/usr/local/boost/1.55.0/lib64/ -L/opt/intel/compilers_and_libraries_2018.3.222/linux/mpi/intel64/lib/ -L/usr/local/intel/lib64/intel-mpi/ -L/opt/intel/compilers_and_libraries_2018.3.222/linux/tbb/lib/intel64/gcc4.7/ -L/opt/intel/compilers_and_libraries_2018.3.222/linux/compiler/lib/intel64/ -L/opt/intel/compilers_and_libraries_2018.3.222/linux/mkl/lib/intel64/ -L/usr/local/intel/lib64/ -L/tigress/xingz/gcc/lib/gcc/x86_64-pc-linux-gnu/6.3.0/../../../ -L/lib64 -L/lib/ -L/usr/lib64 -L/usr/lib -lmpifort -lmpi -lmpigi -ldl -lrt -lpthread -lifport -lifcoremt -limf -lsvml -lm -lipgo -lirc -lirc_s 
mpiifort -DHAVE_CONFIG_H -I. -I../..  -I../../src/incs -I../../src/incs -I/tigress/xingz/abinit-8.10.2/fallbacks/exports/include  -I/tigress/xingz/abinit-8.10.2/fallbacks/exports/include   -free -module /tigress/xingz/abinit-8.10.2/src/mods   -O3 -g -extend-source -noaltparam -nofpscomp    -g -extend-source -noaltparam -nofpscomp   -c -o optic-optic.o `test -f 'optic.F90' || echo './'`optic.F90
mpiifort -free -module /tigress/xingz/abinit-8.10.2/src/mods   -O3 -g -extend-source -noaltparam -nofpscomp    -g -extend-source -noaltparam -nofpscomp   -static-intel -static-libgcc  -static-intel -static-libgcc  -o optic optic-optic.o -static-intel -static-libgcc  ../../src/67_common/lib67_common.a ../../src/66_vdwxc/lib66_vdwxc.a ../../src/66_wfs/lib66_wfs.a ../../src/66_nonlocal/lib66_nonlocal.a ../../src/65_paw/lib65_paw.a ../../src/64_psp/lib64_psp.a ../../src/62_wvl_wfs/lib62_wvl_wfs.a ../../src/62_poisson/lib62_poisson.a ../../src/62_iowfdenpot/lib62_iowfdenpot.a ../../src/62_cg_noabirule/lib62_cg_noabirule.a ../../src/62_ctqmc/lib62_ctqmc.a ../../src/61_occeig/lib61_occeig.a ../../src/59_ionetcdf/lib59_ionetcdf.a ../../src/57_iovars/lib57_iovars.a ../../src/57_iopsp_parser/lib57_iopsp_parser.a ../../src/56_xc/lib56_xc.a ../../src/56_recipspace/lib56_recipspace.a ../../src/56_mixing/lib56_mixing.a ../../src/56_io_mpi/lib56_io_mpi.a ../../src/55_abiutil/lib55_abiutil.a ../../src/54_spacepar/lib54_spacepar.a ../../src/53_ffts/lib53_ffts.a ../../src/52_fft_mpi_noabirule/lib52_fft_mpi_noabirule.a ../../src/51_manage_mpi/lib51_manage_mpi.a ../../src/49_gw_toolbox_oop/lib49_gw_toolbox_oop.a ../../src/45_geomoptim/lib45_geomoptim.a ../../src/44_abitypes_defs/lib44_abitypes_defs.a ../../src/44_abitools/lib44_abitools.a ../../src/43_wvl_wrappers/lib43_wvl_wrappers.a ../../src/43_ptgroups/lib43_ptgroups.a ../../src/42_parser/lib42_parser.a ../../src/42_nlstrain/lib42_nlstrain.a ../../src/42_libpaw/lib42_libpaw.a ../../src/41_xc_lowlevel/lib41_xc_lowlevel.a ../../src/41_geometry/lib41_geometry.a ../../src/32_util/lib32_util.a ../../src/29_kpoints/lib29_kpoints.a ../../src/28_numeric_noabirule/lib28_numeric_noabirule.a ../../src/27_toolbox_oop/lib27_toolbox_oop.a ../../src/21_hashfuncs/lib21_hashfuncs.a ../../src/18_timing/lib18_timing.a ../../src/17_libtetra_ext/lib17_libtetra_ext.a ../../src/16_hideleave/lib16_hideleave.a  ../../src/14_hidewrite/lib14_hidewrite.a ../../src/12_hide_mpi/lib12_hide_mpi.a ../../src/11_memory_mpi/lib11_memory_mpi.a ../../src/10_dumpinfo/lib10_dumpinfo.a ../../src/10_defs/lib10_defs.a ../../src/02_clib/lib02_clib.a -L/tigress/xingz/abinit-8.10.2/fallbacks/exports/lib -lxcf90 -lxc -lfftw3 -lmkl_intel_lp64  -lmkl_intel_lp64 -L/opt/intel/compilers_and_libraries_2018.3.222/linux/mkl/lib/intel64 -lmkl_sequential -lmkl_core -lpthread -lm -lrt -L/usr/local/boost/1.55.0/lib64 -L/usr/local/fftw/intel-16.0/3.3.4/lib64 -L/opt/intel/compilers_and_libraries_2018.3.222/linux/mpi/intel64/lib/release_mt -L/opt/intel/compilers_and_libraries_2018.3.222/linux/mpi/intel64/lib -L/usr/local/intel/lib64/intel-mpi -L/opt/intel/compilers_and_libraries_2018.3.222/linux/tbb/lib/intel64/gcc4.7 -L/opt/intel/compilers_and_libraries_2018.3.222/linux/compiler/lib/intel64 -L/opt/intel/compilers_and_libraries_2018.3.222/linux/mkl/lib/intel64 -L/usr/local/intel/lib64 -L/opt/intel/compilers_and_libraries_2018.3.222/linux/compiler/lib/intel64_lin -L/usr/local/fftw/intel-16.0/3.3.4/lib64/../lib64 -L/usr/local/fftw/intel-16.0/3.3.4/lib64/../lib64/ -L/usr/local/boost/1.55.0/lib64/../lib64 -L/usr/local/boost/1.55.0/lib64/../lib64/ -L/usr/local/intel/lib64/../lib64 -L/usr/local/intel/lib64/../lib64/ -L/tigress/xingz/gcc/lib/gcc/x86_64-pc-linux-gnu/6.3.0/ -L/tigress/xingz/gcc/lib/gcc/x86_64-pc-linux-gnu/6.3.0/../../../../lib64 -L/tigress/xingz/gcc/lib/gcc/x86_64-pc-linux-gnu/6.3.0/../../../../lib64/ -L/lib/../lib64 -L/lib/../lib64/ -L/usr/lib/../lib64 -L/usr/lib/../lib64/ -L/usr/local/fftw/intel-16.0/3.3.4/lib64/ -L/usr/local/boost/1.55.0/lib64/ -L/opt/intel/compilers_and_libraries_2018.3.222/linux/mpi/intel64/lib/ -L/usr/local/intel/lib64/intel-mpi/ -L/opt/intel/compilers_and_libraries_2018.3.222/linux/tbb/lib/intel64/gcc4.7/ -L/opt/intel/compilers_and_libraries_2018.3.222/linux/compiler/lib/intel64/ -L/opt/intel/compilers_and_libraries_2018.3.222/linux/mkl/lib/intel64/ -L/usr/local/intel/lib64/ -L/tigress/xingz/gcc/lib/gcc/x86_64-pc-linux-gnu/6.3.0/../../../ -L/lib64 -L/lib/ -L/usr/lib64 -L/usr/lib -lmpifort -lmpi -lmpigi -ldl -lrt -lpthread -lifport -lifcoremt -limf -lsvml -lm -lipgo -lirc -lirc_s -L/usr/local/boost/1.55.0/lib64 -L/usr/local/fftw/intel-16.0/3.3.4/lib64 -L/opt/intel/compilers_and_libraries_2018.3.222/linux/mpi/intel64/lib/release_mt -L/opt/intel/compilers_and_libraries_2018.3.222/linux/mpi/intel64/lib -L/usr/local/intel/lib64/intel-mpi -L/opt/intel/compilers_and_libraries_2018.3.222/linux/tbb/lib/intel64/gcc4.7 -L/opt/intel/compilers_and_libraries_2018.3.222/linux/compiler/lib/intel64 -L/opt/intel/compilers_and_libraries_2018.3.222/linux/mkl/lib/intel64 -L/usr/local/intel/lib64 -L/opt/intel/compilers_and_libraries_2018.3.222/linux/compiler/lib/intel64_lin -L/usr/local/fftw/intel-16.0/3.3.4/lib64/../lib64 -L/usr/local/fftw/intel-16.0/3.3.4/lib64/../lib64/ -L/usr/local/boost/1.55.0/lib64/../lib64 -L/usr/local/boost/1.55.0/lib64/../lib64/ -L/usr/local/intel/lib64/../lib64 -L/usr/local/intel/lib64/../lib64/ -L/tigress/xingz/gcc/lib/gcc/x86_64-pc-linux-gnu/6.3.0/ -L/tigress/xingz/gcc/lib/gcc/x86_64-pc-linux-gnu/6.3.0/../../../../lib64 -L/tigress/xingz/gcc/lib/gcc/x86_64-pc-linux-gnu/6.3.0/../../../../lib64/ -L/lib/../lib64 -L/lib/../lib64/ -L/usr/lib/../lib64 -L/usr/lib/../lib64/ -L/usr/local/fftw/intel-16.0/3.3.4/lib64/ -L/usr/local/boost/1.55.0/lib64/ -L/opt/intel/compilers_and_libraries_2018.3.222/linux/mpi/intel64/lib/ -L/usr/local/intel/lib64/intel-mpi/ -L/opt/intel/compilers_and_libraries_2018.3.222/linux/tbb/lib/intel64/gcc4.7/ -L/opt/intel/compilers_and_libraries_2018.3.222/linux/compiler/lib/intel64/ -L/opt/intel/compilers_and_libraries_2018.3.222/linux/mkl/lib/intel64/ -L/usr/local/intel/lib64/ -L/tigress/xingz/gcc/lib/gcc/x86_64-pc-linux-gnu/6.3.0/../../../ -L/lib64 -L/lib/ -L/usr/lib64 -L/usr/lib -lmpifort -lmpi -lmpigi -ldl -lrt -lpthread -lifport -lifcoremt -limf -lsvml -lm -lipgo -lirc -lirc_s 
mpiifort -DHAVE_CONFIG_H -I. -I../..  -I../../src/incs -I../../src/incs -I/tigress/xingz/abinit-8.10.2/fallbacks/exports/include  -I/tigress/xingz/abinit-8.10.2/fallbacks/exports/include   -free -module /tigress/xingz/abinit-8.10.2/src/mods   -O3 -g -extend-source -noaltparam -nofpscomp    -g -extend-source -noaltparam -nofpscomp   -c -o tdep-tdep.o `test -f 'tdep.F90' || echo './'`tdep.F90
mpiifort -free -module /tigress/xingz/abinit-8.10.2/src/mods   -O3 -g -extend-source -noaltparam -nofpscomp    -g -extend-source -noaltparam -nofpscomp   -static-intel -static-libgcc  -static-intel -static-libgcc  -o tdep tdep-tdep.o -static-intel -static-libgcc  ../../src/80_tdep/lib80_tdep.a ../../src/77_ddb/lib77_ddb.a ../../src/72_response/lib72_response.a ../../src/69_wfdesc/lib69_wfdesc.a ../../src/68_rsprc/lib68_rsprc.a ../../src/67_common/lib67_common.a ../../src/66_vdwxc/lib66_vdwxc.a ../../src/66_wfs/lib66_wfs.a ../../src/66_nonlocal/lib66_nonlocal.a ../../src/65_paw/lib65_paw.a ../../src/64_psp/lib64_psp.a ../../src/62_ctqmc/lib62_ctqmc.a ../../src/62_iowfdenpot/lib62_iowfdenpot.a ../../src/62_cg_noabirule/lib62_cg_noabirule.a ../../src/62_poisson/lib62_poisson.a ../../src/62_wvl_wfs/lib62_wvl_wfs.a ../../src/61_occeig/lib61_occeig.a ../../src/59_ionetcdf/lib59_ionetcdf.a ../../src/57_iovars/lib57_iovars.a ../../src/57_iopsp_parser/lib57_iopsp_parser.a ../../src/56_io_mpi/lib56_io_mpi.a ../../src/56_mixing/lib56_mixing.a ../../src/56_recipspace/lib56_recipspace.a ../../src/56_xc/lib56_xc.a ../../src/55_abiutil/lib55_abiutil.a ../../src/54_spacepar/lib54_spacepar.a ../../src/53_ffts/lib53_ffts.a ../../src/52_fft_mpi_noabirule/lib52_fft_mpi_noabirule.a ../../src/51_manage_mpi/lib51_manage_mpi.a ../../src/49_gw_toolbox_oop/lib49_gw_toolbox_oop.a ../../src/45_geomoptim/lib45_geomoptim.a ../../src/44_abitypes_defs/lib44_abitypes_defs.a ../../src/44_abitools/lib44_abitools.a ../../src/43_ptgroups/lib43_ptgroups.a ../../src/43_wvl_wrappers/lib43_wvl_wrappers.a ../../src/42_libpaw/lib42_libpaw.a ../../src/42_nlstrain/lib42_nlstrain.a ../../src/42_parser/lib42_parser.a ../../src/41_xc_lowlevel/lib41_xc_lowlevel.a ../../src/41_geometry/lib41_geometry.a ../../src/32_util/lib32_util.a ../../src/29_kpoints/lib29_kpoints.a ../../src/28_numeric_noabirule/lib28_numeric_noabirule.a ../../src/27_toolbox_oop/lib27_toolbox_oop.a ../../src/21_hashfuncs/lib21_hashfuncs.a ../../src/18_timing/lib18_timing.a ../../src/17_libtetra_ext/lib17_libtetra_ext.a ../../src/16_hideleave/lib16_hideleave.a ../../src/14_hidewrite/lib14_hidewrite.a ../../src/12_hide_mpi/lib12_hide_mpi.a ../../src/11_memory_mpi/lib11_memory_mpi.a ../../src/10_dumpinfo/lib10_dumpinfo.a ../../src/10_defs/lib10_defs.a ../../src/02_clib/lib02_clib.a -L/tigress/xingz/abinit-8.10.2/fallbacks/exports/lib -lxcf90 -lxc -lmkl_intel_lp64  -lmkl_intel_lp64 -L/opt/intel/compilers_and_libraries_2018.3.222/linux/mkl/lib/intel64 -lmkl_sequential -lmkl_core -lpthread -lm -L/usr/local/boost/1.55.0/lib64 -L/usr/local/fftw/intel-16.0/3.3.4/lib64 -L/opt/intel/compilers_and_libraries_2018.3.222/linux/mpi/intel64/lib/release_mt -L/opt/intel/compilers_and_libraries_2018.3.222/linux/mpi/intel64/lib -L/usr/local/intel/lib64/intel-mpi -L/opt/intel/compilers_and_libraries_2018.3.222/linux/tbb/lib/intel64/gcc4.7 -L/opt/intel/compilers_and_libraries_2018.3.222/linux/compiler/lib/intel64 -L/opt/intel/compilers_and_libraries_2018.3.222/linux/mkl/lib/intel64 -L/usr/local/intel/lib64 -L/opt/intel/compilers_and_libraries_2018.3.222/linux/compiler/lib/intel64_lin -L/usr/local/fftw/intel-16.0/3.3.4/lib64/../lib64 -L/usr/local/fftw/intel-16.0/3.3.4/lib64/../lib64/ -L/usr/local/boost/1.55.0/lib64/../lib64 -L/usr/local/boost/1.55.0/lib64/../lib64/ -L/usr/local/intel/lib64/../lib64 -L/usr/local/intel/lib64/../lib64/ -L/tigress/xingz/gcc/lib/gcc/x86_64-pc-linux-gnu/6.3.0/ -L/tigress/xingz/gcc/lib/gcc/x86_64-pc-linux-gnu/6.3.0/../../../../lib64 -L/tigress/xingz/gcc/lib/gcc/x86_64-pc-linux-gnu/6.3.0/../../../../lib64/ -L/lib/../lib64 -L/lib/../lib64/ -L/usr/lib/../lib64 -L/usr/lib/../lib64/ -L/usr/local/fftw/intel-16.0/3.3.4/lib64/ -L/usr/local/boost/1.55.0/lib64/ -L/opt/intel/compilers_and_libraries_2018.3.222/linux/mpi/intel64/lib/ -L/usr/local/intel/lib64/intel-mpi/ -L/opt/intel/compilers_and_libraries_2018.3.222/linux/tbb/lib/intel64/gcc4.7/ -L/opt/intel/compilers_and_libraries_2018.3.222/linux/compiler/lib/intel64/ -L/opt/intel/compilers_and_libraries_2018.3.222/linux/mkl/lib/intel64/ -L/usr/local/intel/lib64/ -L/tigress/xingz/gcc/lib/gcc/x86_64-pc-linux-gnu/6.3.0/../../../ -L/lib64 -L/lib/ -L/usr/lib64 -L/usr/lib -lmpifort -lmpi -lmpigi -ldl -lrt -lpthread -lifport -lifcoremt -limf -lsvml -lm -lipgo -lirc -lirc_s -L/usr/local/boost/1.55.0/lib64 -L/usr/local/fftw/intel-16.0/3.3.4/lib64 -L/opt/intel/compilers_and_libraries_2018.3.222/linux/mpi/intel64/lib/release_mt -L/opt/intel/compilers_and_libraries_2018.3.222/linux/mpi/intel64/lib -L/usr/local/intel/lib64/intel-mpi -L/opt/intel/compilers_and_libraries_2018.3.222/linux/tbb/lib/intel64/gcc4.7 -L/opt/intel/compilers_and_libraries_2018.3.222/linux/compiler/lib/intel64 -L/opt/intel/compilers_and_libraries_2018.3.222/linux/mkl/lib/intel64 -L/usr/local/intel/lib64 -L/opt/intel/compilers_and_libraries_2018.3.222/linux/compiler/lib/intel64_lin -L/usr/local/fftw/intel-16.0/3.3.4/lib64/../lib64 -L/usr/local/fftw/intel-16.0/3.3.4/lib64/../lib64/ -L/usr/local/boost/1.55.0/lib64/../lib64 -L/usr/local/boost/1.55.0/lib64/../lib64/ -L/usr/local/intel/lib64/../lib64 -L/usr/local/intel/lib64/../lib64/ -L/tigress/xingz/gcc/lib/gcc/x86_64-pc-linux-gnu/6.3.0/ -L/tigress/xingz/gcc/lib/gcc/x86_64-pc-linux-gnu/6.3.0/../../../../lib64 -L/tigress/xingz/gcc/lib/gcc/x86_64-pc-linux-gnu/6.3.0/../../../../lib64/ -L/lib/../lib64 -L/lib/../lib64/ -L/usr/lib/../lib64 -L/usr/lib/../lib64/ -L/usr/local/fftw/intel-16.0/3.3.4/lib64/ -L/usr/local/boost/1.55.0/lib64/ -L/opt/intel/compilers_and_libraries_2018.3.222/linux/mpi/intel64/lib/ -L/usr/local/intel/lib64/intel-mpi/ -L/opt/intel/compilers_and_libraries_2018.3.222/linux/tbb/lib/intel64/gcc4.7/ -L/opt/intel/compilers_and_libraries_2018.3.222/linux/compiler/lib/intel64/ -L/opt/intel/compilers_and_libraries_2018.3.222/linux/mkl/lib/intel64/ -L/usr/local/intel/lib64/ -L/tigress/xingz/gcc/lib/gcc/x86_64-pc-linux-gnu/6.3.0/../../../ -L/lib64 -L/lib/ -L/usr/lib64 -L/usr/lib -lmpifort -lmpi -lmpigi -ldl -lrt -lpthread -lifport -lifcoremt -limf -lsvml -lm -lipgo -lirc -lirc_s 
mpiifort -DHAVE_CONFIG_H -I. -I../..  -I../../src/incs -I../../src/incs -I/tigress/xingz/abinit-8.10.2/fallbacks/exports/include  -I/tigress/xingz/abinit-8.10.2/fallbacks/exports/include   -free -module /tigress/xingz/abinit-8.10.2/src/mods   -O3 -g -extend-source -noaltparam -nofpscomp    -g -extend-source -noaltparam -nofpscomp   -c -o ujdet-ujdet.o `test -f 'ujdet.F90' || echo './'`ujdet.F90
mpiifort -free -module /tigress/xingz/abinit-8.10.2/src/mods   -O3 -g -extend-source -noaltparam -nofpscomp    -g -extend-source -noaltparam -nofpscomp   -static-intel -static-libgcc  -static-intel -static-libgcc  -o ujdet ujdet-ujdet.o -static-intel -static-libgcc  ../../src/95_drive/lib95_drive.a ../../src/94_scfcv/lib94_scfcv.a ../../src/79_seqpar_mpi/lib79_seqpar_mpi.a ../../src/78_effpot/lib78_effpot.a ../../src/78_eph/lib78_eph.a ../../src/77_suscep/lib77_suscep.a ../../src/77_ddb/lib77_ddb.a ../../src/72_response/lib72_response.a ../../src/71_bse/lib71_bse.a ../../src/71_wannier/lib71_wannier.a ../../src/70_gw/lib70_gw.a ../../src/69_wfdesc/lib69_wfdesc.a ../../src/68_recursion/lib68_recursion.a ../../src/68_rsprc/lib68_rsprc.a ../../src/68_dmft/lib68_dmft.a  ../../src/67_common/lib67_common.a ../../src/66_vdwxc/lib66_vdwxc.a ../../src/66_wfs/lib66_wfs.a ../../src/66_nonlocal/lib66_nonlocal.a ../../src/65_paw/lib65_paw.a ../../src/64_psp/lib64_psp.a ../../src/62_wvl_wfs/lib62_wvl_wfs.a ../../src/62_iowfdenpot/lib62_iowfdenpot.a ../../src/62_poisson/lib62_poisson.a ../../src/62_ctqmc/lib62_ctqmc.a ../../src/62_cg_noabirule/lib62_cg_noabirule.a ../../src/61_occeig/lib61_occeig.a ../../src/59_ionetcdf/lib59_ionetcdf.a ../../src/57_iovars/lib57_iovars.a ../../src/57_iopsp_parser/lib57_iopsp_parser.a ../../src/56_xc/lib56_xc.a ../../src/56_recipspace/lib56_recipspace.a ../../src/56_mixing/lib56_mixing.a ../../src/56_io_mpi/lib56_io_mpi.a ../../src/55_abiutil/lib55_abiutil.a ../../src/54_spacepar/lib54_spacepar.a ../../src/53_ffts/lib53_ffts.a ../../src/52_fft_mpi_noabirule/lib52_fft_mpi_noabirule.a ../../src/51_manage_mpi/lib51_manage_mpi.a ../../src/49_gw_toolbox_oop/lib49_gw_toolbox_oop.a ../../src/46_diago/lib46_diago.a ../../src/45_xgTools/lib45_xgTools.a ../../src/45_geomoptim/lib45_geomoptim.a ../../src/44_abitypes_defs/lib44_abitypes_defs.a ../../src/44_abitools/lib44_abitools.a ../../src/43_wvl_wrappers/lib43_wvl_wrappers.a ../../src/43_ptgroups/lib43_ptgroups.a ../../src/42_parser/lib42_parser.a ../../src/42_nlstrain/lib42_nlstrain.a ../../src/42_libpaw/lib42_libpaw.a ../../src/41_xc_lowlevel/lib41_xc_lowlevel.a ../../src/41_geometry/lib41_geometry.a ../../src/32_util/lib32_util.a ../../src/29_kpoints/lib29_kpoints.a ../../src/28_numeric_noabirule/lib28_numeric_noabirule.a ../../src/27_toolbox_oop/lib27_toolbox_oop.a ../../src/21_hashfuncs/lib21_hashfuncs.a ../../src/18_timing/lib18_timing.a ../../src/17_libtetra_ext/lib17_libtetra_ext.a ../../src/16_hideleave/lib16_hideleave.a ../../src/14_hidewrite/lib14_hidewrite.a ../../src/12_hide_mpi/lib12_hide_mpi.a ../../src/11_memory_mpi/lib11_memory_mpi.a ../../src/10_dumpinfo/lib10_dumpinfo.a ../../src/10_defs/lib10_defs.a ../../src/02_clib/lib02_clib.a  -L/tigress/xingz/abinit-8.10.2/fallbacks/exports/lib -lxcf90 -lxc -lfftw3 -lmkl_intel_lp64  -lmkl_intel_lp64 -L/opt/intel/compilers_and_libraries_2018.3.222/linux/mkl/lib/intel64 -lmkl_sequential -lmkl_core -lpthread -lm -lrt -L/usr/local/boost/1.55.0/lib64 -L/usr/local/fftw/intel-16.0/3.3.4/lib64 -L/opt/intel/compilers_and_libraries_2018.3.222/linux/mpi/intel64/lib/release_mt -L/opt/intel/compilers_and_libraries_2018.3.222/linux/mpi/intel64/lib -L/usr/local/intel/lib64/intel-mpi -L/opt/intel/compilers_and_libraries_2018.3.222/linux/tbb/lib/intel64/gcc4.7 -L/opt/intel/compilers_and_libraries_2018.3.222/linux/compiler/lib/intel64 -L/opt/intel/compilers_and_libraries_2018.3.222/linux/mkl/lib/intel64 -L/usr/local/intel/lib64 -L/opt/intel/compilers_and_libraries_2018.3.222/linux/compiler/lib/intel64_lin -L/usr/local/fftw/intel-16.0/3.3.4/lib64/../lib64 -L/usr/local/fftw/intel-16.0/3.3.4/lib64/../lib64/ -L/usr/local/boost/1.55.0/lib64/../lib64 -L/usr/local/boost/1.55.0/lib64/../lib64/ -L/usr/local/intel/lib64/../lib64 -L/usr/local/intel/lib64/../lib64/ -L/tigress/xingz/gcc/lib/gcc/x86_64-pc-linux-gnu/6.3.0/ -L/tigress/xingz/gcc/lib/gcc/x86_64-pc-linux-gnu/6.3.0/../../../../lib64 -L/tigress/xingz/gcc/lib/gcc/x86_64-pc-linux-gnu/6.3.0/../../../../lib64/ -L/lib/../lib64 -L/lib/../lib64/ -L/usr/lib/../lib64 -L/usr/lib/../lib64/ -L/usr/local/fftw/intel-16.0/3.3.4/lib64/ -L/usr/local/boost/1.55.0/lib64/ -L/opt/intel/compilers_and_libraries_2018.3.222/linux/mpi/intel64/lib/ -L/usr/local/intel/lib64/intel-mpi/ -L/opt/intel/compilers_and_libraries_2018.3.222/linux/tbb/lib/intel64/gcc4.7/ -L/opt/intel/compilers_and_libraries_2018.3.222/linux/compiler/lib/intel64/ -L/opt/intel/compilers_and_libraries_2018.3.222/linux/mkl/lib/intel64/ -L/usr/local/intel/lib64/ -L/tigress/xingz/gcc/lib/gcc/x86_64-pc-linux-gnu/6.3.0/../../../ -L/lib64 -L/lib/ -L/usr/lib64 -L/usr/lib -lmpifort -lmpi -lmpigi -ldl -lrt -lpthread -lifport -lifcoremt -limf -lsvml -lm -lipgo -lirc -lirc_s -L/usr/local/boost/1.55.0/lib64 -L/usr/local/fftw/intel-16.0/3.3.4/lib64 -L/opt/intel/compilers_and_libraries_2018.3.222/linux/mpi/intel64/lib/release_mt -L/opt/intel/compilers_and_libraries_2018.3.222/linux/mpi/intel64/lib -L/usr/local/intel/lib64/intel-mpi -L/opt/intel/compilers_and_libraries_2018.3.222/linux/tbb/lib/intel64/gcc4.7 -L/opt/intel/compilers_and_libraries_2018.3.222/linux/compiler/lib/intel64 -L/opt/intel/compilers_and_libraries_2018.3.222/linux/mkl/lib/intel64 -L/usr/local/intel/lib64 -L/opt/intel/compilers_and_libraries_2018.3.222/linux/compiler/lib/intel64_lin -L/usr/local/fftw/intel-16.0/3.3.4/lib64/../lib64 -L/usr/local/fftw/intel-16.0/3.3.4/lib64/../lib64/ -L/usr/local/boost/1.55.0/lib64/../lib64 -L/usr/local/boost/1.55.0/lib64/../lib64/ -L/usr/local/intel/lib64/../lib64 -L/usr/local/intel/lib64/../lib64/ -L/tigress/xingz/gcc/lib/gcc/x86_64-pc-linux-gnu/6.3.0/ -L/tigress/xingz/gcc/lib/gcc/x86_64-pc-linux-gnu/6.3.0/../../../../lib64 -L/tigress/xingz/gcc/lib/gcc/x86_64-pc-linux-gnu/6.3.0/../../../../lib64/ -L/lib/../lib64 -L/lib/../lib64/ -L/usr/lib/../lib64 -L/usr/lib/../lib64/ -L/usr/local/fftw/intel-16.0/3.3.4/lib64/ -L/usr/local/boost/1.55.0/lib64/ -L/opt/intel/compilers_and_libraries_2018.3.222/linux/mpi/intel64/lib/ -L/usr/local/intel/lib64/intel-mpi/ -L/opt/intel/compilers_and_libraries_2018.3.222/linux/tbb/lib/intel64/gcc4.7/ -L/opt/intel/compilers_and_libraries_2018.3.222/linux/compiler/lib/intel64/ -L/opt/intel/compilers_and_libraries_2018.3.222/linux/mkl/lib/intel64/ -L/usr/local/intel/lib64/ -L/tigress/xingz/gcc/lib/gcc/x86_64-pc-linux-gnu/6.3.0/../../../ -L/lib64 -L/lib/ -L/usr/lib64 -L/usr/lib -lmpifort -lmpi -lmpigi -ldl -lrt -lpthread -lifport -lifcoremt -limf -lsvml -lm -lipgo -lirc -lirc_s 
mpiifort -DHAVE_CONFIG_H -I. -I../..  -I../../src/incs -I../../src/incs -I/tigress/xingz/abinit-8.10.2/fallbacks/exports/include  -I/tigress/xingz/abinit-8.10.2/fallbacks/exports/include   -free -module /tigress/xingz/abinit-8.10.2/src/mods   -O3 -g -extend-source -noaltparam -nofpscomp    -g -extend-source -noaltparam -nofpscomp   -c -o vdw_kernelgen-vdw_kernelgen.o `test -f 'vdw_kernelgen.F90' || echo './'`vdw_kernelgen.F90
mpiifort -free -module /tigress/xingz/abinit-8.10.2/src/mods   -O3 -g -extend-source -noaltparam -nofpscomp    -g -extend-source -noaltparam -nofpscomp   -static-intel -static-libgcc  -static-intel -static-libgcc  -o vdw_kernelgen vdw_kernelgen-vdw_kernelgen.o -static-intel -static-libgcc  ../../src/56_xc/lib56_xc.a ../../src/55_abiutil/lib55_abiutil.a ../../src/54_spacepar/lib54_spacepar.a ../../src/53_ffts/lib53_ffts.a ../../src/52_fft_mpi_noabirule/lib52_fft_mpi_noabirule.a ../../src/51_manage_mpi/lib51_manage_mpi.a ../../src/44_abitools/lib44_abitools.a ../../src/44_abitypes_defs/lib44_abitypes_defs.a ../../src/43_wvl_wrappers/lib43_wvl_wrappers.a ../../src/42_parser/lib42_parser.a ../../src/42_libpaw/lib42_libpaw.a ../../src/41_xc_lowlevel/lib41_xc_lowlevel.a ../../src/41_geometry/lib41_geometry.a ../../src/32_util/lib32_util.a ../../src/29_kpoints/lib29_kpoints.a ../../src/28_numeric_noabirule/lib28_numeric_noabirule.a ../../src/27_toolbox_oop/lib27_toolbox_oop.a ../../src/18_timing/lib18_timing.a ../../src/17_libtetra_ext/lib17_libtetra_ext.a ../../src/16_hideleave/lib16_hideleave.a ../../src/14_hidewrite/lib14_hidewrite.a ../../src/12_hide_mpi/lib12_hide_mpi.a ../../src/11_memory_mpi/lib11_memory_mpi.a ../../src/10_dumpinfo/lib10_dumpinfo.a ../../src/10_defs/lib10_defs.a ../../src/02_clib/lib02_clib.a -L/tigress/xingz/abinit-8.10.2/fallbacks/exports/lib -lxcf90 -lxc -lfftw3 -lmkl_intel_lp64  -lmkl_intel_lp64 -L/opt/intel/compilers_and_libraries_2018.3.222/linux/mkl/lib/intel64 -lmkl_sequential -lmkl_core -lpthread -lm -L/usr/local/boost/1.55.0/lib64 -L/usr/local/fftw/intel-16.0/3.3.4/lib64 -L/opt/intel/compilers_and_libraries_2018.3.222/linux/mpi/intel64/lib/release_mt -L/opt/intel/compilers_and_libraries_2018.3.222/linux/mpi/intel64/lib -L/usr/local/intel/lib64/intel-mpi -L/opt/intel/compilers_and_libraries_2018.3.222/linux/tbb/lib/intel64/gcc4.7 -L/opt/intel/compilers_and_libraries_2018.3.222/linux/compiler/lib/intel64 -L/opt/intel/compilers_and_libraries_2018.3.222/linux/mkl/lib/intel64 -L/usr/local/intel/lib64 -L/opt/intel/compilers_and_libraries_2018.3.222/linux/compiler/lib/intel64_lin -L/usr/local/fftw/intel-16.0/3.3.4/lib64/../lib64 -L/usr/local/fftw/intel-16.0/3.3.4/lib64/../lib64/ -L/usr/local/boost/1.55.0/lib64/../lib64 -L/usr/local/boost/1.55.0/lib64/../lib64/ -L/usr/local/intel/lib64/../lib64 -L/usr/local/intel/lib64/../lib64/ -L/tigress/xingz/gcc/lib/gcc/x86_64-pc-linux-gnu/6.3.0/ -L/tigress/xingz/gcc/lib/gcc/x86_64-pc-linux-gnu/6.3.0/../../../../lib64 -L/tigress/xingz/gcc/lib/gcc/x86_64-pc-linux-gnu/6.3.0/../../../../lib64/ -L/lib/../lib64 -L/lib/../lib64/ -L/usr/lib/../lib64 -L/usr/lib/../lib64/ -L/usr/local/fftw/intel-16.0/3.3.4/lib64/ -L/usr/local/boost/1.55.0/lib64/ -L/opt/intel/compilers_and_libraries_2018.3.222/linux/mpi/intel64/lib/ -L/usr/local/intel/lib64/intel-mpi/ -L/opt/intel/compilers_and_libraries_2018.3.222/linux/tbb/lib/intel64/gcc4.7/ -L/opt/intel/compilers_and_libraries_2018.3.222/linux/compiler/lib/intel64/ -L/opt/intel/compilers_and_libraries_2018.3.222/linux/mkl/lib/intel64/ -L/usr/local/intel/lib64/ -L/tigress/xingz/gcc/lib/gcc/x86_64-pc-linux-gnu/6.3.0/../../../ -L/lib64 -L/lib/ -L/usr/lib64 -L/usr/lib -lmpifort -lmpi -lmpigi -ldl -lrt -lpthread -lifport -lifcoremt -limf -lsvml -lm -lipgo -lirc -lirc_s -L/usr/local/boost/1.55.0/lib64 -L/usr/local/fftw/intel-16.0/3.3.4/lib64 -L/opt/intel/compilers_and_libraries_2018.3.222/linux/mpi/intel64/lib/release_mt -L/opt/intel/compilers_and_libraries_2018.3.222/linux/mpi/intel64/lib -L/usr/local/intel/lib64/intel-mpi -L/opt/intel/compilers_and_libraries_2018.3.222/linux/tbb/lib/intel64/gcc4.7 -L/opt/intel/compilers_and_libraries_2018.3.222/linux/compiler/lib/intel64 -L/opt/intel/compilers_and_libraries_2018.3.222/linux/mkl/lib/intel64 -L/usr/local/intel/lib64 -L/opt/intel/compilers_and_libraries_2018.3.222/linux/compiler/lib/intel64_lin -L/usr/local/fftw/intel-16.0/3.3.4/lib64/../lib64 -L/usr/local/fftw/intel-16.0/3.3.4/lib64/../lib64/ -L/usr/local/boost/1.55.0/lib64/../lib64 -L/usr/local/boost/1.55.0/lib64/../lib64/ -L/usr/local/intel/lib64/../lib64 -L/usr/local/intel/lib64/../lib64/ -L/tigress/xingz/gcc/lib/gcc/x86_64-pc-linux-gnu/6.3.0/ -L/tigress/xingz/gcc/lib/gcc/x86_64-pc-linux-gnu/6.3.0/../../../../lib64 -L/tigress/xingz/gcc/lib/gcc/x86_64-pc-linux-gnu/6.3.0/../../../../lib64/ -L/lib/../lib64 -L/lib/../lib64/ -L/usr/lib/../lib64 -L/usr/lib/../lib64/ -L/usr/local/fftw/intel-16.0/3.3.4/lib64/ -L/usr/local/boost/1.55.0/lib64/ -L/opt/intel/compilers_and_libraries_2018.3.222/linux/mpi/intel64/lib/ -L/usr/local/intel/lib64/intel-mpi/ -L/opt/intel/compilers_and_libraries_2018.3.222/linux/tbb/lib/intel64/gcc4.7/ -L/opt/intel/compilers_and_libraries_2018.3.222/linux/compiler/lib/intel64/ -L/opt/intel/compilers_and_libraries_2018.3.222/linux/mkl/lib/intel64/ -L/usr/local/intel/lib64/ -L/tigress/xingz/gcc/lib/gcc/x86_64-pc-linux-gnu/6.3.0/../../../ -L/lib64 -L/lib/ -L/usr/lib64 -L/usr/lib -lmpifort -lmpi -lmpigi -ldl -lrt -lpthread -lifport -lifcoremt -limf -lsvml -lm -lipgo -lirc -lirc_s 
mpiifort -DHAVE_CONFIG_H -I. -I../..  -I../../src/incs -I../../src/incs -I/tigress/xingz/abinit-8.10.2/fallbacks/exports/include  -I/tigress/xingz/abinit-8.10.2/fallbacks/exports/include   -free -module /tigress/xingz/abinit-8.10.2/src/mods   -O3 -g -extend-source -noaltparam -nofpscomp    -g -extend-source -noaltparam -nofpscomp   -c -o macroave-macroave.o `test -f 'macroave.F90' || echo './'`macroave.F90
mpiifort -free -module /tigress/xingz/abinit-8.10.2/src/mods   -O3 -g -extend-source -noaltparam -nofpscomp    -g -extend-source -noaltparam -nofpscomp   -static-intel -static-libgcc  -static-intel -static-libgcc  -o macroave macroave-macroave.o -static-intel -static-libgcc  ../../src/62_iowfdenpot/lib62_iowfdenpot.a ../../src/62_cg_noabirule/lib62_cg_noabirule.a ../../src/61_occeig/lib61_occeig.a ../../src/59_ionetcdf/lib59_ionetcdf.a ../../src/56_recipspace/lib56_recipspace.a ../../src/56_io_mpi/lib56_io_mpi.a ../../src/55_abiutil/lib55_abiutil.a ../../src/54_spacepar/lib54_spacepar.a ../../src/53_ffts/lib53_ffts.a ../../src/52_fft_mpi_noabirule/lib52_fft_mpi_noabirule.a ../../src/51_manage_mpi/lib51_manage_mpi.a ../../src/49_gw_toolbox_oop/lib49_gw_toolbox_oop.a ../../src/45_geomoptim/lib45_geomoptim.a ../../src/44_abitools/lib44_abitools.a ../../src/44_abitypes_defs/lib44_abitypes_defs.a ../../src/43_wvl_wrappers/lib43_wvl_wrappers.a ../../src/42_parser/lib42_parser.a ../../src/42_libpaw/lib42_libpaw.a ../../src/41_xc_lowlevel/lib41_xc_lowlevel.a ../../src/41_geometry/lib41_geometry.a ../../src/32_util/lib32_util.a ../../src/29_kpoints/lib29_kpoints.a ../../src/28_numeric_noabirule/lib28_numeric_noabirule.a ../../src/27_toolbox_oop/lib27_toolbox_oop.a ../../src/18_timing/lib18_timing.a ../../src/17_libtetra_ext/lib17_libtetra_ext.a ../../src/16_hideleave/lib16_hideleave.a  ../../src/14_hidewrite/lib14_hidewrite.a ../../src/12_hide_mpi/lib12_hide_mpi.a ../../src/11_memory_mpi/lib11_memory_mpi.a ../../src/10_dumpinfo/lib10_dumpinfo.a ../../src/10_defs/lib10_defs.a ../../src/02_clib/lib02_clib.a -L/tigress/xingz/abinit-8.10.2/fallbacks/exports/lib -lxcf90 -lxc -lmkl_intel_lp64  -lmkl_intel_lp64 -L/opt/intel/compilers_and_libraries_2018.3.222/linux/mkl/lib/intel64 -lmkl_sequential -lmkl_core -lpthread -lm -lrt -L/usr/local/boost/1.55.0/lib64 -L/usr/local/fftw/intel-16.0/3.3.4/lib64 -L/opt/intel/compilers_and_libraries_2018.3.222/linux/mpi/intel64/lib/release_mt -L/opt/intel/compilers_and_libraries_2018.3.222/linux/mpi/intel64/lib -L/usr/local/intel/lib64/intel-mpi -L/opt/intel/compilers_and_libraries_2018.3.222/linux/tbb/lib/intel64/gcc4.7 -L/opt/intel/compilers_and_libraries_2018.3.222/linux/compiler/lib/intel64 -L/opt/intel/compilers_and_libraries_2018.3.222/linux/mkl/lib/intel64 -L/usr/local/intel/lib64 -L/opt/intel/compilers_and_libraries_2018.3.222/linux/compiler/lib/intel64_lin -L/usr/local/fftw/intel-16.0/3.3.4/lib64/../lib64 -L/usr/local/fftw/intel-16.0/3.3.4/lib64/../lib64/ -L/usr/local/boost/1.55.0/lib64/../lib64 -L/usr/local/boost/1.55.0/lib64/../lib64/ -L/usr/local/intel/lib64/../lib64 -L/usr/local/intel/lib64/../lib64/ -L/tigress/xingz/gcc/lib/gcc/x86_64-pc-linux-gnu/6.3.0/ -L/tigress/xingz/gcc/lib/gcc/x86_64-pc-linux-gnu/6.3.0/../../../../lib64 -L/tigress/xingz/gcc/lib/gcc/x86_64-pc-linux-gnu/6.3.0/../../../../lib64/ -L/lib/../lib64 -L/lib/../lib64/ -L/usr/lib/../lib64 -L/usr/lib/../lib64/ -L/usr/local/fftw/intel-16.0/3.3.4/lib64/ -L/usr/local/boost/1.55.0/lib64/ -L/opt/intel/compilers_and_libraries_2018.3.222/linux/mpi/intel64/lib/ -L/usr/local/intel/lib64/intel-mpi/ -L/opt/intel/compilers_and_libraries_2018.3.222/linux/tbb/lib/intel64/gcc4.7/ -L/opt/intel/compilers_and_libraries_2018.3.222/linux/compiler/lib/intel64/ -L/opt/intel/compilers_and_libraries_2018.3.222/linux/mkl/lib/intel64/ -L/usr/local/intel/lib64/ -L/tigress/xingz/gcc/lib/gcc/x86_64-pc-linux-gnu/6.3.0/../../../ -L/lib64 -L/lib/ -L/usr/lib64 -L/usr/lib -lmpifort -lmpi -lmpigi -ldl -lrt -lpthread -lifport -lifcoremt -limf -lsvml -lm -lipgo -lirc -lirc_s -L/usr/local/boost/1.55.0/lib64 -L/usr/local/fftw/intel-16.0/3.3.4/lib64 -L/opt/intel/compilers_and_libraries_2018.3.222/linux/mpi/intel64/lib/release_mt -L/opt/intel/compilers_and_libraries_2018.3.222/linux/mpi/intel64/lib -L/usr/local/intel/lib64/intel-mpi -L/opt/intel/compilers_and_libraries_2018.3.222/linux/tbb/lib/intel64/gcc4.7 -L/opt/intel/compilers_and_libraries_2018.3.222/linux/compiler/lib/intel64 -L/opt/intel/compilers_and_libraries_2018.3.222/linux/mkl/lib/intel64 -L/usr/local/intel/lib64 -L/opt/intel/compilers_and_libraries_2018.3.222/linux/compiler/lib/intel64_lin -L/usr/local/fftw/intel-16.0/3.3.4/lib64/../lib64 -L/usr/local/fftw/intel-16.0/3.3.4/lib64/../lib64/ -L/usr/local/boost/1.55.0/lib64/../lib64 -L/usr/local/boost/1.55.0/lib64/../lib64/ -L/usr/local/intel/lib64/../lib64 -L/usr/local/intel/lib64/../lib64/ -L/tigress/xingz/gcc/lib/gcc/x86_64-pc-linux-gnu/6.3.0/ -L/tigress/xingz/gcc/lib/gcc/x86_64-pc-linux-gnu/6.3.0/../../../../lib64 -L/tigress/xingz/gcc/lib/gcc/x86_64-pc-linux-gnu/6.3.0/../../../../lib64/ -L/lib/../lib64 -L/lib/../lib64/ -L/usr/lib/../lib64 -L/usr/lib/../lib64/ -L/usr/local/fftw/intel-16.0/3.3.4/lib64/ -L/usr/local/boost/1.55.0/lib64/ -L/opt/intel/compilers_and_libraries_2018.3.222/linux/mpi/intel64/lib/ -L/usr/local/intel/lib64/intel-mpi/ -L/opt/intel/compilers_and_libraries_2018.3.222/linux/tbb/lib/intel64/gcc4.7/ -L/opt/intel/compilers_and_libraries_2018.3.222/linux/compiler/lib/intel64/ -L/opt/intel/compilers_and_libraries_2018.3.222/linux/mkl/lib/intel64/ -L/usr/local/intel/lib64/ -L/tigress/xingz/gcc/lib/gcc/x86_64-pc-linux-gnu/6.3.0/../../../ -L/lib64 -L/lib/ -L/usr/lib64 -L/usr/lib -lmpifort -lmpi -lmpigi -ldl -lrt -lpthread -lifport -lifcoremt -limf -lsvml -lm -lipgo -lirc -lirc_s 
make[3]: Leaving directory `/tigress/xingz/abinit-8.10.2/src/98_main'
make[3]: Entering directory `/tigress/xingz/abinit-8.10.2/src'
make[3]: Nothing to be done for `all-am'.
make[3]: Leaving directory `/tigress/xingz/abinit-8.10.2/src'
make[2]: Leaving directory `/tigress/xingz/abinit-8.10.2/src'
Making all in abichecks
make[2]: Entering directory `/tigress/xingz/abinit-8.10.2/abichecks'
==============================================================================
Keywords to use with the make command for abichecks tests directory:

tests_abirules     Launch the abirules tests
                   Warning: for some of the tests, the file make.log
                   must be present in the top directory. This means one has
                   to compile with the command: `make > make.log 2>&1`
tests_buildsys     Launch the buildsys tests

==============================================================================
[This file can be found at doc/help_make/help_make_abichecks.txt]
make[2]: Leaving directory `/tigress/xingz/abinit-8.10.2/abichecks'
Making all in tests
make[2]: Entering directory `/tigress/xingz/abinit-8.10.2/tests'
make[3]: Entering directory `/tigress/xingz/abinit-8.10.2/tests'
==============================================================================

Issue `make check` to run a subset of tests (fast tests)

Use the script `runtests.py` located in ~abinit/tests to validate the build 
(requires python 2.7 or python >= 3.4)

To get help, cd to ~abinit/tests and issue:
    
    $ ./runtests.py --help

To run the test suite inside a build directory (e.g. ~abinit/build/tests), use:

    $ ../../tests/runtests.py

This will create a directory build/tests/Test_suite with the results of the tests.

Useful option when using manually the test suite:

    $ ../../tests/runtests.py -t0

which disables the timeout routine

To add a new test, please consult:

    https://docs.abinit.org/developers/testsuite_howto

==============================================================================
make[3]: Leaving directory `/tigress/xingz/abinit-8.10.2/tests'
make[2]: Leaving directory `/tigress/xingz/abinit-8.10.2/tests'
make[2]: Entering directory `/tigress/xingz/abinit-8.10.2'
make[2]: Leaving directory `/tigress/xingz/abinit-8.10.2'
make[1]: Leaving directory `/tigress/xingz/abinit-8.10.2'
